[0.142s] DEBUG:colcon:Command line arguments: ['/usr/bin/colcon', 'build']
[0.143s] DEBUG:colcon:Parsed command line arguments: Namespace(log_base=None, log_level=None, verb_name='build', build_base='build', install_base='install', merge_install=False, symlink_install=False, test_result_base=None, continue_on_error=False, executor='parallel', parallel_workers=12, event_handlers=None, ignore_user_meta=False, metas=['./colcon.meta'], base_paths=['.'], packages_ignore=None, packages_ignore_regex=None, paths=None, packages_up_to=None, packages_up_to_regex=None, packages_above=None, packages_above_and_dependencies=None, packages_above_depth=None, packages_select_by_dep=None, packages_skip_by_dep=None, packages_skip_up_to=None, packages_select_build_failed=False, packages_skip_build_finished=False, packages_select_test_failures=False, packages_skip_test_passed=False, packages_select=None, packages_skip=None, packages_select_regex=None, packages_skip_regex=None, packages_start=None, packages_end=None, allow_overriding=[], cmake_args=None, cmake_target=None, cmake_target_skip_unavailable=False, cmake_clean_cache=False, cmake_clean_first=False, cmake_force_configure=False, ament_cmake_args=None, catkin_cmake_args=None, catkin_skip_building_tests=False, verb_parser=<colcon_defaults.argument_parser.defaults.DefaultArgumentsDecorator object at 0x7d9cfae0c550>, verb_extension=<colcon_core.verb.build.BuildVerb object at 0x7d9cfae0c040>, main=<bound method BuildVerb.main of <colcon_core.verb.build.BuildVerb object at 0x7d9cfae0c040>>)
[0.301s] Level 1:colcon.colcon_core.package_discovery:discover_packages(colcon_meta) check parameters
[0.302s] Level 1:colcon.colcon_core.package_discovery:discover_packages(recursive) check parameters
[0.302s] Level 1:colcon.colcon_core.package_discovery:discover_packages(ignore) check parameters
[0.302s] Level 1:colcon.colcon_core.package_discovery:discover_packages(path) check parameters
[0.302s] Level 1:colcon.colcon_core.package_discovery:discover_packages(colcon_meta) discover
[0.302s] Level 1:colcon.colcon_core.package_discovery:discover_packages(recursive) discover
[0.302s] INFO:colcon.colcon_core.package_discovery:Crawling recursively for packages in '/root/muse_ws/muse_ros2/muse_ws'
[0.302s] Level 1:colcon.colcon_core.package_identification:_identify(.) by extensions ['ignore', 'ignore_ament_install']
[0.302s] Level 1:colcon.colcon_core.package_identification:_identify(.) by extension 'ignore'
[0.302s] Level 1:colcon.colcon_core.package_identification:_identify(.) by extension 'ignore_ament_install'
[0.302s] Level 1:colcon.colcon_core.package_identification:_identify(.) by extensions ['colcon_pkg']
[0.302s] Level 1:colcon.colcon_core.package_identification:_identify(.) by extension 'colcon_pkg'
[0.302s] Level 1:colcon.colcon_core.package_identification:_identify(.) by extensions ['colcon_meta']
[0.302s] Level 1:colcon.colcon_core.package_identification:_identify(.) by extension 'colcon_meta'
[0.303s] Level 1:colcon.colcon_core.package_identification:_identify(.) by extensions ['ros']
[0.303s] Level 1:colcon.colcon_core.package_identification:_identify(.) by extension 'ros'
[0.320s] Level 1:colcon.colcon_core.package_identification:_identify(.) by extensions ['cmake', 'python']
[0.320s] Level 1:colcon.colcon_core.package_identification:_identify(.) by extension 'cmake'
[0.321s] Level 1:colcon.colcon_core.package_identification:_identify(.) by extension 'python'
[0.321s] Level 1:colcon.colcon_core.package_identification:_identify(.) by extensions ['python_setup_py']
[0.321s] Level 1:colcon.colcon_core.package_identification:_identify(.) by extension 'python_setup_py'
[0.321s] Level 1:colcon.colcon_core.package_identification:_identify(build) by extensions ['ignore', 'ignore_ament_install']
[0.321s] Level 1:colcon.colcon_core.package_identification:_identify(build) by extension 'ignore'
[0.321s] Level 1:colcon.colcon_core.package_identification:_identify(build) ignored
[0.321s] Level 1:colcon.colcon_core.package_identification:_identify(install) by extensions ['ignore', 'ignore_ament_install']
[0.321s] Level 1:colcon.colcon_core.package_identification:_identify(install) by extension 'ignore'
[0.321s] Level 1:colcon.colcon_core.package_identification:_identify(install) ignored
[0.322s] Level 1:colcon.colcon_core.package_identification:_identify(log) by extensions ['ignore', 'ignore_ament_install']
[0.322s] Level 1:colcon.colcon_core.package_identification:_identify(log) by extension 'ignore'
[0.322s] Level 1:colcon.colcon_core.package_identification:_identify(log) ignored
[0.322s] Level 1:colcon.colcon_core.package_identification:_identify(src) by extensions ['ignore', 'ignore_ament_install']
[0.322s] Level 1:colcon.colcon_core.package_identification:_identify(src) by extension 'ignore'
[0.322s] Level 1:colcon.colcon_core.package_identification:_identify(src) by extension 'ignore_ament_install'
[0.322s] Level 1:colcon.colcon_core.package_identification:_identify(src) by extensions ['colcon_pkg']
[0.322s] Level 1:colcon.colcon_core.package_identification:_identify(src) by extension 'colcon_pkg'
[0.322s] Level 1:colcon.colcon_core.package_identification:_identify(src) by extensions ['colcon_meta']
[0.322s] Level 1:colcon.colcon_core.package_identification:_identify(src) by extension 'colcon_meta'
[0.322s] Level 1:colcon.colcon_core.package_identification:_identify(src) by extensions ['ros']
[0.322s] Level 1:colcon.colcon_core.package_identification:_identify(src) by extension 'ros'
[0.322s] Level 1:colcon.colcon_core.package_identification:_identify(src) by extensions ['cmake', 'python']
[0.322s] Level 1:colcon.colcon_core.package_identification:_identify(src) by extension 'cmake'
[0.322s] Level 1:colcon.colcon_core.package_identification:_identify(src) by extension 'python'
[0.323s] Level 1:colcon.colcon_core.package_identification:_identify(src) by extensions ['python_setup_py']
[0.323s] Level 1:colcon.colcon_core.package_identification:_identify(src) by extension 'python_setup_py'
[0.323s] Level 1:colcon.colcon_core.package_identification:_identify(src/iit_commons) by extensions ['ignore', 'ignore_ament_install']
[0.323s] Level 1:colcon.colcon_core.package_identification:_identify(src/iit_commons) by extension 'ignore'
[0.323s] Level 1:colcon.colcon_core.package_identification:_identify(src/iit_commons) by extension 'ignore_ament_install'
[0.323s] Level 1:colcon.colcon_core.package_identification:_identify(src/iit_commons) by extensions ['colcon_pkg']
[0.323s] Level 1:colcon.colcon_core.package_identification:_identify(src/iit_commons) by extension 'colcon_pkg'
[0.323s] Level 1:colcon.colcon_core.package_identification:_identify(src/iit_commons) by extensions ['colcon_meta']
[0.323s] Level 1:colcon.colcon_core.package_identification:_identify(src/iit_commons) by extension 'colcon_meta'
[0.323s] Level 1:colcon.colcon_core.package_identification:_identify(src/iit_commons) by extensions ['ros']
[0.323s] Level 1:colcon.colcon_core.package_identification:_identify(src/iit_commons) by extension 'ros'
[0.328s] DEBUG:colcon.colcon_core.package_identification:Package 'src/iit_commons' with type 'ros.ament_cmake' and name 'iit_commons'
[0.329s] Level 1:colcon.colcon_core.package_identification:_identify(src/state_estimator) by extensions ['ignore', 'ignore_ament_install']
[0.329s] Level 1:colcon.colcon_core.package_identification:_identify(src/state_estimator) by extension 'ignore'
[0.329s] Level 1:colcon.colcon_core.package_identification:_identify(src/state_estimator) by extension 'ignore_ament_install'
[0.330s] Level 1:colcon.colcon_core.package_identification:_identify(src/state_estimator) by extensions ['colcon_pkg']
[0.330s] Level 1:colcon.colcon_core.package_identification:_identify(src/state_estimator) by extension 'colcon_pkg'
[0.330s] Level 1:colcon.colcon_core.package_identification:_identify(src/state_estimator) by extensions ['colcon_meta']
[0.330s] Level 1:colcon.colcon_core.package_identification:_identify(src/state_estimator) by extension 'colcon_meta'
[0.330s] Level 1:colcon.colcon_core.package_identification:_identify(src/state_estimator) by extensions ['ros']
[0.330s] Level 1:colcon.colcon_core.package_identification:_identify(src/state_estimator) by extension 'ros'
[0.332s] DEBUG:colcon.colcon_core.package_identification:Package 'src/state_estimator' with type 'ros.ament_cmake' and name 'state_estimator'
[0.333s] Level 1:colcon.colcon_core.package_identification:_identify(src/state_estimator_msgs) by extensions ['ignore', 'ignore_ament_install']
[0.333s] Level 1:colcon.colcon_core.package_identification:_identify(src/state_estimator_msgs) by extension 'ignore'
[0.333s] Level 1:colcon.colcon_core.package_identification:_identify(src/state_estimator_msgs) by extension 'ignore_ament_install'
[0.333s] Level 1:colcon.colcon_core.package_identification:_identify(src/state_estimator_msgs) by extensions ['colcon_pkg']
[0.333s] Level 1:colcon.colcon_core.package_identification:_identify(src/state_estimator_msgs) by extension 'colcon_pkg'
[0.333s] Level 1:colcon.colcon_core.package_identification:_identify(src/state_estimator_msgs) by extensions ['colcon_meta']
[0.333s] Level 1:colcon.colcon_core.package_identification:_identify(src/state_estimator_msgs) by extension 'colcon_meta'
[0.333s] Level 1:colcon.colcon_core.package_identification:_identify(src/state_estimator_msgs) by extensions ['ros']
[0.333s] Level 1:colcon.colcon_core.package_identification:_identify(src/state_estimator_msgs) by extension 'ros'
[0.334s] DEBUG:colcon.colcon_core.package_identification:Package 'src/state_estimator_msgs' with type 'ros.ament_cmake' and name 'state_estimator_msgs'
[0.334s] Level 1:colcon.colcon_core.package_discovery:discover_packages(recursive) using defaults
[0.334s] Level 1:colcon.colcon_core.package_discovery:discover_packages(ignore) discover
[0.334s] Level 1:colcon.colcon_core.package_discovery:discover_packages(ignore) using defaults
[0.334s] Level 1:colcon.colcon_core.package_discovery:discover_packages(path) discover
[0.334s] Level 1:colcon.colcon_core.package_discovery:discover_packages(path) using defaults
[0.361s] Level 1:colcon.colcon_core.package_discovery:discover_packages(prefix_path) check parameters
[0.361s] Level 1:colcon.colcon_core.package_discovery:discover_packages(prefix_path) discover
[0.365s] DEBUG:colcon.colcon_installed_package_information.package_discovery:Found 1 installed packages in /home/dev_ws/colcon_ws/install
[0.367s] DEBUG:colcon.colcon_installed_package_information.package_discovery:Found 185 installed packages in /opt/ros/humble
[0.369s] Level 1:colcon.colcon_core.package_discovery:discover_packages(prefix_path) using defaults
[0.414s] Level 5:colcon.colcon_core.verb:set package 'iit_commons' build argument 'cmake_args' from command line to 'None'
[0.414s] Level 5:colcon.colcon_core.verb:set package 'iit_commons' build argument 'cmake_target' from command line to 'None'
[0.415s] Level 5:colcon.colcon_core.verb:set package 'iit_commons' build argument 'cmake_target_skip_unavailable' from command line to 'False'
[0.415s] Level 5:colcon.colcon_core.verb:set package 'iit_commons' build argument 'cmake_clean_cache' from command line to 'False'
[0.415s] Level 5:colcon.colcon_core.verb:set package 'iit_commons' build argument 'cmake_clean_first' from command line to 'False'
[0.415s] Level 5:colcon.colcon_core.verb:set package 'iit_commons' build argument 'cmake_force_configure' from command line to 'False'
[0.415s] Level 5:colcon.colcon_core.verb:set package 'iit_commons' build argument 'ament_cmake_args' from command line to 'None'
[0.415s] Level 5:colcon.colcon_core.verb:set package 'iit_commons' build argument 'catkin_cmake_args' from command line to 'None'
[0.415s] Level 5:colcon.colcon_core.verb:set package 'iit_commons' build argument 'catkin_skip_building_tests' from command line to 'False'
[0.415s] DEBUG:colcon.colcon_core.verb:Building package 'iit_commons' with the following arguments: {'ament_cmake_args': None, 'build_base': '/root/muse_ws/muse_ros2/muse_ws/build/iit_commons', 'catkin_cmake_args': None, 'catkin_skip_building_tests': False, 'cmake_args': None, 'cmake_clean_cache': False, 'cmake_clean_first': False, 'cmake_force_configure': False, 'cmake_target': None, 'cmake_target_skip_unavailable': False, 'install_base': '/root/muse_ws/muse_ros2/muse_ws/install/iit_commons', 'merge_install': False, 'path': '/root/muse_ws/muse_ros2/muse_ws/src/iit_commons', 'symlink_install': False, 'test_result_base': None}
[0.416s] Level 5:colcon.colcon_core.verb:set package 'state_estimator_msgs' build argument 'cmake_args' from command line to 'None'
[0.417s] Level 5:colcon.colcon_core.verb:set package 'state_estimator_msgs' build argument 'cmake_target' from command line to 'None'
[0.417s] Level 5:colcon.colcon_core.verb:set package 'state_estimator_msgs' build argument 'cmake_target_skip_unavailable' from command line to 'False'
[0.417s] Level 5:colcon.colcon_core.verb:set package 'state_estimator_msgs' build argument 'cmake_clean_cache' from command line to 'False'
[0.417s] Level 5:colcon.colcon_core.verb:set package 'state_estimator_msgs' build argument 'cmake_clean_first' from command line to 'False'
[0.417s] Level 5:colcon.colcon_core.verb:set package 'state_estimator_msgs' build argument 'cmake_force_configure' from command line to 'False'
[0.417s] Level 5:colcon.colcon_core.verb:set package 'state_estimator_msgs' build argument 'ament_cmake_args' from command line to 'None'
[0.417s] Level 5:colcon.colcon_core.verb:set package 'state_estimator_msgs' build argument 'catkin_cmake_args' from command line to 'None'
[0.417s] Level 5:colcon.colcon_core.verb:set package 'state_estimator_msgs' build argument 'catkin_skip_building_tests' from command line to 'False'
[0.417s] DEBUG:colcon.colcon_core.verb:Building package 'state_estimator_msgs' with the following arguments: {'ament_cmake_args': None, 'build_base': '/root/muse_ws/muse_ros2/muse_ws/build/state_estimator_msgs', 'catkin_cmake_args': None, 'catkin_skip_building_tests': False, 'cmake_args': None, 'cmake_clean_cache': False, 'cmake_clean_first': False, 'cmake_force_configure': False, 'cmake_target': None, 'cmake_target_skip_unavailable': False, 'install_base': '/root/muse_ws/muse_ros2/muse_ws/install/state_estimator_msgs', 'merge_install': False, 'path': '/root/muse_ws/muse_ros2/muse_ws/src/state_estimator_msgs', 'symlink_install': False, 'test_result_base': None}
[0.417s] Level 5:colcon.colcon_core.verb:set package 'state_estimator' build argument 'cmake_args' from command line to 'None'
[0.417s] Level 5:colcon.colcon_core.verb:set package 'state_estimator' build argument 'cmake_target' from command line to 'None'
[0.417s] Level 5:colcon.colcon_core.verb:set package 'state_estimator' build argument 'cmake_target_skip_unavailable' from command line to 'False'
[0.417s] Level 5:colcon.colcon_core.verb:set package 'state_estimator' build argument 'cmake_clean_cache' from command line to 'False'
[0.417s] Level 5:colcon.colcon_core.verb:set package 'state_estimator' build argument 'cmake_clean_first' from command line to 'False'
[0.417s] Level 5:colcon.colcon_core.verb:set package 'state_estimator' build argument 'cmake_force_configure' from command line to 'False'
[0.417s] Level 5:colcon.colcon_core.verb:set package 'state_estimator' build argument 'ament_cmake_args' from command line to 'None'
[0.417s] Level 5:colcon.colcon_core.verb:set package 'state_estimator' build argument 'catkin_cmake_args' from command line to 'None'
[0.417s] Level 5:colcon.colcon_core.verb:set package 'state_estimator' build argument 'catkin_skip_building_tests' from command line to 'False'
[0.418s] DEBUG:colcon.colcon_core.verb:Building package 'state_estimator' with the following arguments: {'ament_cmake_args': None, 'build_base': '/root/muse_ws/muse_ros2/muse_ws/build/state_estimator', 'catkin_cmake_args': None, 'catkin_skip_building_tests': False, 'cmake_args': None, 'cmake_clean_cache': False, 'cmake_clean_first': False, 'cmake_force_configure': False, 'cmake_target': None, 'cmake_target_skip_unavailable': False, 'install_base': '/root/muse_ws/muse_ros2/muse_ws/install/state_estimator', 'merge_install': False, 'path': '/root/muse_ws/muse_ros2/muse_ws/src/state_estimator', 'symlink_install': False, 'test_result_base': None}
[0.418s] INFO:colcon.colcon_core.executor:Executing jobs using 'parallel' executor
[0.419s] DEBUG:colcon.colcon_parallel_executor.executor.parallel:run_until_complete
[0.420s] INFO:colcon.colcon_ros.task.ament_cmake.build:Building ROS package in '/root/muse_ws/muse_ros2/muse_ws/src/state_estimator_msgs' with build type 'ament_cmake'
[0.420s] INFO:colcon.colcon_cmake.task.cmake.build:Building CMake package in '/root/muse_ws/muse_ros2/muse_ws/src/state_estimator_msgs'
[0.423s] INFO:colcon.colcon_core.plugin_system:Skipping extension 'colcon_core.shell.bat': Not used on non-Windows systems
[0.423s] INFO:colcon.colcon_core.shell:Skip shell extension 'powershell' for command environment: Not usable outside of PowerShell
[0.423s] DEBUG:colcon.colcon_core.shell:Skip shell extension 'dsv' for command environment
[0.433s] INFO:colcon.colcon_ros.task.ament_cmake.build:Building ROS package in '/root/muse_ws/muse_ros2/muse_ws/src/iit_commons' with build type 'ament_cmake'
[0.433s] INFO:colcon.colcon_cmake.task.cmake.build:Building CMake package in '/root/muse_ws/muse_ros2/muse_ws/src/iit_commons'
[0.433s] INFO:colcon.colcon_core.shell:Skip shell extension 'powershell' for command environment: Not usable outside of PowerShell
[0.440s] DEBUG:colcon.colcon_core.shell:Skip shell extension 'dsv' for command environment
[0.453s] DEBUG:colcon.colcon_core.event_handler.log_command:Invoking command in '/root/muse_ws/muse_ros2/muse_ws/build/state_estimator_msgs': CMAKE_PREFIX_PATH=${CMAKE_PREFIX_PATH}:/opt/ros/humble /usr/bin/cmake --build /root/muse_ws/muse_ros2/muse_ws/build/state_estimator_msgs -- -j12 -l12
[0.467s] DEBUG:colcon.colcon_core.event_handler.log_command:Invoking command in '/root/muse_ws/muse_ros2/muse_ws/build/iit_commons': CMAKE_PREFIX_PATH=${CMAKE_PREFIX_PATH}:/opt/ros/humble /usr/bin/cmake --build /root/muse_ws/muse_ros2/muse_ws/build/iit_commons -- -j12 -l12
[1.256s] DEBUG:colcon.colcon_core.event_handler.log_command:Invoked command in '/root/muse_ws/muse_ros2/muse_ws/build/state_estimator_msgs' returned '0': CMAKE_PREFIX_PATH=${CMAKE_PREFIX_PATH}:/opt/ros/humble /usr/bin/cmake --build /root/muse_ws/muse_ros2/muse_ws/build/state_estimator_msgs -- -j12 -l12
[1.274s] DEBUG:colcon.colcon_core.event_handler.log_command:Invoking command in '/root/muse_ws/muse_ros2/muse_ws/build/state_estimator_msgs': CMAKE_PREFIX_PATH=${CMAKE_PREFIX_PATH}:/opt/ros/humble /usr/bin/cmake --install /root/muse_ws/muse_ros2/muse_ws/build/state_estimator_msgs
[1.465s] Level 1:colcon.colcon_core.environment:create_environment_scripts_only(state_estimator_msgs)
[1.466s] DEBUG:colcon.colcon_core.event_handler.log_command:Invoked command in '/root/muse_ws/muse_ros2/muse_ws/build/state_estimator_msgs' returned '0': CMAKE_PREFIX_PATH=${CMAKE_PREFIX_PATH}:/opt/ros/humble /usr/bin/cmake --install /root/muse_ws/muse_ros2/muse_ws/build/state_estimator_msgs
[1.470s] Level 1:colcon.colcon_core.environment:checking '/root/muse_ws/muse_ros2/muse_ws/install/state_estimator_msgs' for CMake module files
[1.471s] Level 1:colcon.colcon_core.environment:checking '/root/muse_ws/muse_ros2/muse_ws/install/state_estimator_msgs' for CMake config files
[1.472s] Level 1:colcon.colcon_core.shell:create_environment_hook('state_estimator_msgs', 'cmake_prefix_path')
[1.472s] INFO:colcon.colcon_core.shell:Creating environment hook '/root/muse_ws/muse_ros2/muse_ws/install/state_estimator_msgs/share/state_estimator_msgs/hook/cmake_prefix_path.ps1'
[1.474s] INFO:colcon.colcon_core.shell:Creating environment descriptor '/root/muse_ws/muse_ros2/muse_ws/install/state_estimator_msgs/share/state_estimator_msgs/hook/cmake_prefix_path.dsv'
[1.475s] INFO:colcon.colcon_core.shell:Creating environment hook '/root/muse_ws/muse_ros2/muse_ws/install/state_estimator_msgs/share/state_estimator_msgs/hook/cmake_prefix_path.sh'
[1.476s] Level 1:colcon.colcon_core.environment:checking '/root/muse_ws/muse_ros2/muse_ws/install/state_estimator_msgs/lib'
[1.477s] Level 1:colcon.colcon_core.shell:create_environment_hook('state_estimator_msgs', 'ld_library_path_lib')
[1.477s] INFO:colcon.colcon_core.shell:Creating environment hook '/root/muse_ws/muse_ros2/muse_ws/install/state_estimator_msgs/share/state_estimator_msgs/hook/ld_library_path_lib.ps1'
[1.478s] INFO:colcon.colcon_core.shell:Creating environment descriptor '/root/muse_ws/muse_ros2/muse_ws/install/state_estimator_msgs/share/state_estimator_msgs/hook/ld_library_path_lib.dsv'
[1.478s] INFO:colcon.colcon_core.shell:Creating environment hook '/root/muse_ws/muse_ros2/muse_ws/install/state_estimator_msgs/share/state_estimator_msgs/hook/ld_library_path_lib.sh'
[1.478s] Level 1:colcon.colcon_core.environment:checking '/root/muse_ws/muse_ros2/muse_ws/install/state_estimator_msgs/bin'
[1.479s] Level 1:colcon.colcon_core.environment:checking '/root/muse_ws/muse_ros2/muse_ws/install/state_estimator_msgs/lib/pkgconfig/state_estimator_msgs.pc'
[1.479s] Level 1:colcon.colcon_core.environment:checking '/root/muse_ws/muse_ros2/muse_ws/install/state_estimator_msgs/lib/python3.10/site-packages'
[1.479s] Level 1:colcon.colcon_core.environment:checking '/root/muse_ws/muse_ros2/muse_ws/install/state_estimator_msgs/bin'
[1.480s] INFO:colcon.colcon_core.shell:Creating package script '/root/muse_ws/muse_ros2/muse_ws/install/state_estimator_msgs/share/state_estimator_msgs/package.ps1'
[1.481s] INFO:colcon.colcon_core.shell:Creating package descriptor '/root/muse_ws/muse_ros2/muse_ws/install/state_estimator_msgs/share/state_estimator_msgs/package.dsv'
[1.481s] INFO:colcon.colcon_core.shell:Creating package script '/root/muse_ws/muse_ros2/muse_ws/install/state_estimator_msgs/share/state_estimator_msgs/package.sh'
[1.482s] INFO:colcon.colcon_core.shell:Creating package script '/root/muse_ws/muse_ros2/muse_ws/install/state_estimator_msgs/share/state_estimator_msgs/package.bash'
[1.483s] INFO:colcon.colcon_core.shell:Creating package script '/root/muse_ws/muse_ros2/muse_ws/install/state_estimator_msgs/share/state_estimator_msgs/package.zsh'
[1.484s] Level 1:colcon.colcon_core.environment:create_file_with_runtime_dependencies(/root/muse_ws/muse_ros2/muse_ws/install/state_estimator_msgs/share/colcon-core/packages/state_estimator_msgs)
[1.485s] Level 1:colcon.colcon_core.environment:create_environment_scripts_only(state_estimator_msgs)
[1.485s] Level 1:colcon.colcon_core.environment:checking '/root/muse_ws/muse_ros2/muse_ws/install/state_estimator_msgs' for CMake module files
[1.486s] Level 1:colcon.colcon_core.environment:checking '/root/muse_ws/muse_ros2/muse_ws/install/state_estimator_msgs' for CMake config files
[1.487s] Level 1:colcon.colcon_core.shell:create_environment_hook('state_estimator_msgs', 'cmake_prefix_path')
[1.487s] INFO:colcon.colcon_core.shell:Creating environment hook '/root/muse_ws/muse_ros2/muse_ws/install/state_estimator_msgs/share/state_estimator_msgs/hook/cmake_prefix_path.ps1'
[1.488s] INFO:colcon.colcon_core.shell:Creating environment descriptor '/root/muse_ws/muse_ros2/muse_ws/install/state_estimator_msgs/share/state_estimator_msgs/hook/cmake_prefix_path.dsv'
[1.489s] INFO:colcon.colcon_core.shell:Creating environment hook '/root/muse_ws/muse_ros2/muse_ws/install/state_estimator_msgs/share/state_estimator_msgs/hook/cmake_prefix_path.sh'
[1.490s] Level 1:colcon.colcon_core.environment:checking '/root/muse_ws/muse_ros2/muse_ws/install/state_estimator_msgs/lib'
[1.490s] Level 1:colcon.colcon_core.shell:create_environment_hook('state_estimator_msgs', 'ld_library_path_lib')
[1.490s] INFO:colcon.colcon_core.shell:Creating environment hook '/root/muse_ws/muse_ros2/muse_ws/install/state_estimator_msgs/share/state_estimator_msgs/hook/ld_library_path_lib.ps1'
[1.491s] INFO:colcon.colcon_core.shell:Creating environment descriptor '/root/muse_ws/muse_ros2/muse_ws/install/state_estimator_msgs/share/state_estimator_msgs/hook/ld_library_path_lib.dsv'
[1.491s] INFO:colcon.colcon_core.shell:Creating environment hook '/root/muse_ws/muse_ros2/muse_ws/install/state_estimator_msgs/share/state_estimator_msgs/hook/ld_library_path_lib.sh'
[1.492s] Level 1:colcon.colcon_core.environment:checking '/root/muse_ws/muse_ros2/muse_ws/install/state_estimator_msgs/bin'
[1.492s] Level 1:colcon.colcon_core.environment:checking '/root/muse_ws/muse_ros2/muse_ws/install/state_estimator_msgs/lib/pkgconfig/state_estimator_msgs.pc'
[1.492s] Level 1:colcon.colcon_core.environment:checking '/root/muse_ws/muse_ros2/muse_ws/install/state_estimator_msgs/lib/python3.10/site-packages'
[1.493s] Level 1:colcon.colcon_core.environment:checking '/root/muse_ws/muse_ros2/muse_ws/install/state_estimator_msgs/bin'
[1.493s] INFO:colcon.colcon_core.shell:Creating package script '/root/muse_ws/muse_ros2/muse_ws/install/state_estimator_msgs/share/state_estimator_msgs/package.ps1'
[1.495s] INFO:colcon.colcon_core.shell:Creating package descriptor '/root/muse_ws/muse_ros2/muse_ws/install/state_estimator_msgs/share/state_estimator_msgs/package.dsv'
[1.496s] INFO:colcon.colcon_core.shell:Creating package script '/root/muse_ws/muse_ros2/muse_ws/install/state_estimator_msgs/share/state_estimator_msgs/package.sh'
[1.496s] INFO:colcon.colcon_core.shell:Creating package script '/root/muse_ws/muse_ros2/muse_ws/install/state_estimator_msgs/share/state_estimator_msgs/package.bash'
[1.498s] INFO:colcon.colcon_core.shell:Creating package script '/root/muse_ws/muse_ros2/muse_ws/install/state_estimator_msgs/share/state_estimator_msgs/package.zsh'
[1.498s] Level 1:colcon.colcon_core.environment:create_file_with_runtime_dependencies(/root/muse_ws/muse_ros2/muse_ws/install/state_estimator_msgs/share/colcon-core/packages/state_estimator_msgs)
[1.499s] INFO:colcon.colcon_ros.task.ament_cmake.build:Building ROS package in '/root/muse_ws/muse_ros2/muse_ws/src/state_estimator' with build type 'ament_cmake'
[1.500s] INFO:colcon.colcon_cmake.task.cmake.build:Building CMake package in '/root/muse_ws/muse_ros2/muse_ws/src/state_estimator'
[1.500s] INFO:colcon.colcon_core.shell:Skip shell extension 'powershell' for command environment: Not usable outside of PowerShell
[1.506s] DEBUG:colcon.colcon_core.shell:Skip shell extension 'dsv' for command environment
[1.530s] DEBUG:colcon.colcon_core.event_handler.log_command:Invoking command in '/root/muse_ws/muse_ros2/muse_ws/build/state_estimator': AMENT_PREFIX_PATH=/root/muse_ws/muse_ros2/muse_ws/install/state_estimator_msgs:${AMENT_PREFIX_PATH} CMAKE_PREFIX_PATH=/root/muse_ws/muse_ros2/muse_ws/install/state_estimator_msgs:/home/dev_ws/colcon_ws/install/kiss_icp:/opt/ros/humble LD_LIBRARY_PATH=/root/muse_ws/muse_ros2/muse_ws/install/state_estimator_msgs/lib:${LD_LIBRARY_PATH} PYTHONPATH=/root/muse_ws/muse_ros2/muse_ws/install/state_estimator_msgs/local/lib/python3.10/dist-packages:${PYTHONPATH} /usr/bin/cmake --build /root/muse_ws/muse_ros2/muse_ws/build/state_estimator -- -j12 -l12
[1.852s] DEBUG:colcon.colcon_core.event_handler.log_command:Invoked command in '/root/muse_ws/muse_ros2/muse_ws/build/state_estimator' returned '0': AMENT_PREFIX_PATH=/root/muse_ws/muse_ros2/muse_ws/install/state_estimator_msgs:${AMENT_PREFIX_PATH} CMAKE_PREFIX_PATH=/root/muse_ws/muse_ros2/muse_ws/install/state_estimator_msgs:/home/dev_ws/colcon_ws/install/kiss_icp:/opt/ros/humble LD_LIBRARY_PATH=/root/muse_ws/muse_ros2/muse_ws/install/state_estimator_msgs/lib:${LD_LIBRARY_PATH} PYTHONPATH=/root/muse_ws/muse_ros2/muse_ws/install/state_estimator_msgs/local/lib/python3.10/dist-packages:${PYTHONPATH} /usr/bin/cmake --build /root/muse_ws/muse_ros2/muse_ws/build/state_estimator -- -j12 -l12
[1.855s] DEBUG:colcon.colcon_core.event_handler.log_command:Invoking command in '/root/muse_ws/muse_ros2/muse_ws/build/state_estimator': AMENT_PREFIX_PATH=/root/muse_ws/muse_ros2/muse_ws/install/state_estimator_msgs:${AMENT_PREFIX_PATH} CMAKE_PREFIX_PATH=/root/muse_ws/muse_ros2/muse_ws/install/state_estimator_msgs:/home/dev_ws/colcon_ws/install/kiss_icp:/opt/ros/humble LD_LIBRARY_PATH=/root/muse_ws/muse_ros2/muse_ws/install/state_estimator_msgs/lib:${LD_LIBRARY_PATH} PYTHONPATH=/root/muse_ws/muse_ros2/muse_ws/install/state_estimator_msgs/local/lib/python3.10/dist-packages:${PYTHONPATH} /usr/bin/cmake --install /root/muse_ws/muse_ros2/muse_ws/build/state_estimator
[1.901s] Level 1:colcon.colcon_core.environment:create_environment_scripts_only(state_estimator)
[1.902s] Level 1:colcon.colcon_core.environment:checking '/root/muse_ws/muse_ros2/muse_ws/install/state_estimator' for CMake module files
[1.903s] Level 1:colcon.colcon_core.environment:checking '/root/muse_ws/muse_ros2/muse_ws/install/state_estimator' for CMake config files
[1.903s] Level 1:colcon.colcon_core.shell:create_environment_hook('state_estimator', 'cmake_prefix_path')
[1.903s] INFO:colcon.colcon_core.shell:Creating environment hook '/root/muse_ws/muse_ros2/muse_ws/install/state_estimator/share/state_estimator/hook/cmake_prefix_path.ps1'
[1.904s] INFO:colcon.colcon_core.shell:Creating environment descriptor '/root/muse_ws/muse_ros2/muse_ws/install/state_estimator/share/state_estimator/hook/cmake_prefix_path.dsv'
[1.905s] INFO:colcon.colcon_core.shell:Creating environment hook '/root/muse_ws/muse_ros2/muse_ws/install/state_estimator/share/state_estimator/hook/cmake_prefix_path.sh'
[1.905s] DEBUG:colcon.colcon_core.event_handler.log_command:Invoked command in '/root/muse_ws/muse_ros2/muse_ws/build/state_estimator' returned '0': AMENT_PREFIX_PATH=/root/muse_ws/muse_ros2/muse_ws/install/state_estimator_msgs:${AMENT_PREFIX_PATH} CMAKE_PREFIX_PATH=/root/muse_ws/muse_ros2/muse_ws/install/state_estimator_msgs:/home/dev_ws/colcon_ws/install/kiss_icp:/opt/ros/humble LD_LIBRARY_PATH=/root/muse_ws/muse_ros2/muse_ws/install/state_estimator_msgs/lib:${LD_LIBRARY_PATH} PYTHONPATH=/root/muse_ws/muse_ros2/muse_ws/install/state_estimator_msgs/local/lib/python3.10/dist-packages:${PYTHONPATH} /usr/bin/cmake --install /root/muse_ws/muse_ros2/muse_ws/build/state_estimator
[1.906s] Level 1:colcon.colcon_core.environment:checking '/root/muse_ws/muse_ros2/muse_ws/install/state_estimator/lib'
[1.906s] Level 1:colcon.colcon_core.shell:create_environment_hook('state_estimator', 'ld_library_path_lib')
[1.906s] INFO:colcon.colcon_core.shell:Creating environment hook '/root/muse_ws/muse_ros2/muse_ws/install/state_estimator/share/state_estimator/hook/ld_library_path_lib.ps1'
[1.907s] INFO:colcon.colcon_core.shell:Creating environment descriptor '/root/muse_ws/muse_ros2/muse_ws/install/state_estimator/share/state_estimator/hook/ld_library_path_lib.dsv'
[1.908s] INFO:colcon.colcon_core.shell:Creating environment hook '/root/muse_ws/muse_ros2/muse_ws/install/state_estimator/share/state_estimator/hook/ld_library_path_lib.sh'
[1.909s] Level 1:colcon.colcon_core.environment:checking '/root/muse_ws/muse_ros2/muse_ws/install/state_estimator/bin'
[1.909s] Level 1:colcon.colcon_core.environment:checking '/root/muse_ws/muse_ros2/muse_ws/install/state_estimator/lib/pkgconfig/state_estimator.pc'
[1.909s] Level 1:colcon.colcon_core.environment:checking '/root/muse_ws/muse_ros2/muse_ws/install/state_estimator/lib/python3.10/site-packages'
[1.910s] Level 1:colcon.colcon_core.environment:checking '/root/muse_ws/muse_ros2/muse_ws/install/state_estimator/bin'
[1.910s] INFO:colcon.colcon_core.shell:Creating package script '/root/muse_ws/muse_ros2/muse_ws/install/state_estimator/share/state_estimator/package.ps1'
[1.911s] INFO:colcon.colcon_core.shell:Creating package descriptor '/root/muse_ws/muse_ros2/muse_ws/install/state_estimator/share/state_estimator/package.dsv'
[1.911s] INFO:colcon.colcon_core.shell:Creating package script '/root/muse_ws/muse_ros2/muse_ws/install/state_estimator/share/state_estimator/package.sh'
[1.912s] INFO:colcon.colcon_core.shell:Creating package script '/root/muse_ws/muse_ros2/muse_ws/install/state_estimator/share/state_estimator/package.bash'
[1.912s] INFO:colcon.colcon_core.shell:Creating package script '/root/muse_ws/muse_ros2/muse_ws/install/state_estimator/share/state_estimator/package.zsh'
[1.913s] Level 1:colcon.colcon_core.environment:create_file_with_runtime_dependencies(/root/muse_ws/muse_ros2/muse_ws/install/state_estimator/share/colcon-core/packages/state_estimator)
[1.914s] Level 1:colcon.colcon_core.environment:create_environment_scripts_only(state_estimator)
[1.914s] Level 1:colcon.colcon_core.environment:checking '/root/muse_ws/muse_ros2/muse_ws/install/state_estimator' for CMake module files
[1.915s] Level 1:colcon.colcon_core.environment:checking '/root/muse_ws/muse_ros2/muse_ws/install/state_estimator' for CMake config files
[1.916s] Level 1:colcon.colcon_core.shell:create_environment_hook('state_estimator', 'cmake_prefix_path')
[1.916s] INFO:colcon.colcon_core.shell:Creating environment hook '/root/muse_ws/muse_ros2/muse_ws/install/state_estimator/share/state_estimator/hook/cmake_prefix_path.ps1'
[1.917s] INFO:colcon.colcon_core.shell:Creating environment descriptor '/root/muse_ws/muse_ros2/muse_ws/install/state_estimator/share/state_estimator/hook/cmake_prefix_path.dsv'
[1.918s] INFO:colcon.colcon_core.shell:Creating environment hook '/root/muse_ws/muse_ros2/muse_ws/install/state_estimator/share/state_estimator/hook/cmake_prefix_path.sh'
[1.918s] Level 1:colcon.colcon_core.environment:checking '/root/muse_ws/muse_ros2/muse_ws/install/state_estimator/lib'
[1.919s] Level 1:colcon.colcon_core.shell:create_environment_hook('state_estimator', 'ld_library_path_lib')
[1.919s] INFO:colcon.colcon_core.shell:Creating environment hook '/root/muse_ws/muse_ros2/muse_ws/install/state_estimator/share/state_estimator/hook/ld_library_path_lib.ps1'
[1.920s] INFO:colcon.colcon_core.shell:Creating environment descriptor '/root/muse_ws/muse_ros2/muse_ws/install/state_estimator/share/state_estimator/hook/ld_library_path_lib.dsv'
[1.920s] INFO:colcon.colcon_core.shell:Creating environment hook '/root/muse_ws/muse_ros2/muse_ws/install/state_estimator/share/state_estimator/hook/ld_library_path_lib.sh'
[1.921s] Level 1:colcon.colcon_core.environment:checking '/root/muse_ws/muse_ros2/muse_ws/install/state_estimator/bin'
[1.921s] Level 1:colcon.colcon_core.environment:checking '/root/muse_ws/muse_ros2/muse_ws/install/state_estimator/lib/pkgconfig/state_estimator.pc'
[1.921s] Level 1:colcon.colcon_core.environment:checking '/root/muse_ws/muse_ros2/muse_ws/install/state_estimator/lib/python3.10/site-packages'
[1.922s] Level 1:colcon.colcon_core.environment:checking '/root/muse_ws/muse_ros2/muse_ws/install/state_estimator/bin'
[1.922s] INFO:colcon.colcon_core.shell:Creating package script '/root/muse_ws/muse_ros2/muse_ws/install/state_estimator/share/state_estimator/package.ps1'
[1.923s] INFO:colcon.colcon_core.shell:Creating package descriptor '/root/muse_ws/muse_ros2/muse_ws/install/state_estimator/share/state_estimator/package.dsv'
[1.924s] INFO:colcon.colcon_core.shell:Creating package script '/root/muse_ws/muse_ros2/muse_ws/install/state_estimator/share/state_estimator/package.sh'
[1.926s] INFO:colcon.colcon_core.shell:Creating package script '/root/muse_ws/muse_ros2/muse_ws/install/state_estimator/share/state_estimator/package.bash'
[1.926s] INFO:colcon.colcon_core.shell:Creating package script '/root/muse_ws/muse_ros2/muse_ws/install/state_estimator/share/state_estimator/package.zsh'
[1.927s] Level 1:colcon.colcon_core.environment:create_file_with_runtime_dependencies(/root/muse_ws/muse_ros2/muse_ws/install/state_estimator/share/colcon-core/packages/state_estimator)
[31.052s] DEBUG:colcon.colcon_core.event_handler.log_command:Invoked command in '/root/muse_ws/muse_ros2/muse_ws/build/iit_commons' returned '2': CMAKE_PREFIX_PATH=${CMAKE_PREFIX_PATH}:/opt/ros/humble /usr/bin/cmake --build /root/muse_ws/muse_ros2/muse_ws/build/iit_commons -- -j12 -l12
[31.054s] Level 1:colcon.colcon_core.environment:create_environment_scripts_only(iit_commons)
[31.054s] Level 1:colcon.colcon_core.environment:checking '/root/muse_ws/muse_ros2/muse_ws/install/iit_commons' for CMake module files
[31.055s] Level 1:colcon.colcon_core.environment:checking '/root/muse_ws/muse_ros2/muse_ws/install/iit_commons' for CMake config files
[31.055s] Level 1:colcon.colcon_core.environment:checking '/root/muse_ws/muse_ros2/muse_ws/install/iit_commons/bin'
[31.056s] Level 1:colcon.colcon_core.environment:checking '/root/muse_ws/muse_ros2/muse_ws/install/iit_commons/lib/pkgconfig/iit_commons.pc'
[31.056s] Level 1:colcon.colcon_core.environment:checking '/root/muse_ws/muse_ros2/muse_ws/install/iit_commons/lib/python3.10/site-packages'
[31.056s] Level 1:colcon.colcon_core.environment:checking '/root/muse_ws/muse_ros2/muse_ws/install/iit_commons/bin'
[31.057s] INFO:colcon.colcon_core.shell:Creating package script '/root/muse_ws/muse_ros2/muse_ws/install/iit_commons/share/iit_commons/package.ps1'
[31.057s] INFO:colcon.colcon_core.shell:Creating package descriptor '/root/muse_ws/muse_ros2/muse_ws/install/iit_commons/share/iit_commons/package.dsv'
[31.058s] INFO:colcon.colcon_core.shell:Creating package script '/root/muse_ws/muse_ros2/muse_ws/install/iit_commons/share/iit_commons/package.sh'
[31.059s] INFO:colcon.colcon_core.shell:Creating package script '/root/muse_ws/muse_ros2/muse_ws/install/iit_commons/share/iit_commons/package.bash'
[31.059s] INFO:colcon.colcon_core.shell:Creating package script '/root/muse_ws/muse_ros2/muse_ws/install/iit_commons/share/iit_commons/package.zsh'
[31.060s] Level 1:colcon.colcon_core.environment:create_file_with_runtime_dependencies(/root/muse_ws/muse_ros2/muse_ws/install/iit_commons/share/colcon-core/packages/iit_commons)
[31.071s] DEBUG:colcon.colcon_parallel_executor.executor.parallel:closing loop
[31.071s] DEBUG:colcon.colcon_parallel_executor.executor.parallel:loop closed
[31.072s] DEBUG:colcon.colcon_parallel_executor.executor.parallel:run_until_complete finished with '2'
[31.072s] DEBUG:colcon.colcon_core.event_reactor:joining thread
[31.129s] INFO:colcon.colcon_core.plugin_system:Skipping extension 'colcon_notification.desktop_notification.notify_send': Could not find 'notify-send'
[31.130s] INFO:colcon.colcon_core.plugin_system:Skipping extension 'colcon_notification.desktop_notification.terminal_notifier': Not used on non-Darwin systems
[31.130s] INFO:colcon.colcon_core.plugin_system:Skipping extension 'colcon_notification.desktop_notification.win32': Not used on non-Windows systems
[31.130s] INFO:colcon.colcon_notification.desktop_notification:Sending desktop notification using 'notify2'
[31.130s] DEBUG:colcon.colcon_notification.desktop_notification.notify2:Failed to initialize notify2: org.freedesktop.DBus.Error.NotSupported: Unable to autolaunch a dbus-daemon without a $DISPLAY for X11
[31.130s] DEBUG:colcon.colcon_core.event_reactor:joined thread
[31.131s] INFO:colcon.colcon_core.shell:Creating prefix script '/root/muse_ws/muse_ros2/muse_ws/install/local_setup.ps1'
[31.132s] INFO:colcon.colcon_core.shell:Creating prefix util module '/root/muse_ws/muse_ros2/muse_ws/install/_local_setup_util_ps1.py'
[31.135s] INFO:colcon.colcon_core.shell:Creating prefix chain script '/root/muse_ws/muse_ros2/muse_ws/install/setup.ps1'
[31.137s] INFO:colcon.colcon_core.shell:Creating prefix script '/root/muse_ws/muse_ros2/muse_ws/install/local_setup.sh'
[31.138s] INFO:colcon.colcon_core.shell:Creating prefix util module '/root/muse_ws/muse_ros2/muse_ws/install/_local_setup_util_sh.py'
[31.139s] INFO:colcon.colcon_core.shell:Creating prefix chain script '/root/muse_ws/muse_ros2/muse_ws/install/setup.sh'
[31.141s] INFO:colcon.colcon_core.shell:Creating prefix script '/root/muse_ws/muse_ros2/muse_ws/install/local_setup.bash'
[31.145s] INFO:colcon.colcon_core.shell:Creating prefix chain script '/root/muse_ws/muse_ros2/muse_ws/install/setup.bash'
[31.147s] INFO:colcon.colcon_core.shell:Creating prefix script '/root/muse_ws/muse_ros2/muse_ws/install/local_setup.zsh'
[31.148s] INFO:colcon.colcon_core.shell:Creating prefix chain script '/root/muse_ws/muse_ros2/muse_ws/install/setup.zsh'
