[0.046s] Invoking command in '/root/muse_ws/muse_ros2/muse_ws/build/iit_commons': CMAKE_PREFIX_PATH=${CMAKE_PREFIX_PATH}:/opt/ros/humble /usr/bin/cmake --build /root/muse_ws/muse_ros2/muse_ws/build/iit_commons -- -j12 -l12
[0.127s] [35m[1mConsolidate compiler generated dependencies of target iitcommons[0m
[0.148s] [  4%] [32mBuilding CXX object gtest/CMakeFiles/gtest.dir/src/gtest-all.cc.o[0m
[0.177s] [  9%] [32mBuilding CXX object CMakeFiles/iitcommons.dir/src/planning.cpp.o[0m
[0.177s] [ 14%] [32mBuilding CXX object CMakeFiles/iitcommons.dir/src/control/VirtualModel.cpp.o[0m
[2.826s] In file included from [01m[K/root/muse_ws/muse_ros2/muse_ws/src/iit_commons/include/iit_commons/commons/geometry/rotations.h:5[m[K,
[2.826s]                  from [01m[K/root/muse_ws/muse_ros2/muse_ws/src/iit_commons/include/iit_commons/commons/planning/planning.h:6[m[K,
[2.826s]                  from [01m[K/root/muse_ws/muse_ros2/muse_ws/src/iit_commons/src/planning.cpp:2[m[K:
[2.826s] [01m[K/root/muse_ws/muse_ros2/muse_ws/src/iit_commons/include/iit_commons/commons/geometry/algebra.h:[m[K In function ‘[01m[Kvoid iit::commons::computeQR(const MatrixXR&, MatrixXR&, MatrixXR&, const double&)[m[K’:
[2.826s] [01m[K/root/muse_ws/muse_ros2/muse_ws/src/iit_commons/include/iit_commons/commons/geometry/algebra.h:271:37:[m[K [01;35m[Kwarning: [m[Kunused parameter ‘[01m[Ktolerance[m[K’ [[01;35m[K-Wunused-parameter[m[K]
[2.826s]   271 |                       [01;35m[Kconst double& tolerance[m[K)
[2.826s]       |                       [01;35m[K~~~~~~~~~~~~~~^~~~~~~~~[m[K
[2.894s] In file included from [01m[K/root/muse_ws/muse_ros2/muse_ws/src/iit_commons/include/iit_commons/commons/geometry/rotations.h:5[m[K,
[2.894s]                  from [01m[K/root/muse_ws/muse_ros2/muse_ws/src/iit_commons/include/iit_commons/commons/planning/planning.h:6[m[K,
[2.894s]                  from [01m[K/root/muse_ws/muse_ros2/muse_ws/src/iit_commons/include/iit_commons/commons/control/VirtualModel.hpp:7[m[K,
[2.894s]                  from [01m[K/root/muse_ws/muse_ros2/muse_ws/src/iit_commons/src/control/VirtualModel.cpp:1[m[K:
[2.894s] [01m[K/root/muse_ws/muse_ros2/muse_ws/src/iit_commons/include/iit_commons/commons/geometry/algebra.h:[m[K In function ‘[01m[Kvoid iit::commons::computeQR(const MatrixXR&, MatrixXR&, MatrixXR&, const double&)[m[K’:
[2.894s] [01m[K/root/muse_ws/muse_ros2/muse_ws/src/iit_commons/include/iit_commons/commons/geometry/algebra.h:271:37:[m[K [01;35m[Kwarning: [m[Kunused parameter ‘[01m[Ktolerance[m[K’ [[01;35m[K-Wunused-parameter[m[K]
[2.894s]   271 |                       [01;35m[Kconst double& tolerance[m[K)
[2.894s]       |                       [01;35m[K~~~~~~~~~~~~~~^~~~~~~~~[m[K
[2.894s] In file included from [01m[K/root/muse_ws/muse_ros2/muse_ws/src/iit_commons/include/iit_commons/commons/planning/planning.h:6[m[K,
[2.894s]                  from [01m[K/root/muse_ws/muse_ros2/muse_ws/src/iit_commons/src/planning.cpp:2[m[K:
[2.895s] [01m[K/root/muse_ws/muse_ros2/muse_ws/src/iit_commons/include/iit_commons/commons/geometry/rotations.h:[m[K In function ‘[01m[KEigen::Matrix3d iit::commons::rpyToEar(const Vector3d&)[m[K’:
[2.895s] [01m[K/root/muse_ws/muse_ros2/muse_ws/src/iit_commons/include/iit_commons/commons/geometry/rotations.h:143:12:[m[K [01;35m[Kwarning: [m[Kunused variable ‘[01m[Kyaw[m[K’ [[01;35m[K-Wunused-variable[m[K]
[2.895s]   143 |     double [01;35m[Kyaw[m[K = rpy(2);
[2.895s]       |            [01;35m[K^~~[m[K
[2.895s] [01m[K/root/muse_ws/muse_ros2/muse_ws/src/iit_commons/include/iit_commons/commons/geometry/rotations.h:[m[K In function ‘[01m[KEigen::Matrix3d iit::commons::rpyToEarInv_dot(const Vector3d&, const Vector3d&)[m[K’:
[2.895s] [01m[K/root/muse_ws/muse_ros2/muse_ws/src/iit_commons/include/iit_commons/commons/geometry/rotations.h:163:12:[m[K [01;35m[Kwarning: [m[Kunused variable ‘[01m[Kroll[m[K’ [[01;35m[K-Wunused-variable[m[K]
[2.895s]   163 |     double [01;35m[Kroll[m[K = rpy(0);
[2.895s]       |            [01;35m[K^~~~[m[K
[2.895s] [01m[K/root/muse_ws/muse_ros2/muse_ws/src/iit_commons/include/iit_commons/commons/geometry/rotations.h:166:12:[m[K [01;35m[Kwarning: [m[Kunused variable ‘[01m[Krolld[m[K’ [[01;35m[K-Wunused-variable[m[K]
[2.895s]   166 |     double [01;35m[Krolld[m[K = rpyd(0);
[2.895s]       |            [01;35m[K^~~~~[m[K
[2.935s] In file included from [01m[K/root/muse_ws/muse_ros2/muse_ws/src/iit_commons/include/iit_commons/commons/planning/planning.h:6[m[K,
[2.935s]                  from [01m[K/root/muse_ws/muse_ros2/muse_ws/src/iit_commons/include/iit_commons/commons/control/VirtualModel.hpp:7[m[K,
[2.935s]                  from [01m[K/root/muse_ws/muse_ros2/muse_ws/src/iit_commons/src/control/VirtualModel.cpp:1[m[K:
[2.935s] [01m[K/root/muse_ws/muse_ros2/muse_ws/src/iit_commons/include/iit_commons/commons/geometry/rotations.h:[m[K In function ‘[01m[KEigen::Matrix3d iit::commons::rpyToEar(const Vector3d&)[m[K’:
[2.935s] [01m[K/root/muse_ws/muse_ros2/muse_ws/src/iit_commons/include/iit_commons/commons/geometry/rotations.h:143:12:[m[K [01;35m[Kwarning: [m[Kunused variable ‘[01m[Kyaw[m[K’ [[01;35m[K-Wunused-variable[m[K]
[2.935s]   143 |     double [01;35m[Kyaw[m[K = rpy(2);
[2.935s]       |            [01;35m[K^~~[m[K
[2.936s] [01m[K/root/muse_ws/muse_ros2/muse_ws/src/iit_commons/include/iit_commons/commons/geometry/rotations.h:[m[K In function ‘[01m[KEigen::Matrix3d iit::commons::rpyToEarInv_dot(const Vector3d&, const Vector3d&)[m[K’:
[2.936s] [01m[K/root/muse_ws/muse_ros2/muse_ws/src/iit_commons/include/iit_commons/commons/geometry/rotations.h:163:12:[m[K [01;35m[Kwarning: [m[Kunused variable ‘[01m[Kroll[m[K’ [[01;35m[K-Wunused-variable[m[K]
[2.936s]   163 |     double [01;35m[Kroll[m[K = rpy(0);
[2.936s]       |            [01;35m[K^~~~[m[K
[2.936s] [01m[K/root/muse_ws/muse_ros2/muse_ws/src/iit_commons/include/iit_commons/commons/geometry/rotations.h:166:12:[m[K [01;35m[Kwarning: [m[Kunused variable ‘[01m[Krolld[m[K’ [[01;35m[K-Wunused-variable[m[K]
[2.937s]   166 |     double [01;35m[Krolld[m[K = rpyd(0);
[2.937s]       |            [01;35m[K^~~~~[m[K
[4.842s] In file included from [01m[K/root/muse_ws/muse_ros2/muse_ws/src/iit_commons/include/iit_commons/commons/control/VirtualModel.hpp:7[m[K,
[4.842s]                  from [01m[K/root/muse_ws/muse_ros2/muse_ws/src/iit_commons/src/control/VirtualModel.cpp:1[m[K:
[4.842s] [01m[K/root/muse_ws/muse_ros2/muse_ws/src/iit_commons/include/iit_commons/commons/planning/planning.h:[m[K In function ‘[01m[Kvoid iit::planning::ClockwiseSort(std::vector<Eigen::Matrix<double, 3, 1> >&)[m[K’:
[4.843s] [01m[K/root/muse_ws/muse_ros2/muse_ws/src/iit_commons/include/iit_commons/commons/planning/planning.h:162:23:[m[K [01;35m[Kwarning: [m[Kcomparison of integer expressions of different signedness: ‘[01m[Kint[m[K’ and ‘[01m[Kstd::vector<Eigen::Matrix<double, 3, 1> >::size_type[m[K’ {aka ‘[01m[Klong unsigned int[m[K’} [[01;35m[K-Wsign-compare[m[K]
[4.843s]   162 |     for (int i = 1; [01;35m[Ki < p.size() - 1[m[K; i++) {
[4.843s]       |                     [01;35m[K~~^~~~~~~~~~~~~~[m[K
[4.843s] [01m[K/root/muse_ws/muse_ros2/muse_ws/src/iit_commons/include/iit_commons/commons/planning/planning.h:163:31:[m[K [01;35m[Kwarning: [m[Kcomparison of integer expressions of different signedness: ‘[01m[Kint[m[K’ and ‘[01m[Kstd::vector<Eigen::Matrix<double, 3, 1> >::size_type[m[K’ {aka ‘[01m[Klong unsigned int[m[K’} [[01;35m[K-Wsign-compare[m[K]
[4.843s]   163 |         for (int j = i + 1; [01;35m[Kj < p.size()[m[K; j++) {
[4.843s]       |                             [01;35m[K~~^~~~~~~~~~[m[K
[4.843s] [01m[K/root/muse_ws/muse_ros2/muse_ws/src/iit_commons/include/iit_commons/commons/planning/planning.h:[m[K In function ‘[01m[Kvoid iit::planning::CounterClockwiseSort(std::vector<Eigen::Matrix<double, 3, 1> >&)[m[K’:
[4.843s] [01m[K/root/muse_ws/muse_ros2/muse_ws/src/iit_commons/include/iit_commons/commons/planning/planning.h:186:23:[m[K [01;35m[Kwarning: [m[Kcomparison of integer expressions of different signedness: ‘[01m[Kint[m[K’ and ‘[01m[Kstd::vector<Eigen::Matrix<double, 3, 1> >::size_type[m[K’ {aka ‘[01m[Klong unsigned int[m[K’} [[01;35m[K-Wsign-compare[m[K]
[4.843s]   186 |     for (int i = 1; [01;35m[Ki < p.size() - 1[m[K; i++) {
[4.844s]       |                     [01;35m[K~~^~~~~~~~~~~~~~[m[K
[4.844s] [01m[K/root/muse_ws/muse_ros2/muse_ws/src/iit_commons/include/iit_commons/commons/planning/planning.h:187:31:[m[K [01;35m[Kwarning: [m[Kcomparison of integer expressions of different signedness: ‘[01m[Kint[m[K’ and ‘[01m[Kstd::vector<Eigen::Matrix<double, 3, 1> >::size_type[m[K’ {aka ‘[01m[Klong unsigned int[m[K’} [[01;35m[K-Wsign-compare[m[K]
[4.844s]   187 |         for (int j = i + 1; [01;35m[Kj < p.size()[m[K; j++) {
[4.844s]       |                             [01;35m[K~~^~~~~~~~~~[m[K
[4.844s] [01m[K/root/muse_ws/muse_ros2/muse_ws/src/iit_commons/include/iit_commons/commons/planning/planning.h:[m[K In function ‘[01m[Kvoid iit::planning::CounterClockwiseSort(std::vector<Eigen::Matrix<double, 3, 1> >&, std::vector<int>&)[m[K’:
[4.844s] [01m[K/root/muse_ws/muse_ros2/muse_ws/src/iit_commons/include/iit_commons/commons/planning/planning.h:211:23:[m[K [01;35m[Kwarning: [m[Kcomparison of integer expressions of different signedness: ‘[01m[Kint[m[K’ and ‘[01m[Kstd::vector<Eigen::Matrix<double, 3, 1> >::size_type[m[K’ {aka ‘[01m[Klong unsigned int[m[K’} [[01;35m[K-Wsign-compare[m[K]
[4.844s]   211 |     for (int i = 0; [01;35m[Ki < p.size()[m[K; i++)
[4.844s]       |                     [01;35m[K~~^~~~~~~~~~[m[K
[4.848s] [01m[K/root/muse_ws/muse_ros2/muse_ws/src/iit_commons/include/iit_commons/commons/planning/planning.h:213:23:[m[K [01;35m[Kwarning: [m[Kcomparison of integer expressions of different signedness: ‘[01m[Kint[m[K’ and ‘[01m[Kstd::vector<Eigen::Matrix<double, 3, 1> >::size_type[m[K’ {aka ‘[01m[Klong unsigned int[m[K’} [[01;35m[K-Wsign-compare[m[K]
[4.848s]   213 |     for (int i = 1; [01;35m[Ki < p.size() - 1[m[K; i++) {
[4.848s]       |                     [01;35m[K~~^~~~~~~~~~~~~~[m[K
[4.849s] [01m[K/root/muse_ws/muse_ros2/muse_ws/src/iit_commons/include/iit_commons/commons/planning/planning.h:214:31:[m[K [01;35m[Kwarning: [m[Kcomparison of integer expressions of different signedness: ‘[01m[Kint[m[K’ and ‘[01m[Kstd::vector<Eigen::Matrix<double, 3, 1> >::size_type[m[K’ {aka ‘[01m[Klong unsigned int[m[K’} [[01;35m[K-Wsign-compare[m[K]
[4.849s]   214 |         for (int j = i + 1; [01;35m[Kj < p.size()[m[K; j++) {
[4.849s]       |                             [01;35m[K~~^~~~~~~~~~[m[K
[5.058s] In file included from [01m[K/root/muse_ws/muse_ros2/muse_ws/src/iit_commons/src/planning.cpp:2[m[K:
[5.058s] [01m[K/root/muse_ws/muse_ros2/muse_ws/src/iit_commons/include/iit_commons/commons/planning/planning.h:[m[K In function ‘[01m[Kvoid iit::planning::ClockwiseSort(std::vector<Eigen::Matrix<double, 3, 1> >&)[m[K’:
[5.058s] [01m[K/root/muse_ws/muse_ros2/muse_ws/src/iit_commons/include/iit_commons/commons/planning/planning.h:162:23:[m[K [01;35m[Kwarning: [m[Kcomparison of integer expressions of different signedness: ‘[01m[Kint[m[K’ and ‘[01m[Kstd::vector<Eigen::Matrix<double, 3, 1> >::size_type[m[K’ {aka ‘[01m[Klong unsigned int[m[K’} [[01;35m[K-Wsign-compare[m[K]
[5.058s]   162 |     for (int i = 1; [01;35m[Ki < p.size() - 1[m[K; i++) {
[5.058s]       |                     [01;35m[K~~^~~~~~~~~~~~~~[m[K
[5.058s] [01m[K/root/muse_ws/muse_ros2/muse_ws/src/iit_commons/include/iit_commons/commons/planning/planning.h:163:31:[m[K [01;35m[Kwarning: [m[Kcomparison of integer expressions of different signedness: ‘[01m[Kint[m[K’ and ‘[01m[Kstd::vector<Eigen::Matrix<double, 3, 1> >::size_type[m[K’ {aka ‘[01m[Klong unsigned int[m[K’} [[01;35m[K-Wsign-compare[m[K]
[5.058s]   163 |         for (int j = i + 1; [01;35m[Kj < p.size()[m[K; j++) {
[5.058s]       |                             [01;35m[K~~^~~~~~~~~~[m[K
[5.061s] [01m[K/root/muse_ws/muse_ros2/muse_ws/src/iit_commons/include/iit_commons/commons/planning/planning.h:[m[K In function ‘[01m[Kvoid iit::planning::CounterClockwiseSort(std::vector<Eigen::Matrix<double, 3, 1> >&)[m[K’:
[5.061s] [01m[K/root/muse_ws/muse_ros2/muse_ws/src/iit_commons/include/iit_commons/commons/planning/planning.h:186:23:[m[K [01;35m[Kwarning: [m[Kcomparison of integer expressions of different signedness: ‘[01m[Kint[m[K’ and ‘[01m[Kstd::vector<Eigen::Matrix<double, 3, 1> >::size_type[m[K’ {aka ‘[01m[Klong unsigned int[m[K’} [[01;35m[K-Wsign-compare[m[K]
[5.061s]   186 |     for (int i = 1; [01;35m[Ki < p.size() - 1[m[K; i++) {
[5.061s]       |                     [01;35m[K~~^~~~~~~~~~~~~~[m[K
[5.061s] [01m[K/root/muse_ws/muse_ros2/muse_ws/src/iit_commons/include/iit_commons/commons/planning/planning.h:187:31:[m[K [01;35m[Kwarning: [m[Kcomparison of integer expressions of different signedness: ‘[01m[Kint[m[K’ and ‘[01m[Kstd::vector<Eigen::Matrix<double, 3, 1> >::size_type[m[K’ {aka ‘[01m[Klong unsigned int[m[K’} [[01;35m[K-Wsign-compare[m[K]
[5.061s]   187 |         for (int j = i + 1; [01;35m[Kj < p.size()[m[K; j++) {
[5.061s]       |                             [01;35m[K~~^~~~~~~~~~[m[K
[5.061s] [01m[K/root/muse_ws/muse_ros2/muse_ws/src/iit_commons/include/iit_commons/commons/planning/planning.h:[m[K In function ‘[01m[Kvoid iit::planning::CounterClockwiseSort(std::vector<Eigen::Matrix<double, 3, 1> >&, std::vector<int>&)[m[K’:
[5.062s] [01m[K/root/muse_ws/muse_ros2/muse_ws/src/iit_commons/include/iit_commons/commons/planning/planning.h:211:23:[m[K [01;35m[Kwarning: [m[Kcomparison of integer expressions of different signedness: ‘[01m[Kint[m[K’ and ‘[01m[Kstd::vector<Eigen::Matrix<double, 3, 1> >::size_type[m[K’ {aka ‘[01m[Klong unsigned int[m[K’} [[01;35m[K-Wsign-compare[m[K]
[5.062s]   211 |     for (int i = 0; [01;35m[Ki < p.size()[m[K; i++)
[5.062s]       |                     [01;35m[K~~^~~~~~~~~~[m[K
[5.062s] [01m[K/root/muse_ws/muse_ros2/muse_ws/src/iit_commons/include/iit_commons/commons/planning/planning.h:213:23:[m[K [01;35m[Kwarning: [m[Kcomparison of integer expressions of different signedness: ‘[01m[Kint[m[K’ and ‘[01m[Kstd::vector<Eigen::Matrix<double, 3, 1> >::size_type[m[K’ {aka ‘[01m[Klong unsigned int[m[K’} [[01;35m[K-Wsign-compare[m[K]
[5.062s]   213 |     for (int i = 1; [01;35m[Ki < p.size() - 1[m[K; i++) {
[5.062s]       |                     [01;35m[K~~^~~~~~~~~~~~~~[m[K
[5.063s] [01m[K/root/muse_ws/muse_ros2/muse_ws/src/iit_commons/include/iit_commons/commons/planning/planning.h:214:31:[m[K [01;35m[Kwarning: [m[Kcomparison of integer expressions of different signedness: ‘[01m[Kint[m[K’ and ‘[01m[Kstd::vector<Eigen::Matrix<double, 3, 1> >::size_type[m[K’ {aka ‘[01m[Klong unsigned int[m[K’} [[01;35m[K-Wsign-compare[m[K]
[5.063s]   214 |         for (int j = i + 1; [01;35m[Kj < p.size()[m[K; j++) {
[5.063s]       |                             [01;35m[K~~^~~~~~~~~~[m[K
[5.586s] In file included from [01m[K/root/muse_ws/muse_ros2/muse_ws/src/iit_commons/src/control/VirtualModel.cpp:1[m[K:
[5.586s] [01m[K/root/muse_ws/muse_ros2/muse_ws/src/iit_commons/include/iit_commons/commons/control/VirtualModel.hpp:[m[K At global scope:
[5.586s] [01m[K/root/muse_ws/muse_ros2/muse_ws/src/iit_commons/include/iit_commons/commons/control/VirtualModel.hpp:72:18:[m[K [01;31m[Kerror: [m[K‘[01m[Krbd[m[K’ has not been declared
[5.586s]    72 |     void setGain([01;31m[Krbd[m[K::Coords6D index, GainType type, double value);
[5.586s]       |                  [01;31m[K^~~[m[K
[5.586s] [01m[K/root/muse_ws/muse_ros2/muse_ws/src/iit_commons/include/iit_commons/commons/control/VirtualModel.hpp:72:32:[m[K [01;31m[Kerror: [m[Kexpected ‘[01m[K,[m[K’ or ‘[01m[K...[m[K’ before ‘[01m[Kindex[m[K’
[5.586s]    72 |     void setGain(rbd::Coords6D [01;31m[Kindex[m[K, GainType type, double value);
[5.586s]       |                                [01;31m[K^~~~~[m[K
[5.938s] [01m[K/root/muse_ws/muse_ros2/muse_ws/src/iit_commons/src/planning.cpp:[m[K In function ‘[01m[Kdouble iit::planning::margin_from_poly(const Vector3d&, const iit::dog::LegDataMap<bool>&, const iit::dog::LegDataMap<Eigen::Matrix<double, 3, 1> >&)[m[K’:
[5.939s] [01m[K/root/muse_ws/muse_ros2/muse_ws/src/iit_commons/src/planning.cpp:110:26:[m[K [01;35m[Kwarning: [m[Kcomparison of integer expressions of different signedness: ‘[01m[Kint[m[K’ and ‘[01m[Kstd::vector<Eigen::Matrix<double, 3, 1> >::size_type[m[K’ {aka ‘[01m[Klong unsigned int[m[K’} [[01;35m[K-Wsign-compare[m[K]
[5.939s]   110 |     for (int idx = 0; [01;35m[Kidx<stance_feetW.size()[m[K;idx++)
[5.939s]       |                       [01;35m[K~~~^~~~~~~~~~~~~~~~~~~~[m[K
[5.946s] [01m[K/root/muse_ws/muse_ros2/muse_ws/src/iit_commons/src/control/VirtualModel.cpp:[m[K In member function ‘[01m[Kvoid iit_commons::control::VirtualModel::setGains(double, double, double, double, double, double, double, double, double, double, double, double)[m[K’:
[5.946s] [01m[K/root/muse_ws/muse_ros2/muse_ws/src/iit_commons/src/control/VirtualModel.cpp:32:8:[m[K [01;31m[Kerror: [m[K‘[01m[Krbd[m[K’ has not been declared
[5.947s]    32 |     Kp([01;31m[Krbd[m[K::LX) = lx_p;
[5.947s]       |        [01;31m[K^~~[m[K
[5.947s] [01m[K/root/muse_ws/muse_ros2/muse_ws/src/iit_commons/src/control/VirtualModel.cpp:33:8:[m[K [01;31m[Kerror: [m[K‘[01m[Krbd[m[K’ has not been declared
[5.947s]    33 |     Kp([01;31m[Krbd[m[K::LY) = ly_p;
[5.947s]       |        [01;31m[K^~~[m[K
[5.947s] [01m[K/root/muse_ws/muse_ros2/muse_ws/src/iit_commons/src/control/VirtualModel.cpp:34:8:[m[K [01;31m[Kerror: [m[K‘[01m[Krbd[m[K’ has not been declared
[5.947s]    34 |     Kp([01;31m[Krbd[m[K::LZ) = lz_p;
[5.947s]       |        [01;31m[K^~~[m[K
[5.948s] [01m[K/root/muse_ws/muse_ros2/muse_ws/src/iit_commons/src/control/VirtualModel.cpp:37:8:[m[K [01;31m[Kerror: [m[K‘[01m[Krbd[m[K’ has not been declared
[5.948s]    37 |     Kp([01;31m[Krbd[m[K::AX) = ax_p;
[5.948s]       |        [01;31m[K^~~[m[K
[5.948s] [01m[K/root/muse_ws/muse_ros2/muse_ws/src/iit_commons/src/control/VirtualModel.cpp:38:8:[m[K [01;31m[Kerror: [m[K‘[01m[Krbd[m[K’ has not been declared
[5.948s]    38 |     Kp([01;31m[Krbd[m[K::AY) = ay_p;
[5.949s]       |        [01;31m[K^~~[m[K
[5.949s] [01m[K/root/muse_ws/muse_ros2/muse_ws/src/iit_commons/src/control/VirtualModel.cpp:39:8:[m[K [01;31m[Kerror: [m[K‘[01m[Krbd[m[K’ has not been declared
[5.949s]    39 |     Kp([01;31m[Krbd[m[K::AZ) = az_p;
[5.949s]       |        [01;31m[K^~~[m[K
[5.949s] [01m[K/root/muse_ws/muse_ros2/muse_ws/src/iit_commons/src/control/VirtualModel.cpp:42:8:[m[K [01;31m[Kerror: [m[K‘[01m[Krbd[m[K’ has not been declared
[5.949s]    42 |     Kd([01;31m[Krbd[m[K::LX) = lx_d;
[5.949s]       |        [01;31m[K^~~[m[K
[5.949s] [01m[K/root/muse_ws/muse_ros2/muse_ws/src/iit_commons/src/control/VirtualModel.cpp:43:8:[m[K [01;31m[Kerror: [m[K‘[01m[Krbd[m[K’ has not been declared
[5.950s]    43 |     Kd([01;31m[Krbd[m[K::LY) = ly_d;
[5.950s]       |        [01;31m[K^~~[m[K
[5.950s] [01m[K/root/muse_ws/muse_ros2/muse_ws/src/iit_commons/src/control/VirtualModel.cpp:44:8:[m[K [01;31m[Kerror: [m[K‘[01m[Krbd[m[K’ has not been declared
[5.950s]    44 |     Kd([01;31m[Krbd[m[K::LZ) = lz_d;
[5.950s]       |        [01;31m[K^~~[m[K
[5.950s] [01m[K/root/muse_ws/muse_ros2/muse_ws/src/iit_commons/src/control/VirtualModel.cpp:47:8:[m[K [01;31m[Kerror: [m[K‘[01m[Krbd[m[K’ has not been declared
[5.950s]    47 |     Kd([01;31m[Krbd[m[K::AX) = ax_d;
[5.950s]       |        [01;31m[K^~~[m[K
[5.950s] [01m[K/root/muse_ws/muse_ros2/muse_ws/src/iit_commons/src/control/VirtualModel.cpp:48:8:[m[K [01;31m[Kerror: [m[K‘[01m[Krbd[m[K’ has not been declared
[5.951s]    48 |     Kd([01;31m[Krbd[m[K::AY) = ay_d;
[5.951s]       |        [01;31m[K^~~[m[K
[5.951s] [01m[K/root/muse_ws/muse_ros2/muse_ws/src/iit_commons/src/control/VirtualModel.cpp:49:8:[m[K [01;31m[Kerror: [m[K‘[01m[Krbd[m[K’ has not been declared
[5.951s]    49 |     Kd([01;31m[Krbd[m[K::AZ) = az_d;
[5.951s]       |        [01;31m[K^~~[m[K
[5.951s] [01m[K/root/muse_ws/muse_ros2/muse_ws/src/iit_commons/src/control/VirtualModel.cpp:[m[K At global scope:
[5.951s] [01m[K/root/muse_ws/muse_ros2/muse_ws/src/iit_commons/src/control/VirtualModel.cpp:55:6:[m[K [01;31m[Kerror: [m[Kvariable or field ‘[01m[KsetGain[m[K’ declared void
[5.951s]    55 | void [01;31m[KVirtualModel[m[K::setGain(rbd::Coords6D index, GainType type, double value)
[5.951s]       |      [01;31m[K^~~~~~~~~~~~[m[K
[5.951s] [01m[K/root/muse_ws/muse_ros2/muse_ws/src/iit_commons/src/control/VirtualModel.cpp:55:28:[m[K [01;31m[Kerror: [m[K‘[01m[Krbd[m[K’ has not been declared
[5.952s]    55 | void VirtualModel::setGain([01;31m[Krbd[m[K::Coords6D index, GainType type, double value)
[5.952s]       |                            [01;31m[K^~~[m[K
[5.956s] [01m[K/root/muse_ws/muse_ros2/muse_ws/src/iit_commons/src/control/VirtualModel.cpp:55:49:[m[K [01;31m[Kerror: [m[K‘[01m[KGainType[m[K’ was not declared in this scope
[5.957s]    55 | void VirtualModel::setGain(rbd::Coords6D index, [01;31m[KGainType[m[K type, double value)
[5.957s]       |                                                 [01;31m[K^~~~~~~~[m[K
[5.957s] [01m[K/root/muse_ws/muse_ros2/muse_ws/src/iit_commons/src/control/VirtualModel.cpp:55:64:[m[K [01;31m[Kerror: [m[Kexpected primary-expression before ‘[01m[Kdouble[m[K’
[5.957s]    55 | void VirtualModel::setGain(rbd::Coords6D index, GainType type, [01;31m[Kdouble[m[K value)
[5.957s]       |                                                                [01;31m[K^~~~~~[m[K
[5.958s] [01m[K/root/muse_ws/muse_ros2/muse_ws/src/iit_commons/src/control/VirtualModel.cpp:[m[K In member function ‘[01m[Kiit_commons::control::VirtualModel::Wrench iit_commons::control::VirtualModel::getFeedBackWrench(const PointState&, const PointState&, const PointState&, const PointState&, const double&, const Wrench&)[m[K’:
[5.958s] [01m[K/root/muse_ws/muse_ros2/muse_ws/src/iit_commons/src/control/VirtualModel.cpp:86:26:[m[K [01;31m[Kerror: [m[K‘[01m[Kcommons[m[K’ has not been declared
[5.958s]    86 |     Eigen::Matrix3d  R = [01;31m[Kcommons[m[K::rpyToRot(actual_ang_state.x);
[5.958s]       |                          [01;31m[K^~~~~~~[m[K
[5.966s] [01m[K/root/muse_ws/muse_ros2/muse_ws/src/iit_commons/src/control/VirtualModel.cpp:89:5:[m[K [01;31m[Kerror: [m[K‘[01m[Krbd[m[K’ has not been declared
[5.966s]    89 |     [01;31m[Krbd[m[K::Vector6D wrench_error_base;
[5.966s]       |     [01;31m[K^~~[m[K
[5.974s] [01m[K/root/muse_ws/muse_ros2/muse_ws/src/iit_commons/src/control/VirtualModel.cpp:93:5:[m[K [01;31m[Kerror: [m[K‘[01m[Kwrench_error_base[m[K’ was not declared in this scope; did you mean ‘[01m[Kwrench_error[m[K’?
[5.975s]    93 |     [01;31m[Kwrench_error_base[m[K.segment(rbd::AX,3) = R * wrench_error.segment(rbd::AX,3);
[5.975s]       |     [01;31m[K^~~~~~~~~~~~~~~~~[m[K
[5.975s]       |     [32m[Kwrench_error[m[K
[5.980s] [01m[K/root/muse_ws/muse_ros2/muse_ws/src/iit_commons/src/control/VirtualModel.cpp:93:31:[m[K [01;31m[Kerror: [m[K‘[01m[Krbd[m[K’ has not been declared
[5.981s]    93 |     wrench_error_base.segment([01;31m[Krbd[m[K::AX,3) = R * wrench_error.segment(rbd::AX,3);
[5.981s]       |                               [01;31m[K^~~[m[K
[5.982s] [01m[K/root/muse_ws/muse_ros2/muse_ws/src/iit_commons/src/control/VirtualModel.cpp:93:69:[m[K [01;31m[Kerror: [m[K‘[01m[Krbd[m[K’ has not been declared
[5.982s]    93 |     wrench_error_base.segment(rbd::AX,3) = R * wrench_error.segment([01;31m[Krbd[m[K::AX,3);
[5.982s]       |                                                                     [01;31m[K^~~[m[K
[5.982s] [01m[K/root/muse_ws/muse_ros2/muse_ws/src/iit_commons/src/control/VirtualModel.cpp:94:31:[m[K [01;31m[Kerror: [m[K‘[01m[Krbd[m[K’ has not been declared
[5.982s]    94 |     wrench_error_base.segment([01;31m[Krbd[m[K::LX,3) = R * wrench_error.segment(rbd::LX,3);
[5.982s]       |                               [01;31m[K^~~[m[K
[5.982s] [01m[K/root/muse_ws/muse_ros2/muse_ws/src/iit_commons/src/control/VirtualModel.cpp:94:69:[m[K [01;31m[Kerror: [m[K‘[01m[Krbd[m[K’ has not been declared
[5.982s]    94 |     wrench_error_base.segment(rbd::LX,3) = R * wrench_error.segment([01;31m[Krbd[m[K::LX,3);
[5.982s]       |                                                                     [01;31m[K^~~[m[K
[5.982s] [01m[K/root/muse_ws/muse_ros2/muse_ws/src/iit_commons/src/control/VirtualModel.cpp:96:18:[m[K [01;31m[Kerror: [m[K‘[01m[Krbd[m[K’ has not been declared
[5.982s]    96 |     scaleGains = [01;31m[Krbd[m[K::Vector6D::Constant(1.0) -
[5.983s]       |                  [01;31m[K^~~[m[K
[6.138s] [01m[K/root/muse_ws/muse_ros2/muse_ws/src/iit_commons/src/control/VirtualModel.cpp:106:24:[m[K [01;31m[Kerror: [m[K‘[01m[Krbd[m[K’ has not been declared
[6.139s]   106 |     wrench_out.segment([01;31m[Krbd[m[K::LX,3) = R.transpose() *
[6.139s]       |                        [01;31m[K^~~[m[K
[6.139s] [01m[K/root/muse_ws/muse_ros2/muse_ws/src/iit_commons/src/control/VirtualModel.cpp:107:33:[m[K [01;31m[Kerror: [m[K‘[01m[Krbd[m[K’ has not been declared
[6.139s]   107 |             Kp_limited_.segment([01;31m[Krbd[m[K::LX,3).asDiagonal() * R *
[6.139s]       |                                 [01;31m[K^~~[m[K
[6.139s] [01m[K/root/muse_ws/muse_ros2/muse_ws/src/iit_commons/src/control/VirtualModel.cpp:109:48:[m[K [01;31m[Kerror: [m[K‘[01m[Krbd[m[K’ has not been declared
[6.140s]   109 |             R.transpose()* Kd_limited_.segment([01;31m[Krbd[m[K::LX,3).asDiagonal() * R *
[6.140s]       |                                                [01;31m[K^~~[m[K
[6.140s] [01m[K/root/muse_ws/muse_ros2/muse_ws/src/iit_commons/src/control/VirtualModel.cpp:118:30:[m[K [01;31m[Kerror: [m[K‘[01m[Kcommons[m[K’ has not been declared
[6.140s]   118 |     Eigen::Matrix3d Jomega = [01;31m[Kcommons[m[K::rpyToEar(des_ang_state.x);
[6.140s]       |                              [01;31m[K^~~~~~~[m[K
[6.140s] [01m[K/root/muse_ws/muse_ros2/muse_ws/src/iit_commons/src/control/VirtualModel.cpp:121:24:[m[K [01;31m[Kerror: [m[K‘[01m[Krbd[m[K’ has not been declared
[6.140s]   121 |     wrench_out.segment([01;31m[Krbd[m[K::AX,3) = R.transpose() *
[6.141s]       |                        [01;31m[K^~~[m[K
[6.141s] [01m[K/root/muse_ws/muse_ros2/muse_ws/src/iit_commons/src/control/VirtualModel.cpp:122:34:[m[K [01;31m[Kerror: [m[K‘[01m[Krbd[m[K’ has not been declared
[6.141s]   122 |             (Kp_limited_.segment([01;31m[Krbd[m[K::AX,3).asDiagonal() *
[6.141s]       |                                  [01;31m[K^~~[m[K
[6.141s] [01m[K/root/muse_ws/muse_ros2/muse_ws/src/iit_commons/src/control/VirtualModel.cpp:123:14:[m[K [01;31m[Kerror: [m[K‘[01m[Kcommons[m[K’ has not been declared
[6.145s]   123 |              [01;31m[Kcommons[m[K::computeOrientError(des_ang_state.x, actual_ang_state.x) +
[6.146s]       |              [01;31m[K^~~~~~~[m[K
[6.146s] [01m[K/root/muse_ws/muse_ros2/muse_ws/src/iit_commons/src/control/VirtualModel.cpp:124:34:[m[K [01;31m[Kerror: [m[K‘[01m[Krbd[m[K’ has not been declared
[6.146s]   124 |              Kd_limited_.segment([01;31m[Krbd[m[K::AX,3).asDiagonal() *(Jomega*des_ang_state.xd - actual_ang_state.xd));
[6.147s]       |                                  [01;31m[K^~~[m[K
[6.210s] [01m[K/root/muse_ws/muse_ros2/muse_ws/src/iit_commons/src/control/VirtualModel.cpp:80:69:[m[K [01;35m[Kwarning: [m[Kunused parameter ‘[01m[Krobot_mass[m[K’ [[01;35m[K-Wunused-parameter[m[K]
[6.211s]    80 |                                                      [01;35m[Kconst double & robot_mass[m[K,
[6.211s]       |                                                      [01;35m[K~~~~~~~~~~~~~~~^~~~~~~~~~[m[K
[6.232s] [01m[K/root/muse_ws/muse_ros2/muse_ws/src/iit_commons/src/control/VirtualModel.cpp:[m[K In member function ‘[01m[Kiit_commons::control::VirtualModel::Wrench iit_commons::control::VirtualModel::getFeedForwardWrench(const Vector3d&, const Vector3d&, const Vector3d&, const Vector3d&, const double&, const InertiaMatrix&)[m[K’:
[6.232s] [01m[K/root/muse_ws/muse_ros2/muse_ws/src/iit_commons/src/control/VirtualModel.cpp:142:26:[m[K [01;31m[Kerror: [m[K‘[01m[Kcommons[m[K’ has not been declared
[6.232s]   142 |     Eigen::Matrix3d  R = [01;31m[Kcommons[m[K::rpyToRot(des_ang_pos);
[6.232s]       |                          [01;31m[K^~~~~~~[m[K
[6.232s] [01m[K/root/muse_ws/muse_ros2/muse_ws/src/iit_commons/src/control/VirtualModel.cpp:145:24:[m[K [01;31m[Kerror: [m[K‘[01m[Krbd[m[K’ has not been declared
[6.232s]   145 |     wrench_out.segment([01;31m[Krbd[m[K::LX,3) = mass * des_lin_acc;
[6.232s]       |                        [01;31m[K^~~[m[K
[6.233s] [01m[K/root/muse_ws/muse_ros2/muse_ws/src/iit_commons/src/control/VirtualModel.cpp:150:31:[m[K [01;31m[Kerror: [m[K‘[01m[Kcommons[m[K’ has not been declared
[6.233s]   150 |     Eigen::Matrix3d J_omega = [01;31m[Kcommons[m[K::rpyToEarInv(des_ang_pos);
[6.233s]       |                               [01;31m[K^~~~~~~[m[K
[6.233s] [01m[K/root/muse_ws/muse_ros2/muse_ws/src/iit_commons/src/control/VirtualModel.cpp:152:35:[m[K [01;31m[Kerror: [m[K‘[01m[Kcommons[m[K’ has not been declared
[6.233s]   152 |     Eigen::Matrix3d J_omega_dot = [01;31m[Kcommons[m[K::rpyToEarInv_dot(des_ang_pos, des_euler_rate);
[6.233s]       |                                   [01;31m[K^~~~~~~[m[K
[6.289s] [01m[K/root/muse_ws/muse_ros2/muse_ws/src/iit_commons/src/control/VirtualModel.cpp:159:24:[m[K [01;31m[Kerror: [m[K‘[01m[Krbd[m[K’ has not been declared
[6.290s]   159 |     wrench_out.segment([01;31m[Krbd[m[K::AX,3) = R.transpose() *
[6.290s]       |                        [01;31m[K^~~[m[K
[6.290s] [01m[K/root/muse_ws/muse_ros2/muse_ws/src/iit_commons/src/control/VirtualModel.cpp:160:33:[m[K [01;31m[Kerror: [m[K‘[01m[Krbd[m[K’ has not been declared
[6.290s]   160 |            inertia_matrix.block([01;31m[Krbd[m[K::AX, rbd::AX,3,3) * des_omega_dot;
[6.290s]       |                                 [01;31m[K^~~[m[K
[6.290s] [01m[K/root/muse_ws/muse_ros2/muse_ws/src/iit_commons/src/control/VirtualModel.cpp:160:42:[m[K [01;31m[Kerror: [m[K‘[01m[Krbd[m[K’ has not been declared
[6.291s]   160 |            inertia_matrix.block(rbd::AX, [01;31m[Krbd[m[K::AX,3,3) * des_omega_dot;
[6.291s]       |                                          [01;31m[K^~~[m[K
[6.708s] [ 19%] [32m[1mLinking CXX static library libgtest.a[0m
[6.916s] [ 19%] Built target gtest
[28.732s] In file included from [01m[K/root/muse_ws/muse_ros2/muse_ws/src/iit_commons/src/planning.cpp:2[m[K:
[28.733s] [01m[K/root/muse_ws/muse_ros2/muse_ws/src/iit_commons/include/iit_commons/commons/planning/planning.h:[m[K At global scope:
[28.733s] [01m[K/root/muse_ws/muse_ros2/muse_ws/src/iit_commons/include/iit_commons/commons/planning/planning.h:207:13:[m[K [01;35m[Kwarning: [m[K‘[01m[Kvoid iit::planning::CounterClockwiseSort(std::vector<Eigen::Matrix<double, 3, 1> >&, std::vector<int>&)[m[K’ defined but not used [[01;35m[K-Wunused-function[m[K]
[28.733s]   207 | static void [01;35m[KCounterClockwiseSort[m[K(std::vector<Eigen::Vector3d>& p, std::vector<int> & index_map)
[28.733s]       |             [01;35m[K^~~~~~~~~~~~~~~~~~~~[m[K
[31.496s] In file included from [01m[K/root/muse_ws/muse_ros2/muse_ws/src/iit_commons/include/iit_commons/commons/control/VirtualModel.hpp:7[m[K,
[31.496s]                  from [01m[K/root/muse_ws/muse_ros2/muse_ws/src/iit_commons/src/control/VirtualModel.cpp:1[m[K:
[31.496s] [01m[K/root/muse_ws/muse_ros2/muse_ws/src/iit_commons/include/iit_commons/commons/planning/planning.h:[m[K At global scope:
[31.496s] [01m[K/root/muse_ws/muse_ros2/muse_ws/src/iit_commons/include/iit_commons/commons/planning/planning.h:207:13:[m[K [01;35m[Kwarning: [m[K‘[01m[Kvoid iit::planning::CounterClockwiseSort(std::vector<Eigen::Matrix<double, 3, 1> >&, std::vector<int>&)[m[K’ defined but not used [[01;35m[K-Wunused-function[m[K]
[31.496s]   207 | static void [01;35m[KCounterClockwiseSort[m[K(std::vector<Eigen::Vector3d>& p, std::vector<int> & index_map)
[31.496s]       |             [01;35m[K^~~~~~~~~~~~~~~~~~~~[m[K
[31.496s] [01m[K/root/muse_ws/muse_ros2/muse_ws/src/iit_commons/include/iit_commons/commons/planning/planning.h:158:13:[m[K [01;35m[Kwarning: [m[K‘[01m[Kvoid iit::planning::ClockwiseSort(std::vector<Eigen::Matrix<double, 3, 1> >&)[m[K’ defined but not used [[01;35m[K-Wunused-function[m[K]
[31.496s]   158 | static void [01;35m[KClockwiseSort[m[K(std::vector<Eigen::Vector3d>& p)
[31.496s]       |             [01;35m[K^~~~~~~~~~~~~[m[K
[31.685s] gmake[2]: *** [CMakeFiles/iitcommons.dir/build.make:104: CMakeFiles/iitcommons.dir/src/control/VirtualModel.cpp.o] Error 1
[31.685s] gmake[1]: *** [CMakeFiles/Makefile2:167: CMakeFiles/iitcommons.dir/all] Error 2
[31.688s] gmake: *** [Makefile:146: all] Error 2
[31.706s] Invoked command in '/root/muse_ws/muse_ros2/muse_ws/build/iit_commons' returned '2': CMAKE_PREFIX_PATH=${CMAKE_PREFIX_PATH}:/opt/ros/humble /usr/bin/cmake --build /root/muse_ws/muse_ros2/muse_ws/build/iit_commons -- -j12 -l12
