[35m[1mConsolidate compiler generated dependencies of target state_estimator_plugins[0m
[ 12%] [32mBuilding CXX object CMakeFiles/state_estimator_plugins.dir/src/plugins/leg_odometry_plugin.cpp.o[0m
[ 25%] [32m[1mLinking CXX shared library libstate_estimator_plugins.so[0m
[ 62%] Built target state_estimator_plugins
[35m[1mConsolidate compiler generated dependencies of target state_estimator_node[0m
[ 75%] [32m[1mLinking CXX executable state_estimator_node[0m
[100%] Built target state_estimator_node
-- Install configuration: ""
-- Installing: /home/go2/go2_ws/src/muse/muse_ros2/muse_ws/install/state_estimator/lib/libstate_estimator_plugins.so
-- Set runtime path of "/home/go2/go2_ws/src/muse/muse_ros2/muse_ws/install/state_estimator/lib/libstate_estimator_plugins.so" to ""
-- Installing: /home/go2/go2_ws/src/muse/muse_ros2/muse_ws/install/state_estimator/lib/state_estimator/state_estimator_node
-- Set runtime path of "/home/go2/go2_ws/src/muse/muse_ros2/muse_ws/install/state_estimator/lib/state_estimator/state_estimator_node" to ""
-- Up-to-date: /home/go2/go2_ws/src/muse/muse_ros2/muse_ws/install/state_estimator/share/state_estimator/state_estimator_plugins.xml
-- Up-to-date: /home/go2/go2_ws/src/muse/muse_ros2/muse_ws/install/state_estimator/include
-- Up-to-date: /home/go2/go2_ws/src/muse/muse_ros2/muse_ws/install/state_estimator/include/state_estimator
-- Up-to-date: /home/go2/go2_ws/src/muse/muse_ros2/muse_ws/install/state_estimator/include/state_estimator/Services.hpp
-- Up-to-date: /home/go2/go2_ws/src/muse/muse_ros2/muse_ws/install/state_estimator/include/state_estimator/lib.hpp
-- Up-to-date: /home/go2/go2_ws/src/muse/muse_ros2/muse_ws/install/state_estimator/include/state_estimator/EigenExtra.hpp
-- Up-to-date: /home/go2/go2_ws/src/muse/muse_ros2/muse_ws/install/state_estimator/include/state_estimator/Observers
-- Up-to-date: /home/go2/go2_ws/src/muse/muse_ros2/muse_ws/install/state_estimator/include/state_estimator/Observers/XKF.hpp
-- Up-to-date: /home/go2/go2_ws/src/muse/muse_ros2/muse_ws/install/state_estimator/include/state_estimator/Observers/NLO.hpp
-- Up-to-date: /home/go2/go2_ws/src/muse/muse_ros2/muse_ws/install/state_estimator/include/state_estimator/Observers/EKF.hpp
-- Up-to-date: /home/go2/go2_ws/src/muse/muse_ros2/muse_ws/install/state_estimator/include/state_estimator/Observers/Observer.hpp
-- Up-to-date: /home/go2/go2_ws/src/muse/muse_ros2/muse_ws/install/state_estimator/include/state_estimator/state_estimator_node.hpp
-- Up-to-date: /home/go2/go2_ws/src/muse/muse_ros2/muse_ws/install/state_estimator/include/state_estimator/Robot.hpp
-- Up-to-date: /home/go2/go2_ws/src/muse/muse_ros2/muse_ws/install/state_estimator/include/state_estimator/plugin.hpp
-- Up-to-date: /home/go2/go2_ws/src/muse/muse_ros2/muse_ws/install/state_estimator/include/state_estimator/Models
-- Up-to-date: /home/go2/go2_ws/src/muse/muse_ros2/muse_ws/install/state_estimator/include/state_estimator/Models/attitude_bias_NLO.hpp
-- Up-to-date: /home/go2/go2_ws/src/muse/muse_ros2/muse_ws/install/state_estimator/include/state_estimator/Models/sensor_fusion.hpp
-- Up-to-date: /home/go2/go2_ws/src/muse/muse_ros2/muse_ws/install/state_estimator/include/state_estimator/Models/attitude_bias_XKF.hpp
-- Up-to-date: /home/go2/go2_ws/src/muse/muse_ros2/muse_ws/install/state_estimator/include/state_estimator/plugin_base.hpp
-- Up-to-date: /home/go2/go2_ws/src/muse/muse_ros2/muse_ws/install/state_estimator/include/state_estimator/Estimator.hpp
-- Up-to-date: /home/go2/go2_ws/src/muse/muse_ros2/muse_ws/install/state_estimator/share/state_estimator/launch
-- Up-to-date: /home/go2/go2_ws/src/muse/muse_ros2/muse_ws/install/state_estimator/share/state_estimator/launch/timeout.yaml
-- Up-to-date: /home/go2/go2_ws/src/muse/muse_ros2/muse_ws/install/state_estimator/share/state_estimator/launch/pluginlist.yaml
-- Up-to-date: /home/go2/go2_ws/src/muse/muse_ros2/muse_ws/install/state_estimator/share/state_estimator/launch/state_estimator.launch.py
-- Up-to-date: /home/go2/go2_ws/src/muse/muse_ros2/muse_ws/install/state_estimator/share/state_estimator/config
-- Up-to-date: /home/go2/go2_ws/src/muse/muse_ros2/muse_ws/install/state_estimator/share/state_estimator/config/attitude_plugin.yaml
-- Up-to-date: /home/go2/go2_ws/src/muse/muse_ros2/muse_ws/install/state_estimator/share/state_estimator/config/sensor_fusion.yaml
-- Up-to-date: /home/go2/go2_ws/src/muse/muse_ros2/muse_ws/install/state_estimator/share/state_estimator/config/leg_odometry.yaml
-- Up-to-date: /home/go2/go2_ws/src/muse/muse_ros2/muse_ws/install/state_estimator/share/state_estimator/config/contact_plugin.yaml
-- Up-to-date: /home/go2/go2_ws/src/muse/muse_ros2/muse_ws/install/state_estimator/share/state_estimator/urdfs
-- Up-to-date: /home/go2/go2_ws/src/muse/muse_ros2/muse_ws/install/state_estimator/share/state_estimator/urdfs/aliengo.urdf
-- Up-to-date: /home/go2/go2_ws/src/muse/muse_ros2/muse_ws/install/state_estimator/share/state_estimator/urdfs/anymal.urdf
-- Up-to-date: /home/go2/go2_ws/src/muse/muse_ros2/muse_ws/install/state_estimator/share/state_estimator/state_estimator_plugins.xml
-- Up-to-date: /home/go2/go2_ws/src/muse/muse_ros2/muse_ws/install/state_estimator/share/state_estimator/environment/library_path.sh
-- Up-to-date: /home/go2/go2_ws/src/muse/muse_ros2/muse_ws/install/state_estimator/share/state_estimator/environment/library_path.dsv
-- Up-to-date: /home/go2/go2_ws/src/muse/muse_ros2/muse_ws/install/state_estimator/share/ament_index/resource_index/package_run_dependencies/state_estimator
-- Up-to-date: /home/go2/go2_ws/src/muse/muse_ros2/muse_ws/install/state_estimator/share/ament_index/resource_index/parent_prefix_path/state_estimator
-- Up-to-date: /home/go2/go2_ws/src/muse/muse_ros2/muse_ws/install/state_estimator/share/state_estimator/environment/ament_prefix_path.sh
-- Up-to-date: /home/go2/go2_ws/src/muse/muse_ros2/muse_ws/install/state_estimator/share/state_estimator/environment/ament_prefix_path.dsv
-- Up-to-date: /home/go2/go2_ws/src/muse/muse_ros2/muse_ws/install/state_estimator/share/state_estimator/environment/path.sh
-- Up-to-date: /home/go2/go2_ws/src/muse/muse_ros2/muse_ws/install/state_estimator/share/state_estimator/environment/path.dsv
-- Up-to-date: /home/go2/go2_ws/src/muse/muse_ros2/muse_ws/install/state_estimator/share/state_estimator/local_setup.bash
-- Up-to-date: /home/go2/go2_ws/src/muse/muse_ros2/muse_ws/install/state_estimator/share/state_estimator/local_setup.sh
-- Up-to-date: /home/go2/go2_ws/src/muse/muse_ros2/muse_ws/install/state_estimator/share/state_estimator/local_setup.zsh
-- Up-to-date: /home/go2/go2_ws/src/muse/muse_ros2/muse_ws/install/state_estimator/share/state_estimator/local_setup.dsv
-- Installing: /home/go2/go2_ws/src/muse/muse_ros2/muse_ws/install/state_estimator/share/state_estimator/package.dsv
-- Up-to-date: /home/go2/go2_ws/src/muse/muse_ros2/muse_ws/install/state_estimator/share/ament_index/resource_index/packages/state_estimator
-- Up-to-date: /home/go2/go2_ws/src/muse/muse_ros2/muse_ws/install/state_estimator/share/ament_index/resource_index/state_estimator__pluginlib__plugin/state_estimator
-- Up-to-date: /home/go2/go2_ws/src/muse/muse_ros2/muse_ws/install/state_estimator/share/state_estimator/cmake/ament_cmake_export_include_directories-extras.cmake
-- Up-to-date: /home/go2/go2_ws/src/muse/muse_ros2/muse_ws/install/state_estimator/share/state_estimator/cmake/ament_cmake_export_libraries-extras.cmake
-- Up-to-date: /home/go2/go2_ws/src/muse/muse_ros2/muse_ws/install/state_estimator/share/state_estimator/cmake/ament_cmake_export_dependencies-extras.cmake
-- Up-to-date: /home/go2/go2_ws/src/muse/muse_ros2/muse_ws/install/state_estimator/share/state_estimator/cmake/state_estimatorConfig.cmake
-- Up-to-date: /home/go2/go2_ws/src/muse/muse_ros2/muse_ws/install/state_estimator/share/state_estimator/cmake/state_estimatorConfig-version.cmake
-- Up-to-date: /home/go2/go2_ws/src/muse/muse_ros2/muse_ws/install/state_estimator/share/state_estimator/package.xml
