[0.032s] Invoking command in '/root/muse_ws/muse_ros2/muse_ws/build/iit_commons': CMAKE_PREFIX_PATH=${CMAKE_PREFIX_PATH}:/opt/ros/humble /usr/bin/cmake --build /root/muse_ws/muse_ros2/muse_ws/build/iit_commons -- -j12 -l12
[0.194s] [ 23%] Built target iitcommons
[0.195s] [ 33%] Built target gtest
[0.199s] [ 42%] Built target gtest_main
[0.253s] [ 47%] [32mBuilding CXX object CMakeFiles/vm-test.dir/src/control/testVirtualModel.cpp.o[0m
[0.254s] [ 52%] [32mBuilding CXX object CMakeFiles/algebra-test.dir/src/algebra_test.cpp.o[0m
[0.269s] [01m[K/root/muse_ws/muse_ros2/muse_ws/src/iit_commons/src/algebra_test.cpp:1:10:[m[K [01;31m[Kfatal error: [m[Kiit/commons/geometry/algebra.h: No such file or directory
[0.269s]     1 | #include [01;31m[K"iit/commons/geometry/algebra.h"[m[K
[0.269s]       |          [01;31m[K^~~~~~~~~~~~~~~~~~~~~~~~~~~~~~~~[m[K
[0.269s] compilation terminated.
[0.270s] gmake[2]: *** [CMakeFiles/algebra-test.dir/build.make:76: CMakeFiles/algebra-test.dir/src/algebra_test.cpp.o] Error 1
[0.270s] gmake[1]: *** [CMakeFiles/Makefile2:222: CMakeFiles/algebra-test.dir/all] Error 2
[0.270s] gmake[1]: *** Waiting for unfinished jobs....
[0.279s] [ 57%] [32mBuilding CXX object CMakeFiles/legboolmap-test.dir/src/legboolmap_test.cpp.o[0m
[0.281s] [ 61%] [32mBuilding CXX object CMakeFiles/filt-test.dir/src/test-filters.cpp.o[0m
[0.301s] [01m[K/root/muse_ws/muse_ros2/muse_ws/src/iit_commons/src/test-filters.cpp:1:10:[m[K [01;31m[Kfatal error: [m[Kiit/commons/filters.h: No such file or directory
[0.301s]     1 | #include [01;31m[K<iit/commons/filters.h>[m[K
[0.301s]       |          [01;31m[K^~~~~~~~~~~~~~~~~~~~~~~[m[K
[0.301s] compilation terminated.
[0.301s] [01m[K/root/muse_ws/muse_ros2/muse_ws/src/iit_commons/src/legboolmap_test.cpp:1:10:[m[K [01;31m[Kfatal error: [m[Kiit/commons/dog/leg_bool_map.h: No such file or directory
[0.301s]     1 | #include [01;31m[K<iit/commons/dog/leg_bool_map.h>[m[K
[0.301s]       |          [01;31m[K^~~~~~~~~~~~~~~~~~~~~~~~~~~~~~~~[m[K
[0.301s] compilation terminated.
[0.302s] gmake[2]: *** [CMakeFiles/legboolmap-test.dir/build.make:76: CMakeFiles/legboolmap-test.dir/src/legboolmap_test.cpp.o] Error 1
[0.302s] gmake[1]: *** [CMakeFiles/Makefile2:278: CMakeFiles/legboolmap-test.dir/all] Error 2
[0.312s] gmake[2]: *** [CMakeFiles/filt-test.dir/build.make:76: CMakeFiles/filt-test.dir/src/test-filters.cpp.o] Error 1
[0.312s] gmake[1]: *** [CMakeFiles/Makefile2:250: CMakeFiles/filt-test.dir/all] Error 2
[2.594s] In file included from [01m[K/root/muse_ws/muse_ros2/muse_ws/src/iit_commons/src/control/testVirtualModel.cpp:9[m[K:
[2.594s] [01m[K/root/muse_ws/muse_ros2/muse_ws/src/iit_commons/include/iit_commons/commons/dog/declarations.h:29:22:[m[K [01;31m[Kerror: [m[K‘[01m[Krbd[m[K’ in namespace ‘[01m[Kiit_commons[m[K’ does not name a type
[2.594s]    29 | typedef iit_commons::[01;31m[Krbd[m[K::Vector3d Vector3d;
[2.594s]       |                      [01;31m[K^~~[m[K
[2.594s] [01m[K/root/muse_ws/muse_ros2/muse_ws/src/iit_commons/include/iit_commons/commons/dog/declarations.h:30:22:[m[K [01;31m[Kerror: [m[K‘[01m[Krbd[m[K’ in namespace ‘[01m[Kiit_commons[m[K’ does not name a type
[2.594s]    30 | typedef iit_commons::[01;31m[Krbd[m[K::Matrix33d Matrix3d;
[2.594s]       |                      [01;31m[K^~~[m[K
[2.594s] [01m[K/root/muse_ws/muse_ros2/muse_ws/src/iit_commons/include/iit_commons/commons/dog/declarations.h:31:22:[m[K [01;31m[Kerror: [m[K‘[01m[Krbd[m[K’ in namespace ‘[01m[Kiit_commons[m[K’ does not name a type
[2.594s]    31 | typedef iit_commons::[01;31m[Krbd[m[K::PlainMatrix<double, 3, 3 > FootJac;
[2.595s]       |                      [01;31m[K^~~[m[K
[2.868s] In file included from [01m[K/root/muse_ws/muse_ros2/muse_ws/src/iit_commons/src/control/testVirtualModel.cpp:10[m[K:
[2.868s] [01m[K/root/muse_ws/muse_ros2/muse_ws/src/iit_commons/include/iit_commons/commons/dog/jsim.h:16:66:[m[K [01;31m[Kerror: [m[K‘[01m[KJointState[m[K’ is not a member of ‘[01m[Kiit::dog[m[K’; did you mean ‘[01m[Kiit_commons::dog::JointState[m[K’?
[2.868s]    16 | class JSIMBase : public iit::rbd::StateDependentMatrix<iit::dog::[01;31m[KJointState[m[K, 18, 18, JSIMBase>
[2.868s]       |                                                                  [01;31m[K^~~~~~~~~~[m[K
[2.868s] In file included from [01m[K/root/muse_ws/muse_ros2/muse_ws/src/iit_commons/src/control/testVirtualModel.cpp:9[m[K:
[2.868s] [01m[K/root/muse_ws/muse_ros2/muse_ws/src/iit_commons/include/iit_commons/commons/dog/declarations.h:26:19:[m[K [01;36m[Knote: [m[K‘[01m[Kiit_commons::dog::JointState[m[K’ declared here
[2.868s]    26 | typedef Column12d [01;36m[KJointState[m[K;
[2.869s]       |                   [01;36m[K^~~~~~~~~~[m[K
[2.869s] In file included from [01m[K/root/muse_ws/muse_ros2/muse_ws/src/iit_commons/src/control/testVirtualModel.cpp:10[m[K:
[2.869s] [01m[K/root/muse_ws/muse_ros2/muse_ws/src/iit_commons/include/iit_commons/commons/dog/jsim.h:16:94:[m[K [01;31m[Kerror: [m[Ktemplate argument 1 is invalid
[2.869s]    16 | class JSIMBase : public iit::rbd::StateDependentMatrix<iit::dog::JointState, 18, 18, JSIMBase[01;31m[K>[m[K
[2.869s]       |                                                                                              [01;31m[K^[m[K
[2.869s] [01m[K/root/muse_ws/muse_ros2/muse_ws/src/iit_commons/include/iit_commons/commons/dog/jsim.h:26:52:[m[K [01;31m[Kerror: [m[K‘[01m[KJointState[m[K’ in namespace ‘[01m[Kiit::dog[m[K’ does not name a type
[2.869s]    26 |     virtual const JSIMBase& update(const iit::dog::[01;31m[KJointState[m[K&) = 0;
[2.869s]       |                                                    [01;31m[K^~~~~~~~~~[m[K
[3.300s] In file included from [01m[K/root/muse_ws/muse_ros2/muse_ws/src/iit_commons/include/iit_commons/commons/geometry/rotations.h:5[m[K,
[3.300s]                  from [01m[K/root/muse_ws/muse_ros2/muse_ws/src/iit_commons/include/iit_commons/commons/planning/planning.h:6[m[K,
[3.300s]                  from [01m[K/root/muse_ws/muse_ros2/muse_ws/src/iit_commons/include/iit_commons/commons/control/VirtualModel.hpp:7[m[K,
[3.300s]                  from [01m[K/root/muse_ws/muse_ros2/muse_ws/src/iit_commons/src/control/testVirtualModel.cpp:14[m[K:
[3.300s] [01m[K/root/muse_ws/muse_ros2/muse_ws/src/iit_commons/include/iit_commons/commons/geometry/algebra.h:[m[K In function ‘[01m[Kvoid iit::commons::computeQR(const MatrixXR&, MatrixXR&, MatrixXR&, const double&)[m[K’:
[3.300s] [01m[K/root/muse_ws/muse_ros2/muse_ws/src/iit_commons/include/iit_commons/commons/geometry/algebra.h:271:37:[m[K [01;35m[Kwarning: [m[Kunused parameter ‘[01m[Ktolerance[m[K’ [[01;35m[K-Wunused-parameter[m[K]
[3.300s]   271 |                       [01;35m[Kconst double& tolerance[m[K)
[3.301s]       |                       [01;35m[K~~~~~~~~~~~~~~^~~~~~~~~[m[K
[3.342s] In file included from [01m[K/root/muse_ws/muse_ros2/muse_ws/src/iit_commons/include/iit_commons/commons/planning/planning.h:6[m[K,
[3.342s]                  from [01m[K/root/muse_ws/muse_ros2/muse_ws/src/iit_commons/include/iit_commons/commons/control/VirtualModel.hpp:7[m[K,
[3.342s]                  from [01m[K/root/muse_ws/muse_ros2/muse_ws/src/iit_commons/src/control/testVirtualModel.cpp:14[m[K:
[3.342s] [01m[K/root/muse_ws/muse_ros2/muse_ws/src/iit_commons/include/iit_commons/commons/geometry/rotations.h:[m[K In function ‘[01m[KEigen::Matrix3d iit::commons::rpyToEar(const Vector3d&)[m[K’:
[3.342s] [01m[K/root/muse_ws/muse_ros2/muse_ws/src/iit_commons/include/iit_commons/commons/geometry/rotations.h:143:12:[m[K [01;35m[Kwarning: [m[Kunused variable ‘[01m[Kyaw[m[K’ [[01;35m[K-Wunused-variable[m[K]
[3.342s]   143 |     double [01;35m[Kyaw[m[K = rpy(2);
[3.342s]       |            [01;35m[K^~~[m[K
[3.343s] [01m[K/root/muse_ws/muse_ros2/muse_ws/src/iit_commons/include/iit_commons/commons/geometry/rotations.h:[m[K In function ‘[01m[KEigen::Matrix3d iit::commons::rpyToEarInv_dot(const Vector3d&, const Vector3d&)[m[K’:
[3.343s] [01m[K/root/muse_ws/muse_ros2/muse_ws/src/iit_commons/include/iit_commons/commons/geometry/rotations.h:163:12:[m[K [01;35m[Kwarning: [m[Kunused variable ‘[01m[Kroll[m[K’ [[01;35m[K-Wunused-variable[m[K]
[3.343s]   163 |     double [01;35m[Kroll[m[K = rpy(0);
[3.343s]       |            [01;35m[K^~~~[m[K
[3.343s] [01m[K/root/muse_ws/muse_ros2/muse_ws/src/iit_commons/include/iit_commons/commons/geometry/rotations.h:166:12:[m[K [01;35m[Kwarning: [m[Kunused variable ‘[01m[Krolld[m[K’ [[01;35m[K-Wunused-variable[m[K]
[3.343s]   166 |     double [01;35m[Krolld[m[K = rpyd(0);
[3.343s]       |            [01;35m[K^~~~~[m[K
[4.409s] In file included from [01m[K/root/muse_ws/muse_ros2/muse_ws/src/iit_commons/include/iit_commons/commons/control/VirtualModel.hpp:7[m[K,
[4.409s]                  from [01m[K/root/muse_ws/muse_ros2/muse_ws/src/iit_commons/src/control/testVirtualModel.cpp:14[m[K:
[4.409s] [01m[K/root/muse_ws/muse_ros2/muse_ws/src/iit_commons/include/iit_commons/commons/planning/planning.h:[m[K In function ‘[01m[Kvoid iit::planning::ClockwiseSort(std::vector<Eigen::Matrix<double, 3, 1> >&)[m[K’:
[4.409s] [01m[K/root/muse_ws/muse_ros2/muse_ws/src/iit_commons/include/iit_commons/commons/planning/planning.h:162:23:[m[K [01;35m[Kwarning: [m[Kcomparison of integer expressions of different signedness: ‘[01m[Kint[m[K’ and ‘[01m[Kstd::vector<Eigen::Matrix<double, 3, 1> >::size_type[m[K’ {aka ‘[01m[Klong unsigned int[m[K’} [[01;35m[K-Wsign-compare[m[K]
[4.409s]   162 |     for (int i = 1; [01;35m[Ki < p.size() - 1[m[K; i++) {
[4.409s]       |                     [01;35m[K~~^~~~~~~~~~~~~~[m[K
[4.409s] [01m[K/root/muse_ws/muse_ros2/muse_ws/src/iit_commons/include/iit_commons/commons/planning/planning.h:163:31:[m[K [01;35m[Kwarning: [m[Kcomparison of integer expressions of different signedness: ‘[01m[Kint[m[K’ and ‘[01m[Kstd::vector<Eigen::Matrix<double, 3, 1> >::size_type[m[K’ {aka ‘[01m[Klong unsigned int[m[K’} [[01;35m[K-Wsign-compare[m[K]
[4.409s]   163 |         for (int j = i + 1; [01;35m[Kj < p.size()[m[K; j++) {
[4.409s]       |                             [01;35m[K~~^~~~~~~~~~[m[K
[4.410s] [01m[K/root/muse_ws/muse_ros2/muse_ws/src/iit_commons/include/iit_commons/commons/planning/planning.h:[m[K In function ‘[01m[Kvoid iit::planning::CounterClockwiseSort(std::vector<Eigen::Matrix<double, 3, 1> >&)[m[K’:
[4.410s] [01m[K/root/muse_ws/muse_ros2/muse_ws/src/iit_commons/include/iit_commons/commons/planning/planning.h:186:23:[m[K [01;35m[Kwarning: [m[Kcomparison of integer expressions of different signedness: ‘[01m[Kint[m[K’ and ‘[01m[Kstd::vector<Eigen::Matrix<double, 3, 1> >::size_type[m[K’ {aka ‘[01m[Klong unsigned int[m[K’} [[01;35m[K-Wsign-compare[m[K]
[4.410s]   186 |     for (int i = 1; [01;35m[Ki < p.size() - 1[m[K; i++) {
[4.410s]       |                     [01;35m[K~~^~~~~~~~~~~~~~[m[K
[4.410s] [01m[K/root/muse_ws/muse_ros2/muse_ws/src/iit_commons/include/iit_commons/commons/planning/planning.h:187:31:[m[K [01;35m[Kwarning: [m[Kcomparison of integer expressions of different signedness: ‘[01m[Kint[m[K’ and ‘[01m[Kstd::vector<Eigen::Matrix<double, 3, 1> >::size_type[m[K’ {aka ‘[01m[Klong unsigned int[m[K’} [[01;35m[K-Wsign-compare[m[K]
[4.410s]   187 |         for (int j = i + 1; [01;35m[Kj < p.size()[m[K; j++) {
[4.410s]       |                             [01;35m[K~~^~~~~~~~~~[m[K
[4.410s] [01m[K/root/muse_ws/muse_ros2/muse_ws/src/iit_commons/include/iit_commons/commons/planning/planning.h:[m[K In function ‘[01m[Kvoid iit::planning::CounterClockwiseSort(std::vector<Eigen::Matrix<double, 3, 1> >&, std::vector<int>&)[m[K’:
[4.410s] [01m[K/root/muse_ws/muse_ros2/muse_ws/src/iit_commons/include/iit_commons/commons/planning/planning.h:211:23:[m[K [01;35m[Kwarning: [m[Kcomparison of integer expressions of different signedness: ‘[01m[Kint[m[K’ and ‘[01m[Kstd::vector<Eigen::Matrix<double, 3, 1> >::size_type[m[K’ {aka ‘[01m[Klong unsigned int[m[K’} [[01;35m[K-Wsign-compare[m[K]
[4.410s]   211 |     for (int i = 0; [01;35m[Ki < p.size()[m[K; i++)
[4.410s]       |                     [01;35m[K~~^~~~~~~~~~[m[K
[4.410s] [01m[K/root/muse_ws/muse_ros2/muse_ws/src/iit_commons/include/iit_commons/commons/planning/planning.h:213:23:[m[K [01;35m[Kwarning: [m[Kcomparison of integer expressions of different signedness: ‘[01m[Kint[m[K’ and ‘[01m[Kstd::vector<Eigen::Matrix<double, 3, 1> >::size_type[m[K’ {aka ‘[01m[Klong unsigned int[m[K’} [[01;35m[K-Wsign-compare[m[K]
[4.410s]   213 |     for (int i = 1; [01;35m[Ki < p.size() - 1[m[K; i++) {
[4.411s]       |                     [01;35m[K~~^~~~~~~~~~~~~~[m[K
[4.413s] [01m[K/root/muse_ws/muse_ros2/muse_ws/src/iit_commons/include/iit_commons/commons/planning/planning.h:214:31:[m[K [01;35m[Kwarning: [m[Kcomparison of integer expressions of different signedness: ‘[01m[Kint[m[K’ and ‘[01m[Kstd::vector<Eigen::Matrix<double, 3, 1> >::size_type[m[K’ {aka ‘[01m[Klong unsigned int[m[K’} [[01;35m[K-Wsign-compare[m[K]
[4.413s]   214 |         for (int j = i + 1; [01;35m[Kj < p.size()[m[K; j++) {
[4.413s]       |                             [01;35m[K~~^~~~~~~~~~[m[K
[30.491s] [01m[K/root/muse_ws/muse_ros2/muse_ws/src/iit_commons/include/iit_commons/commons/planning/planning.h:[m[K At global scope:
[30.491s] [01m[K/root/muse_ws/muse_ros2/muse_ws/src/iit_commons/include/iit_commons/commons/planning/planning.h:207:13:[m[K [01;35m[Kwarning: [m[K‘[01m[Kvoid iit::planning::CounterClockwiseSort(std::vector<Eigen::Matrix<double, 3, 1> >&, std::vector<int>&)[m[K’ defined but not used [[01;35m[K-Wunused-function[m[K]
[30.492s]   207 | static void [01;35m[KCounterClockwiseSort[m[K(std::vector<Eigen::Vector3d>& p, std::vector<int> & index_map)
[30.492s]       |             [01;35m[K^~~~~~~~~~~~~~~~~~~~[m[K
[30.492s] [01m[K/root/muse_ws/muse_ros2/muse_ws/src/iit_commons/include/iit_commons/commons/planning/planning.h:158:13:[m[K [01;35m[Kwarning: [m[K‘[01m[Kvoid iit::planning::ClockwiseSort(std::vector<Eigen::Matrix<double, 3, 1> >&)[m[K’ defined but not used [[01;35m[K-Wunused-function[m[K]
[30.492s]   158 | static void [01;35m[KClockwiseSort[m[K(std::vector<Eigen::Vector3d>& p)
[30.495s]       |             [01;35m[K^~~~~~~~~~~~~[m[K
[30.676s] gmake[2]: *** [CMakeFiles/vm-test.dir/build.make:76: CMakeFiles/vm-test.dir/src/control/testVirtualModel.cpp.o] Error 1
[30.677s] gmake[1]: *** [CMakeFiles/Makefile2:195: CMakeFiles/vm-test.dir/all] Error 2
[30.678s] gmake: *** [Makefile:146: all] Error 2
[30.683s] Invoked command in '/root/muse_ws/muse_ros2/muse_ws/build/iit_commons' returned '2': CMAKE_PREFIX_PATH=${CMAKE_PREFIX_PATH}:/opt/ros/humble /usr/bin/cmake --build /root/muse_ws/muse_ros2/muse_ws/build/iit_commons -- -j12 -l12
