[0.032s] Invoking command in '/root/muse_ws/muse_ros2/muse_ws/build/iit_commons': CMAKE_PREFIX_PATH=${CMAKE_PREFIX_PATH}:/opt/ros/humble /usr/bin/cmake /root/muse_ws/muse_ros2/muse_ws/src/iit_commons -DCMAKE_INSTALL_PREFIX=/root/muse_ws/muse_ros2/muse_ws/install/iit_commons
[0.464s] -- The C compiler identification is GNU 11.4.0
[0.679s] -- The CXX compiler identification is GNU 11.4.0
[0.706s] -- Detecting C compiler ABI info
[0.882s] -- Detecting C compiler ABI info - done
[0.891s] -- Check for working C compiler: /usr/bin/cc - skipped
[0.891s] -- Detecting C compile features
[0.892s] -- Detecting C compile features - done
[0.899s] -- Detecting CXX compiler ABI info
[1.109s] -- Detecting CXX compiler ABI info - done
[1.120s] -- Check for working CXX compiler: /usr/bin/c++ - skipped
[1.120s] -- Detecting CXX compile features
[1.121s] -- Detecting CXX compile features - done
[1.135s] -- Found ament_cmake: 1.3.12 (/opt/ros/humble/share/ament_cmake/cmake)
[1.380s] -- Found Python3: /usr/bin/python3 (found version "3.10.12") found components: Interpreter 
[1.606s] -- Found eigen3_cmake_module: 0.1.1 (/opt/ros/humble/share/eigen3_cmake_module/cmake)
[1.621s] -- Found Eigen3: TRUE (found version "3.4.0") 
[1.630s] -- Found ament_lint_auto: 0.12.14 (/opt/ros/humble/share/ament_lint_auto/cmake)
[1.815s] -- Found gtest sources under '/opt/ros/humble/src/gtest_vendor': C++ tests using 'Google Test' will be built
[1.829s] -- Looking for pthread.h
[2.027s] -- Looking for pthread.h - found
[2.028s] -- Performing Test CMAKE_HAVE_LIBC_PTHREAD
[2.182s] -- Performing Test CMAKE_HAVE_LIBC_PTHREAD - Success
[2.184s] -- Found Threads: TRUE  
[2.227s] -- Added test 'copyright' to check source files copyright and LICENSE
[2.236s] -- Added test 'cppcheck' to perform static code analysis on C / C++ code
[2.236s] -- Configured cppcheck include dirs: /root/muse_ws/muse_ros2/muse_ws/src/iit_commons/include
[2.236s] -- Configured cppcheck exclude dirs and/or files: 
[2.258s] -- Added test 'cpplint' to check C / C++ code against the Google style
[2.258s] -- Configured cpplint exclude dirs and/or files: 
[2.266s] -- Added test 'lint_cmake' to check CMake code style
[2.276s] -- Added test 'uncrustify' to check C / C++ code style
[2.277s] -- Configured uncrustify additional arguments: 
[2.280s] -- Added test 'xmllint' to check XML markup files
[2.286s] -- Configuring done
[2.358s] -- Generating done
[2.369s] -- Build files have been written to: /root/muse_ws/muse_ros2/muse_ws/build/iit_commons
[2.375s] Invoked command in '/root/muse_ws/muse_ros2/muse_ws/build/iit_commons' returned '0': CMAKE_PREFIX_PATH=${CMAKE_PREFIX_PATH}:/opt/ros/humble /usr/bin/cmake /root/muse_ws/muse_ros2/muse_ws/src/iit_commons -DCMAKE_INSTALL_PREFIX=/root/muse_ws/muse_ros2/muse_ws/install/iit_commons
[2.375s] Invoking command in '/root/muse_ws/muse_ros2/muse_ws/build/iit_commons': CMAKE_PREFIX_PATH=${CMAKE_PREFIX_PATH}:/opt/ros/humble /usr/bin/cmake --build /root/muse_ws/muse_ros2/muse_ws/build/iit_commons -- -j12 -l12
[2.477s] [  4%] [32mBuilding CXX object CMakeFiles/iitcommons.dir/src/hydraulics.cpp.o[0m
[2.601s] [01m[K/root/muse_ws/muse_ros2/muse_ws/src/iit_commons/src/hydraulics.cpp:3:10:[m[K [01;31m[Kfatal error: [m[Kiit/commons/hydraulics.h: No such file or directory
[2.602s]     3 | #include [01;31m[K<iit/commons/hydraulics.h>[m[K
[2.602s]       |          [01;31m[K^~~~~~~~~~~~~~~~~~~~~~~~~~[m[K
[2.602s] compilation terminated.
[2.603s] gmake[2]: *** [CMakeFiles/iitcommons.dir/build.make:76: CMakeFiles/iitcommons.dir/src/hydraulics.cpp.o] Error 1
[2.604s] gmake[1]: *** [CMakeFiles/Makefile2:167: CMakeFiles/iitcommons.dir/all] Error 2
[2.604s] gmake: *** [Makefile:146: all] Error 2
[2.617s] Invoked command in '/root/muse_ws/muse_ros2/muse_ws/build/iit_commons' returned '2': CMAKE_PREFIX_PATH=${CMAKE_PREFIX_PATH}:/opt/ros/humble /usr/bin/cmake --build /root/muse_ws/muse_ros2/muse_ws/build/iit_commons -- -j12 -l12
