[0.144s] DEBUG:colcon:Command line arguments: ['/usr/bin/colcon', 'build']
[0.144s] DEBUG:colcon:Parsed command line arguments: Namespace(log_base=None, log_level=None, verb_name='build', build_base='build', install_base='install', merge_install=False, symlink_install=False, test_result_base=None, continue_on_error=False, executor='parallel', parallel_workers=12, event_handlers=None, ignore_user_meta=False, metas=['./colcon.meta'], base_paths=['.'], packages_ignore=None, packages_ignore_regex=None, paths=None, packages_up_to=None, packages_up_to_regex=None, packages_above=None, packages_above_and_dependencies=None, packages_above_depth=None, packages_select_by_dep=None, packages_skip_by_dep=None, packages_skip_up_to=None, packages_select_build_failed=False, packages_skip_build_finished=False, packages_select_test_failures=False, packages_skip_test_passed=False, packages_select=None, packages_skip=None, packages_select_regex=None, packages_skip_regex=None, packages_start=None, packages_end=None, allow_overriding=[], cmake_args=None, cmake_target=None, cmake_target_skip_unavailable=False, cmake_clean_cache=False, cmake_clean_first=False, cmake_force_configure=False, ament_cmake_args=None, catkin_cmake_args=None, catkin_skip_building_tests=False, verb_parser=<colcon_defaults.argument_parser.defaults.DefaultArgumentsDecorator object at 0x77c403a88550>, verb_extension=<colcon_core.verb.build.BuildVerb object at 0x77c403a88040>, main=<bound method BuildVerb.main of <colcon_core.verb.build.BuildVerb object at 0x77c403a88040>>)
[0.301s] Level 1:colcon.colcon_core.package_discovery:discover_packages(colcon_meta) check parameters
[0.301s] Level 1:colcon.colcon_core.package_discovery:discover_packages(recursive) check parameters
[0.302s] Level 1:colcon.colcon_core.package_discovery:discover_packages(ignore) check parameters
[0.302s] Level 1:colcon.colcon_core.package_discovery:discover_packages(path) check parameters
[0.302s] Level 1:colcon.colcon_core.package_discovery:discover_packages(colcon_meta) discover
[0.302s] Level 1:colcon.colcon_core.package_discovery:discover_packages(recursive) discover
[0.302s] INFO:colcon.colcon_core.package_discovery:Crawling recursively for packages in '/root/muse_ws/muse_ros2/muse_ws'
[0.302s] Level 1:colcon.colcon_core.package_identification:_identify(.) by extensions ['ignore', 'ignore_ament_install']
[0.302s] Level 1:colcon.colcon_core.package_identification:_identify(.) by extension 'ignore'
[0.302s] Level 1:colcon.colcon_core.package_identification:_identify(.) by extension 'ignore_ament_install'
[0.302s] Level 1:colcon.colcon_core.package_identification:_identify(.) by extensions ['colcon_pkg']
[0.302s] Level 1:colcon.colcon_core.package_identification:_identify(.) by extension 'colcon_pkg'
[0.302s] Level 1:colcon.colcon_core.package_identification:_identify(.) by extensions ['colcon_meta']
[0.302s] Level 1:colcon.colcon_core.package_identification:_identify(.) by extension 'colcon_meta'
[0.302s] Level 1:colcon.colcon_core.package_identification:_identify(.) by extensions ['ros']
[0.302s] Level 1:colcon.colcon_core.package_identification:_identify(.) by extension 'ros'
[0.316s] Level 1:colcon.colcon_core.package_identification:_identify(.) by extensions ['cmake', 'python']
[0.316s] Level 1:colcon.colcon_core.package_identification:_identify(.) by extension 'cmake'
[0.316s] Level 1:colcon.colcon_core.package_identification:_identify(.) by extension 'python'
[0.316s] Level 1:colcon.colcon_core.package_identification:_identify(.) by extensions ['python_setup_py']
[0.316s] Level 1:colcon.colcon_core.package_identification:_identify(.) by extension 'python_setup_py'
[0.316s] Level 1:colcon.colcon_core.package_identification:_identify(build) by extensions ['ignore', 'ignore_ament_install']
[0.316s] Level 1:colcon.colcon_core.package_identification:_identify(build) by extension 'ignore'
[0.316s] Level 1:colcon.colcon_core.package_identification:_identify(build) ignored
[0.316s] Level 1:colcon.colcon_core.package_identification:_identify(install) by extensions ['ignore', 'ignore_ament_install']
[0.317s] Level 1:colcon.colcon_core.package_identification:_identify(install) by extension 'ignore'
[0.317s] Level 1:colcon.colcon_core.package_identification:_identify(install) ignored
[0.317s] Level 1:colcon.colcon_core.package_identification:_identify(log) by extensions ['ignore', 'ignore_ament_install']
[0.317s] Level 1:colcon.colcon_core.package_identification:_identify(log) by extension 'ignore'
[0.317s] Level 1:colcon.colcon_core.package_identification:_identify(log) ignored
[0.317s] Level 1:colcon.colcon_core.package_identification:_identify(src) by extensions ['ignore', 'ignore_ament_install']
[0.317s] Level 1:colcon.colcon_core.package_identification:_identify(src) by extension 'ignore'
[0.317s] Level 1:colcon.colcon_core.package_identification:_identify(src) by extension 'ignore_ament_install'
[0.317s] Level 1:colcon.colcon_core.package_identification:_identify(src) by extensions ['colcon_pkg']
[0.317s] Level 1:colcon.colcon_core.package_identification:_identify(src) by extension 'colcon_pkg'
[0.317s] Level 1:colcon.colcon_core.package_identification:_identify(src) by extensions ['colcon_meta']
[0.317s] Level 1:colcon.colcon_core.package_identification:_identify(src) by extension 'colcon_meta'
[0.317s] Level 1:colcon.colcon_core.package_identification:_identify(src) by extensions ['ros']
[0.317s] Level 1:colcon.colcon_core.package_identification:_identify(src) by extension 'ros'
[0.317s] Level 1:colcon.colcon_core.package_identification:_identify(src) by extensions ['cmake', 'python']
[0.318s] Level 1:colcon.colcon_core.package_identification:_identify(src) by extension 'cmake'
[0.318s] Level 1:colcon.colcon_core.package_identification:_identify(src) by extension 'python'
[0.318s] Level 1:colcon.colcon_core.package_identification:_identify(src) by extensions ['python_setup_py']
[0.318s] Level 1:colcon.colcon_core.package_identification:_identify(src) by extension 'python_setup_py'
[0.318s] Level 1:colcon.colcon_core.package_identification:_identify(src/iit_commons) by extensions ['ignore', 'ignore_ament_install']
[0.318s] Level 1:colcon.colcon_core.package_identification:_identify(src/iit_commons) by extension 'ignore'
[0.318s] Level 1:colcon.colcon_core.package_identification:_identify(src/iit_commons) by extension 'ignore_ament_install'
[0.318s] Level 1:colcon.colcon_core.package_identification:_identify(src/iit_commons) by extensions ['colcon_pkg']
[0.318s] Level 1:colcon.colcon_core.package_identification:_identify(src/iit_commons) by extension 'colcon_pkg'
[0.318s] Level 1:colcon.colcon_core.package_identification:_identify(src/iit_commons) by extensions ['colcon_meta']
[0.318s] Level 1:colcon.colcon_core.package_identification:_identify(src/iit_commons) by extension 'colcon_meta'
[0.318s] Level 1:colcon.colcon_core.package_identification:_identify(src/iit_commons) by extensions ['ros']
[0.318s] Level 1:colcon.colcon_core.package_identification:_identify(src/iit_commons) by extension 'ros'
[0.321s] DEBUG:colcon.colcon_core.package_identification:Package 'src/iit_commons' with type 'ros.ament_cmake' and name 'iit_commons'
[0.321s] Level 1:colcon.colcon_core.package_identification:_identify(src/state_estimator) by extensions ['ignore', 'ignore_ament_install']
[0.321s] Level 1:colcon.colcon_core.package_identification:_identify(src/state_estimator) by extension 'ignore'
[0.321s] Level 1:colcon.colcon_core.package_identification:_identify(src/state_estimator) by extension 'ignore_ament_install'
[0.322s] Level 1:colcon.colcon_core.package_identification:_identify(src/state_estimator) by extensions ['colcon_pkg']
[0.322s] Level 1:colcon.colcon_core.package_identification:_identify(src/state_estimator) by extension 'colcon_pkg'
[0.322s] Level 1:colcon.colcon_core.package_identification:_identify(src/state_estimator) by extensions ['colcon_meta']
[0.322s] Level 1:colcon.colcon_core.package_identification:_identify(src/state_estimator) by extension 'colcon_meta'
[0.322s] Level 1:colcon.colcon_core.package_identification:_identify(src/state_estimator) by extensions ['ros']
[0.322s] Level 1:colcon.colcon_core.package_identification:_identify(src/state_estimator) by extension 'ros'
[0.323s] DEBUG:colcon.colcon_core.package_identification:Package 'src/state_estimator' with type 'ros.ament_cmake' and name 'state_estimator'
[0.323s] Level 1:colcon.colcon_core.package_identification:_identify(src/state_estimator_msgs) by extensions ['ignore', 'ignore_ament_install']
[0.323s] Level 1:colcon.colcon_core.package_identification:_identify(src/state_estimator_msgs) by extension 'ignore'
[0.323s] Level 1:colcon.colcon_core.package_identification:_identify(src/state_estimator_msgs) by extension 'ignore_ament_install'
[0.324s] Level 1:colcon.colcon_core.package_identification:_identify(src/state_estimator_msgs) by extensions ['colcon_pkg']
[0.324s] Level 1:colcon.colcon_core.package_identification:_identify(src/state_estimator_msgs) by extension 'colcon_pkg'
[0.324s] Level 1:colcon.colcon_core.package_identification:_identify(src/state_estimator_msgs) by extensions ['colcon_meta']
[0.324s] Level 1:colcon.colcon_core.package_identification:_identify(src/state_estimator_msgs) by extension 'colcon_meta'
[0.324s] Level 1:colcon.colcon_core.package_identification:_identify(src/state_estimator_msgs) by extensions ['ros']
[0.324s] Level 1:colcon.colcon_core.package_identification:_identify(src/state_estimator_msgs) by extension 'ros'
[0.325s] DEBUG:colcon.colcon_core.package_identification:Package 'src/state_estimator_msgs' with type 'ros.ament_cmake' and name 'state_estimator_msgs'
[0.325s] Level 1:colcon.colcon_core.package_discovery:discover_packages(recursive) using defaults
[0.325s] Level 1:colcon.colcon_core.package_discovery:discover_packages(ignore) discover
[0.325s] Level 1:colcon.colcon_core.package_discovery:discover_packages(ignore) using defaults
[0.325s] Level 1:colcon.colcon_core.package_discovery:discover_packages(path) discover
[0.325s] Level 1:colcon.colcon_core.package_discovery:discover_packages(path) using defaults
[0.355s] Level 1:colcon.colcon_core.package_discovery:discover_packages(prefix_path) check parameters
[0.356s] Level 1:colcon.colcon_core.package_discovery:discover_packages(prefix_path) discover
[0.358s] DEBUG:colcon.colcon_installed_package_information.package_discovery:Found 1 installed packages in /home/dev_ws/colcon_ws/install
[0.360s] DEBUG:colcon.colcon_installed_package_information.package_discovery:Found 185 installed packages in /opt/ros/humble
[0.361s] Level 1:colcon.colcon_core.package_discovery:discover_packages(prefix_path) using defaults
[0.396s] Level 5:colcon.colcon_core.verb:set package 'iit_commons' build argument 'cmake_args' from command line to 'None'
[0.396s] Level 5:colcon.colcon_core.verb:set package 'iit_commons' build argument 'cmake_target' from command line to 'None'
[0.396s] Level 5:colcon.colcon_core.verb:set package 'iit_commons' build argument 'cmake_target_skip_unavailable' from command line to 'False'
[0.396s] Level 5:colcon.colcon_core.verb:set package 'iit_commons' build argument 'cmake_clean_cache' from command line to 'False'
[0.396s] Level 5:colcon.colcon_core.verb:set package 'iit_commons' build argument 'cmake_clean_first' from command line to 'False'
[0.396s] Level 5:colcon.colcon_core.verb:set package 'iit_commons' build argument 'cmake_force_configure' from command line to 'False'
[0.396s] Level 5:colcon.colcon_core.verb:set package 'iit_commons' build argument 'ament_cmake_args' from command line to 'None'
[0.396s] Level 5:colcon.colcon_core.verb:set package 'iit_commons' build argument 'catkin_cmake_args' from command line to 'None'
[0.396s] Level 5:colcon.colcon_core.verb:set package 'iit_commons' build argument 'catkin_skip_building_tests' from command line to 'False'
[0.396s] DEBUG:colcon.colcon_core.verb:Building package 'iit_commons' with the following arguments: {'ament_cmake_args': None, 'build_base': '/root/muse_ws/muse_ros2/muse_ws/build/iit_commons', 'catkin_cmake_args': None, 'catkin_skip_building_tests': False, 'cmake_args': None, 'cmake_clean_cache': False, 'cmake_clean_first': False, 'cmake_force_configure': False, 'cmake_target': None, 'cmake_target_skip_unavailable': False, 'install_base': '/root/muse_ws/muse_ros2/muse_ws/install/iit_commons', 'merge_install': False, 'path': '/root/muse_ws/muse_ros2/muse_ws/src/iit_commons', 'symlink_install': False, 'test_result_base': None}
[0.397s] Level 5:colcon.colcon_core.verb:set package 'state_estimator_msgs' build argument 'cmake_args' from command line to 'None'
[0.397s] Level 5:colcon.colcon_core.verb:set package 'state_estimator_msgs' build argument 'cmake_target' from command line to 'None'
[0.397s] Level 5:colcon.colcon_core.verb:set package 'state_estimator_msgs' build argument 'cmake_target_skip_unavailable' from command line to 'False'
[0.397s] Level 5:colcon.colcon_core.verb:set package 'state_estimator_msgs' build argument 'cmake_clean_cache' from command line to 'False'
[0.397s] Level 5:colcon.colcon_core.verb:set package 'state_estimator_msgs' build argument 'cmake_clean_first' from command line to 'False'
[0.397s] Level 5:colcon.colcon_core.verb:set package 'state_estimator_msgs' build argument 'cmake_force_configure' from command line to 'False'
[0.397s] Level 5:colcon.colcon_core.verb:set package 'state_estimator_msgs' build argument 'ament_cmake_args' from command line to 'None'
[0.397s] Level 5:colcon.colcon_core.verb:set package 'state_estimator_msgs' build argument 'catkin_cmake_args' from command line to 'None'
[0.397s] Level 5:colcon.colcon_core.verb:set package 'state_estimator_msgs' build argument 'catkin_skip_building_tests' from command line to 'False'
[0.397s] DEBUG:colcon.colcon_core.verb:Building package 'state_estimator_msgs' with the following arguments: {'ament_cmake_args': None, 'build_base': '/root/muse_ws/muse_ros2/muse_ws/build/state_estimator_msgs', 'catkin_cmake_args': None, 'catkin_skip_building_tests': False, 'cmake_args': None, 'cmake_clean_cache': False, 'cmake_clean_first': False, 'cmake_force_configure': False, 'cmake_target': None, 'cmake_target_skip_unavailable': False, 'install_base': '/root/muse_ws/muse_ros2/muse_ws/install/state_estimator_msgs', 'merge_install': False, 'path': '/root/muse_ws/muse_ros2/muse_ws/src/state_estimator_msgs', 'symlink_install': False, 'test_result_base': None}
[0.397s] Level 5:colcon.colcon_core.verb:set package 'state_estimator' build argument 'cmake_args' from command line to 'None'
[0.397s] Level 5:colcon.colcon_core.verb:set package 'state_estimator' build argument 'cmake_target' from command line to 'None'
[0.397s] Level 5:colcon.colcon_core.verb:set package 'state_estimator' build argument 'cmake_target_skip_unavailable' from command line to 'False'
[0.397s] Level 5:colcon.colcon_core.verb:set package 'state_estimator' build argument 'cmake_clean_cache' from command line to 'False'
[0.397s] Level 5:colcon.colcon_core.verb:set package 'state_estimator' build argument 'cmake_clean_first' from command line to 'False'
[0.397s] Level 5:colcon.colcon_core.verb:set package 'state_estimator' build argument 'cmake_force_configure' from command line to 'False'
[0.397s] Level 5:colcon.colcon_core.verb:set package 'state_estimator' build argument 'ament_cmake_args' from command line to 'None'
[0.397s] Level 5:colcon.colcon_core.verb:set package 'state_estimator' build argument 'catkin_cmake_args' from command line to 'None'
[0.397s] Level 5:colcon.colcon_core.verb:set package 'state_estimator' build argument 'catkin_skip_building_tests' from command line to 'False'
[0.397s] DEBUG:colcon.colcon_core.verb:Building package 'state_estimator' with the following arguments: {'ament_cmake_args': None, 'build_base': '/root/muse_ws/muse_ros2/muse_ws/build/state_estimator', 'catkin_cmake_args': None, 'catkin_skip_building_tests': False, 'cmake_args': None, 'cmake_clean_cache': False, 'cmake_clean_first': False, 'cmake_force_configure': False, 'cmake_target': None, 'cmake_target_skip_unavailable': False, 'install_base': '/root/muse_ws/muse_ros2/muse_ws/install/state_estimator', 'merge_install': False, 'path': '/root/muse_ws/muse_ros2/muse_ws/src/state_estimator', 'symlink_install': False, 'test_result_base': None}
[0.397s] INFO:colcon.colcon_core.executor:Executing jobs using 'parallel' executor
[0.399s] DEBUG:colcon.colcon_parallel_executor.executor.parallel:run_until_complete
[0.399s] INFO:colcon.colcon_ros.task.ament_cmake.build:Building ROS package in '/root/muse_ws/muse_ros2/muse_ws/src/state_estimator_msgs' with build type 'ament_cmake'
[0.400s] INFO:colcon.colcon_cmake.task.cmake.build:Building CMake package in '/root/muse_ws/muse_ros2/muse_ws/src/state_estimator_msgs'
[0.402s] INFO:colcon.colcon_core.plugin_system:Skipping extension 'colcon_core.shell.bat': Not used on non-Windows systems
[0.402s] INFO:colcon.colcon_core.shell:Skip shell extension 'powershell' for command environment: Not usable outside of PowerShell
[0.402s] DEBUG:colcon.colcon_core.shell:Skip shell extension 'dsv' for command environment
[0.406s] INFO:colcon.colcon_ros.task.ament_cmake.build:Building ROS package in '/root/muse_ws/muse_ros2/muse_ws/src/iit_commons' with build type 'ament_cmake'
[0.407s] INFO:colcon.colcon_cmake.task.cmake.build:Building CMake package in '/root/muse_ws/muse_ros2/muse_ws/src/iit_commons'
[0.408s] INFO:colcon.colcon_core.shell:Skip shell extension 'powershell' for command environment: Not usable outside of PowerShell
[0.408s] DEBUG:colcon.colcon_core.shell:Skip shell extension 'dsv' for command environment
[0.432s] DEBUG:colcon.colcon_core.event_handler.log_command:Invoking command in '/root/muse_ws/muse_ros2/muse_ws/build/state_estimator_msgs': CMAKE_PREFIX_PATH=${CMAKE_PREFIX_PATH}:/opt/ros/humble /usr/bin/cmake --build /root/muse_ws/muse_ros2/muse_ws/build/state_estimator_msgs -- -j12 -l12
[0.439s] DEBUG:colcon.colcon_core.event_handler.log_command:Invoking command in '/root/muse_ws/muse_ros2/muse_ws/build/iit_commons': CMAKE_PREFIX_PATH=${CMAKE_PREFIX_PATH}:/opt/ros/humble /usr/bin/cmake --build /root/muse_ws/muse_ros2/muse_ws/build/iit_commons -- -j12 -l12
[1.082s] DEBUG:colcon.colcon_core.event_handler.log_command:Invoked command in '/root/muse_ws/muse_ros2/muse_ws/build/state_estimator_msgs' returned '0': CMAKE_PREFIX_PATH=${CMAKE_PREFIX_PATH}:/opt/ros/humble /usr/bin/cmake --build /root/muse_ws/muse_ros2/muse_ws/build/state_estimator_msgs -- -j12 -l12
[1.114s] DEBUG:colcon.colcon_core.event_handler.log_command:Invoking command in '/root/muse_ws/muse_ros2/muse_ws/build/state_estimator_msgs': CMAKE_PREFIX_PATH=${CMAKE_PREFIX_PATH}:/opt/ros/humble /usr/bin/cmake --install /root/muse_ws/muse_ros2/muse_ws/build/state_estimator_msgs
[1.272s] Level 1:colcon.colcon_core.environment:create_environment_scripts_only(state_estimator_msgs)
[1.273s] DEBUG:colcon.colcon_core.event_handler.log_command:Invoked command in '/root/muse_ws/muse_ros2/muse_ws/build/state_estimator_msgs' returned '0': CMAKE_PREFIX_PATH=${CMAKE_PREFIX_PATH}:/opt/ros/humble /usr/bin/cmake --install /root/muse_ws/muse_ros2/muse_ws/build/state_estimator_msgs
[1.275s] Level 1:colcon.colcon_core.environment:checking '/root/muse_ws/muse_ros2/muse_ws/install/state_estimator_msgs' for CMake module files
[1.276s] Level 1:colcon.colcon_core.environment:checking '/root/muse_ws/muse_ros2/muse_ws/install/state_estimator_msgs' for CMake config files
[1.277s] Level 1:colcon.colcon_core.shell:create_environment_hook('state_estimator_msgs', 'cmake_prefix_path')
[1.277s] INFO:colcon.colcon_core.shell:Creating environment hook '/root/muse_ws/muse_ros2/muse_ws/install/state_estimator_msgs/share/state_estimator_msgs/hook/cmake_prefix_path.ps1'
[1.278s] INFO:colcon.colcon_core.shell:Creating environment descriptor '/root/muse_ws/muse_ros2/muse_ws/install/state_estimator_msgs/share/state_estimator_msgs/hook/cmake_prefix_path.dsv'
[1.278s] INFO:colcon.colcon_core.shell:Creating environment hook '/root/muse_ws/muse_ros2/muse_ws/install/state_estimator_msgs/share/state_estimator_msgs/hook/cmake_prefix_path.sh'
[1.280s] Level 1:colcon.colcon_core.environment:checking '/root/muse_ws/muse_ros2/muse_ws/install/state_estimator_msgs/lib'
[1.280s] Level 1:colcon.colcon_core.shell:create_environment_hook('state_estimator_msgs', 'ld_library_path_lib')
[1.280s] INFO:colcon.colcon_core.shell:Creating environment hook '/root/muse_ws/muse_ros2/muse_ws/install/state_estimator_msgs/share/state_estimator_msgs/hook/ld_library_path_lib.ps1'
[1.281s] INFO:colcon.colcon_core.shell:Creating environment descriptor '/root/muse_ws/muse_ros2/muse_ws/install/state_estimator_msgs/share/state_estimator_msgs/hook/ld_library_path_lib.dsv'
[1.281s] INFO:colcon.colcon_core.shell:Creating environment hook '/root/muse_ws/muse_ros2/muse_ws/install/state_estimator_msgs/share/state_estimator_msgs/hook/ld_library_path_lib.sh'
[1.282s] Level 1:colcon.colcon_core.environment:checking '/root/muse_ws/muse_ros2/muse_ws/install/state_estimator_msgs/bin'
[1.282s] Level 1:colcon.colcon_core.environment:checking '/root/muse_ws/muse_ros2/muse_ws/install/state_estimator_msgs/lib/pkgconfig/state_estimator_msgs.pc'
[1.282s] Level 1:colcon.colcon_core.environment:checking '/root/muse_ws/muse_ros2/muse_ws/install/state_estimator_msgs/lib/python3.10/site-packages'
[1.283s] Level 1:colcon.colcon_core.environment:checking '/root/muse_ws/muse_ros2/muse_ws/install/state_estimator_msgs/bin'
[1.283s] INFO:colcon.colcon_core.shell:Creating package script '/root/muse_ws/muse_ros2/muse_ws/install/state_estimator_msgs/share/state_estimator_msgs/package.ps1'
[1.284s] INFO:colcon.colcon_core.shell:Creating package descriptor '/root/muse_ws/muse_ros2/muse_ws/install/state_estimator_msgs/share/state_estimator_msgs/package.dsv'
[1.285s] INFO:colcon.colcon_core.shell:Creating package script '/root/muse_ws/muse_ros2/muse_ws/install/state_estimator_msgs/share/state_estimator_msgs/package.sh'
[1.286s] INFO:colcon.colcon_core.shell:Creating package script '/root/muse_ws/muse_ros2/muse_ws/install/state_estimator_msgs/share/state_estimator_msgs/package.bash'
[1.287s] INFO:colcon.colcon_core.shell:Creating package script '/root/muse_ws/muse_ros2/muse_ws/install/state_estimator_msgs/share/state_estimator_msgs/package.zsh'
[1.290s] Level 1:colcon.colcon_core.environment:create_file_with_runtime_dependencies(/root/muse_ws/muse_ros2/muse_ws/install/state_estimator_msgs/share/colcon-core/packages/state_estimator_msgs)
[1.292s] Level 1:colcon.colcon_core.environment:create_environment_scripts_only(state_estimator_msgs)
[1.292s] Level 1:colcon.colcon_core.environment:checking '/root/muse_ws/muse_ros2/muse_ws/install/state_estimator_msgs' for CMake module files
[1.293s] Level 1:colcon.colcon_core.environment:checking '/root/muse_ws/muse_ros2/muse_ws/install/state_estimator_msgs' for CMake config files
[1.294s] Level 1:colcon.colcon_core.shell:create_environment_hook('state_estimator_msgs', 'cmake_prefix_path')
[1.294s] INFO:colcon.colcon_core.shell:Creating environment hook '/root/muse_ws/muse_ros2/muse_ws/install/state_estimator_msgs/share/state_estimator_msgs/hook/cmake_prefix_path.ps1'
[1.294s] INFO:colcon.colcon_core.shell:Creating environment descriptor '/root/muse_ws/muse_ros2/muse_ws/install/state_estimator_msgs/share/state_estimator_msgs/hook/cmake_prefix_path.dsv'
[1.295s] INFO:colcon.colcon_core.shell:Creating environment hook '/root/muse_ws/muse_ros2/muse_ws/install/state_estimator_msgs/share/state_estimator_msgs/hook/cmake_prefix_path.sh'
[1.296s] Level 1:colcon.colcon_core.environment:checking '/root/muse_ws/muse_ros2/muse_ws/install/state_estimator_msgs/lib'
[1.296s] Level 1:colcon.colcon_core.shell:create_environment_hook('state_estimator_msgs', 'ld_library_path_lib')
[1.296s] INFO:colcon.colcon_core.shell:Creating environment hook '/root/muse_ws/muse_ros2/muse_ws/install/state_estimator_msgs/share/state_estimator_msgs/hook/ld_library_path_lib.ps1'
[1.297s] INFO:colcon.colcon_core.shell:Creating environment descriptor '/root/muse_ws/muse_ros2/muse_ws/install/state_estimator_msgs/share/state_estimator_msgs/hook/ld_library_path_lib.dsv'
[1.297s] INFO:colcon.colcon_core.shell:Creating environment hook '/root/muse_ws/muse_ros2/muse_ws/install/state_estimator_msgs/share/state_estimator_msgs/hook/ld_library_path_lib.sh'
[1.298s] Level 1:colcon.colcon_core.environment:checking '/root/muse_ws/muse_ros2/muse_ws/install/state_estimator_msgs/bin'
[1.298s] Level 1:colcon.colcon_core.environment:checking '/root/muse_ws/muse_ros2/muse_ws/install/state_estimator_msgs/lib/pkgconfig/state_estimator_msgs.pc'
[1.298s] Level 1:colcon.colcon_core.environment:checking '/root/muse_ws/muse_ros2/muse_ws/install/state_estimator_msgs/lib/python3.10/site-packages'
[1.299s] Level 1:colcon.colcon_core.environment:checking '/root/muse_ws/muse_ros2/muse_ws/install/state_estimator_msgs/bin'
[1.300s] INFO:colcon.colcon_core.shell:Creating package script '/root/muse_ws/muse_ros2/muse_ws/install/state_estimator_msgs/share/state_estimator_msgs/package.ps1'
[1.301s] INFO:colcon.colcon_core.shell:Creating package descriptor '/root/muse_ws/muse_ros2/muse_ws/install/state_estimator_msgs/share/state_estimator_msgs/package.dsv'
[1.303s] INFO:colcon.colcon_core.shell:Creating package script '/root/muse_ws/muse_ros2/muse_ws/install/state_estimator_msgs/share/state_estimator_msgs/package.sh'
[1.303s] INFO:colcon.colcon_core.shell:Creating package script '/root/muse_ws/muse_ros2/muse_ws/install/state_estimator_msgs/share/state_estimator_msgs/package.bash'
[1.304s] INFO:colcon.colcon_core.shell:Creating package script '/root/muse_ws/muse_ros2/muse_ws/install/state_estimator_msgs/share/state_estimator_msgs/package.zsh'
[1.304s] Level 1:colcon.colcon_core.environment:create_file_with_runtime_dependencies(/root/muse_ws/muse_ros2/muse_ws/install/state_estimator_msgs/share/colcon-core/packages/state_estimator_msgs)
[1.305s] INFO:colcon.colcon_ros.task.ament_cmake.build:Building ROS package in '/root/muse_ws/muse_ros2/muse_ws/src/state_estimator' with build type 'ament_cmake'
[1.305s] INFO:colcon.colcon_cmake.task.cmake.build:Building CMake package in '/root/muse_ws/muse_ros2/muse_ws/src/state_estimator'
[1.305s] INFO:colcon.colcon_core.shell:Skip shell extension 'powershell' for command environment: Not usable outside of PowerShell
[1.305s] DEBUG:colcon.colcon_core.shell:Skip shell extension 'dsv' for command environment
[1.360s] DEBUG:colcon.colcon_core.event_handler.log_command:Invoking command in '/root/muse_ws/muse_ros2/muse_ws/build/state_estimator': AMENT_PREFIX_PATH=/root/muse_ws/muse_ros2/muse_ws/install/state_estimator_msgs:${AMENT_PREFIX_PATH} CMAKE_PREFIX_PATH=/root/muse_ws/muse_ros2/muse_ws/install/state_estimator_msgs:/home/dev_ws/colcon_ws/install/kiss_icp:/opt/ros/humble LD_LIBRARY_PATH=/root/muse_ws/muse_ros2/muse_ws/install/state_estimator_msgs/lib:${LD_LIBRARY_PATH} PYTHONPATH=/root/muse_ws/muse_ros2/muse_ws/install/state_estimator_msgs/local/lib/python3.10/dist-packages:${PYTHONPATH} /usr/bin/cmake --build /root/muse_ws/muse_ros2/muse_ws/build/state_estimator -- -j12 -l12
[1.927s] DEBUG:colcon.colcon_core.event_handler.log_command:Invoked command in '/root/muse_ws/muse_ros2/muse_ws/build/state_estimator' returned '0': AMENT_PREFIX_PATH=/root/muse_ws/muse_ros2/muse_ws/install/state_estimator_msgs:${AMENT_PREFIX_PATH} CMAKE_PREFIX_PATH=/root/muse_ws/muse_ros2/muse_ws/install/state_estimator_msgs:/home/dev_ws/colcon_ws/install/kiss_icp:/opt/ros/humble LD_LIBRARY_PATH=/root/muse_ws/muse_ros2/muse_ws/install/state_estimator_msgs/lib:${LD_LIBRARY_PATH} PYTHONPATH=/root/muse_ws/muse_ros2/muse_ws/install/state_estimator_msgs/local/lib/python3.10/dist-packages:${PYTHONPATH} /usr/bin/cmake --build /root/muse_ws/muse_ros2/muse_ws/build/state_estimator -- -j12 -l12
[1.928s] DEBUG:colcon.colcon_core.event_handler.log_command:Invoking command in '/root/muse_ws/muse_ros2/muse_ws/build/state_estimator': AMENT_PREFIX_PATH=/root/muse_ws/muse_ros2/muse_ws/install/state_estimator_msgs:${AMENT_PREFIX_PATH} CMAKE_PREFIX_PATH=/root/muse_ws/muse_ros2/muse_ws/install/state_estimator_msgs:/home/dev_ws/colcon_ws/install/kiss_icp:/opt/ros/humble LD_LIBRARY_PATH=/root/muse_ws/muse_ros2/muse_ws/install/state_estimator_msgs/lib:${LD_LIBRARY_PATH} PYTHONPATH=/root/muse_ws/muse_ros2/muse_ws/install/state_estimator_msgs/local/lib/python3.10/dist-packages:${PYTHONPATH} /usr/bin/cmake --install /root/muse_ws/muse_ros2/muse_ws/build/state_estimator
[1.964s] Level 1:colcon.colcon_core.environment:create_environment_scripts_only(state_estimator)
[1.964s] Level 1:colcon.colcon_core.environment:checking '/root/muse_ws/muse_ros2/muse_ws/install/state_estimator' for CMake module files
[1.966s] Level 1:colcon.colcon_core.environment:checking '/root/muse_ws/muse_ros2/muse_ws/install/state_estimator' for CMake config files
[1.970s] Level 1:colcon.colcon_core.shell:create_environment_hook('state_estimator', 'cmake_prefix_path')
[1.971s] INFO:colcon.colcon_core.shell:Creating environment hook '/root/muse_ws/muse_ros2/muse_ws/install/state_estimator/share/state_estimator/hook/cmake_prefix_path.ps1'
[1.972s] INFO:colcon.colcon_core.shell:Creating environment descriptor '/root/muse_ws/muse_ros2/muse_ws/install/state_estimator/share/state_estimator/hook/cmake_prefix_path.dsv'
[1.973s] INFO:colcon.colcon_core.shell:Creating environment hook '/root/muse_ws/muse_ros2/muse_ws/install/state_estimator/share/state_estimator/hook/cmake_prefix_path.sh'
[1.977s] Level 1:colcon.colcon_core.environment:checking '/root/muse_ws/muse_ros2/muse_ws/install/state_estimator/lib'
[1.978s] Level 1:colcon.colcon_core.shell:create_environment_hook('state_estimator', 'ld_library_path_lib')
[1.978s] INFO:colcon.colcon_core.shell:Creating environment hook '/root/muse_ws/muse_ros2/muse_ws/install/state_estimator/share/state_estimator/hook/ld_library_path_lib.ps1'
[1.983s] INFO:colcon.colcon_core.shell:Creating environment descriptor '/root/muse_ws/muse_ros2/muse_ws/install/state_estimator/share/state_estimator/hook/ld_library_path_lib.dsv'
[1.984s] INFO:colcon.colcon_core.shell:Creating environment hook '/root/muse_ws/muse_ros2/muse_ws/install/state_estimator/share/state_estimator/hook/ld_library_path_lib.sh'
[1.990s] DEBUG:colcon.colcon_core.event_handler.log_command:Invoked command in '/root/muse_ws/muse_ros2/muse_ws/build/state_estimator' returned '0': AMENT_PREFIX_PATH=/root/muse_ws/muse_ros2/muse_ws/install/state_estimator_msgs:${AMENT_PREFIX_PATH} CMAKE_PREFIX_PATH=/root/muse_ws/muse_ros2/muse_ws/install/state_estimator_msgs:/home/dev_ws/colcon_ws/install/kiss_icp:/opt/ros/humble LD_LIBRARY_PATH=/root/muse_ws/muse_ros2/muse_ws/install/state_estimator_msgs/lib:${LD_LIBRARY_PATH} PYTHONPATH=/root/muse_ws/muse_ros2/muse_ws/install/state_estimator_msgs/local/lib/python3.10/dist-packages:${PYTHONPATH} /usr/bin/cmake --install /root/muse_ws/muse_ros2/muse_ws/build/state_estimator
[2.001s] Level 1:colcon.colcon_core.environment:checking '/root/muse_ws/muse_ros2/muse_ws/install/state_estimator/bin'
[2.001s] Level 1:colcon.colcon_core.environment:checking '/root/muse_ws/muse_ros2/muse_ws/install/state_estimator/lib/pkgconfig/state_estimator.pc'
[2.001s] Level 1:colcon.colcon_core.environment:checking '/root/muse_ws/muse_ros2/muse_ws/install/state_estimator/lib/python3.10/site-packages'
[2.002s] Level 1:colcon.colcon_core.environment:checking '/root/muse_ws/muse_ros2/muse_ws/install/state_estimator/bin'
[2.003s] INFO:colcon.colcon_core.shell:Creating package script '/root/muse_ws/muse_ros2/muse_ws/install/state_estimator/share/state_estimator/package.ps1'
[2.004s] INFO:colcon.colcon_core.shell:Creating package descriptor '/root/muse_ws/muse_ros2/muse_ws/install/state_estimator/share/state_estimator/package.dsv'
[2.005s] INFO:colcon.colcon_core.shell:Creating package script '/root/muse_ws/muse_ros2/muse_ws/install/state_estimator/share/state_estimator/package.sh'
[2.007s] INFO:colcon.colcon_core.shell:Creating package script '/root/muse_ws/muse_ros2/muse_ws/install/state_estimator/share/state_estimator/package.bash'
[2.008s] INFO:colcon.colcon_core.shell:Creating package script '/root/muse_ws/muse_ros2/muse_ws/install/state_estimator/share/state_estimator/package.zsh'
[2.009s] Level 1:colcon.colcon_core.environment:create_file_with_runtime_dependencies(/root/muse_ws/muse_ros2/muse_ws/install/state_estimator/share/colcon-core/packages/state_estimator)
[2.010s] Level 1:colcon.colcon_core.environment:create_environment_scripts_only(state_estimator)
[2.011s] Level 1:colcon.colcon_core.environment:checking '/root/muse_ws/muse_ros2/muse_ws/install/state_estimator' for CMake module files
[2.012s] Level 1:colcon.colcon_core.environment:checking '/root/muse_ws/muse_ros2/muse_ws/install/state_estimator' for CMake config files
[2.012s] Level 1:colcon.colcon_core.shell:create_environment_hook('state_estimator', 'cmake_prefix_path')
[2.013s] INFO:colcon.colcon_core.shell:Creating environment hook '/root/muse_ws/muse_ros2/muse_ws/install/state_estimator/share/state_estimator/hook/cmake_prefix_path.ps1'
[2.014s] INFO:colcon.colcon_core.shell:Creating environment descriptor '/root/muse_ws/muse_ros2/muse_ws/install/state_estimator/share/state_estimator/hook/cmake_prefix_path.dsv'
[2.015s] INFO:colcon.colcon_core.shell:Creating environment hook '/root/muse_ws/muse_ros2/muse_ws/install/state_estimator/share/state_estimator/hook/cmake_prefix_path.sh'
[2.016s] Level 1:colcon.colcon_core.environment:checking '/root/muse_ws/muse_ros2/muse_ws/install/state_estimator/lib'
[2.016s] Level 1:colcon.colcon_core.shell:create_environment_hook('state_estimator', 'ld_library_path_lib')
[2.016s] INFO:colcon.colcon_core.shell:Creating environment hook '/root/muse_ws/muse_ros2/muse_ws/install/state_estimator/share/state_estimator/hook/ld_library_path_lib.ps1'
[2.018s] INFO:colcon.colcon_core.shell:Creating environment descriptor '/root/muse_ws/muse_ros2/muse_ws/install/state_estimator/share/state_estimator/hook/ld_library_path_lib.dsv'
[2.018s] INFO:colcon.colcon_core.shell:Creating environment hook '/root/muse_ws/muse_ros2/muse_ws/install/state_estimator/share/state_estimator/hook/ld_library_path_lib.sh'
[2.019s] Level 1:colcon.colcon_core.environment:checking '/root/muse_ws/muse_ros2/muse_ws/install/state_estimator/bin'
[2.019s] Level 1:colcon.colcon_core.environment:checking '/root/muse_ws/muse_ros2/muse_ws/install/state_estimator/lib/pkgconfig/state_estimator.pc'
[2.020s] Level 1:colcon.colcon_core.environment:checking '/root/muse_ws/muse_ros2/muse_ws/install/state_estimator/lib/python3.10/site-packages'
[2.020s] Level 1:colcon.colcon_core.environment:checking '/root/muse_ws/muse_ros2/muse_ws/install/state_estimator/bin'
[2.021s] INFO:colcon.colcon_core.shell:Creating package script '/root/muse_ws/muse_ros2/muse_ws/install/state_estimator/share/state_estimator/package.ps1'
[2.022s] INFO:colcon.colcon_core.shell:Creating package descriptor '/root/muse_ws/muse_ros2/muse_ws/install/state_estimator/share/state_estimator/package.dsv'
[2.023s] INFO:colcon.colcon_core.shell:Creating package script '/root/muse_ws/muse_ros2/muse_ws/install/state_estimator/share/state_estimator/package.sh'
[2.024s] INFO:colcon.colcon_core.shell:Creating package script '/root/muse_ws/muse_ros2/muse_ws/install/state_estimator/share/state_estimator/package.bash'
[2.025s] INFO:colcon.colcon_core.shell:Creating package script '/root/muse_ws/muse_ros2/muse_ws/install/state_estimator/share/state_estimator/package.zsh'
[2.025s] Level 1:colcon.colcon_core.environment:create_file_with_runtime_dependencies(/root/muse_ws/muse_ros2/muse_ws/install/state_estimator/share/colcon-core/packages/state_estimator)
[30.992s] DEBUG:colcon.colcon_core.event_handler.log_command:Invoked command in '/root/muse_ws/muse_ros2/muse_ws/build/iit_commons' returned '2': CMAKE_PREFIX_PATH=${CMAKE_PREFIX_PATH}:/opt/ros/humble /usr/bin/cmake --build /root/muse_ws/muse_ros2/muse_ws/build/iit_commons -- -j12 -l12
[30.992s] Level 1:colcon.colcon_core.environment:create_environment_scripts_only(iit_commons)
[30.993s] Level 1:colcon.colcon_core.environment:checking '/root/muse_ws/muse_ros2/muse_ws/install/iit_commons' for CMake module files
[30.993s] Level 1:colcon.colcon_core.environment:checking '/root/muse_ws/muse_ros2/muse_ws/install/iit_commons' for CMake config files
[30.994s] Level 1:colcon.colcon_core.environment:checking '/root/muse_ws/muse_ros2/muse_ws/install/iit_commons/bin'
[30.994s] Level 1:colcon.colcon_core.environment:checking '/root/muse_ws/muse_ros2/muse_ws/install/iit_commons/lib/pkgconfig/iit_commons.pc'
[30.994s] Level 1:colcon.colcon_core.environment:checking '/root/muse_ws/muse_ros2/muse_ws/install/iit_commons/lib/python3.10/site-packages'
[30.995s] Level 1:colcon.colcon_core.environment:checking '/root/muse_ws/muse_ros2/muse_ws/install/iit_commons/bin'
[30.995s] INFO:colcon.colcon_core.shell:Creating package script '/root/muse_ws/muse_ros2/muse_ws/install/iit_commons/share/iit_commons/package.ps1'
[30.996s] INFO:colcon.colcon_core.shell:Creating package descriptor '/root/muse_ws/muse_ros2/muse_ws/install/iit_commons/share/iit_commons/package.dsv'
[30.996s] INFO:colcon.colcon_core.shell:Creating package script '/root/muse_ws/muse_ros2/muse_ws/install/iit_commons/share/iit_commons/package.sh'
[30.997s] INFO:colcon.colcon_core.shell:Creating package script '/root/muse_ws/muse_ros2/muse_ws/install/iit_commons/share/iit_commons/package.bash'
[30.997s] INFO:colcon.colcon_core.shell:Creating package script '/root/muse_ws/muse_ros2/muse_ws/install/iit_commons/share/iit_commons/package.zsh'
[30.998s] Level 1:colcon.colcon_core.environment:create_file_with_runtime_dependencies(/root/muse_ws/muse_ros2/muse_ws/install/iit_commons/share/colcon-core/packages/iit_commons)
[31.009s] DEBUG:colcon.colcon_parallel_executor.executor.parallel:closing loop
[31.009s] DEBUG:colcon.colcon_parallel_executor.executor.parallel:loop closed
[31.009s] DEBUG:colcon.colcon_parallel_executor.executor.parallel:run_until_complete finished with '2'
[31.009s] DEBUG:colcon.colcon_core.event_reactor:joining thread
[31.051s] INFO:colcon.colcon_core.plugin_system:Skipping extension 'colcon_notification.desktop_notification.notify_send': Could not find 'notify-send'
[31.052s] INFO:colcon.colcon_core.plugin_system:Skipping extension 'colcon_notification.desktop_notification.terminal_notifier': Not used on non-Darwin systems
[31.052s] INFO:colcon.colcon_core.plugin_system:Skipping extension 'colcon_notification.desktop_notification.win32': Not used on non-Windows systems
[31.052s] INFO:colcon.colcon_notification.desktop_notification:Sending desktop notification using 'notify2'
[31.052s] DEBUG:colcon.colcon_notification.desktop_notification.notify2:Failed to initialize notify2: org.freedesktop.DBus.Error.NotSupported: Unable to autolaunch a dbus-daemon without a $DISPLAY for X11
[31.052s] DEBUG:colcon.colcon_core.event_reactor:joined thread
[31.053s] INFO:colcon.colcon_core.shell:Creating prefix script '/root/muse_ws/muse_ros2/muse_ws/install/local_setup.ps1'
[31.055s] INFO:colcon.colcon_core.shell:Creating prefix util module '/root/muse_ws/muse_ros2/muse_ws/install/_local_setup_util_ps1.py'
[31.057s] INFO:colcon.colcon_core.shell:Creating prefix chain script '/root/muse_ws/muse_ros2/muse_ws/install/setup.ps1'
[31.059s] INFO:colcon.colcon_core.shell:Creating prefix script '/root/muse_ws/muse_ros2/muse_ws/install/local_setup.sh'
[31.059s] INFO:colcon.colcon_core.shell:Creating prefix util module '/root/muse_ws/muse_ros2/muse_ws/install/_local_setup_util_sh.py'
[31.060s] INFO:colcon.colcon_core.shell:Creating prefix chain script '/root/muse_ws/muse_ros2/muse_ws/install/setup.sh'
[31.062s] INFO:colcon.colcon_core.shell:Creating prefix script '/root/muse_ws/muse_ros2/muse_ws/install/local_setup.bash'
[31.062s] INFO:colcon.colcon_core.shell:Creating prefix chain script '/root/muse_ws/muse_ros2/muse_ws/install/setup.bash'
[31.064s] INFO:colcon.colcon_core.shell:Creating prefix script '/root/muse_ws/muse_ros2/muse_ws/install/local_setup.zsh'
[31.064s] INFO:colcon.colcon_core.shell:Creating prefix chain script '/root/muse_ws/muse_ros2/muse_ws/install/setup.zsh'
