[35m[1mConsolidate compiler generated dependencies of target gtest_main[0m
[35m[1mConsolidate compiler generated dependencies of target iitcommons[0m
[35m[1mConsolidate compiler generated dependencies of target gtest[0m
[  9%] Built target gtest_main
[ 19%] Built target gtest
[ 42%] Built target iitcommons
[35m[1mConsolidate compiler generated dependencies of target algebra-test[0m
[35m[1mConsolidate compiler generated dependencies of target filt-test[0m
[35m[1mConsolidate compiler generated dependencies of target vm-test[0m
[35m[1mConsolidate compiler generated dependencies of target rotation-test[0m
[35m[1mConsolidate compiler generated dependencies of target planning-test[0m
[35m[1mConsolidate compiler generated dependencies of target legboolmap-test[0m
[ 52%] Built target algebra-test
[ 61%] Built target filt-test
[ 71%] Built target rotation-test
[ 80%] Built target legboolmap-test
[ 90%] Built target planning-test
[100%] Built target vm-test
-- Install configuration: ""
-- Up-to-date: /home/go2/go2_ws/src/muse/muse_ros2/muse_ws/install/iit_commons/lib/libiitcommons.so
-- Up-to-date: /home/go2/go2_ws/src/muse/muse_ros2/muse_ws/install/iit_commons/include
-- Up-to-date: /home/go2/go2_ws/src/muse/muse_ros2/muse_ws/install/iit_commons/include/iit_commons
-- Up-to-date: /home/go2/go2_ws/src/muse/muse_ros2/muse_ws/install/iit_commons/include/iit_commons/commons
-- Up-to-date: /home/go2/go2_ws/src/muse/muse_ros2/muse_ws/install/iit_commons/include/iit_commons/commons/four_bar_linkage.h
-- Up-to-date: /home/go2/go2_ws/src/muse/muse_ros2/muse_ws/install/iit_commons/include/iit_commons/commons/filters.h
-- Up-to-date: /home/go2/go2_ws/src/muse/muse_ros2/muse_ws/install/iit_commons/include/iit_commons/commons/SL
-- Up-to-date: /home/go2/go2_ws/src/muse/muse_ros2/muse_ws/install/iit_commons/include/iit_commons/commons/SL/eigen_conversion.h
-- Up-to-date: /home/go2/go2_ws/src/muse/muse_ros2/muse_ws/install/iit_commons/include/iit_commons/commons/SL/rbd_conversion.h
-- Up-to-date: /home/go2/go2_ws/src/muse/muse_ros2/muse_ws/install/iit_commons/include/iit_commons/commons/SL/generic_dynamics.h
-- Up-to-date: /home/go2/go2_ws/src/muse/muse_ros2/muse_ws/install/iit_commons/include/iit_commons/commons/SL/joint_status_conversion.h
-- Up-to-date: /home/go2/go2_ws/src/muse/muse_ros2/muse_ws/install/iit_commons/include/iit_commons/commons/planning
-- Up-to-date: /home/go2/go2_ws/src/muse/muse_ros2/muse_ws/install/iit_commons/include/iit_commons/commons/planning/planning.h
-- Up-to-date: /home/go2/go2_ws/src/muse/muse_ros2/muse_ws/install/iit_commons/include/iit_commons/commons/control
-- Up-to-date: /home/go2/go2_ws/src/muse/muse_ros2/muse_ws/install/iit_commons/include/iit_commons/commons/control/VirtualModel.hpp
-- Up-to-date: /home/go2/go2_ws/src/muse/muse_ros2/muse_ws/install/iit_commons/include/iit_commons/commons/yaml_config
-- Up-to-date: /home/go2/go2_ws/src/muse/muse_ros2/muse_ws/install/iit_commons/include/iit_commons/commons/yaml_config/yaml_config.h
-- Up-to-date: /home/go2/go2_ws/src/muse/muse_ros2/muse_ws/install/iit_commons/include/iit_commons/commons/geometry
-- Up-to-date: /home/go2/go2_ws/src/muse/muse_ros2/muse_ws/install/iit_commons/include/iit_commons/commons/geometry/algebra.h
-- Up-to-date: /home/go2/go2_ws/src/muse/muse_ros2/muse_ws/install/iit_commons/include/iit_commons/commons/geometry/polygon.h
-- Up-to-date: /home/go2/go2_ws/src/muse/muse_ros2/muse_ws/install/iit_commons/include/iit_commons/commons/geometry/rotations.h
-- Up-to-date: /home/go2/go2_ws/src/muse/muse_ros2/muse_ws/install/iit_commons/include/iit_commons/commons/dog
-- Up-to-date: /home/go2/go2_ws/src/muse/muse_ros2/muse_ws/install/iit_commons/include/iit_commons/commons/dog/feet_contact_forces.h
-- Up-to-date: /home/go2/go2_ws/src/muse/muse_ros2/muse_ws/install/iit_commons/include/iit_commons/commons/dog/leg_bool_map.h
-- Up-to-date: /home/go2/go2_ws/src/muse/muse_ros2/muse_ws/install/iit_commons/include/iit_commons/commons/dog/leg_data_map.h
-- Up-to-date: /home/go2/go2_ws/src/muse/muse_ros2/muse_ws/install/iit_commons/include/iit_commons/commons/dog/declarations.h
-- Up-to-date: /home/go2/go2_ws/src/muse/muse_ros2/muse_ws/install/iit_commons/include/iit_commons/commons/dog/joint_bool_map.h
-- Up-to-date: /home/go2/go2_ws/src/muse/muse_ros2/muse_ws/install/iit_commons/include/iit_commons/commons/dog/inertia_properties.h
-- Up-to-date: /home/go2/go2_ws/src/muse/muse_ros2/muse_ws/install/iit_commons/include/iit_commons/commons/dog/forward_kinematics.h
-- Up-to-date: /home/go2/go2_ws/src/muse/muse_ros2/muse_ws/install/iit_commons/include/iit_commons/commons/dog/test_k.h
-- Up-to-date: /home/go2/go2_ws/src/muse/muse_ros2/muse_ws/install/iit_commons/include/iit_commons/commons/dog/kin_dyn_params.h
-- Up-to-date: /home/go2/go2_ws/src/muse/muse_ros2/muse_ws/install/iit_commons/include/iit_commons/commons/dog/transforms.h
-- Up-to-date: /home/go2/go2_ws/src/muse/muse_ros2/muse_ws/install/iit_commons/include/iit_commons/commons/dog/test_fk.h
-- Up-to-date: /home/go2/go2_ws/src/muse/muse_ros2/muse_ws/install/iit_commons/include/iit_commons/commons/dog/joint_data_map.h
-- Up-to-date: /home/go2/go2_ws/src/muse/muse_ros2/muse_ws/install/iit_commons/include/iit_commons/commons/dog/dog.hpp
-- Up-to-date: /home/go2/go2_ws/src/muse/muse_ros2/muse_ws/install/iit_commons/include/iit_commons/commons/dog/jsim.h
-- Up-to-date: /home/go2/go2_ws/src/muse/muse_ros2/muse_ws/install/iit_commons/include/iit_commons/commons/dog/joint_id_tricks.h
-- Up-to-date: /home/go2/go2_ws/src/muse/muse_ros2/muse_ws/install/iit_commons/include/iit_commons/commons/dog/inverse_kinematics.h
-- Up-to-date: /home/go2/go2_ws/src/muse/muse_ros2/muse_ws/install/iit_commons/include/iit_commons/commons/dog/link_data_map.h
-- Up-to-date: /home/go2/go2_ws/src/muse/muse_ros2/muse_ws/install/iit_commons/include/iit_commons/commons/dog/robot_limits.h
-- Up-to-date: /home/go2/go2_ws/src/muse/muse_ros2/muse_ws/install/iit_commons/include/iit_commons/commons/dog/feet_jacobians.h
-- Up-to-date: /home/go2/go2_ws/src/muse/muse_ros2/muse_ws/install/iit_commons/include/iit_commons/commons/dog/body_lengths.h
-- Up-to-date: /home/go2/go2_ws/src/muse/muse_ros2/muse_ws/install/iit_commons/include/iit_commons/commons/dog/shin_jacobians.h
-- Up-to-date: /home/go2/go2_ws/src/muse/muse_ros2/muse_ws/install/iit_commons/include/iit_commons/commons/dog/inverse_dynamics.h
-- Up-to-date: /home/go2/go2_ws/src/muse/muse_ros2/muse_ws/install/iit_commons/include/iit_commons/commons/control.h
-- Up-to-date: /home/go2/go2_ws/src/muse/muse_ros2/muse_ws/install/iit_commons/include/iit_commons/commons/eigen_matrix_utils.h
-- Up-to-date: /home/go2/go2_ws/src/muse/muse_ros2/muse_ws/install/iit_commons/include/iit_commons/commons/euler_angles
-- Up-to-date: /home/go2/go2_ws/src/muse/muse_ros2/muse_ws/install/iit_commons/include/iit_commons/commons/euler_angles/transforms_internal.h
-- Up-to-date: /home/go2/go2_ws/src/muse/muse_ros2/muse_ws/install/iit_commons/include/iit_commons/commons/euler_angles/common.h
-- Up-to-date: /home/go2/go2_ws/src/muse/muse_ros2/muse_ws/install/iit_commons/include/iit_commons/commons/euler_angles/transform.h
-- Up-to-date: /home/go2/go2_ws/src/muse/muse_ros2/muse_ws/install/iit_commons/include/iit_commons/commons/euler_angles/eigen_traits.h
-- Up-to-date: /home/go2/go2_ws/src/muse/muse_ros2/muse_ws/install/iit_commons/include/iit_commons/commons/hydraulics.h
-- Up-to-date: /home/go2/go2_ws/src/muse/muse_ros2/muse_ws/install/iit_commons/include/iit_commons/robcogen
-- Up-to-date: /home/go2/go2_ws/src/muse/muse_ros2/muse_ws/install/iit_commons/include/iit_commons/robcogen/test
-- Up-to-date: /home/go2/go2_ws/src/muse/muse_ros2/muse_ws/install/iit_commons/include/iit_commons/robcogen/test/dynamics_cmd_line.h
-- Up-to-date: /home/go2/go2_ws/src/muse/muse_ros2/muse_ws/install/iit_commons/include/iit_commons/robcogen/test/dynamics_consistency.h
-- Up-to-date: /home/go2/go2_ws/src/muse/muse_ros2/muse_ws/install/iit_commons/include/iit_commons/robcogen/utils.h
-- Up-to-date: /home/go2/go2_ws/src/muse/muse_ros2/muse_ws/install/iit_commons/include/iit_commons/rbd
-- Up-to-date: /home/go2/go2_ws/src/muse/muse_ros2/muse_ws/install/iit_commons/include/iit_commons/rbd/TransformsBase.h
-- Up-to-date: /home/go2/go2_ws/src/muse/muse_ros2/muse_ws/install/iit_commons/include/iit_commons/rbd/rbd.h
-- Up-to-date: /home/go2/go2_ws/src/muse/muse_ros2/muse_ws/install/iit_commons/include/iit_commons/rbd/robcogen_commons.h
-- Up-to-date: /home/go2/go2_ws/src/muse/muse_ros2/muse_ws/install/iit_commons/include/iit_commons/rbd/StateDependentBase.h
-- Up-to-date: /home/go2/go2_ws/src/muse/muse_ros2/muse_ws/install/iit_commons/include/iit_commons/rbd/StateDependentMatrix.h
-- Up-to-date: /home/go2/go2_ws/src/muse/muse_ros2/muse_ws/install/iit_commons/include/iit_commons/rbd/utils.h
-- Up-to-date: /home/go2/go2_ws/src/muse/muse_ros2/muse_ws/install/iit_commons/include/iit_commons/rbd/internals.h
-- Up-to-date: /home/go2/go2_ws/src/muse/muse_ros2/muse_ws/install/iit_commons/include/iit_commons/rbd/InertiaMatrix.h
-- Up-to-date: /home/go2/go2_ws/src/muse/muse_ros2/muse_ws/install/iit_commons/include/iit_commons/rbd/eigen_traits.h
-- Up-to-date: /home/go2/go2_ws/src/muse/muse_ros2/muse_ws/install/iit_commons/share/iit_commons/environment/library_path.sh
-- Up-to-date: /home/go2/go2_ws/src/muse/muse_ros2/muse_ws/install/iit_commons/share/iit_commons/environment/library_path.dsv
-- Up-to-date: /home/go2/go2_ws/src/muse/muse_ros2/muse_ws/install/iit_commons/share/ament_index/resource_index/package_run_dependencies/iit_commons
-- Up-to-date: /home/go2/go2_ws/src/muse/muse_ros2/muse_ws/install/iit_commons/share/ament_index/resource_index/parent_prefix_path/iit_commons
-- Up-to-date: /home/go2/go2_ws/src/muse/muse_ros2/muse_ws/install/iit_commons/share/iit_commons/environment/ament_prefix_path.sh
-- Up-to-date: /home/go2/go2_ws/src/muse/muse_ros2/muse_ws/install/iit_commons/share/iit_commons/environment/ament_prefix_path.dsv
-- Up-to-date: /home/go2/go2_ws/src/muse/muse_ros2/muse_ws/install/iit_commons/share/iit_commons/environment/path.sh
-- Up-to-date: /home/go2/go2_ws/src/muse/muse_ros2/muse_ws/install/iit_commons/share/iit_commons/environment/path.dsv
-- Up-to-date: /home/go2/go2_ws/src/muse/muse_ros2/muse_ws/install/iit_commons/share/iit_commons/local_setup.bash
-- Up-to-date: /home/go2/go2_ws/src/muse/muse_ros2/muse_ws/install/iit_commons/share/iit_commons/local_setup.sh
-- Up-to-date: /home/go2/go2_ws/src/muse/muse_ros2/muse_ws/install/iit_commons/share/iit_commons/local_setup.zsh
-- Up-to-date: /home/go2/go2_ws/src/muse/muse_ros2/muse_ws/install/iit_commons/share/iit_commons/local_setup.dsv
-- Installing: /home/go2/go2_ws/src/muse/muse_ros2/muse_ws/install/iit_commons/share/iit_commons/package.dsv
-- Up-to-date: /home/go2/go2_ws/src/muse/muse_ros2/muse_ws/install/iit_commons/share/ament_index/resource_index/packages/iit_commons
-- Up-to-date: /home/go2/go2_ws/src/muse/muse_ros2/muse_ws/install/iit_commons/share/iit_commons/cmake/iitcommonsExport.cmake
-- Up-to-date: /home/go2/go2_ws/src/muse/muse_ros2/muse_ws/install/iit_commons/share/iit_commons/cmake/iitcommonsExport-noconfig.cmake
-- Up-to-date: /home/go2/go2_ws/src/muse/muse_ros2/muse_ws/install/iit_commons/share/iit_commons/cmake/ament_cmake_export_targets-extras.cmake
-- Up-to-date: /home/go2/go2_ws/src/muse/muse_ros2/muse_ws/install/iit_commons/share/iit_commons/cmake/ament_cmake_export_include_directories-extras.cmake
-- Up-to-date: /home/go2/go2_ws/src/muse/muse_ros2/muse_ws/install/iit_commons/share/iit_commons/cmake/ament_cmake_export_libraries-extras.cmake
-- Up-to-date: /home/go2/go2_ws/src/muse/muse_ros2/muse_ws/install/iit_commons/share/iit_commons/cmake/ament_cmake_export_dependencies-extras.cmake
-- Up-to-date: /home/go2/go2_ws/src/muse/muse_ros2/muse_ws/install/iit_commons/share/iit_commons/cmake/iit_commonsConfig.cmake
-- Up-to-date: /home/go2/go2_ws/src/muse/muse_ros2/muse_ws/install/iit_commons/share/iit_commons/cmake/iit_commonsConfig-version.cmake
-- Up-to-date: /home/go2/go2_ws/src/muse/muse_ros2/muse_ws/install/iit_commons/share/iit_commons/package.xml
