[0.031s] Invoking command in '/home/go2/go2_ws/src/muse/muse_ros2/muse_ws/build/iit_commons': CMAKE_PREFIX_PATH=${CMAKE_PREFIX_PATH}:/opt/ros/humble /usr/bin/cmake --build /home/go2/go2_ws/src/muse/muse_ros2/muse_ws/build/iit_commons -- -j12 -l12
[0.076s] [35m[1mConsolidate compiler generated dependencies of target gtest_main[0m
[0.078s] [35m[1mConsolidate compiler generated dependencies of target iitcommons[0m
[0.078s] [35m[1mConsolidate compiler generated dependencies of target gtest[0m
[0.098s] [  9%] Built target gtest_main
[0.099s] [ 19%] Built target gtest
[0.113s] [ 42%] Built target iitcommons
[0.123s] [35m[1mConsolidate compiler generated dependencies of target algebra-test[0m
[0.132s] [35m[1mConsolidate compiler generated dependencies of target filt-test[0m
[0.132s] [35m[1mConsolidate compiler generated dependencies of target vm-test[0m
[0.137s] [35m[1mConsolidate compiler generated dependencies of target rotation-test[0m
[0.139s] [35m[1mConsolidate compiler generated dependencies of target planning-test[0m
[0.148s] [35m[1mConsolidate compiler generated dependencies of target legboolmap-test[0m
[0.158s] [ 52%] Built target algebra-test
[0.163s] [ 61%] Built target filt-test
[0.179s] [ 71%] Built target rotation-test
[0.179s] [ 80%] Built target legboolmap-test
[0.182s] [ 90%] Built target planning-test
[0.182s] [100%] Built target vm-test
[0.199s] Invoked command in '/home/go2/go2_ws/src/muse/muse_ros2/muse_ws/build/iit_commons' returned '0': CMAKE_PREFIX_PATH=${CMAKE_PREFIX_PATH}:/opt/ros/humble /usr/bin/cmake --build /home/go2/go2_ws/src/muse/muse_ros2/muse_ws/build/iit_commons -- -j12 -l12
[0.215s] Invoking command in '/home/go2/go2_ws/src/muse/muse_ros2/muse_ws/build/iit_commons': CMAKE_PREFIX_PATH=${CMAKE_PREFIX_PATH}:/opt/ros/humble /usr/bin/cmake --install /home/go2/go2_ws/src/muse/muse_ros2/muse_ws/build/iit_commons
[0.224s] -- Install configuration: ""
[0.225s] -- Up-to-date: /home/go2/go2_ws/src/muse/muse_ros2/muse_ws/install/iit_commons/lib/libiitcommons.so
[0.225s] -- Up-to-date: /home/go2/go2_ws/src/muse/muse_ros2/muse_ws/install/iit_commons/include
[0.225s] -- Up-to-date: /home/go2/go2_ws/src/muse/muse_ros2/muse_ws/install/iit_commons/include/iit_commons
[0.226s] -- Up-to-date: /home/go2/go2_ws/src/muse/muse_ros2/muse_ws/install/iit_commons/include/iit_commons/commons
[0.226s] -- Up-to-date: /home/go2/go2_ws/src/muse/muse_ros2/muse_ws/install/iit_commons/include/iit_commons/commons/four_bar_linkage.h
[0.226s] -- Up-to-date: /home/go2/go2_ws/src/muse/muse_ros2/muse_ws/install/iit_commons/include/iit_commons/commons/filters.h
[0.227s] -- Up-to-date: /home/go2/go2_ws/src/muse/muse_ros2/muse_ws/install/iit_commons/include/iit_commons/commons/SL
[0.227s] -- Up-to-date: /home/go2/go2_ws/src/muse/muse_ros2/muse_ws/install/iit_commons/include/iit_commons/commons/SL/eigen_conversion.h
[0.227s] -- Up-to-date: /home/go2/go2_ws/src/muse/muse_ros2/muse_ws/install/iit_commons/include/iit_commons/commons/SL/rbd_conversion.h
[0.227s] -- Up-to-date: /home/go2/go2_ws/src/muse/muse_ros2/muse_ws/install/iit_commons/include/iit_commons/commons/SL/generic_dynamics.h
[0.228s] -- Up-to-date: /home/go2/go2_ws/src/muse/muse_ros2/muse_ws/install/iit_commons/include/iit_commons/commons/SL/joint_status_conversion.h
[0.228s] -- Up-to-date: /home/go2/go2_ws/src/muse/muse_ros2/muse_ws/install/iit_commons/include/iit_commons/commons/planning
[0.228s] -- Up-to-date: /home/go2/go2_ws/src/muse/muse_ros2/muse_ws/install/iit_commons/include/iit_commons/commons/planning/planning.h
[0.228s] -- Up-to-date: /home/go2/go2_ws/src/muse/muse_ros2/muse_ws/install/iit_commons/include/iit_commons/commons/control
[0.229s] -- Up-to-date: /home/go2/go2_ws/src/muse/muse_ros2/muse_ws/install/iit_commons/include/iit_commons/commons/control/VirtualModel.hpp
[0.229s] -- Up-to-date: /home/go2/go2_ws/src/muse/muse_ros2/muse_ws/install/iit_commons/include/iit_commons/commons/yaml_config
[0.229s] -- Up-to-date: /home/go2/go2_ws/src/muse/muse_ros2/muse_ws/install/iit_commons/include/iit_commons/commons/yaml_config/yaml_config.h
[0.229s] -- Up-to-date: /home/go2/go2_ws/src/muse/muse_ros2/muse_ws/install/iit_commons/include/iit_commons/commons/geometry
[0.230s] -- Up-to-date: /home/go2/go2_ws/src/muse/muse_ros2/muse_ws/install/iit_commons/include/iit_commons/commons/geometry/algebra.h
[0.230s] -- Up-to-date: /home/go2/go2_ws/src/muse/muse_ros2/muse_ws/install/iit_commons/include/iit_commons/commons/geometry/polygon.h
[0.230s] -- Up-to-date: /home/go2/go2_ws/src/muse/muse_ros2/muse_ws/install/iit_commons/include/iit_commons/commons/geometry/rotations.h
[0.231s] -- Up-to-date: /home/go2/go2_ws/src/muse/muse_ros2/muse_ws/install/iit_commons/include/iit_commons/commons/dog
[0.231s] -- Up-to-date: /home/go2/go2_ws/src/muse/muse_ros2/muse_ws/install/iit_commons/include/iit_commons/commons/dog/feet_contact_forces.h
[0.231s] -- Up-to-date: /home/go2/go2_ws/src/muse/muse_ros2/muse_ws/install/iit_commons/include/iit_commons/commons/dog/leg_bool_map.h
[0.231s] -- Up-to-date: /home/go2/go2_ws/src/muse/muse_ros2/muse_ws/install/iit_commons/include/iit_commons/commons/dog/leg_data_map.h
[0.231s] -- Up-to-date: /home/go2/go2_ws/src/muse/muse_ros2/muse_ws/install/iit_commons/include/iit_commons/commons/dog/declarations.h
[0.232s] -- Up-to-date: /home/go2/go2_ws/src/muse/muse_ros2/muse_ws/install/iit_commons/include/iit_commons/commons/dog/joint_bool_map.h
[0.232s] -- Up-to-date: /home/go2/go2_ws/src/muse/muse_ros2/muse_ws/install/iit_commons/include/iit_commons/commons/dog/inertia_properties.h
[0.232s] -- Up-to-date: /home/go2/go2_ws/src/muse/muse_ros2/muse_ws/install/iit_commons/include/iit_commons/commons/dog/forward_kinematics.h
[0.232s] -- Up-to-date: /home/go2/go2_ws/src/muse/muse_ros2/muse_ws/install/iit_commons/include/iit_commons/commons/dog/test_k.h
[0.232s] -- Up-to-date: /home/go2/go2_ws/src/muse/muse_ros2/muse_ws/install/iit_commons/include/iit_commons/commons/dog/kin_dyn_params.h
[0.232s] -- Up-to-date: /home/go2/go2_ws/src/muse/muse_ros2/muse_ws/install/iit_commons/include/iit_commons/commons/dog/transforms.h
[0.232s] -- Up-to-date: /home/go2/go2_ws/src/muse/muse_ros2/muse_ws/install/iit_commons/include/iit_commons/commons/dog/test_fk.h
[0.232s] -- Up-to-date: /home/go2/go2_ws/src/muse/muse_ros2/muse_ws/install/iit_commons/include/iit_commons/commons/dog/joint_data_map.h
[0.233s] -- Up-to-date: /home/go2/go2_ws/src/muse/muse_ros2/muse_ws/install/iit_commons/include/iit_commons/commons/dog/dog.hpp
[0.233s] -- Up-to-date: /home/go2/go2_ws/src/muse/muse_ros2/muse_ws/install/iit_commons/include/iit_commons/commons/dog/jsim.h
[0.233s] -- Up-to-date: /home/go2/go2_ws/src/muse/muse_ros2/muse_ws/install/iit_commons/include/iit_commons/commons/dog/joint_id_tricks.h
[0.233s] -- Up-to-date: /home/go2/go2_ws/src/muse/muse_ros2/muse_ws/install/iit_commons/include/iit_commons/commons/dog/inverse_kinematics.h
[0.233s] -- Up-to-date: /home/go2/go2_ws/src/muse/muse_ros2/muse_ws/install/iit_commons/include/iit_commons/commons/dog/link_data_map.h
[0.233s] -- Up-to-date: /home/go2/go2_ws/src/muse/muse_ros2/muse_ws/install/iit_commons/include/iit_commons/commons/dog/robot_limits.h
[0.233s] -- Up-to-date: /home/go2/go2_ws/src/muse/muse_ros2/muse_ws/install/iit_commons/include/iit_commons/commons/dog/feet_jacobians.h
[0.233s] -- Up-to-date: /home/go2/go2_ws/src/muse/muse_ros2/muse_ws/install/iit_commons/include/iit_commons/commons/dog/body_lengths.h
[0.233s] -- Up-to-date: /home/go2/go2_ws/src/muse/muse_ros2/muse_ws/install/iit_commons/include/iit_commons/commons/dog/shin_jacobians.h
[0.233s] -- Up-to-date: /home/go2/go2_ws/src/muse/muse_ros2/muse_ws/install/iit_commons/include/iit_commons/commons/dog/inverse_dynamics.h
[0.233s] -- Up-to-date: /home/go2/go2_ws/src/muse/muse_ros2/muse_ws/install/iit_commons/include/iit_commons/commons/control.h
[0.233s] -- Up-to-date: /home/go2/go2_ws/src/muse/muse_ros2/muse_ws/install/iit_commons/include/iit_commons/commons/eigen_matrix_utils.h
[0.234s] -- Up-to-date: /home/go2/go2_ws/src/muse/muse_ros2/muse_ws/install/iit_commons/include/iit_commons/commons/euler_angles
[0.234s] -- Up-to-date: /home/go2/go2_ws/src/muse/muse_ros2/muse_ws/install/iit_commons/include/iit_commons/commons/euler_angles/transforms_internal.h
[0.234s] -- Up-to-date: /home/go2/go2_ws/src/muse/muse_ros2/muse_ws/install/iit_commons/include/iit_commons/commons/euler_angles/common.h
[0.234s] -- Up-to-date: /home/go2/go2_ws/src/muse/muse_ros2/muse_ws/install/iit_commons/include/iit_commons/commons/euler_angles/transform.h
[0.234s] -- Up-to-date: /home/go2/go2_ws/src/muse/muse_ros2/muse_ws/install/iit_commons/include/iit_commons/commons/euler_angles/eigen_traits.h
[0.234s] -- Up-to-date: /home/go2/go2_ws/src/muse/muse_ros2/muse_ws/install/iit_commons/include/iit_commons/commons/hydraulics.h
[0.234s] -- Up-to-date: /home/go2/go2_ws/src/muse/muse_ros2/muse_ws/install/iit_commons/include/iit_commons/robcogen
[0.234s] -- Up-to-date: /home/go2/go2_ws/src/muse/muse_ros2/muse_ws/install/iit_commons/include/iit_commons/robcogen/test
[0.234s] -- Up-to-date: /home/go2/go2_ws/src/muse/muse_ros2/muse_ws/install/iit_commons/include/iit_commons/robcogen/test/dynamics_cmd_line.h
[0.234s] -- Up-to-date: /home/go2/go2_ws/src/muse/muse_ros2/muse_ws/install/iit_commons/include/iit_commons/robcogen/test/dynamics_consistency.h
[0.234s] -- Up-to-date: /home/go2/go2_ws/src/muse/muse_ros2/muse_ws/install/iit_commons/include/iit_commons/robcogen/utils.h
[0.234s] -- Up-to-date: /home/go2/go2_ws/src/muse/muse_ros2/muse_ws/install/iit_commons/include/iit_commons/rbd
[0.234s] -- Up-to-date: /home/go2/go2_ws/src/muse/muse_ros2/muse_ws/install/iit_commons/include/iit_commons/rbd/TransformsBase.h
[0.234s] -- Up-to-date: /home/go2/go2_ws/src/muse/muse_ros2/muse_ws/install/iit_commons/include/iit_commons/rbd/rbd.h
[0.234s] -- Up-to-date: /home/go2/go2_ws/src/muse/muse_ros2/muse_ws/install/iit_commons/include/iit_commons/rbd/robcogen_commons.h
[0.235s] -- Up-to-date: /home/go2/go2_ws/src/muse/muse_ros2/muse_ws/install/iit_commons/include/iit_commons/rbd/StateDependentBase.h
[0.235s] -- Up-to-date: /home/go2/go2_ws/src/muse/muse_ros2/muse_ws/install/iit_commons/include/iit_commons/rbd/StateDependentMatrix.h
[0.235s] -- Up-to-date: /home/go2/go2_ws/src/muse/muse_ros2/muse_ws/install/iit_commons/include/iit_commons/rbd/utils.h
[0.235s] -- Up-to-date: /home/go2/go2_ws/src/muse/muse_ros2/muse_ws/install/iit_commons/include/iit_commons/rbd/internals.h
[0.236s] -- Up-to-date: /home/go2/go2_ws/src/muse/muse_ros2/muse_ws/install/iit_commons/include/iit_commons/rbd/InertiaMatrix.h
[0.236s] -- Up-to-date: /home/go2/go2_ws/src/muse/muse_ros2/muse_ws/install/iit_commons/include/iit_commons/rbd/eigen_traits.h
[0.236s] -- Up-to-date: /home/go2/go2_ws/src/muse/muse_ros2/muse_ws/install/iit_commons/share/iit_commons/environment/library_path.sh
[0.236s] -- Up-to-date: /home/go2/go2_ws/src/muse/muse_ros2/muse_ws/install/iit_commons/share/iit_commons/environment/library_path.dsv
[0.236s] -- Up-to-date: /home/go2/go2_ws/src/muse/muse_ros2/muse_ws/install/iit_commons/share/ament_index/resource_index/package_run_dependencies/iit_commons
[0.237s] -- Up-to-date: /home/go2/go2_ws/src/muse/muse_ros2/muse_ws/install/iit_commons/share/ament_index/resource_index/parent_prefix_path/iit_commons
[0.237s] -- Up-to-date: /home/go2/go2_ws/src/muse/muse_ros2/muse_ws/install/iit_commons/share/iit_commons/environment/ament_prefix_path.sh
[0.237s] -- Up-to-date: /home/go2/go2_ws/src/muse/muse_ros2/muse_ws/install/iit_commons/share/iit_commons/environment/ament_prefix_path.dsv
[0.238s] -- Up-to-date: /home/go2/go2_ws/src/muse/muse_ros2/muse_ws/install/iit_commons/share/iit_commons/environment/path.sh
[0.238s] -- Up-to-date: /home/go2/go2_ws/src/muse/muse_ros2/muse_ws/install/iit_commons/share/iit_commons/environment/path.dsv
[0.238s] -- Up-to-date: /home/go2/go2_ws/src/muse/muse_ros2/muse_ws/install/iit_commons/share/iit_commons/local_setup.bash
[0.238s] -- Up-to-date: /home/go2/go2_ws/src/muse/muse_ros2/muse_ws/install/iit_commons/share/iit_commons/local_setup.sh
[0.238s] -- Up-to-date: /home/go2/go2_ws/src/muse/muse_ros2/muse_ws/install/iit_commons/share/iit_commons/local_setup.zsh
[0.239s] -- Up-to-date: /home/go2/go2_ws/src/muse/muse_ros2/muse_ws/install/iit_commons/share/iit_commons/local_setup.dsv
[0.240s] -- Installing: /home/go2/go2_ws/src/muse/muse_ros2/muse_ws/install/iit_commons/share/iit_commons/package.dsv
[0.240s] -- Up-to-date: /home/go2/go2_ws/src/muse/muse_ros2/muse_ws/install/iit_commons/share/ament_index/resource_index/packages/iit_commons
[0.240s] -- Up-to-date: /home/go2/go2_ws/src/muse/muse_ros2/muse_ws/install/iit_commons/share/iit_commons/cmake/iitcommonsExport.cmake
[0.241s] -- Up-to-date: /home/go2/go2_ws/src/muse/muse_ros2/muse_ws/install/iit_commons/share/iit_commons/cmake/iitcommonsExport-noconfig.cmake
[0.241s] -- Up-to-date: /home/go2/go2_ws/src/muse/muse_ros2/muse_ws/install/iit_commons/share/iit_commons/cmake/ament_cmake_export_targets-extras.cmake
[0.241s] -- Up-to-date: /home/go2/go2_ws/src/muse/muse_ros2/muse_ws/install/iit_commons/share/iit_commons/cmake/ament_cmake_export_include_directories-extras.cmake
[0.241s] -- Up-to-date: /home/go2/go2_ws/src/muse/muse_ros2/muse_ws/install/iit_commons/share/iit_commons/cmake/ament_cmake_export_libraries-extras.cmake
[0.241s] -- Up-to-date: /home/go2/go2_ws/src/muse/muse_ros2/muse_ws/install/iit_commons/share/iit_commons/cmake/ament_cmake_export_dependencies-extras.cmake
[0.241s] -- Up-to-date: /home/go2/go2_ws/src/muse/muse_ros2/muse_ws/install/iit_commons/share/iit_commons/cmake/iit_commonsConfig.cmake
[0.242s] -- Up-to-date: /home/go2/go2_ws/src/muse/muse_ros2/muse_ws/install/iit_commons/share/iit_commons/cmake/iit_commonsConfig-version.cmake
[0.242s] -- Up-to-date: /home/go2/go2_ws/src/muse/muse_ros2/muse_ws/install/iit_commons/share/iit_commons/package.xml
[0.242s] Invoked command in '/home/go2/go2_ws/src/muse/muse_ros2/muse_ws/build/iit_commons' returned '0': CMAKE_PREFIX_PATH=${CMAKE_PREFIX_PATH}:/opt/ros/humble /usr/bin/cmake --install /home/go2/go2_ws/src/muse/muse_ros2/muse_ws/build/iit_commons
