[0.048s] Invoking command in '/root/muse_ws/muse_ros2/muse_ws/build/state_estimator_msgs': CMAKE_PREFIX_PATH=${CMAKE_PREFIX_PATH}:/opt/ros/humble /usr/bin/cmake /root/muse_ws/muse_ros2/muse_ws/src/state_estimator_msgs -DCMAKE_INSTALL_PREFIX=/root/muse_ws/muse_ros2/muse_ws/install/state_estimator_msgs
[0.496s] -- The C compiler identification is GNU 11.4.0
[0.723s] -- The CXX compiler identification is GNU 11.4.0
[0.739s] -- Detecting C compiler ABI info
[0.907s] -- Detecting C compiler ABI info - done
[0.916s] -- Check for working C compiler: /usr/bin/cc - skipped
[0.917s] -- Detecting C compile features
[0.918s] -- Detecting C compile features - done
[0.925s] -- Detecting CXX compiler ABI info
[1.141s] -- Detecting CXX compiler ABI info - done
[1.153s] -- Check for working CXX compiler: /usr/bin/c++ - skipped
[1.154s] -- Detecting CXX compile features
[1.154s] -- Detecting CXX compile features - done
[1.168s] -- Found ament_cmake: 1.3.12 (/opt/ros/humble/share/ament_cmake/cmake)
[1.410s] -- Found Python3: /usr/bin/python3 (found version "3.10.12") found components: Interpreter 
[1.639s] -- Found geometry_msgs: 4.9.0 (/opt/ros/humble/share/geometry_msgs/cmake)
[1.758s] -- Found rosidl_generator_c: 3.1.7 (/opt/ros/humble/share/rosidl_generator_c/cmake)
[1.774s] -- Found rosidl_adapter: 3.1.7 (/opt/ros/humble/share/rosidl_adapter/cmake)
[1.797s] -- Found rosidl_generator_cpp: 3.1.7 (/opt/ros/humble/share/rosidl_generator_cpp/cmake)
[1.853s] -- Using all available rosidl_typesupport_c: rosidl_typesupport_fastrtps_c;rosidl_typesupport_introspection_c
[1.909s] -- Using all available rosidl_typesupport_cpp: rosidl_typesupport_fastrtps_cpp;rosidl_typesupport_introspection_cpp
[2.020s] -- Found sensor_msgs: 4.9.0 (/opt/ros/humble/share/sensor_msgs/cmake)
[2.060s] -- Found rosidl_default_generators: 1.2.0 (/opt/ros/humble/share/rosidl_default_generators/cmake)
[2.783s] -- Found ament_cmake_ros: 0.10.0 (/opt/ros/humble/share/ament_cmake_ros/cmake)
[3.544s] -- Using all available rosidl_typesupport_c: rosidl_typesupport_fastrtps_c;rosidl_typesupport_introspection_c
[3.814s] -- Using all available rosidl_typesupport_cpp: rosidl_typesupport_fastrtps_cpp;rosidl_typesupport_introspection_cpp
[3.846s] -- Found PythonInterp: /usr/bin/python3 (found suitable version "3.10.12", minimum required is "3.6") 
[3.848s] -- Found python_cmake_module: 0.10.0 (/opt/ros/humble/share/python_cmake_module/cmake)
[3.892s] -- Found PythonLibs: /usr/lib/x86_64-linux-gnu/libpython3.10.so (found suitable version "3.10.12", minimum required is "3.5") 
[3.892s] -- Using PYTHON_EXECUTABLE: /usr/bin/python3
[3.892s] -- Using PYTHON_INCLUDE_DIRS: /usr/include/python3.10
[3.892s] -- Using PYTHON_LIBRARIES: /usr/lib/x86_64-linux-gnu/libpython3.10.so
[3.922s] -- Found PythonExtra: .so  
[4.064s] -- Configuring done
[4.229s] -- Generating done
[4.251s] -- Build files have been written to: /root/muse_ws/muse_ros2/muse_ws/build/state_estimator_msgs
