[0.153s] DEBUG:colcon:Command line arguments: ['/usr/bin/colcon', 'build']
[0.153s] DEBUG:colcon:Parsed command line arguments: Namespace(log_base=None, log_level=None, verb_name='build', build_base='build', install_base='install', merge_install=False, symlink_install=False, test_result_base=None, continue_on_error=False, executor='parallel', parallel_workers=12, event_handlers=None, ignore_user_meta=False, metas=['./colcon.meta'], base_paths=['.'], packages_ignore=None, packages_ignore_regex=None, paths=None, packages_up_to=None, packages_up_to_regex=None, packages_above=None, packages_above_and_dependencies=None, packages_above_depth=None, packages_select_by_dep=None, packages_skip_by_dep=None, packages_skip_up_to=None, packages_select_build_failed=False, packages_skip_build_finished=False, packages_select_test_failures=False, packages_skip_test_passed=False, packages_select=None, packages_skip=None, packages_select_regex=None, packages_skip_regex=None, packages_start=None, packages_end=None, allow_overriding=[], cmake_args=None, cmake_target=None, cmake_target_skip_unavailable=False, cmake_clean_cache=False, cmake_clean_first=False, cmake_force_configure=False, ament_cmake_args=None, catkin_cmake_args=None, catkin_skip_building_tests=False, verb_parser=<colcon_defaults.argument_parser.defaults.DefaultArgumentsDecorator object at 0x77549112f190>, verb_extension=<colcon_core.verb.build.BuildVerb object at 0x775491268670>, main=<bound method BuildVerb.main of <colcon_core.verb.build.BuildVerb object at 0x775491268670>>)
[0.302s] Level 1:colcon.colcon_core.package_discovery:discover_packages(colcon_meta) check parameters
[0.302s] Level 1:colcon.colcon_core.package_discovery:discover_packages(recursive) check parameters
[0.302s] Level 1:colcon.colcon_core.package_discovery:discover_packages(ignore) check parameters
[0.302s] Level 1:colcon.colcon_core.package_discovery:discover_packages(path) check parameters
[0.302s] Level 1:colcon.colcon_core.package_discovery:discover_packages(colcon_meta) discover
[0.302s] Level 1:colcon.colcon_core.package_discovery:discover_packages(recursive) discover
[0.302s] INFO:colcon.colcon_core.package_discovery:Crawling recursively for packages in '/home/go2/go2_ws/src/muse/muse_ros2/muse_ws'
[0.302s] Level 1:colcon.colcon_core.package_identification:_identify(.) by extensions ['ignore', 'ignore_ament_install']
[0.303s] Level 1:colcon.colcon_core.package_identification:_identify(.) by extension 'ignore'
[0.303s] Level 1:colcon.colcon_core.package_identification:_identify(.) by extension 'ignore_ament_install'
[0.303s] Level 1:colcon.colcon_core.package_identification:_identify(.) by extensions ['colcon_pkg']
[0.303s] Level 1:colcon.colcon_core.package_identification:_identify(.) by extension 'colcon_pkg'
[0.303s] Level 1:colcon.colcon_core.package_identification:_identify(.) by extensions ['colcon_meta']
[0.303s] Level 1:colcon.colcon_core.package_identification:_identify(.) by extension 'colcon_meta'
[0.303s] Level 1:colcon.colcon_core.package_identification:_identify(.) by extensions ['ros']
[0.303s] Level 1:colcon.colcon_core.package_identification:_identify(.) by extension 'ros'
[0.313s] Level 1:colcon.colcon_core.package_identification:_identify(.) by extensions ['cmake', 'python']
[0.313s] Level 1:colcon.colcon_core.package_identification:_identify(.) by extension 'cmake'
[0.313s] Level 1:colcon.colcon_core.package_identification:_identify(.) by extension 'python'
[0.313s] Level 1:colcon.colcon_core.package_identification:_identify(.) by extensions ['python_setup_py']
[0.313s] Level 1:colcon.colcon_core.package_identification:_identify(.) by extension 'python_setup_py'
[0.314s] Level 1:colcon.colcon_core.package_identification:_identify(build) by extensions ['ignore', 'ignore_ament_install']
[0.314s] Level 1:colcon.colcon_core.package_identification:_identify(build) by extension 'ignore'
[0.314s] Level 1:colcon.colcon_core.package_identification:_identify(build) ignored
[0.314s] Level 1:colcon.colcon_core.package_identification:_identify(install) by extensions ['ignore', 'ignore_ament_install']
[0.314s] Level 1:colcon.colcon_core.package_identification:_identify(install) by extension 'ignore'
[0.314s] Level 1:colcon.colcon_core.package_identification:_identify(install) ignored
[0.314s] Level 1:colcon.colcon_core.package_identification:_identify(log) by extensions ['ignore', 'ignore_ament_install']
[0.314s] Level 1:colcon.colcon_core.package_identification:_identify(log) by extension 'ignore'
[0.314s] Level 1:colcon.colcon_core.package_identification:_identify(log) ignored
[0.314s] Level 1:colcon.colcon_core.package_identification:_identify(src) by extensions ['ignore', 'ignore_ament_install']
[0.314s] Level 1:colcon.colcon_core.package_identification:_identify(src) by extension 'ignore'
[0.314s] Level 1:colcon.colcon_core.package_identification:_identify(src) by extension 'ignore_ament_install'
[0.314s] Level 1:colcon.colcon_core.package_identification:_identify(src) by extensions ['colcon_pkg']
[0.314s] Level 1:colcon.colcon_core.package_identification:_identify(src) by extension 'colcon_pkg'
[0.315s] Level 1:colcon.colcon_core.package_identification:_identify(src) by extensions ['colcon_meta']
[0.315s] Level 1:colcon.colcon_core.package_identification:_identify(src) by extension 'colcon_meta'
[0.315s] Level 1:colcon.colcon_core.package_identification:_identify(src) by extensions ['ros']
[0.315s] Level 1:colcon.colcon_core.package_identification:_identify(src) by extension 'ros'
[0.315s] Level 1:colcon.colcon_core.package_identification:_identify(src) by extensions ['cmake', 'python']
[0.315s] Level 1:colcon.colcon_core.package_identification:_identify(src) by extension 'cmake'
[0.315s] Level 1:colcon.colcon_core.package_identification:_identify(src) by extension 'python'
[0.315s] Level 1:colcon.colcon_core.package_identification:_identify(src) by extensions ['python_setup_py']
[0.315s] Level 1:colcon.colcon_core.package_identification:_identify(src) by extension 'python_setup_py'
[0.315s] Level 1:colcon.colcon_core.package_identification:_identify(src/iit_commons) by extensions ['ignore', 'ignore_ament_install']
[0.315s] Level 1:colcon.colcon_core.package_identification:_identify(src/iit_commons) by extension 'ignore'
[0.315s] Level 1:colcon.colcon_core.package_identification:_identify(src/iit_commons) by extension 'ignore_ament_install'
[0.315s] Level 1:colcon.colcon_core.package_identification:_identify(src/iit_commons) by extensions ['colcon_pkg']
[0.315s] Level 1:colcon.colcon_core.package_identification:_identify(src/iit_commons) by extension 'colcon_pkg'
[0.315s] Level 1:colcon.colcon_core.package_identification:_identify(src/iit_commons) by extensions ['colcon_meta']
[0.315s] Level 1:colcon.colcon_core.package_identification:_identify(src/iit_commons) by extension 'colcon_meta'
[0.315s] Level 1:colcon.colcon_core.package_identification:_identify(src/iit_commons) by extensions ['ros']
[0.315s] Level 1:colcon.colcon_core.package_identification:_identify(src/iit_commons) by extension 'ros'
[0.317s] DEBUG:colcon.colcon_core.package_identification:Package 'src/iit_commons' with type 'ros.ament_cmake' and name 'iit_commons'
[0.317s] Level 1:colcon.colcon_core.package_identification:_identify(src/kiss-icp) by extensions ['ignore', 'ignore_ament_install']
[0.318s] Level 1:colcon.colcon_core.package_identification:_identify(src/kiss-icp) by extension 'ignore'
[0.318s] Level 1:colcon.colcon_core.package_identification:_identify(src/kiss-icp) by extension 'ignore_ament_install'
[0.318s] Level 1:colcon.colcon_core.package_identification:_identify(src/kiss-icp) by extensions ['colcon_pkg']
[0.318s] Level 1:colcon.colcon_core.package_identification:_identify(src/kiss-icp) by extension 'colcon_pkg'
[0.318s] Level 1:colcon.colcon_core.package_identification:_identify(src/kiss-icp) by extensions ['colcon_meta']
[0.318s] Level 1:colcon.colcon_core.package_identification:_identify(src/kiss-icp) by extension 'colcon_meta'
[0.318s] Level 1:colcon.colcon_core.package_identification:_identify(src/kiss-icp) by extensions ['ros']
[0.318s] Level 1:colcon.colcon_core.package_identification:_identify(src/kiss-icp) by extension 'ros'
[0.318s] Level 1:colcon.colcon_core.package_identification:_identify(src/kiss-icp) by extensions ['cmake', 'python']
[0.318s] Level 1:colcon.colcon_core.package_identification:_identify(src/kiss-icp) by extension 'cmake'
[0.318s] Level 1:colcon.colcon_core.package_identification:_identify(src/kiss-icp) by extension 'python'
[0.318s] Level 1:colcon.colcon_core.package_identification:_identify(src/kiss-icp) by extensions ['python_setup_py']
[0.318s] Level 1:colcon.colcon_core.package_identification:_identify(src/kiss-icp) by extension 'python_setup_py'
[0.318s] Level 1:colcon.colcon_core.package_identification:_identify(src/kiss-icp/config) by extensions ['ignore', 'ignore_ament_install']
[0.318s] Level 1:colcon.colcon_core.package_identification:_identify(src/kiss-icp/config) by extension 'ignore'
[0.318s] Level 1:colcon.colcon_core.package_identification:_identify(src/kiss-icp/config) by extension 'ignore_ament_install'
[0.318s] Level 1:colcon.colcon_core.package_identification:_identify(src/kiss-icp/config) by extensions ['colcon_pkg']
[0.318s] Level 1:colcon.colcon_core.package_identification:_identify(src/kiss-icp/config) by extension 'colcon_pkg'
[0.319s] Level 1:colcon.colcon_core.package_identification:_identify(src/kiss-icp/config) by extensions ['colcon_meta']
[0.319s] Level 1:colcon.colcon_core.package_identification:_identify(src/kiss-icp/config) by extension 'colcon_meta'
[0.319s] Level 1:colcon.colcon_core.package_identification:_identify(src/kiss-icp/config) by extensions ['ros']
[0.319s] Level 1:colcon.colcon_core.package_identification:_identify(src/kiss-icp/config) by extension 'ros'
[0.319s] Level 1:colcon.colcon_core.package_identification:_identify(src/kiss-icp/config) by extensions ['cmake', 'python']
[0.319s] Level 1:colcon.colcon_core.package_identification:_identify(src/kiss-icp/config) by extension 'cmake'
[0.319s] Level 1:colcon.colcon_core.package_identification:_identify(src/kiss-icp/config) by extension 'python'
[0.319s] Level 1:colcon.colcon_core.package_identification:_identify(src/kiss-icp/config) by extensions ['python_setup_py']
[0.319s] Level 1:colcon.colcon_core.package_identification:_identify(src/kiss-icp/config) by extension 'python_setup_py'
[0.319s] Level 1:colcon.colcon_core.package_identification:_identify(src/kiss-icp/cpp) by extensions ['ignore', 'ignore_ament_install']
[0.319s] Level 1:colcon.colcon_core.package_identification:_identify(src/kiss-icp/cpp) by extension 'ignore'
[0.319s] Level 1:colcon.colcon_core.package_identification:_identify(src/kiss-icp/cpp) ignored
[0.319s] Level 1:colcon.colcon_core.package_identification:_identify(src/kiss-icp/eval) by extensions ['ignore', 'ignore_ament_install']
[0.319s] Level 1:colcon.colcon_core.package_identification:_identify(src/kiss-icp/eval) by extension 'ignore'
[0.319s] Level 1:colcon.colcon_core.package_identification:_identify(src/kiss-icp/eval) by extension 'ignore_ament_install'
[0.319s] Level 1:colcon.colcon_core.package_identification:_identify(src/kiss-icp/eval) by extensions ['colcon_pkg']
[0.319s] Level 1:colcon.colcon_core.package_identification:_identify(src/kiss-icp/eval) by extension 'colcon_pkg'
[0.319s] Level 1:colcon.colcon_core.package_identification:_identify(src/kiss-icp/eval) by extensions ['colcon_meta']
[0.319s] Level 1:colcon.colcon_core.package_identification:_identify(src/kiss-icp/eval) by extension 'colcon_meta'
[0.319s] Level 1:colcon.colcon_core.package_identification:_identify(src/kiss-icp/eval) by extensions ['ros']
[0.320s] Level 1:colcon.colcon_core.package_identification:_identify(src/kiss-icp/eval) by extension 'ros'
[0.320s] Level 1:colcon.colcon_core.package_identification:_identify(src/kiss-icp/eval) by extensions ['cmake', 'python']
[0.320s] Level 1:colcon.colcon_core.package_identification:_identify(src/kiss-icp/eval) by extension 'cmake'
[0.320s] Level 1:colcon.colcon_core.package_identification:_identify(src/kiss-icp/eval) by extension 'python'
[0.320s] Level 1:colcon.colcon_core.package_identification:_identify(src/kiss-icp/eval) by extensions ['python_setup_py']
[0.320s] Level 1:colcon.colcon_core.package_identification:_identify(src/kiss-icp/eval) by extension 'python_setup_py'
[0.320s] Level 1:colcon.colcon_core.package_identification:_identify(src/kiss-icp/python) by extensions ['ignore', 'ignore_ament_install']
[0.320s] Level 1:colcon.colcon_core.package_identification:_identify(src/kiss-icp/python) by extension 'ignore'
[0.320s] Level 1:colcon.colcon_core.package_identification:_identify(src/kiss-icp/python) ignored
[0.320s] Level 1:colcon.colcon_core.package_identification:_identify(src/kiss-icp/ros) by extensions ['ignore', 'ignore_ament_install']
[0.320s] Level 1:colcon.colcon_core.package_identification:_identify(src/kiss-icp/ros) by extension 'ignore'
[0.320s] Level 1:colcon.colcon_core.package_identification:_identify(src/kiss-icp/ros) by extension 'ignore_ament_install'
[0.320s] Level 1:colcon.colcon_core.package_identification:_identify(src/kiss-icp/ros) by extensions ['colcon_pkg']
[0.320s] Level 1:colcon.colcon_core.package_identification:_identify(src/kiss-icp/ros) by extension 'colcon_pkg'
[0.320s] Level 1:colcon.colcon_core.package_identification:_identify(src/kiss-icp/ros) by extensions ['colcon_meta']
[0.320s] Level 1:colcon.colcon_core.package_identification:_identify(src/kiss-icp/ros) by extension 'colcon_meta'
[0.320s] Level 1:colcon.colcon_core.package_identification:_identify(src/kiss-icp/ros) by extensions ['ros']
[0.320s] Level 1:colcon.colcon_core.package_identification:_identify(src/kiss-icp/ros) by extension 'ros'
[0.326s] DEBUG:colcon.colcon_core.package_identification:Package 'src/kiss-icp/ros' with type 'ros.ament_cmake' and name 'kiss_icp'
[0.326s] Level 1:colcon.colcon_core.package_identification:_identify(src/state_estimator) by extensions ['ignore', 'ignore_ament_install']
[0.326s] Level 1:colcon.colcon_core.package_identification:_identify(src/state_estimator) by extension 'ignore'
[0.326s] Level 1:colcon.colcon_core.package_identification:_identify(src/state_estimator) by extension 'ignore_ament_install'
[0.326s] Level 1:colcon.colcon_core.package_identification:_identify(src/state_estimator) by extensions ['colcon_pkg']
[0.326s] Level 1:colcon.colcon_core.package_identification:_identify(src/state_estimator) by extension 'colcon_pkg'
[0.326s] Level 1:colcon.colcon_core.package_identification:_identify(src/state_estimator) by extensions ['colcon_meta']
[0.327s] Level 1:colcon.colcon_core.package_identification:_identify(src/state_estimator) by extension 'colcon_meta'
[0.327s] Level 1:colcon.colcon_core.package_identification:_identify(src/state_estimator) by extensions ['ros']
[0.327s] Level 1:colcon.colcon_core.package_identification:_identify(src/state_estimator) by extension 'ros'
[0.328s] DEBUG:colcon.colcon_core.package_identification:Package 'src/state_estimator' with type 'ros.ament_cmake' and name 'state_estimator'
[0.328s] Level 1:colcon.colcon_core.package_identification:_identify(src/state_estimator_msgs) by extensions ['ignore', 'ignore_ament_install']
[0.328s] Level 1:colcon.colcon_core.package_identification:_identify(src/state_estimator_msgs) by extension 'ignore'
[0.328s] Level 1:colcon.colcon_core.package_identification:_identify(src/state_estimator_msgs) by extension 'ignore_ament_install'
[0.328s] Level 1:colcon.colcon_core.package_identification:_identify(src/state_estimator_msgs) by extensions ['colcon_pkg']
[0.328s] Level 1:colcon.colcon_core.package_identification:_identify(src/state_estimator_msgs) by extension 'colcon_pkg'
[0.328s] Level 1:colcon.colcon_core.package_identification:_identify(src/state_estimator_msgs) by extensions ['colcon_meta']
[0.328s] Level 1:colcon.colcon_core.package_identification:_identify(src/state_estimator_msgs) by extension 'colcon_meta'
[0.328s] Level 1:colcon.colcon_core.package_identification:_identify(src/state_estimator_msgs) by extensions ['ros']
[0.328s] Level 1:colcon.colcon_core.package_identification:_identify(src/state_estimator_msgs) by extension 'ros'
[0.329s] DEBUG:colcon.colcon_core.package_identification:Package 'src/state_estimator_msgs' with type 'ros.ament_cmake' and name 'state_estimator_msgs'
[0.329s] Level 1:colcon.colcon_core.package_discovery:discover_packages(recursive) using defaults
[0.329s] Level 1:colcon.colcon_core.package_discovery:discover_packages(ignore) discover
[0.329s] Level 1:colcon.colcon_core.package_discovery:discover_packages(ignore) using defaults
[0.329s] Level 1:colcon.colcon_core.package_discovery:discover_packages(path) discover
[0.329s] Level 1:colcon.colcon_core.package_discovery:discover_packages(path) using defaults
[0.355s] Level 1:colcon.colcon_core.package_discovery:discover_packages(prefix_path) check parameters
[0.355s] Level 1:colcon.colcon_core.package_discovery:discover_packages(prefix_path) discover
[0.357s] DEBUG:colcon.colcon_installed_package_information.package_discovery:Found 4 installed packages in /home/go2/go2_ws/src/muse/muse_ros2/muse_ws/install
[0.357s] DEBUG:colcon.colcon_installed_package_information.package_discovery:Found 1 installed packages in /home/go2/go2_ws/install
[0.359s] DEBUG:colcon.colcon_installed_package_information.package_discovery:Found 282 installed packages in /opt/ros/humble
[0.360s] Level 1:colcon.colcon_core.package_discovery:discover_packages(prefix_path) using defaults
[0.397s] Level 5:colcon.colcon_core.verb:set package 'iit_commons' build argument 'cmake_args' from command line to 'None'
[0.397s] Level 5:colcon.colcon_core.verb:set package 'iit_commons' build argument 'cmake_target' from command line to 'None'
[0.397s] Level 5:colcon.colcon_core.verb:set package 'iit_commons' build argument 'cmake_target_skip_unavailable' from command line to 'False'
[0.397s] Level 5:colcon.colcon_core.verb:set package 'iit_commons' build argument 'cmake_clean_cache' from command line to 'False'
[0.397s] Level 5:colcon.colcon_core.verb:set package 'iit_commons' build argument 'cmake_clean_first' from command line to 'False'
[0.397s] Level 5:colcon.colcon_core.verb:set package 'iit_commons' build argument 'cmake_force_configure' from command line to 'False'
[0.397s] Level 5:colcon.colcon_core.verb:set package 'iit_commons' build argument 'ament_cmake_args' from command line to 'None'
[0.397s] Level 5:colcon.colcon_core.verb:set package 'iit_commons' build argument 'catkin_cmake_args' from command line to 'None'
[0.397s] Level 5:colcon.colcon_core.verb:set package 'iit_commons' build argument 'catkin_skip_building_tests' from command line to 'False'
[0.397s] DEBUG:colcon.colcon_core.verb:Building package 'iit_commons' with the following arguments: {'ament_cmake_args': None, 'build_base': '/home/go2/go2_ws/src/muse/muse_ros2/muse_ws/build/iit_commons', 'catkin_cmake_args': None, 'catkin_skip_building_tests': False, 'cmake_args': None, 'cmake_clean_cache': False, 'cmake_clean_first': False, 'cmake_force_configure': False, 'cmake_target': None, 'cmake_target_skip_unavailable': False, 'install_base': '/home/go2/go2_ws/src/muse/muse_ros2/muse_ws/install/iit_commons', 'merge_install': False, 'path': '/home/go2/go2_ws/src/muse/muse_ros2/muse_ws/src/iit_commons', 'symlink_install': False, 'test_result_base': None}
[0.397s] Level 5:colcon.colcon_core.verb:set package 'kiss_icp' build argument 'cmake_args' from command line to 'None'
[0.398s] Level 5:colcon.colcon_core.verb:set package 'kiss_icp' build argument 'cmake_target' from command line to 'None'
[0.398s] Level 5:colcon.colcon_core.verb:set package 'kiss_icp' build argument 'cmake_target_skip_unavailable' from command line to 'False'
[0.398s] Level 5:colcon.colcon_core.verb:set package 'kiss_icp' build argument 'cmake_clean_cache' from command line to 'False'
[0.398s] Level 5:colcon.colcon_core.verb:set package 'kiss_icp' build argument 'cmake_clean_first' from command line to 'False'
[0.398s] Level 5:colcon.colcon_core.verb:set package 'kiss_icp' build argument 'cmake_force_configure' from command line to 'False'
[0.398s] Level 5:colcon.colcon_core.verb:set package 'kiss_icp' build argument 'ament_cmake_args' from command line to 'None'
[0.398s] Level 5:colcon.colcon_core.verb:set package 'kiss_icp' build argument 'catkin_cmake_args' from command line to 'None'
[0.398s] Level 5:colcon.colcon_core.verb:set package 'kiss_icp' build argument 'catkin_skip_building_tests' from command line to 'False'
[0.398s] DEBUG:colcon.colcon_core.verb:Building package 'kiss_icp' with the following arguments: {'ament_cmake_args': None, 'build_base': '/home/go2/go2_ws/src/muse/muse_ros2/muse_ws/build/kiss_icp', 'catkin_cmake_args': None, 'catkin_skip_building_tests': False, 'cmake_args': None, 'cmake_clean_cache': False, 'cmake_clean_first': False, 'cmake_force_configure': False, 'cmake_target': None, 'cmake_target_skip_unavailable': False, 'install_base': '/home/go2/go2_ws/src/muse/muse_ros2/muse_ws/install/kiss_icp', 'merge_install': False, 'path': '/home/go2/go2_ws/src/muse/muse_ros2/muse_ws/src/kiss-icp/ros', 'symlink_install': False, 'test_result_base': None}
[0.398s] Level 5:colcon.colcon_core.verb:set package 'state_estimator_msgs' build argument 'cmake_args' from command line to 'None'
[0.398s] Level 5:colcon.colcon_core.verb:set package 'state_estimator_msgs' build argument 'cmake_target' from command line to 'None'
[0.398s] Level 5:colcon.colcon_core.verb:set package 'state_estimator_msgs' build argument 'cmake_target_skip_unavailable' from command line to 'False'
[0.398s] Level 5:colcon.colcon_core.verb:set package 'state_estimator_msgs' build argument 'cmake_clean_cache' from command line to 'False'
[0.398s] Level 5:colcon.colcon_core.verb:set package 'state_estimator_msgs' build argument 'cmake_clean_first' from command line to 'False'
[0.398s] Level 5:colcon.colcon_core.verb:set package 'state_estimator_msgs' build argument 'cmake_force_configure' from command line to 'False'
[0.398s] Level 5:colcon.colcon_core.verb:set package 'state_estimator_msgs' build argument 'ament_cmake_args' from command line to 'None'
[0.398s] Level 5:colcon.colcon_core.verb:set package 'state_estimator_msgs' build argument 'catkin_cmake_args' from command line to 'None'
[0.398s] Level 5:colcon.colcon_core.verb:set package 'state_estimator_msgs' build argument 'catkin_skip_building_tests' from command line to 'False'
[0.398s] DEBUG:colcon.colcon_core.verb:Building package 'state_estimator_msgs' with the following arguments: {'ament_cmake_args': None, 'build_base': '/home/go2/go2_ws/src/muse/muse_ros2/muse_ws/build/state_estimator_msgs', 'catkin_cmake_args': None, 'catkin_skip_building_tests': False, 'cmake_args': None, 'cmake_clean_cache': False, 'cmake_clean_first': False, 'cmake_force_configure': False, 'cmake_target': None, 'cmake_target_skip_unavailable': False, 'install_base': '/home/go2/go2_ws/src/muse/muse_ros2/muse_ws/install/state_estimator_msgs', 'merge_install': False, 'path': '/home/go2/go2_ws/src/muse/muse_ros2/muse_ws/src/state_estimator_msgs', 'symlink_install': False, 'test_result_base': None}
[0.399s] Level 5:colcon.colcon_core.verb:set package 'state_estimator' build argument 'cmake_args' from command line to 'None'
[0.399s] Level 5:colcon.colcon_core.verb:set package 'state_estimator' build argument 'cmake_target' from command line to 'None'
[0.399s] Level 5:colcon.colcon_core.verb:set package 'state_estimator' build argument 'cmake_target_skip_unavailable' from command line to 'False'
[0.399s] Level 5:colcon.colcon_core.verb:set package 'state_estimator' build argument 'cmake_clean_cache' from command line to 'False'
[0.399s] Level 5:colcon.colcon_core.verb:set package 'state_estimator' build argument 'cmake_clean_first' from command line to 'False'
[0.399s] Level 5:colcon.colcon_core.verb:set package 'state_estimator' build argument 'cmake_force_configure' from command line to 'False'
[0.399s] Level 5:colcon.colcon_core.verb:set package 'state_estimator' build argument 'ament_cmake_args' from command line to 'None'
[0.399s] Level 5:colcon.colcon_core.verb:set package 'state_estimator' build argument 'catkin_cmake_args' from command line to 'None'
[0.399s] Level 5:colcon.colcon_core.verb:set package 'state_estimator' build argument 'catkin_skip_building_tests' from command line to 'False'
[0.399s] DEBUG:colcon.colcon_core.verb:Building package 'state_estimator' with the following arguments: {'ament_cmake_args': None, 'build_base': '/home/go2/go2_ws/src/muse/muse_ros2/muse_ws/build/state_estimator', 'catkin_cmake_args': None, 'catkin_skip_building_tests': False, 'cmake_args': None, 'cmake_clean_cache': False, 'cmake_clean_first': False, 'cmake_force_configure': False, 'cmake_target': None, 'cmake_target_skip_unavailable': False, 'install_base': '/home/go2/go2_ws/src/muse/muse_ros2/muse_ws/install/state_estimator', 'merge_install': False, 'path': '/home/go2/go2_ws/src/muse/muse_ros2/muse_ws/src/state_estimator', 'symlink_install': False, 'test_result_base': None}
[0.399s] INFO:colcon.colcon_core.executor:Executing jobs using 'parallel' executor
[0.400s] DEBUG:colcon.colcon_parallel_executor.executor.parallel:run_until_complete
[0.400s] INFO:colcon.colcon_ros.task.ament_cmake.build:Building ROS package in '/home/go2/go2_ws/src/muse/muse_ros2/muse_ws/src/state_estimator_msgs' with build type 'ament_cmake'
[0.400s] INFO:colcon.colcon_cmake.task.cmake.build:Building CMake package in '/home/go2/go2_ws/src/muse/muse_ros2/muse_ws/src/state_estimator_msgs'
[0.403s] INFO:colcon.colcon_core.plugin_system:Skipping extension 'colcon_core.shell.bat': Not used on non-Windows systems
[0.404s] INFO:colcon.colcon_core.shell:Skip shell extension 'powershell' for command environment: Not usable outside of PowerShell
[0.404s] DEBUG:colcon.colcon_core.shell:Skip shell extension 'dsv' for command environment
[0.408s] INFO:colcon.colcon_ros.task.ament_cmake.build:Building ROS package in '/home/go2/go2_ws/src/muse/muse_ros2/muse_ws/src/iit_commons' with build type 'ament_cmake'
[0.408s] INFO:colcon.colcon_cmake.task.cmake.build:Building CMake package in '/home/go2/go2_ws/src/muse/muse_ros2/muse_ws/src/iit_commons'
[0.408s] INFO:colcon.colcon_core.shell:Skip shell extension 'powershell' for command environment: Not usable outside of PowerShell
[0.409s] DEBUG:colcon.colcon_core.shell:Skip shell extension 'dsv' for command environment
[0.414s] INFO:colcon.colcon_ros.task.ament_cmake.build:Building ROS package in '/home/go2/go2_ws/src/muse/muse_ros2/muse_ws/src/kiss-icp/ros' with build type 'ament_cmake'
[0.415s] INFO:colcon.colcon_cmake.task.cmake.build:Building CMake package in '/home/go2/go2_ws/src/muse/muse_ros2/muse_ws/src/kiss-icp/ros'
[0.416s] INFO:colcon.colcon_core.shell:Skip shell extension 'powershell' for command environment: Not usable outside of PowerShell
[0.416s] DEBUG:colcon.colcon_core.shell:Skip shell extension 'dsv' for command environment
[0.432s] DEBUG:colcon.colcon_core.event_handler.log_command:Invoking command in '/home/go2/go2_ws/src/muse/muse_ros2/muse_ws/build/state_estimator_msgs': CMAKE_PREFIX_PATH=${CMAKE_PREFIX_PATH}:/opt/ros/humble /usr/bin/cmake --build /home/go2/go2_ws/src/muse/muse_ros2/muse_ws/build/state_estimator_msgs -- -j12 -l12
[0.440s] DEBUG:colcon.colcon_core.event_handler.log_command:Invoking command in '/home/go2/go2_ws/src/muse/muse_ros2/muse_ws/build/iit_commons': CMAKE_PREFIX_PATH=${CMAKE_PREFIX_PATH}:/opt/ros/humble /usr/bin/cmake --build /home/go2/go2_ws/src/muse/muse_ros2/muse_ws/build/iit_commons -- -j12 -l12
[0.446s] DEBUG:colcon.colcon_core.event_handler.log_command:Invoking command in '/home/go2/go2_ws/src/muse/muse_ros2/muse_ws/build/kiss_icp': CMAKE_PREFIX_PATH=${CMAKE_PREFIX_PATH}:/opt/ros/humble /usr/bin/cmake --build /home/go2/go2_ws/src/muse/muse_ros2/muse_ws/build/kiss_icp -- -j12 -l12
[0.607s] DEBUG:colcon.colcon_core.event_handler.log_command:Invoked command in '/home/go2/go2_ws/src/muse/muse_ros2/muse_ws/build/iit_commons' returned '0': CMAKE_PREFIX_PATH=${CMAKE_PREFIX_PATH}:/opt/ros/humble /usr/bin/cmake --build /home/go2/go2_ws/src/muse/muse_ros2/muse_ws/build/iit_commons -- -j12 -l12
[0.624s] DEBUG:colcon.colcon_core.event_handler.log_command:Invoking command in '/home/go2/go2_ws/src/muse/muse_ros2/muse_ws/build/iit_commons': CMAKE_PREFIX_PATH=${CMAKE_PREFIX_PATH}:/opt/ros/humble /usr/bin/cmake --install /home/go2/go2_ws/src/muse/muse_ros2/muse_ws/build/iit_commons
[0.648s] Level 1:colcon.colcon_core.environment:create_environment_scripts_only(iit_commons)
[0.651s] DEBUG:colcon.colcon_core.event_handler.log_command:Invoked command in '/home/go2/go2_ws/src/muse/muse_ros2/muse_ws/build/iit_commons' returned '0': CMAKE_PREFIX_PATH=${CMAKE_PREFIX_PATH}:/opt/ros/humble /usr/bin/cmake --install /home/go2/go2_ws/src/muse/muse_ros2/muse_ws/build/iit_commons
[0.653s] Level 1:colcon.colcon_core.environment:checking '/home/go2/go2_ws/src/muse/muse_ros2/muse_ws/install/iit_commons' for CMake module files
[0.653s] Level 1:colcon.colcon_core.environment:checking '/home/go2/go2_ws/src/muse/muse_ros2/muse_ws/install/iit_commons' for CMake config files
[0.654s] Level 1:colcon.colcon_core.shell:create_environment_hook('iit_commons', 'cmake_prefix_path')
[0.654s] INFO:colcon.colcon_core.shell:Creating environment hook '/home/go2/go2_ws/src/muse/muse_ros2/muse_ws/install/iit_commons/share/iit_commons/hook/cmake_prefix_path.ps1'
[0.655s] INFO:colcon.colcon_core.shell:Creating environment descriptor '/home/go2/go2_ws/src/muse/muse_ros2/muse_ws/install/iit_commons/share/iit_commons/hook/cmake_prefix_path.dsv'
[0.655s] INFO:colcon.colcon_core.shell:Creating environment hook '/home/go2/go2_ws/src/muse/muse_ros2/muse_ws/install/iit_commons/share/iit_commons/hook/cmake_prefix_path.sh'
[0.656s] Level 1:colcon.colcon_core.environment:checking '/home/go2/go2_ws/src/muse/muse_ros2/muse_ws/install/iit_commons/lib'
[0.656s] Level 1:colcon.colcon_core.shell:create_environment_hook('iit_commons', 'ld_library_path_lib')
[0.656s] INFO:colcon.colcon_core.shell:Creating environment hook '/home/go2/go2_ws/src/muse/muse_ros2/muse_ws/install/iit_commons/share/iit_commons/hook/ld_library_path_lib.ps1'
[0.657s] INFO:colcon.colcon_core.shell:Creating environment descriptor '/home/go2/go2_ws/src/muse/muse_ros2/muse_ws/install/iit_commons/share/iit_commons/hook/ld_library_path_lib.dsv'
[0.658s] INFO:colcon.colcon_core.shell:Creating environment hook '/home/go2/go2_ws/src/muse/muse_ros2/muse_ws/install/iit_commons/share/iit_commons/hook/ld_library_path_lib.sh'
[0.658s] Level 1:colcon.colcon_core.environment:checking '/home/go2/go2_ws/src/muse/muse_ros2/muse_ws/install/iit_commons/bin'
[0.658s] Level 1:colcon.colcon_core.environment:checking '/home/go2/go2_ws/src/muse/muse_ros2/muse_ws/install/iit_commons/lib/pkgconfig/iit_commons.pc'
[0.659s] Level 1:colcon.colcon_core.environment:checking '/home/go2/go2_ws/src/muse/muse_ros2/muse_ws/install/iit_commons/lib/python3.10/site-packages'
[0.659s] Level 1:colcon.colcon_core.environment:checking '/home/go2/go2_ws/src/muse/muse_ros2/muse_ws/install/iit_commons/bin'
[0.660s] INFO:colcon.colcon_core.shell:Creating package script '/home/go2/go2_ws/src/muse/muse_ros2/muse_ws/install/iit_commons/share/iit_commons/package.ps1'
[0.660s] INFO:colcon.colcon_core.shell:Creating package descriptor '/home/go2/go2_ws/src/muse/muse_ros2/muse_ws/install/iit_commons/share/iit_commons/package.dsv'
[0.661s] INFO:colcon.colcon_core.shell:Creating package script '/home/go2/go2_ws/src/muse/muse_ros2/muse_ws/install/iit_commons/share/iit_commons/package.sh'
[0.662s] INFO:colcon.colcon_core.shell:Creating package script '/home/go2/go2_ws/src/muse/muse_ros2/muse_ws/install/iit_commons/share/iit_commons/package.bash'
[0.662s] INFO:colcon.colcon_core.shell:Creating package script '/home/go2/go2_ws/src/muse/muse_ros2/muse_ws/install/iit_commons/share/iit_commons/package.zsh'
[0.663s] Level 1:colcon.colcon_core.environment:create_file_with_runtime_dependencies(/home/go2/go2_ws/src/muse/muse_ros2/muse_ws/install/iit_commons/share/colcon-core/packages/iit_commons)
[0.664s] Level 1:colcon.colcon_core.environment:create_environment_scripts_only(iit_commons)
[0.664s] Level 1:colcon.colcon_core.environment:checking '/home/go2/go2_ws/src/muse/muse_ros2/muse_ws/install/iit_commons' for CMake module files
[0.664s] Level 1:colcon.colcon_core.environment:checking '/home/go2/go2_ws/src/muse/muse_ros2/muse_ws/install/iit_commons' for CMake config files
[0.665s] Level 1:colcon.colcon_core.shell:create_environment_hook('iit_commons', 'cmake_prefix_path')
[0.665s] INFO:colcon.colcon_core.shell:Creating environment hook '/home/go2/go2_ws/src/muse/muse_ros2/muse_ws/install/iit_commons/share/iit_commons/hook/cmake_prefix_path.ps1'
[0.665s] INFO:colcon.colcon_core.shell:Creating environment descriptor '/home/go2/go2_ws/src/muse/muse_ros2/muse_ws/install/iit_commons/share/iit_commons/hook/cmake_prefix_path.dsv'
[0.666s] INFO:colcon.colcon_core.shell:Creating environment hook '/home/go2/go2_ws/src/muse/muse_ros2/muse_ws/install/iit_commons/share/iit_commons/hook/cmake_prefix_path.sh'
[0.666s] Level 1:colcon.colcon_core.environment:checking '/home/go2/go2_ws/src/muse/muse_ros2/muse_ws/install/iit_commons/lib'
[0.666s] Level 1:colcon.colcon_core.shell:create_environment_hook('iit_commons', 'ld_library_path_lib')
[0.667s] INFO:colcon.colcon_core.shell:Creating environment hook '/home/go2/go2_ws/src/muse/muse_ros2/muse_ws/install/iit_commons/share/iit_commons/hook/ld_library_path_lib.ps1'
[0.667s] INFO:colcon.colcon_core.shell:Creating environment descriptor '/home/go2/go2_ws/src/muse/muse_ros2/muse_ws/install/iit_commons/share/iit_commons/hook/ld_library_path_lib.dsv'
[0.668s] INFO:colcon.colcon_core.shell:Creating environment hook '/home/go2/go2_ws/src/muse/muse_ros2/muse_ws/install/iit_commons/share/iit_commons/hook/ld_library_path_lib.sh'
[0.668s] Level 1:colcon.colcon_core.environment:checking '/home/go2/go2_ws/src/muse/muse_ros2/muse_ws/install/iit_commons/bin'
[0.668s] Level 1:colcon.colcon_core.environment:checking '/home/go2/go2_ws/src/muse/muse_ros2/muse_ws/install/iit_commons/lib/pkgconfig/iit_commons.pc'
[0.669s] Level 1:colcon.colcon_core.environment:checking '/home/go2/go2_ws/src/muse/muse_ros2/muse_ws/install/iit_commons/lib/python3.10/site-packages'
[0.670s] Level 1:colcon.colcon_core.environment:checking '/home/go2/go2_ws/src/muse/muse_ros2/muse_ws/install/iit_commons/bin'
[0.670s] INFO:colcon.colcon_core.shell:Creating package script '/home/go2/go2_ws/src/muse/muse_ros2/muse_ws/install/iit_commons/share/iit_commons/package.ps1'
[0.671s] INFO:colcon.colcon_core.shell:Creating package descriptor '/home/go2/go2_ws/src/muse/muse_ros2/muse_ws/install/iit_commons/share/iit_commons/package.dsv'
[0.671s] INFO:colcon.colcon_core.shell:Creating package script '/home/go2/go2_ws/src/muse/muse_ros2/muse_ws/install/iit_commons/share/iit_commons/package.sh'
[0.672s] INFO:colcon.colcon_core.shell:Creating package script '/home/go2/go2_ws/src/muse/muse_ros2/muse_ws/install/iit_commons/share/iit_commons/package.bash'
[0.673s] INFO:colcon.colcon_core.shell:Creating package script '/home/go2/go2_ws/src/muse/muse_ros2/muse_ws/install/iit_commons/share/iit_commons/package.zsh'
[0.673s] Level 1:colcon.colcon_core.environment:create_file_with_runtime_dependencies(/home/go2/go2_ws/src/muse/muse_ros2/muse_ws/install/iit_commons/share/colcon-core/packages/iit_commons)
[0.676s] DEBUG:colcon.colcon_core.event_handler.log_command:Invoked command in '/home/go2/go2_ws/src/muse/muse_ros2/muse_ws/build/kiss_icp' returned '0': CMAKE_PREFIX_PATH=${CMAKE_PREFIX_PATH}:/opt/ros/humble /usr/bin/cmake --build /home/go2/go2_ws/src/muse/muse_ros2/muse_ws/build/kiss_icp -- -j12 -l12
[0.678s] DEBUG:colcon.colcon_core.event_handler.log_command:Invoking command in '/home/go2/go2_ws/src/muse/muse_ros2/muse_ws/build/kiss_icp': CMAKE_PREFIX_PATH=${CMAKE_PREFIX_PATH}:/opt/ros/humble /usr/bin/cmake --install /home/go2/go2_ws/src/muse/muse_ros2/muse_ws/build/kiss_icp
[0.694s] Level 1:colcon.colcon_core.environment:create_environment_scripts_only(kiss_icp)
[0.694s] DEBUG:colcon.colcon_core.event_handler.log_command:Invoked command in '/home/go2/go2_ws/src/muse/muse_ros2/muse_ws/build/kiss_icp' returned '0': CMAKE_PREFIX_PATH=${CMAKE_PREFIX_PATH}:/opt/ros/humble /usr/bin/cmake --install /home/go2/go2_ws/src/muse/muse_ros2/muse_ws/build/kiss_icp
[0.694s] Level 1:colcon.colcon_core.environment:checking '/home/go2/go2_ws/src/muse/muse_ros2/muse_ws/install/kiss_icp' for CMake module files
[0.695s] Level 1:colcon.colcon_core.environment:checking '/home/go2/go2_ws/src/muse/muse_ros2/muse_ws/install/kiss_icp' for CMake config files
[0.695s] Level 1:colcon.colcon_core.shell:create_environment_hook('kiss_icp', 'cmake_prefix_path')
[0.696s] INFO:colcon.colcon_core.shell:Creating environment hook '/home/go2/go2_ws/src/muse/muse_ros2/muse_ws/install/kiss_icp/share/kiss_icp/hook/cmake_prefix_path.ps1'
[0.696s] INFO:colcon.colcon_core.shell:Creating environment descriptor '/home/go2/go2_ws/src/muse/muse_ros2/muse_ws/install/kiss_icp/share/kiss_icp/hook/cmake_prefix_path.dsv'
[0.696s] INFO:colcon.colcon_core.shell:Creating environment hook '/home/go2/go2_ws/src/muse/muse_ros2/muse_ws/install/kiss_icp/share/kiss_icp/hook/cmake_prefix_path.sh'
[0.697s] Level 1:colcon.colcon_core.environment:checking '/home/go2/go2_ws/src/muse/muse_ros2/muse_ws/install/kiss_icp/lib'
[0.697s] Level 1:colcon.colcon_core.shell:create_environment_hook('kiss_icp', 'ld_library_path_lib')
[0.697s] INFO:colcon.colcon_core.shell:Creating environment hook '/home/go2/go2_ws/src/muse/muse_ros2/muse_ws/install/kiss_icp/share/kiss_icp/hook/ld_library_path_lib.ps1'
[0.698s] INFO:colcon.colcon_core.shell:Creating environment descriptor '/home/go2/go2_ws/src/muse/muse_ros2/muse_ws/install/kiss_icp/share/kiss_icp/hook/ld_library_path_lib.dsv'
[0.698s] INFO:colcon.colcon_core.shell:Creating environment hook '/home/go2/go2_ws/src/muse/muse_ros2/muse_ws/install/kiss_icp/share/kiss_icp/hook/ld_library_path_lib.sh'
[0.698s] Level 1:colcon.colcon_core.environment:checking '/home/go2/go2_ws/src/muse/muse_ros2/muse_ws/install/kiss_icp/bin'
[0.698s] Level 1:colcon.colcon_core.environment:checking '/home/go2/go2_ws/src/muse/muse_ros2/muse_ws/install/kiss_icp/lib/pkgconfig/kiss_icp.pc'
[0.699s] Level 1:colcon.colcon_core.environment:checking '/home/go2/go2_ws/src/muse/muse_ros2/muse_ws/install/kiss_icp/lib/python3.10/site-packages'
[0.699s] Level 1:colcon.colcon_core.environment:checking '/home/go2/go2_ws/src/muse/muse_ros2/muse_ws/install/kiss_icp/bin'
[0.699s] INFO:colcon.colcon_core.shell:Creating package script '/home/go2/go2_ws/src/muse/muse_ros2/muse_ws/install/kiss_icp/share/kiss_icp/package.ps1'
[0.700s] INFO:colcon.colcon_core.shell:Creating package descriptor '/home/go2/go2_ws/src/muse/muse_ros2/muse_ws/install/kiss_icp/share/kiss_icp/package.dsv'
[0.701s] INFO:colcon.colcon_core.shell:Creating package script '/home/go2/go2_ws/src/muse/muse_ros2/muse_ws/install/kiss_icp/share/kiss_icp/package.sh'
[0.701s] INFO:colcon.colcon_core.shell:Creating package script '/home/go2/go2_ws/src/muse/muse_ros2/muse_ws/install/kiss_icp/share/kiss_icp/package.bash'
[0.702s] INFO:colcon.colcon_core.shell:Creating package script '/home/go2/go2_ws/src/muse/muse_ros2/muse_ws/install/kiss_icp/share/kiss_icp/package.zsh'
[0.702s] Level 1:colcon.colcon_core.environment:create_file_with_runtime_dependencies(/home/go2/go2_ws/src/muse/muse_ros2/muse_ws/install/kiss_icp/share/colcon-core/packages/kiss_icp)
[0.703s] Level 1:colcon.colcon_core.environment:create_environment_scripts_only(kiss_icp)
[0.704s] Level 1:colcon.colcon_core.environment:checking '/home/go2/go2_ws/src/muse/muse_ros2/muse_ws/install/kiss_icp' for CMake module files
[0.704s] Level 1:colcon.colcon_core.environment:checking '/home/go2/go2_ws/src/muse/muse_ros2/muse_ws/install/kiss_icp' for CMake config files
[0.705s] Level 1:colcon.colcon_core.shell:create_environment_hook('kiss_icp', 'cmake_prefix_path')
[0.705s] INFO:colcon.colcon_core.shell:Creating environment hook '/home/go2/go2_ws/src/muse/muse_ros2/muse_ws/install/kiss_icp/share/kiss_icp/hook/cmake_prefix_path.ps1'
[0.706s] INFO:colcon.colcon_core.shell:Creating environment descriptor '/home/go2/go2_ws/src/muse/muse_ros2/muse_ws/install/kiss_icp/share/kiss_icp/hook/cmake_prefix_path.dsv'
[0.706s] INFO:colcon.colcon_core.shell:Creating environment hook '/home/go2/go2_ws/src/muse/muse_ros2/muse_ws/install/kiss_icp/share/kiss_icp/hook/cmake_prefix_path.sh'
[0.707s] Level 1:colcon.colcon_core.environment:checking '/home/go2/go2_ws/src/muse/muse_ros2/muse_ws/install/kiss_icp/lib'
[0.707s] Level 1:colcon.colcon_core.shell:create_environment_hook('kiss_icp', 'ld_library_path_lib')
[0.708s] INFO:colcon.colcon_core.shell:Creating environment hook '/home/go2/go2_ws/src/muse/muse_ros2/muse_ws/install/kiss_icp/share/kiss_icp/hook/ld_library_path_lib.ps1'
[0.708s] INFO:colcon.colcon_core.shell:Creating environment descriptor '/home/go2/go2_ws/src/muse/muse_ros2/muse_ws/install/kiss_icp/share/kiss_icp/hook/ld_library_path_lib.dsv'
[0.709s] INFO:colcon.colcon_core.shell:Creating environment hook '/home/go2/go2_ws/src/muse/muse_ros2/muse_ws/install/kiss_icp/share/kiss_icp/hook/ld_library_path_lib.sh'
[0.709s] Level 1:colcon.colcon_core.environment:checking '/home/go2/go2_ws/src/muse/muse_ros2/muse_ws/install/kiss_icp/bin'
[0.709s] Level 1:colcon.colcon_core.environment:checking '/home/go2/go2_ws/src/muse/muse_ros2/muse_ws/install/kiss_icp/lib/pkgconfig/kiss_icp.pc'
[0.710s] Level 1:colcon.colcon_core.environment:checking '/home/go2/go2_ws/src/muse/muse_ros2/muse_ws/install/kiss_icp/lib/python3.10/site-packages'
[0.710s] Level 1:colcon.colcon_core.environment:checking '/home/go2/go2_ws/src/muse/muse_ros2/muse_ws/install/kiss_icp/bin'
[0.711s] INFO:colcon.colcon_core.shell:Creating package script '/home/go2/go2_ws/src/muse/muse_ros2/muse_ws/install/kiss_icp/share/kiss_icp/package.ps1'
[0.712s] INFO:colcon.colcon_core.shell:Creating package descriptor '/home/go2/go2_ws/src/muse/muse_ros2/muse_ws/install/kiss_icp/share/kiss_icp/package.dsv'
[0.713s] INFO:colcon.colcon_core.shell:Creating package script '/home/go2/go2_ws/src/muse/muse_ros2/muse_ws/install/kiss_icp/share/kiss_icp/package.sh'
[0.713s] INFO:colcon.colcon_core.shell:Creating package script '/home/go2/go2_ws/src/muse/muse_ros2/muse_ws/install/kiss_icp/share/kiss_icp/package.bash'
[0.714s] INFO:colcon.colcon_core.shell:Creating package script '/home/go2/go2_ws/src/muse/muse_ros2/muse_ws/install/kiss_icp/share/kiss_icp/package.zsh'
[0.715s] Level 1:colcon.colcon_core.environment:create_file_with_runtime_dependencies(/home/go2/go2_ws/src/muse/muse_ros2/muse_ws/install/kiss_icp/share/colcon-core/packages/kiss_icp)
[0.892s] DEBUG:colcon.colcon_core.event_handler.log_command:Invoked command in '/home/go2/go2_ws/src/muse/muse_ros2/muse_ws/build/state_estimator_msgs' returned '0': CMAKE_PREFIX_PATH=${CMAKE_PREFIX_PATH}:/opt/ros/humble /usr/bin/cmake --build /home/go2/go2_ws/src/muse/muse_ros2/muse_ws/build/state_estimator_msgs -- -j12 -l12
[0.894s] DEBUG:colcon.colcon_core.event_handler.log_command:Invoking command in '/home/go2/go2_ws/src/muse/muse_ros2/muse_ws/build/state_estimator_msgs': CMAKE_PREFIX_PATH=${CMAKE_PREFIX_PATH}:/opt/ros/humble /usr/bin/cmake --install /home/go2/go2_ws/src/muse/muse_ros2/muse_ws/build/state_estimator_msgs
[0.996s] Level 1:colcon.colcon_core.environment:create_environment_scripts_only(state_estimator_msgs)
[0.996s] Level 1:colcon.colcon_core.environment:checking '/home/go2/go2_ws/src/muse/muse_ros2/muse_ws/install/state_estimator_msgs' for CMake module files
[0.997s] DEBUG:colcon.colcon_core.event_handler.log_command:Invoked command in '/home/go2/go2_ws/src/muse/muse_ros2/muse_ws/build/state_estimator_msgs' returned '0': CMAKE_PREFIX_PATH=${CMAKE_PREFIX_PATH}:/opt/ros/humble /usr/bin/cmake --install /home/go2/go2_ws/src/muse/muse_ros2/muse_ws/build/state_estimator_msgs
[0.998s] Level 1:colcon.colcon_core.environment:checking '/home/go2/go2_ws/src/muse/muse_ros2/muse_ws/install/state_estimator_msgs' for CMake config files
[0.998s] Level 1:colcon.colcon_core.shell:create_environment_hook('state_estimator_msgs', 'cmake_prefix_path')
[0.998s] INFO:colcon.colcon_core.shell:Creating environment hook '/home/go2/go2_ws/src/muse/muse_ros2/muse_ws/install/state_estimator_msgs/share/state_estimator_msgs/hook/cmake_prefix_path.ps1'
[0.999s] INFO:colcon.colcon_core.shell:Creating environment descriptor '/home/go2/go2_ws/src/muse/muse_ros2/muse_ws/install/state_estimator_msgs/share/state_estimator_msgs/hook/cmake_prefix_path.dsv'
[0.999s] INFO:colcon.colcon_core.shell:Creating environment hook '/home/go2/go2_ws/src/muse/muse_ros2/muse_ws/install/state_estimator_msgs/share/state_estimator_msgs/hook/cmake_prefix_path.sh'
[1.000s] Level 1:colcon.colcon_core.environment:checking '/home/go2/go2_ws/src/muse/muse_ros2/muse_ws/install/state_estimator_msgs/lib'
[1.000s] Level 1:colcon.colcon_core.shell:create_environment_hook('state_estimator_msgs', 'ld_library_path_lib')
[1.000s] INFO:colcon.colcon_core.shell:Creating environment hook '/home/go2/go2_ws/src/muse/muse_ros2/muse_ws/install/state_estimator_msgs/share/state_estimator_msgs/hook/ld_library_path_lib.ps1'
[1.001s] INFO:colcon.colcon_core.shell:Creating environment descriptor '/home/go2/go2_ws/src/muse/muse_ros2/muse_ws/install/state_estimator_msgs/share/state_estimator_msgs/hook/ld_library_path_lib.dsv'
[1.001s] INFO:colcon.colcon_core.shell:Creating environment hook '/home/go2/go2_ws/src/muse/muse_ros2/muse_ws/install/state_estimator_msgs/share/state_estimator_msgs/hook/ld_library_path_lib.sh'
[1.002s] Level 1:colcon.colcon_core.environment:checking '/home/go2/go2_ws/src/muse/muse_ros2/muse_ws/install/state_estimator_msgs/bin'
[1.002s] Level 1:colcon.colcon_core.environment:checking '/home/go2/go2_ws/src/muse/muse_ros2/muse_ws/install/state_estimator_msgs/lib/pkgconfig/state_estimator_msgs.pc'
[1.002s] Level 1:colcon.colcon_core.environment:checking '/home/go2/go2_ws/src/muse/muse_ros2/muse_ws/install/state_estimator_msgs/lib/python3.10/site-packages'
[1.002s] Level 1:colcon.colcon_core.environment:checking '/home/go2/go2_ws/src/muse/muse_ros2/muse_ws/install/state_estimator_msgs/bin'
[1.002s] INFO:colcon.colcon_core.shell:Creating package script '/home/go2/go2_ws/src/muse/muse_ros2/muse_ws/install/state_estimator_msgs/share/state_estimator_msgs/package.ps1'
[1.003s] INFO:colcon.colcon_core.shell:Creating package descriptor '/home/go2/go2_ws/src/muse/muse_ros2/muse_ws/install/state_estimator_msgs/share/state_estimator_msgs/package.dsv'
[1.003s] INFO:colcon.colcon_core.shell:Creating package script '/home/go2/go2_ws/src/muse/muse_ros2/muse_ws/install/state_estimator_msgs/share/state_estimator_msgs/package.sh'
[1.004s] INFO:colcon.colcon_core.shell:Creating package script '/home/go2/go2_ws/src/muse/muse_ros2/muse_ws/install/state_estimator_msgs/share/state_estimator_msgs/package.bash'
[1.004s] INFO:colcon.colcon_core.shell:Creating package script '/home/go2/go2_ws/src/muse/muse_ros2/muse_ws/install/state_estimator_msgs/share/state_estimator_msgs/package.zsh'
[1.004s] Level 1:colcon.colcon_core.environment:create_file_with_runtime_dependencies(/home/go2/go2_ws/src/muse/muse_ros2/muse_ws/install/state_estimator_msgs/share/colcon-core/packages/state_estimator_msgs)
[1.005s] Level 1:colcon.colcon_core.environment:create_environment_scripts_only(state_estimator_msgs)
[1.005s] Level 1:colcon.colcon_core.environment:checking '/home/go2/go2_ws/src/muse/muse_ros2/muse_ws/install/state_estimator_msgs' for CMake module files
[1.006s] Level 1:colcon.colcon_core.environment:checking '/home/go2/go2_ws/src/muse/muse_ros2/muse_ws/install/state_estimator_msgs' for CMake config files
[1.006s] Level 1:colcon.colcon_core.shell:create_environment_hook('state_estimator_msgs', 'cmake_prefix_path')
[1.007s] INFO:colcon.colcon_core.shell:Creating environment hook '/home/go2/go2_ws/src/muse/muse_ros2/muse_ws/install/state_estimator_msgs/share/state_estimator_msgs/hook/cmake_prefix_path.ps1'
[1.007s] INFO:colcon.colcon_core.shell:Creating environment descriptor '/home/go2/go2_ws/src/muse/muse_ros2/muse_ws/install/state_estimator_msgs/share/state_estimator_msgs/hook/cmake_prefix_path.dsv'
[1.007s] INFO:colcon.colcon_core.shell:Creating environment hook '/home/go2/go2_ws/src/muse/muse_ros2/muse_ws/install/state_estimator_msgs/share/state_estimator_msgs/hook/cmake_prefix_path.sh'
[1.008s] Level 1:colcon.colcon_core.environment:checking '/home/go2/go2_ws/src/muse/muse_ros2/muse_ws/install/state_estimator_msgs/lib'
[1.008s] Level 1:colcon.colcon_core.shell:create_environment_hook('state_estimator_msgs', 'ld_library_path_lib')
[1.008s] INFO:colcon.colcon_core.shell:Creating environment hook '/home/go2/go2_ws/src/muse/muse_ros2/muse_ws/install/state_estimator_msgs/share/state_estimator_msgs/hook/ld_library_path_lib.ps1'
[1.009s] INFO:colcon.colcon_core.shell:Creating environment descriptor '/home/go2/go2_ws/src/muse/muse_ros2/muse_ws/install/state_estimator_msgs/share/state_estimator_msgs/hook/ld_library_path_lib.dsv'
[1.010s] INFO:colcon.colcon_core.shell:Creating environment hook '/home/go2/go2_ws/src/muse/muse_ros2/muse_ws/install/state_estimator_msgs/share/state_estimator_msgs/hook/ld_library_path_lib.sh'
[1.010s] Level 1:colcon.colcon_core.environment:checking '/home/go2/go2_ws/src/muse/muse_ros2/muse_ws/install/state_estimator_msgs/bin'
[1.010s] Level 1:colcon.colcon_core.environment:checking '/home/go2/go2_ws/src/muse/muse_ros2/muse_ws/install/state_estimator_msgs/lib/pkgconfig/state_estimator_msgs.pc'
[1.011s] Level 1:colcon.colcon_core.environment:checking '/home/go2/go2_ws/src/muse/muse_ros2/muse_ws/install/state_estimator_msgs/lib/python3.10/site-packages'
[1.011s] Level 1:colcon.colcon_core.environment:checking '/home/go2/go2_ws/src/muse/muse_ros2/muse_ws/install/state_estimator_msgs/bin'
[1.012s] INFO:colcon.colcon_core.shell:Creating package script '/home/go2/go2_ws/src/muse/muse_ros2/muse_ws/install/state_estimator_msgs/share/state_estimator_msgs/package.ps1'
[1.013s] INFO:colcon.colcon_core.shell:Creating package descriptor '/home/go2/go2_ws/src/muse/muse_ros2/muse_ws/install/state_estimator_msgs/share/state_estimator_msgs/package.dsv'
[1.014s] INFO:colcon.colcon_core.shell:Creating package script '/home/go2/go2_ws/src/muse/muse_ros2/muse_ws/install/state_estimator_msgs/share/state_estimator_msgs/package.sh'
[1.014s] INFO:colcon.colcon_core.shell:Creating package script '/home/go2/go2_ws/src/muse/muse_ros2/muse_ws/install/state_estimator_msgs/share/state_estimator_msgs/package.bash'
[1.015s] INFO:colcon.colcon_core.shell:Creating package script '/home/go2/go2_ws/src/muse/muse_ros2/muse_ws/install/state_estimator_msgs/share/state_estimator_msgs/package.zsh'
[1.015s] Level 1:colcon.colcon_core.environment:create_file_with_runtime_dependencies(/home/go2/go2_ws/src/muse/muse_ros2/muse_ws/install/state_estimator_msgs/share/colcon-core/packages/state_estimator_msgs)
[1.016s] INFO:colcon.colcon_ros.task.ament_cmake.build:Building ROS package in '/home/go2/go2_ws/src/muse/muse_ros2/muse_ws/src/state_estimator' with build type 'ament_cmake'
[1.016s] INFO:colcon.colcon_cmake.task.cmake.build:Building CMake package in '/home/go2/go2_ws/src/muse/muse_ros2/muse_ws/src/state_estimator'
[1.017s] INFO:colcon.colcon_core.shell:Skip shell extension 'powershell' for command environment: Not usable outside of PowerShell
[1.017s] DEBUG:colcon.colcon_core.shell:Skip shell extension 'dsv' for command environment
[1.090s] DEBUG:colcon.colcon_core.event_handler.log_command:Invoking command in '/home/go2/go2_ws/src/muse/muse_ros2/muse_ws/build/state_estimator': CMAKE_PREFIX_PATH=/home/go2/go2_ws/src/muse/muse_ros2/muse_ws/install/state_estimator_msgs:/home/go2/go2_ws/install/go2_description:/home/go2/go2_ws/src/muse/muse_ros2/muse_ws/install/state_estimator:/home/go2/go2_ws/src/muse/muse_ros2/muse_ws/install/kiss_icp:/home/go2/go2_ws/src/muse/muse_ros2/muse_ws/install/iit_commons:/opt/ros/humble LD_LIBRARY_PATH=/home/go2/go2_ws/src/muse/muse_ros2/muse_ws/install/state_estimator_msgs/lib:/home/go2/go2_ws/src/muse/muse_ros2/muse_ws/install/state_estimator/lib:/home/go2/go2_ws/src/muse/muse_ros2/muse_ws/install/kiss_icp/lib:/home/go2/go2_ws/src/muse/muse_ros2/muse_ws/install/iit_commons/lib:/opt/ros/humble/opt/rviz_ogre_vendor/lib:/opt/ros/humble/lib/x86_64-linux-gnu:/opt/ros/humble/lib /usr/bin/cmake --build /home/go2/go2_ws/src/muse/muse_ros2/muse_ws/build/state_estimator -- -j12 -l12
[61.923s] DEBUG:colcon.colcon_core.event_handler.log_command:Invoked command in '/home/go2/go2_ws/src/muse/muse_ros2/muse_ws/build/state_estimator' returned '0': CMAKE_PREFIX_PATH=/home/go2/go2_ws/src/muse/muse_ros2/muse_ws/install/state_estimator_msgs:/home/go2/go2_ws/install/go2_description:/home/go2/go2_ws/src/muse/muse_ros2/muse_ws/install/state_estimator:/home/go2/go2_ws/src/muse/muse_ros2/muse_ws/install/kiss_icp:/home/go2/go2_ws/src/muse/muse_ros2/muse_ws/install/iit_commons:/opt/ros/humble LD_LIBRARY_PATH=/home/go2/go2_ws/src/muse/muse_ros2/muse_ws/install/state_estimator_msgs/lib:/home/go2/go2_ws/src/muse/muse_ros2/muse_ws/install/state_estimator/lib:/home/go2/go2_ws/src/muse/muse_ros2/muse_ws/install/kiss_icp/lib:/home/go2/go2_ws/src/muse/muse_ros2/muse_ws/install/iit_commons/lib:/opt/ros/humble/opt/rviz_ogre_vendor/lib:/opt/ros/humble/lib/x86_64-linux-gnu:/opt/ros/humble/lib /usr/bin/cmake --build /home/go2/go2_ws/src/muse/muse_ros2/muse_ws/build/state_estimator -- -j12 -l12
[61.924s] DEBUG:colcon.colcon_core.event_handler.log_command:Invoking command in '/home/go2/go2_ws/src/muse/muse_ros2/muse_ws/build/state_estimator': CMAKE_PREFIX_PATH=/home/go2/go2_ws/src/muse/muse_ros2/muse_ws/install/state_estimator_msgs:/home/go2/go2_ws/install/go2_description:/home/go2/go2_ws/src/muse/muse_ros2/muse_ws/install/state_estimator:/home/go2/go2_ws/src/muse/muse_ros2/muse_ws/install/kiss_icp:/home/go2/go2_ws/src/muse/muse_ros2/muse_ws/install/iit_commons:/opt/ros/humble LD_LIBRARY_PATH=/home/go2/go2_ws/src/muse/muse_ros2/muse_ws/install/state_estimator_msgs/lib:/home/go2/go2_ws/src/muse/muse_ros2/muse_ws/install/state_estimator/lib:/home/go2/go2_ws/src/muse/muse_ros2/muse_ws/install/kiss_icp/lib:/home/go2/go2_ws/src/muse/muse_ros2/muse_ws/install/iit_commons/lib:/opt/ros/humble/opt/rviz_ogre_vendor/lib:/opt/ros/humble/lib/x86_64-linux-gnu:/opt/ros/humble/lib /usr/bin/cmake --install /home/go2/go2_ws/src/muse/muse_ros2/muse_ws/build/state_estimator
[62.030s] Level 1:colcon.colcon_core.environment:create_environment_scripts_only(state_estimator)
[62.030s] Level 1:colcon.colcon_core.environment:checking '/home/go2/go2_ws/src/muse/muse_ros2/muse_ws/install/state_estimator' for CMake module files
[62.034s] DEBUG:colcon.colcon_core.event_handler.log_command:Invoked command in '/home/go2/go2_ws/src/muse/muse_ros2/muse_ws/build/state_estimator' returned '0': CMAKE_PREFIX_PATH=/home/go2/go2_ws/src/muse/muse_ros2/muse_ws/install/state_estimator_msgs:/home/go2/go2_ws/install/go2_description:/home/go2/go2_ws/src/muse/muse_ros2/muse_ws/install/state_estimator:/home/go2/go2_ws/src/muse/muse_ros2/muse_ws/install/kiss_icp:/home/go2/go2_ws/src/muse/muse_ros2/muse_ws/install/iit_commons:/opt/ros/humble LD_LIBRARY_PATH=/home/go2/go2_ws/src/muse/muse_ros2/muse_ws/install/state_estimator_msgs/lib:/home/go2/go2_ws/src/muse/muse_ros2/muse_ws/install/state_estimator/lib:/home/go2/go2_ws/src/muse/muse_ros2/muse_ws/install/kiss_icp/lib:/home/go2/go2_ws/src/muse/muse_ros2/muse_ws/install/iit_commons/lib:/opt/ros/humble/opt/rviz_ogre_vendor/lib:/opt/ros/humble/lib/x86_64-linux-gnu:/opt/ros/humble/lib /usr/bin/cmake --install /home/go2/go2_ws/src/muse/muse_ros2/muse_ws/build/state_estimator
[62.034s] Level 1:colcon.colcon_core.environment:checking '/home/go2/go2_ws/src/muse/muse_ros2/muse_ws/install/state_estimator' for CMake config files
[62.034s] Level 1:colcon.colcon_core.shell:create_environment_hook('state_estimator', 'cmake_prefix_path')
[62.034s] INFO:colcon.colcon_core.shell:Creating environment hook '/home/go2/go2_ws/src/muse/muse_ros2/muse_ws/install/state_estimator/share/state_estimator/hook/cmake_prefix_path.ps1'
[62.035s] INFO:colcon.colcon_core.shell:Creating environment descriptor '/home/go2/go2_ws/src/muse/muse_ros2/muse_ws/install/state_estimator/share/state_estimator/hook/cmake_prefix_path.dsv'
[62.035s] INFO:colcon.colcon_core.shell:Creating environment hook '/home/go2/go2_ws/src/muse/muse_ros2/muse_ws/install/state_estimator/share/state_estimator/hook/cmake_prefix_path.sh'
[62.036s] Level 1:colcon.colcon_core.environment:checking '/home/go2/go2_ws/src/muse/muse_ros2/muse_ws/install/state_estimator/lib'
[62.036s] Level 1:colcon.colcon_core.shell:create_environment_hook('state_estimator', 'ld_library_path_lib')
[62.036s] INFO:colcon.colcon_core.shell:Creating environment hook '/home/go2/go2_ws/src/muse/muse_ros2/muse_ws/install/state_estimator/share/state_estimator/hook/ld_library_path_lib.ps1'
[62.036s] INFO:colcon.colcon_core.shell:Creating environment descriptor '/home/go2/go2_ws/src/muse/muse_ros2/muse_ws/install/state_estimator/share/state_estimator/hook/ld_library_path_lib.dsv'
[62.037s] INFO:colcon.colcon_core.shell:Creating environment hook '/home/go2/go2_ws/src/muse/muse_ros2/muse_ws/install/state_estimator/share/state_estimator/hook/ld_library_path_lib.sh'
[62.037s] Level 1:colcon.colcon_core.environment:checking '/home/go2/go2_ws/src/muse/muse_ros2/muse_ws/install/state_estimator/bin'
[62.037s] Level 1:colcon.colcon_core.environment:checking '/home/go2/go2_ws/src/muse/muse_ros2/muse_ws/install/state_estimator/lib/pkgconfig/state_estimator.pc'
[62.037s] Level 1:colcon.colcon_core.environment:checking '/home/go2/go2_ws/src/muse/muse_ros2/muse_ws/install/state_estimator/lib/python3.10/site-packages'
[62.038s] Level 1:colcon.colcon_core.environment:checking '/home/go2/go2_ws/src/muse/muse_ros2/muse_ws/install/state_estimator/bin'
[62.038s] INFO:colcon.colcon_core.shell:Creating package script '/home/go2/go2_ws/src/muse/muse_ros2/muse_ws/install/state_estimator/share/state_estimator/package.ps1'
[62.039s] INFO:colcon.colcon_core.shell:Creating package descriptor '/home/go2/go2_ws/src/muse/muse_ros2/muse_ws/install/state_estimator/share/state_estimator/package.dsv'
[62.039s] INFO:colcon.colcon_core.shell:Creating package script '/home/go2/go2_ws/src/muse/muse_ros2/muse_ws/install/state_estimator/share/state_estimator/package.sh'
[62.039s] INFO:colcon.colcon_core.shell:Creating package script '/home/go2/go2_ws/src/muse/muse_ros2/muse_ws/install/state_estimator/share/state_estimator/package.bash'
[62.040s] INFO:colcon.colcon_core.shell:Creating package script '/home/go2/go2_ws/src/muse/muse_ros2/muse_ws/install/state_estimator/share/state_estimator/package.zsh'
[62.040s] Level 1:colcon.colcon_core.environment:create_file_with_runtime_dependencies(/home/go2/go2_ws/src/muse/muse_ros2/muse_ws/install/state_estimator/share/colcon-core/packages/state_estimator)
[62.041s] Level 1:colcon.colcon_core.environment:create_environment_scripts_only(state_estimator)
[62.041s] Level 1:colcon.colcon_core.environment:checking '/home/go2/go2_ws/src/muse/muse_ros2/muse_ws/install/state_estimator' for CMake module files
[62.041s] Level 1:colcon.colcon_core.environment:checking '/home/go2/go2_ws/src/muse/muse_ros2/muse_ws/install/state_estimator' for CMake config files
[62.042s] Level 1:colcon.colcon_core.shell:create_environment_hook('state_estimator', 'cmake_prefix_path')
[62.042s] INFO:colcon.colcon_core.shell:Creating environment hook '/home/go2/go2_ws/src/muse/muse_ros2/muse_ws/install/state_estimator/share/state_estimator/hook/cmake_prefix_path.ps1'
[62.043s] INFO:colcon.colcon_core.shell:Creating environment descriptor '/home/go2/go2_ws/src/muse/muse_ros2/muse_ws/install/state_estimator/share/state_estimator/hook/cmake_prefix_path.dsv'
[62.043s] INFO:colcon.colcon_core.shell:Creating environment hook '/home/go2/go2_ws/src/muse/muse_ros2/muse_ws/install/state_estimator/share/state_estimator/hook/cmake_prefix_path.sh'
[62.044s] Level 1:colcon.colcon_core.environment:checking '/home/go2/go2_ws/src/muse/muse_ros2/muse_ws/install/state_estimator/lib'
[62.044s] Level 1:colcon.colcon_core.shell:create_environment_hook('state_estimator', 'ld_library_path_lib')
[62.044s] INFO:colcon.colcon_core.shell:Creating environment hook '/home/go2/go2_ws/src/muse/muse_ros2/muse_ws/install/state_estimator/share/state_estimator/hook/ld_library_path_lib.ps1'
[62.045s] INFO:colcon.colcon_core.shell:Creating environment descriptor '/home/go2/go2_ws/src/muse/muse_ros2/muse_ws/install/state_estimator/share/state_estimator/hook/ld_library_path_lib.dsv'
[62.045s] INFO:colcon.colcon_core.shell:Creating environment hook '/home/go2/go2_ws/src/muse/muse_ros2/muse_ws/install/state_estimator/share/state_estimator/hook/ld_library_path_lib.sh'
[62.046s] Level 1:colcon.colcon_core.environment:checking '/home/go2/go2_ws/src/muse/muse_ros2/muse_ws/install/state_estimator/bin'
[62.046s] Level 1:colcon.colcon_core.environment:checking '/home/go2/go2_ws/src/muse/muse_ros2/muse_ws/install/state_estimator/lib/pkgconfig/state_estimator.pc'
[62.046s] Level 1:colcon.colcon_core.environment:checking '/home/go2/go2_ws/src/muse/muse_ros2/muse_ws/install/state_estimator/lib/python3.10/site-packages'
[62.046s] Level 1:colcon.colcon_core.environment:checking '/home/go2/go2_ws/src/muse/muse_ros2/muse_ws/install/state_estimator/bin'
[62.047s] INFO:colcon.colcon_core.shell:Creating package script '/home/go2/go2_ws/src/muse/muse_ros2/muse_ws/install/state_estimator/share/state_estimator/package.ps1'
[62.047s] INFO:colcon.colcon_core.shell:Creating package descriptor '/home/go2/go2_ws/src/muse/muse_ros2/muse_ws/install/state_estimator/share/state_estimator/package.dsv'
[62.048s] INFO:colcon.colcon_core.shell:Creating package script '/home/go2/go2_ws/src/muse/muse_ros2/muse_ws/install/state_estimator/share/state_estimator/package.sh'
[62.048s] INFO:colcon.colcon_core.shell:Creating package script '/home/go2/go2_ws/src/muse/muse_ros2/muse_ws/install/state_estimator/share/state_estimator/package.bash'
[62.049s] INFO:colcon.colcon_core.shell:Creating package script '/home/go2/go2_ws/src/muse/muse_ros2/muse_ws/install/state_estimator/share/state_estimator/package.zsh'
[62.049s] Level 1:colcon.colcon_core.environment:create_file_with_runtime_dependencies(/home/go2/go2_ws/src/muse/muse_ros2/muse_ws/install/state_estimator/share/colcon-core/packages/state_estimator)
[62.050s] DEBUG:colcon.colcon_parallel_executor.executor.parallel:closing loop
[62.050s] DEBUG:colcon.colcon_parallel_executor.executor.parallel:loop closed
[62.050s] DEBUG:colcon.colcon_parallel_executor.executor.parallel:run_until_complete finished with '0'
[62.050s] DEBUG:colcon.colcon_core.event_reactor:joining thread
[62.085s] INFO:colcon.colcon_core.plugin_system:Skipping extension 'colcon_notification.desktop_notification.notify_send': Could not find 'notify-send'
[62.085s] INFO:colcon.colcon_core.plugin_system:Skipping extension 'colcon_notification.desktop_notification.terminal_notifier': Not used on non-Darwin systems
[62.085s] INFO:colcon.colcon_core.plugin_system:Skipping extension 'colcon_notification.desktop_notification.win32': Not used on non-Windows systems
[62.086s] INFO:colcon.colcon_notification.desktop_notification:Sending desktop notification using 'notify2'
[62.086s] DEBUG:colcon.colcon_notification.desktop_notification.notify2:Failed to initialize notify2: org.freedesktop.DBus.Error.FileNotFound: Failed to connect to socket /run/user/1000/bus: No such file or directory
[62.086s] DEBUG:colcon.colcon_core.event_reactor:joined thread
[62.086s] INFO:colcon.colcon_core.shell:Creating prefix script '/home/go2/go2_ws/src/muse/muse_ros2/muse_ws/install/local_setup.ps1'
[62.087s] INFO:colcon.colcon_core.shell:Creating prefix util module '/home/go2/go2_ws/src/muse/muse_ros2/muse_ws/install/_local_setup_util_ps1.py'
[62.088s] INFO:colcon.colcon_core.shell:Creating prefix chain script '/home/go2/go2_ws/src/muse/muse_ros2/muse_ws/install/setup.ps1'
[62.090s] INFO:colcon.colcon_core.shell:Creating prefix script '/home/go2/go2_ws/src/muse/muse_ros2/muse_ws/install/local_setup.sh'
[62.090s] INFO:colcon.colcon_core.shell:Creating prefix util module '/home/go2/go2_ws/src/muse/muse_ros2/muse_ws/install/_local_setup_util_sh.py'
[62.091s] INFO:colcon.colcon_core.shell:Creating prefix chain script '/home/go2/go2_ws/src/muse/muse_ros2/muse_ws/install/setup.sh'
[62.092s] INFO:colcon.colcon_core.shell:Creating prefix script '/home/go2/go2_ws/src/muse/muse_ros2/muse_ws/install/local_setup.bash'
[62.093s] INFO:colcon.colcon_core.shell:Creating prefix chain script '/home/go2/go2_ws/src/muse/muse_ros2/muse_ws/install/setup.bash'
[62.094s] INFO:colcon.colcon_core.shell:Creating prefix script '/home/go2/go2_ws/src/muse/muse_ros2/muse_ws/install/local_setup.zsh'
[62.095s] INFO:colcon.colcon_core.shell:Creating prefix chain script '/home/go2/go2_ws/src/muse/muse_ros2/muse_ws/install/setup.zsh'
