[0.037s] Invoking command in '/root/muse_ws/muse_ros2/muse_ws/build/state_estimator_msgs': CMAKE_PREFIX_PATH=${CMAKE_PREFIX_PATH}:/opt/ros/humble /usr/bin/cmake --build /root/muse_ws/muse_ros2/muse_ws/build/state_estimator_msgs -- -j12 -l12
[0.166s] [  0%] Built target state_estimator_msgs__cpp
[0.259s] [  0%] Built target ament_cmake_python_copy_state_estimator_msgs
[0.334s] [ 12%] Built target state_estimator_msgs__rosidl_typesupport_introspection_cpp
[0.682s] running egg_info
[0.683s] writing state_estimator_msgs.egg-info/PKG-INFO
[0.684s] writing dependency_links to state_estimator_msgs.egg-info/dependency_links.txt
[0.684s] writing top-level names to state_estimator_msgs.egg-info/top_level.txt
[0.694s] reading manifest file 'state_estimator_msgs.egg-info/SOURCES.txt'
[0.694s] writing manifest file 'state_estimator_msgs.egg-info/SOURCES.txt'
[0.749s] [ 12%] Built target ament_cmake_python_build_state_estimator_msgs_egg
[0.806s] [ 24%] Built target state_estimator_msgs__rosidl_typesupport_fastrtps_cpp
[0.874s] [ 36%] Built target state_estimator_msgs__rosidl_typesupport_cpp
[0.928s] [ 48%] Built target state_estimator_msgs__rosidl_generator_c
[0.989s] [ 60%] Built target state_estimator_msgs__rosidl_typesupport_fastrtps_c
[1.037s] [ 72%] Built target state_estimator_msgs__rosidl_typesupport_c
[1.095s] [ 84%] Built target state_estimator_msgs__rosidl_typesupport_introspection_c
[1.138s] [ 84%] Built target state_estimator_msgs
[1.184s] [ 85%] Built target state_estimator_msgs__py
[1.241s] [ 96%] Built target state_estimator_msgs__rosidl_generator_py
[1.287s] [ 97%] Built target state_estimator_msgs__rosidl_typesupport_fastrtps_c__pyext
[1.350s] [ 98%] Built target state_estimator_msgs__rosidl_typesupport_c__pyext
[1.387s] [100%] Built target state_estimator_msgs__rosidl_typesupport_introspection_c__pyext
