[ 23%] Built target iitcommons
[ 33%] Built target gtest_main
[ 42%] Built target gtest
[35m[1mConsolidate compiler generated dependencies of target vm-test[0m
[ 47%] [32mBuilding CXX object CMakeFiles/vm-test.dir/src/control/testVirtualModel.cpp.o[0m
[ 52%] [32m[1mLinking CXX executable vm-test[0m
[ 52%] Built target vm-test
[35m[1mConsolidate compiler generated dependencies of target rotation-test[0m
[ 61%] Built target rotation-test
[35m[1mConsolidate compiler generated dependencies of target planning-test[0m
[ 71%] Built target planning-test
[ 76%] [32mBuilding CXX object CMakeFiles/legboolmap-test.dir/src/legboolmap_test.cpp.o[0m
[ 80%] [32m[1mLinking CXX executable legboolmap-test[0m
[ 80%] Built target legboolmap-test
[ 90%] Built target filt-test
[100%] Built target algebra-test
-- Install configuration: ""
-- Installing: /root/muse_ws/muse_ros2/muse_ws/install/iit_commons/lib/libiitcommons.so
-- Installing: /root/muse_ws/muse_ros2/muse_ws/install/iit_commons/include
-- Installing: /root/muse_ws/muse_ros2/muse_ws/install/iit_commons/include/iit_commons
-- Installing: /root/muse_ws/muse_ros2/muse_ws/install/iit_commons/include/iit_commons/commons
-- Installing: /root/muse_ws/muse_ros2/muse_ws/install/iit_commons/include/iit_commons/commons/SL
-- Installing: /root/muse_ws/muse_ros2/muse_ws/install/iit_commons/include/iit_commons/commons/SL/eigen_conversion.h
-- Installing: /root/muse_ws/muse_ros2/muse_ws/install/iit_commons/include/iit_commons/commons/SL/rbd_conversion.h
-- Installing: /root/muse_ws/muse_ros2/muse_ws/install/iit_commons/include/iit_commons/commons/SL/generic_dynamics.h
-- Installing: /root/muse_ws/muse_ros2/muse_ws/install/iit_commons/include/iit_commons/commons/SL/joint_status_conversion.h
-- Installing: /root/muse_ws/muse_ros2/muse_ws/install/iit_commons/include/iit_commons/commons/dog
-- Installing: /root/muse_ws/muse_ros2/muse_ws/install/iit_commons/include/iit_commons/commons/dog/robot_limits.h
-- Installing: /root/muse_ws/muse_ros2/muse_ws/install/iit_commons/include/iit_commons/commons/dog/inertia_properties.h
-- Installing: /root/muse_ws/muse_ros2/muse_ws/install/iit_commons/include/iit_commons/commons/dog/leg_data_map.h
-- Installing: /root/muse_ws/muse_ros2/muse_ws/install/iit_commons/include/iit_commons/commons/dog/leg_bool_map.h
-- Installing: /root/muse_ws/muse_ros2/muse_ws/install/iit_commons/include/iit_commons/commons/dog/link_data_map.h
-- Installing: /root/muse_ws/muse_ros2/muse_ws/install/iit_commons/include/iit_commons/commons/dog/joint_data_map.h
-- Installing: /root/muse_ws/muse_ros2/muse_ws/install/iit_commons/include/iit_commons/commons/dog/feet_jacobians.h
-- Installing: /root/muse_ws/muse_ros2/muse_ws/install/iit_commons/include/iit_commons/commons/dog/transforms.h
-- Installing: /root/muse_ws/muse_ros2/muse_ws/install/iit_commons/include/iit_commons/commons/dog/joint_bool_map.h
-- Installing: /root/muse_ws/muse_ros2/muse_ws/install/iit_commons/include/iit_commons/commons/dog/inverse_kinematics.h
-- Installing: /root/muse_ws/muse_ros2/muse_ws/install/iit_commons/include/iit_commons/commons/dog/kin_dyn_params.h
-- Installing: /root/muse_ws/muse_ros2/muse_ws/install/iit_commons/include/iit_commons/commons/dog/test_fk.h
-- Installing: /root/muse_ws/muse_ros2/muse_ws/install/iit_commons/include/iit_commons/commons/dog/test_k.h
-- Installing: /root/muse_ws/muse_ros2/muse_ws/install/iit_commons/include/iit_commons/commons/dog/jsim.h
-- Installing: /root/muse_ws/muse_ros2/muse_ws/install/iit_commons/include/iit_commons/commons/dog/body_lengths.h
-- Installing: /root/muse_ws/muse_ros2/muse_ws/install/iit_commons/include/iit_commons/commons/dog/dog.hpp
-- Installing: /root/muse_ws/muse_ros2/muse_ws/install/iit_commons/include/iit_commons/commons/dog/shin_jacobians.h
-- Installing: /root/muse_ws/muse_ros2/muse_ws/install/iit_commons/include/iit_commons/commons/dog/feet_contact_forces.h
-- Installing: /root/muse_ws/muse_ros2/muse_ws/install/iit_commons/include/iit_commons/commons/dog/forward_kinematics.h
-- Installing: /root/muse_ws/muse_ros2/muse_ws/install/iit_commons/include/iit_commons/commons/dog/inverse_dynamics.h
-- Installing: /root/muse_ws/muse_ros2/muse_ws/install/iit_commons/include/iit_commons/commons/dog/declarations.h
-- Installing: /root/muse_ws/muse_ros2/muse_ws/install/iit_commons/include/iit_commons/commons/dog/joint_id_tricks.h
-- Installing: /root/muse_ws/muse_ros2/muse_ws/install/iit_commons/include/iit_commons/commons/planning
-- Installing: /root/muse_ws/muse_ros2/muse_ws/install/iit_commons/include/iit_commons/commons/planning/planning.h
-- Installing: /root/muse_ws/muse_ros2/muse_ws/install/iit_commons/include/iit_commons/commons/yaml_config
-- Installing: /root/muse_ws/muse_ros2/muse_ws/install/iit_commons/include/iit_commons/commons/yaml_config/yaml_config.h
-- Installing: /root/muse_ws/muse_ros2/muse_ws/install/iit_commons/include/iit_commons/commons/euler_angles
-- Installing: /root/muse_ws/muse_ros2/muse_ws/install/iit_commons/include/iit_commons/commons/euler_angles/transform.h
-- Installing: /root/muse_ws/muse_ros2/muse_ws/install/iit_commons/include/iit_commons/commons/euler_angles/eigen_traits.h
-- Installing: /root/muse_ws/muse_ros2/muse_ws/install/iit_commons/include/iit_commons/commons/euler_angles/transforms_internal.h
-- Installing: /root/muse_ws/muse_ros2/muse_ws/install/iit_commons/include/iit_commons/commons/euler_angles/common.h
-- Installing: /root/muse_ws/muse_ros2/muse_ws/install/iit_commons/include/iit_commons/commons/control.h
-- Installing: /root/muse_ws/muse_ros2/muse_ws/install/iit_commons/include/iit_commons/commons/four_bar_linkage.h
-- Installing: /root/muse_ws/muse_ros2/muse_ws/install/iit_commons/include/iit_commons/commons/hydraulics.h
-- Installing: /root/muse_ws/muse_ros2/muse_ws/install/iit_commons/include/iit_commons/commons/filters.h
-- Installing: /root/muse_ws/muse_ros2/muse_ws/install/iit_commons/include/iit_commons/commons/control
-- Installing: /root/muse_ws/muse_ros2/muse_ws/install/iit_commons/include/iit_commons/commons/control/VirtualModel.hpp
-- Installing: /root/muse_ws/muse_ros2/muse_ws/install/iit_commons/include/iit_commons/commons/eigen_matrix_utils.h
-- Installing: /root/muse_ws/muse_ros2/muse_ws/install/iit_commons/include/iit_commons/commons/geometry
-- Installing: /root/muse_ws/muse_ros2/muse_ws/install/iit_commons/include/iit_commons/commons/geometry/algebra.h
-- Installing: /root/muse_ws/muse_ros2/muse_ws/install/iit_commons/include/iit_commons/commons/geometry/polygon.h
-- Installing: /root/muse_ws/muse_ros2/muse_ws/install/iit_commons/include/iit_commons/commons/geometry/rotations.h
-- Installing: /root/muse_ws/muse_ros2/muse_ws/install/iit_commons/include/iit_commons/rbd
-- Installing: /root/muse_ws/muse_ros2/muse_ws/install/iit_commons/include/iit_commons/rbd/StateDependentBase.h
-- Installing: /root/muse_ws/muse_ros2/muse_ws/install/iit_commons/include/iit_commons/rbd/StateDependentMatrix.h
-- Installing: /root/muse_ws/muse_ros2/muse_ws/install/iit_commons/include/iit_commons/rbd/InertiaMatrix.h
-- Installing: /root/muse_ws/muse_ros2/muse_ws/install/iit_commons/include/iit_commons/rbd/rbd.h
-- Installing: /root/muse_ws/muse_ros2/muse_ws/install/iit_commons/include/iit_commons/rbd/internals.h
-- Installing: /root/muse_ws/muse_ros2/muse_ws/install/iit_commons/include/iit_commons/rbd/eigen_traits.h
-- Installing: /root/muse_ws/muse_ros2/muse_ws/install/iit_commons/include/iit_commons/rbd/utils.h
-- Installing: /root/muse_ws/muse_ros2/muse_ws/install/iit_commons/include/iit_commons/rbd/TransformsBase.h
-- Installing: /root/muse_ws/muse_ros2/muse_ws/install/iit_commons/include/iit_commons/rbd/robcogen_commons.h
-- Installing: /root/muse_ws/muse_ros2/muse_ws/install/iit_commons/include/iit_commons/robcogen
-- Installing: /root/muse_ws/muse_ros2/muse_ws/install/iit_commons/include/iit_commons/robcogen/test
-- Installing: /root/muse_ws/muse_ros2/muse_ws/install/iit_commons/include/iit_commons/robcogen/test/dynamics_consistency.h
-- Installing: /root/muse_ws/muse_ros2/muse_ws/install/iit_commons/include/iit_commons/robcogen/test/dynamics_cmd_line.h
-- Installing: /root/muse_ws/muse_ros2/muse_ws/install/iit_commons/include/iit_commons/robcogen/utils.h
-- Installing: /root/muse_ws/muse_ros2/muse_ws/install/iit_commons/share/iit_commons/environment/library_path.sh
-- Installing: /root/muse_ws/muse_ros2/muse_ws/install/iit_commons/share/iit_commons/environment/library_path.dsv
-- Installing: /root/muse_ws/muse_ros2/muse_ws/install/iit_commons/share/ament_index/resource_index/package_run_dependencies/iit_commons
-- Installing: /root/muse_ws/muse_ros2/muse_ws/install/iit_commons/share/ament_index/resource_index/parent_prefix_path/iit_commons
-- Installing: /root/muse_ws/muse_ros2/muse_ws/install/iit_commons/share/iit_commons/environment/ament_prefix_path.sh
-- Installing: /root/muse_ws/muse_ros2/muse_ws/install/iit_commons/share/iit_commons/environment/ament_prefix_path.dsv
-- Installing: /root/muse_ws/muse_ros2/muse_ws/install/iit_commons/share/iit_commons/environment/path.sh
-- Installing: /root/muse_ws/muse_ros2/muse_ws/install/iit_commons/share/iit_commons/environment/path.dsv
-- Installing: /root/muse_ws/muse_ros2/muse_ws/install/iit_commons/share/iit_commons/local_setup.bash
-- Installing: /root/muse_ws/muse_ros2/muse_ws/install/iit_commons/share/iit_commons/local_setup.sh
-- Installing: /root/muse_ws/muse_ros2/muse_ws/install/iit_commons/share/iit_commons/local_setup.zsh
-- Installing: /root/muse_ws/muse_ros2/muse_ws/install/iit_commons/share/iit_commons/local_setup.dsv
-- Installing: /root/muse_ws/muse_ros2/muse_ws/install/iit_commons/share/iit_commons/package.dsv
-- Installing: /root/muse_ws/muse_ros2/muse_ws/install/iit_commons/share/ament_index/resource_index/packages/iit_commons
-- Installing: /root/muse_ws/muse_ros2/muse_ws/install/iit_commons/share/iit_commons/cmake/iitcommonsExport.cmake
-- Installing: /root/muse_ws/muse_ros2/muse_ws/install/iit_commons/share/iit_commons/cmake/iitcommonsExport-noconfig.cmake
-- Installing: /root/muse_ws/muse_ros2/muse_ws/install/iit_commons/share/iit_commons/cmake/ament_cmake_export_targets-extras.cmake
-- Installing: /root/muse_ws/muse_ros2/muse_ws/install/iit_commons/share/iit_commons/cmake/ament_cmake_export_include_directories-extras.cmake
-- Installing: /root/muse_ws/muse_ros2/muse_ws/install/iit_commons/share/iit_commons/cmake/ament_cmake_export_libraries-extras.cmake
-- Installing: /root/muse_ws/muse_ros2/muse_ws/install/iit_commons/share/iit_commons/cmake/ament_cmake_export_dependencies-extras.cmake
-- Installing: /root/muse_ws/muse_ros2/muse_ws/install/iit_commons/share/iit_commons/cmake/iit_commonsConfig.cmake
-- Installing: /root/muse_ws/muse_ros2/muse_ws/install/iit_commons/share/iit_commons/cmake/iit_commonsConfig-version.cmake
-- Installing: /root/muse_ws/muse_ros2/muse_ws/install/iit_commons/share/iit_commons/package.xml
