[0.057s] Invoking command in '/root/muse_ws/muse_ros2/muse_ws/build/iit_commons': CMAKE_PREFIX_PATH=${CMAKE_PREFIX_PATH}:/opt/ros/humble /usr/bin/cmake --build /root/muse_ws/muse_ros2/muse_ws/build/iit_commons -- -j12 -l12
[0.286s] [ 23%] Built target iitcommons
[0.355s] [ 33%] Built target gtest_main
[0.420s] [ 42%] Built target gtest
[0.458s] [35m[1mConsolidate compiler generated dependencies of target vm-test[0m
[0.515s] [ 47%] [32mBuilding CXX object CMakeFiles/vm-test.dir/src/control/testVirtualModel.cpp.o[0m
[3.261s] In file included from [01m[K/root/muse_ws/muse_ros2/muse_ws/src/iit_commons/include/iit_commons/commons/geometry/rotations.h:5[m[K,
[3.261s]                  from [01m[K/root/muse_ws/muse_ros2/muse_ws/src/iit_commons/include/iit_commons/commons/planning/planning.h:6[m[K,
[3.261s]                  from [01m[K/root/muse_ws/muse_ros2/muse_ws/src/iit_commons/include/iit_commons/commons/control/VirtualModel.hpp:7[m[K,
[3.261s]                  from [01m[K/root/muse_ws/muse_ros2/muse_ws/src/iit_commons/src/control/testVirtualModel.cpp:14[m[K:
[3.261s] [01m[K/root/muse_ws/muse_ros2/muse_ws/src/iit_commons/include/iit_commons/commons/geometry/algebra.h:[m[K In function ‘[01m[Kvoid iit::commons::computeQR(const MatrixXR&, MatrixXR&, MatrixXR&, const double&)[m[K’:
[3.261s] [01m[K/root/muse_ws/muse_ros2/muse_ws/src/iit_commons/include/iit_commons/commons/geometry/algebra.h:271:37:[m[K [01;35m[Kwarning: [m[Kunused parameter ‘[01m[Ktolerance[m[K’ [[01;35m[K-Wunused-parameter[m[K]
[3.261s]   271 |                       [01;35m[Kconst double& tolerance[m[K)
[3.261s]       |                       [01;35m[K~~~~~~~~~~~~~~^~~~~~~~~[m[K
[3.305s] In file included from [01m[K/root/muse_ws/muse_ros2/muse_ws/src/iit_commons/include/iit_commons/commons/planning/planning.h:6[m[K,
[3.305s]                  from [01m[K/root/muse_ws/muse_ros2/muse_ws/src/iit_commons/include/iit_commons/commons/control/VirtualModel.hpp:7[m[K,
[3.305s]                  from [01m[K/root/muse_ws/muse_ros2/muse_ws/src/iit_commons/src/control/testVirtualModel.cpp:14[m[K:
[3.305s] [01m[K/root/muse_ws/muse_ros2/muse_ws/src/iit_commons/include/iit_commons/commons/geometry/rotations.h:[m[K In function ‘[01m[KEigen::Matrix3d iit::commons::rpyToEar(const Vector3d&)[m[K’:
[3.305s] [01m[K/root/muse_ws/muse_ros2/muse_ws/src/iit_commons/include/iit_commons/commons/geometry/rotations.h:143:12:[m[K [01;35m[Kwarning: [m[Kunused variable ‘[01m[Kyaw[m[K’ [[01;35m[K-Wunused-variable[m[K]
[3.305s]   143 |     double [01;35m[Kyaw[m[K = rpy(2);
[3.305s]       |            [01;35m[K^~~[m[K
[3.306s] [01m[K/root/muse_ws/muse_ros2/muse_ws/src/iit_commons/include/iit_commons/commons/geometry/rotations.h:[m[K In function ‘[01m[KEigen::Matrix3d iit::commons::rpyToEarInv_dot(const Vector3d&, const Vector3d&)[m[K’:
[3.306s] [01m[K/root/muse_ws/muse_ros2/muse_ws/src/iit_commons/include/iit_commons/commons/geometry/rotations.h:163:12:[m[K [01;35m[Kwarning: [m[Kunused variable ‘[01m[Kroll[m[K’ [[01;35m[K-Wunused-variable[m[K]
[3.306s]   163 |     double [01;35m[Kroll[m[K = rpy(0);
[3.306s]       |            [01;35m[K^~~~[m[K
[3.306s] [01m[K/root/muse_ws/muse_ros2/muse_ws/src/iit_commons/include/iit_commons/commons/geometry/rotations.h:166:12:[m[K [01;35m[Kwarning: [m[Kunused variable ‘[01m[Krolld[m[K’ [[01;35m[K-Wunused-variable[m[K]
[3.306s]   166 |     double [01;35m[Krolld[m[K = rpyd(0);
[3.306s]       |            [01;35m[K^~~~~[m[K
[4.303s] In file included from [01m[K/root/muse_ws/muse_ros2/muse_ws/src/iit_commons/include/iit_commons/commons/control/VirtualModel.hpp:7[m[K,
[4.303s]                  from [01m[K/root/muse_ws/muse_ros2/muse_ws/src/iit_commons/src/control/testVirtualModel.cpp:14[m[K:
[4.303s] [01m[K/root/muse_ws/muse_ros2/muse_ws/src/iit_commons/include/iit_commons/commons/planning/planning.h:[m[K In function ‘[01m[Kvoid iit::planning::ClockwiseSort(std::vector<Eigen::Matrix<double, 3, 1> >&)[m[K’:
[4.303s] [01m[K/root/muse_ws/muse_ros2/muse_ws/src/iit_commons/include/iit_commons/commons/planning/planning.h:162:23:[m[K [01;35m[Kwarning: [m[Kcomparison of integer expressions of different signedness: ‘[01m[Kint[m[K’ and ‘[01m[Kstd::vector<Eigen::Matrix<double, 3, 1> >::size_type[m[K’ {aka ‘[01m[Klong unsigned int[m[K’} [[01;35m[K-Wsign-compare[m[K]
[4.304s]   162 |     for (int i = 1; [01;35m[Ki < p.size() - 1[m[K; i++) {
[4.304s]       |                     [01;35m[K~~^~~~~~~~~~~~~~[m[K
[4.304s] [01m[K/root/muse_ws/muse_ros2/muse_ws/src/iit_commons/include/iit_commons/commons/planning/planning.h:163:31:[m[K [01;35m[Kwarning: [m[Kcomparison of integer expressions of different signedness: ‘[01m[Kint[m[K’ and ‘[01m[Kstd::vector<Eigen::Matrix<double, 3, 1> >::size_type[m[K’ {aka ‘[01m[Klong unsigned int[m[K’} [[01;35m[K-Wsign-compare[m[K]
[4.304s]   163 |         for (int j = i + 1; [01;35m[Kj < p.size()[m[K; j++) {
[4.304s]       |                             [01;35m[K~~^~~~~~~~~~[m[K
[4.304s] [01m[K/root/muse_ws/muse_ros2/muse_ws/src/iit_commons/include/iit_commons/commons/planning/planning.h:[m[K In function ‘[01m[Kvoid iit::planning::CounterClockwiseSort(std::vector<Eigen::Matrix<double, 3, 1> >&)[m[K’:
[4.304s] [01m[K/root/muse_ws/muse_ros2/muse_ws/src/iit_commons/include/iit_commons/commons/planning/planning.h:186:23:[m[K [01;35m[Kwarning: [m[Kcomparison of integer expressions of different signedness: ‘[01m[Kint[m[K’ and ‘[01m[Kstd::vector<Eigen::Matrix<double, 3, 1> >::size_type[m[K’ {aka ‘[01m[Klong unsigned int[m[K’} [[01;35m[K-Wsign-compare[m[K]
[4.304s]   186 |     for (int i = 1; [01;35m[Ki < p.size() - 1[m[K; i++) {
[4.304s]       |                     [01;35m[K~~^~~~~~~~~~~~~~[m[K
[4.304s] [01m[K/root/muse_ws/muse_ros2/muse_ws/src/iit_commons/include/iit_commons/commons/planning/planning.h:187:31:[m[K [01;35m[Kwarning: [m[Kcomparison of integer expressions of different signedness: ‘[01m[Kint[m[K’ and ‘[01m[Kstd::vector<Eigen::Matrix<double, 3, 1> >::size_type[m[K’ {aka ‘[01m[Klong unsigned int[m[K’} [[01;35m[K-Wsign-compare[m[K]
[4.304s]   187 |         for (int j = i + 1; [01;35m[Kj < p.size()[m[K; j++) {
[4.304s]       |                             [01;35m[K~~^~~~~~~~~~[m[K
[4.304s] [01m[K/root/muse_ws/muse_ros2/muse_ws/src/iit_commons/include/iit_commons/commons/planning/planning.h:[m[K In function ‘[01m[Kvoid iit::planning::CounterClockwiseSort(std::vector<Eigen::Matrix<double, 3, 1> >&, std::vector<int>&)[m[K’:
[4.305s] [01m[K/root/muse_ws/muse_ros2/muse_ws/src/iit_commons/include/iit_commons/commons/planning/planning.h:211:23:[m[K [01;35m[Kwarning: [m[Kcomparison of integer expressions of different signedness: ‘[01m[Kint[m[K’ and ‘[01m[Kstd::vector<Eigen::Matrix<double, 3, 1> >::size_type[m[K’ {aka ‘[01m[Klong unsigned int[m[K’} [[01;35m[K-Wsign-compare[m[K]
[4.305s]   211 |     for (int i = 0; [01;35m[Ki < p.size()[m[K; i++)
[4.305s]       |                     [01;35m[K~~^~~~~~~~~~[m[K
[4.305s] [01m[K/root/muse_ws/muse_ros2/muse_ws/src/iit_commons/include/iit_commons/commons/planning/planning.h:213:23:[m[K [01;35m[Kwarning: [m[Kcomparison of integer expressions of different signedness: ‘[01m[Kint[m[K’ and ‘[01m[Kstd::vector<Eigen::Matrix<double, 3, 1> >::size_type[m[K’ {aka ‘[01m[Klong unsigned int[m[K’} [[01;35m[K-Wsign-compare[m[K]
[4.305s]   213 |     for (int i = 1; [01;35m[Ki < p.size() - 1[m[K; i++) {
[4.305s]       |                     [01;35m[K~~^~~~~~~~~~~~~~[m[K
[4.305s] [01m[K/root/muse_ws/muse_ros2/muse_ws/src/iit_commons/include/iit_commons/commons/planning/planning.h:214:31:[m[K [01;35m[Kwarning: [m[Kcomparison of integer expressions of different signedness: ‘[01m[Kint[m[K’ and ‘[01m[Kstd::vector<Eigen::Matrix<double, 3, 1> >::size_type[m[K’ {aka ‘[01m[Klong unsigned int[m[K’} [[01;35m[K-Wsign-compare[m[K]
[4.305s]   214 |         for (int j = i + 1; [01;35m[Kj < p.size()[m[K; j++) {
[4.305s]       |                             [01;35m[K~~^~~~~~~~~~[m[K
[29.535s] [01m[K/root/muse_ws/muse_ros2/muse_ws/src/iit_commons/include/iit_commons/commons/planning/planning.h:[m[K At global scope:
[29.535s] [01m[K/root/muse_ws/muse_ros2/muse_ws/src/iit_commons/include/iit_commons/commons/planning/planning.h:207:13:[m[K [01;35m[Kwarning: [m[K‘[01m[Kvoid iit::planning::CounterClockwiseSort(std::vector<Eigen::Matrix<double, 3, 1> >&, std::vector<int>&)[m[K’ defined but not used [[01;35m[K-Wunused-function[m[K]
[29.536s]   207 | static void [01;35m[KCounterClockwiseSort[m[K(std::vector<Eigen::Vector3d>& p, std::vector<int> & index_map)
[29.536s]       |             [01;35m[K^~~~~~~~~~~~~~~~~~~~[m[K
[29.536s] [01m[K/root/muse_ws/muse_ros2/muse_ws/src/iit_commons/include/iit_commons/commons/planning/planning.h:158:13:[m[K [01;35m[Kwarning: [m[K‘[01m[Kvoid iit::planning::ClockwiseSort(std::vector<Eigen::Matrix<double, 3, 1> >&)[m[K’ defined but not used [[01;35m[K-Wunused-function[m[K]
[29.536s]   158 | static void [01;35m[KClockwiseSort[m[K(std::vector<Eigen::Vector3d>& p)
[29.536s]       |             [01;35m[K^~~~~~~~~~~~~[m[K
[30.405s] [ 52%] [32m[1mLinking CXX executable vm-test[0m
[30.720s] [ 52%] Built target vm-test
[30.740s] [35m[1mConsolidate compiler generated dependencies of target rotation-test[0m
[30.780s] [ 61%] Built target rotation-test
[30.801s] [35m[1mConsolidate compiler generated dependencies of target planning-test[0m
[30.835s] [ 71%] Built target planning-test
[30.884s] [ 76%] [32mBuilding CXX object CMakeFiles/legboolmap-test.dir/src/legboolmap_test.cpp.o[0m
[32.344s] [ 80%] [32m[1mLinking CXX executable legboolmap-test[0m
[32.603s] [ 80%] Built target legboolmap-test
[32.649s] [ 90%] Built target filt-test
[32.718s] [100%] Built target algebra-test
[32.742s] Invoked command in '/root/muse_ws/muse_ros2/muse_ws/build/iit_commons' returned '0': CMAKE_PREFIX_PATH=${CMAKE_PREFIX_PATH}:/opt/ros/humble /usr/bin/cmake --build /root/muse_ws/muse_ros2/muse_ws/build/iit_commons -- -j12 -l12
[32.750s] Invoking command in '/root/muse_ws/muse_ros2/muse_ws/build/iit_commons': CMAKE_PREFIX_PATH=${CMAKE_PREFIX_PATH}:/opt/ros/humble /usr/bin/cmake --install /root/muse_ws/muse_ros2/muse_ws/build/iit_commons
[32.765s] -- Install configuration: ""
[32.769s] -- Installing: /root/muse_ws/muse_ros2/muse_ws/install/iit_commons/lib/libiitcommons.so
[32.782s] -- Installing: /root/muse_ws/muse_ros2/muse_ws/install/iit_commons/include
[32.783s] -- Installing: /root/muse_ws/muse_ros2/muse_ws/install/iit_commons/include/iit_commons
[32.784s] -- Installing: /root/muse_ws/muse_ros2/muse_ws/install/iit_commons/include/iit_commons/commons
[32.784s] -- Installing: /root/muse_ws/muse_ros2/muse_ws/install/iit_commons/include/iit_commons/commons/SL
[32.789s] -- Installing: /root/muse_ws/muse_ros2/muse_ws/install/iit_commons/include/iit_commons/commons/SL/eigen_conversion.h
[32.789s] -- Installing: /root/muse_ws/muse_ros2/muse_ws/install/iit_commons/include/iit_commons/commons/SL/rbd_conversion.h
[32.789s] -- Installing: /root/muse_ws/muse_ros2/muse_ws/install/iit_commons/include/iit_commons/commons/SL/generic_dynamics.h
[32.790s] -- Installing: /root/muse_ws/muse_ros2/muse_ws/install/iit_commons/include/iit_commons/commons/SL/joint_status_conversion.h
[32.790s] -- Installing: /root/muse_ws/muse_ros2/muse_ws/install/iit_commons/include/iit_commons/commons/dog
[32.790s] -- Installing: /root/muse_ws/muse_ros2/muse_ws/install/iit_commons/include/iit_commons/commons/dog/robot_limits.h
[32.790s] -- Installing: /root/muse_ws/muse_ros2/muse_ws/install/iit_commons/include/iit_commons/commons/dog/inertia_properties.h
[32.790s] -- Installing: /root/muse_ws/muse_ros2/muse_ws/install/iit_commons/include/iit_commons/commons/dog/leg_data_map.h
[32.790s] -- Installing: /root/muse_ws/muse_ros2/muse_ws/install/iit_commons/include/iit_commons/commons/dog/leg_bool_map.h
[32.790s] -- Installing: /root/muse_ws/muse_ros2/muse_ws/install/iit_commons/include/iit_commons/commons/dog/link_data_map.h
[32.790s] -- Installing: /root/muse_ws/muse_ros2/muse_ws/install/iit_commons/include/iit_commons/commons/dog/joint_data_map.h
[32.790s] -- Installing: /root/muse_ws/muse_ros2/muse_ws/install/iit_commons/include/iit_commons/commons/dog/feet_jacobians.h
[32.791s] -- Installing: /root/muse_ws/muse_ros2/muse_ws/install/iit_commons/include/iit_commons/commons/dog/transforms.h
[32.791s] -- Installing: /root/muse_ws/muse_ros2/muse_ws/install/iit_commons/include/iit_commons/commons/dog/joint_bool_map.h
[32.791s] -- Installing: /root/muse_ws/muse_ros2/muse_ws/install/iit_commons/include/iit_commons/commons/dog/inverse_kinematics.h
[32.792s] -- Installing: /root/muse_ws/muse_ros2/muse_ws/install/iit_commons/include/iit_commons/commons/dog/kin_dyn_params.h
[32.793s] -- Installing: /root/muse_ws/muse_ros2/muse_ws/install/iit_commons/include/iit_commons/commons/dog/test_fk.h
[32.793s] -- Installing: /root/muse_ws/muse_ros2/muse_ws/install/iit_commons/include/iit_commons/commons/dog/test_k.h
[32.793s] -- Installing: /root/muse_ws/muse_ros2/muse_ws/install/iit_commons/include/iit_commons/commons/dog/jsim.h
[32.793s] -- Installing: /root/muse_ws/muse_ros2/muse_ws/install/iit_commons/include/iit_commons/commons/dog/body_lengths.h
[32.794s] -- Installing: /root/muse_ws/muse_ros2/muse_ws/install/iit_commons/include/iit_commons/commons/dog/dog.hpp
[32.794s] -- Installing: /root/muse_ws/muse_ros2/muse_ws/install/iit_commons/include/iit_commons/commons/dog/shin_jacobians.h
[32.794s] -- Installing: /root/muse_ws/muse_ros2/muse_ws/install/iit_commons/include/iit_commons/commons/dog/feet_contact_forces.h
[32.794s] -- Installing: /root/muse_ws/muse_ros2/muse_ws/install/iit_commons/include/iit_commons/commons/dog/forward_kinematics.h
[32.794s] -- Installing: /root/muse_ws/muse_ros2/muse_ws/install/iit_commons/include/iit_commons/commons/dog/inverse_dynamics.h
[32.794s] -- Installing: /root/muse_ws/muse_ros2/muse_ws/install/iit_commons/include/iit_commons/commons/dog/declarations.h
[32.794s] -- Installing: /root/muse_ws/muse_ros2/muse_ws/install/iit_commons/include/iit_commons/commons/dog/joint_id_tricks.h
[32.794s] -- Installing: /root/muse_ws/muse_ros2/muse_ws/install/iit_commons/include/iit_commons/commons/planning
[32.794s] -- Installing: /root/muse_ws/muse_ros2/muse_ws/install/iit_commons/include/iit_commons/commons/planning/planning.h
[32.795s] -- Installing: /root/muse_ws/muse_ros2/muse_ws/install/iit_commons/include/iit_commons/commons/yaml_config
[32.795s] -- Installing: /root/muse_ws/muse_ros2/muse_ws/install/iit_commons/include/iit_commons/commons/yaml_config/yaml_config.h
[32.795s] -- Installing: /root/muse_ws/muse_ros2/muse_ws/install/iit_commons/include/iit_commons/commons/euler_angles
[32.795s] -- Installing: /root/muse_ws/muse_ros2/muse_ws/install/iit_commons/include/iit_commons/commons/euler_angles/transform.h
[32.796s] -- Installing: /root/muse_ws/muse_ros2/muse_ws/install/iit_commons/include/iit_commons/commons/euler_angles/eigen_traits.h
[32.796s] -- Installing: /root/muse_ws/muse_ros2/muse_ws/install/iit_commons/include/iit_commons/commons/euler_angles/transforms_internal.h
[32.796s] -- Installing: /root/muse_ws/muse_ros2/muse_ws/install/iit_commons/include/iit_commons/commons/euler_angles/common.h
[32.797s] -- Installing: /root/muse_ws/muse_ros2/muse_ws/install/iit_commons/include/iit_commons/commons/control.h
[32.797s] -- Installing: /root/muse_ws/muse_ros2/muse_ws/install/iit_commons/include/iit_commons/commons/four_bar_linkage.h
[32.797s] -- Installing: /root/muse_ws/muse_ros2/muse_ws/install/iit_commons/include/iit_commons/commons/hydraulics.h
[32.797s] -- Installing: /root/muse_ws/muse_ros2/muse_ws/install/iit_commons/include/iit_commons/commons/filters.h
[32.798s] -- Installing: /root/muse_ws/muse_ros2/muse_ws/install/iit_commons/include/iit_commons/commons/control
[32.798s] -- Installing: /root/muse_ws/muse_ros2/muse_ws/install/iit_commons/include/iit_commons/commons/control/VirtualModel.hpp
[32.798s] -- Installing: /root/muse_ws/muse_ros2/muse_ws/install/iit_commons/include/iit_commons/commons/eigen_matrix_utils.h
[32.799s] -- Installing: /root/muse_ws/muse_ros2/muse_ws/install/iit_commons/include/iit_commons/commons/geometry
[32.799s] -- Installing: /root/muse_ws/muse_ros2/muse_ws/install/iit_commons/include/iit_commons/commons/geometry/algebra.h
[32.800s] -- Installing: /root/muse_ws/muse_ros2/muse_ws/install/iit_commons/include/iit_commons/commons/geometry/polygon.h
[32.800s] -- Installing: /root/muse_ws/muse_ros2/muse_ws/install/iit_commons/include/iit_commons/commons/geometry/rotations.h
[32.800s] -- Installing: /root/muse_ws/muse_ros2/muse_ws/install/iit_commons/include/iit_commons/rbd
[32.802s] -- Installing: /root/muse_ws/muse_ros2/muse_ws/install/iit_commons/include/iit_commons/rbd/StateDependentBase.h
[32.802s] -- Installing: /root/muse_ws/muse_ros2/muse_ws/install/iit_commons/include/iit_commons/rbd/StateDependentMatrix.h
[32.803s] -- Installing: /root/muse_ws/muse_ros2/muse_ws/install/iit_commons/include/iit_commons/rbd/InertiaMatrix.h
[32.803s] -- Installing: /root/muse_ws/muse_ros2/muse_ws/install/iit_commons/include/iit_commons/rbd/rbd.h
[32.803s] -- Installing: /root/muse_ws/muse_ros2/muse_ws/install/iit_commons/include/iit_commons/rbd/internals.h
[32.804s] -- Installing: /root/muse_ws/muse_ros2/muse_ws/install/iit_commons/include/iit_commons/rbd/eigen_traits.h
[32.804s] -- Installing: /root/muse_ws/muse_ros2/muse_ws/install/iit_commons/include/iit_commons/rbd/utils.h
[32.806s] -- Installing: /root/muse_ws/muse_ros2/muse_ws/install/iit_commons/include/iit_commons/rbd/TransformsBase.h
[32.807s] -- Installing: /root/muse_ws/muse_ros2/muse_ws/install/iit_commons/include/iit_commons/rbd/robcogen_commons.h
[32.807s] -- Installing: /root/muse_ws/muse_ros2/muse_ws/install/iit_commons/include/iit_commons/robcogen
[32.808s] -- Installing: /root/muse_ws/muse_ros2/muse_ws/install/iit_commons/include/iit_commons/robcogen/test
[32.809s] -- Installing: /root/muse_ws/muse_ros2/muse_ws/install/iit_commons/include/iit_commons/robcogen/test/dynamics_consistency.h
[32.809s] -- Installing: /root/muse_ws/muse_ros2/muse_ws/install/iit_commons/include/iit_commons/robcogen/test/dynamics_cmd_line.h
[32.810s] -- Installing: /root/muse_ws/muse_ros2/muse_ws/install/iit_commons/include/iit_commons/robcogen/utils.h
[32.811s] -- Installing: /root/muse_ws/muse_ros2/muse_ws/install/iit_commons/share/iit_commons/environment/library_path.sh
[32.812s] -- Installing: /root/muse_ws/muse_ros2/muse_ws/install/iit_commons/share/iit_commons/environment/library_path.dsv
[32.815s] -- Installing: /root/muse_ws/muse_ros2/muse_ws/install/iit_commons/share/ament_index/resource_index/package_run_dependencies/iit_commons
[32.816s] -- Installing: /root/muse_ws/muse_ros2/muse_ws/install/iit_commons/share/ament_index/resource_index/parent_prefix_path/iit_commons
[32.819s] -- Installing: /root/muse_ws/muse_ros2/muse_ws/install/iit_commons/share/iit_commons/environment/ament_prefix_path.sh
[32.819s] -- Installing: /root/muse_ws/muse_ros2/muse_ws/install/iit_commons/share/iit_commons/environment/ament_prefix_path.dsv
[32.821s] -- Installing: /root/muse_ws/muse_ros2/muse_ws/install/iit_commons/share/iit_commons/environment/path.sh
[32.821s] -- Installing: /root/muse_ws/muse_ros2/muse_ws/install/iit_commons/share/iit_commons/environment/path.dsv
[32.822s] -- Installing: /root/muse_ws/muse_ros2/muse_ws/install/iit_commons/share/iit_commons/local_setup.bash
[32.825s] -- Installing: /root/muse_ws/muse_ros2/muse_ws/install/iit_commons/share/iit_commons/local_setup.sh
[32.826s] -- Installing: /root/muse_ws/muse_ros2/muse_ws/install/iit_commons/share/iit_commons/local_setup.zsh
[32.827s] -- Installing: /root/muse_ws/muse_ros2/muse_ws/install/iit_commons/share/iit_commons/local_setup.dsv
[32.827s] -- Installing: /root/muse_ws/muse_ros2/muse_ws/install/iit_commons/share/iit_commons/package.dsv
[32.828s] -- Installing: /root/muse_ws/muse_ros2/muse_ws/install/iit_commons/share/ament_index/resource_index/packages/iit_commons
[32.829s] -- Installing: /root/muse_ws/muse_ros2/muse_ws/install/iit_commons/share/iit_commons/cmake/iitcommonsExport.cmake
[32.830s] -- Installing: /root/muse_ws/muse_ros2/muse_ws/install/iit_commons/share/iit_commons/cmake/iitcommonsExport-noconfig.cmake
[32.830s] -- Installing: /root/muse_ws/muse_ros2/muse_ws/install/iit_commons/share/iit_commons/cmake/ament_cmake_export_targets-extras.cmake
[32.831s] -- Installing: /root/muse_ws/muse_ros2/muse_ws/install/iit_commons/share/iit_commons/cmake/ament_cmake_export_include_directories-extras.cmake
[32.832s] -- Installing: /root/muse_ws/muse_ros2/muse_ws/install/iit_commons/share/iit_commons/cmake/ament_cmake_export_libraries-extras.cmake
[32.833s] -- Installing: /root/muse_ws/muse_ros2/muse_ws/install/iit_commons/share/iit_commons/cmake/ament_cmake_export_dependencies-extras.cmake
[32.833s] -- Installing: /root/muse_ws/muse_ros2/muse_ws/install/iit_commons/share/iit_commons/cmake/iit_commonsConfig.cmake
[32.834s] -- Installing: /root/muse_ws/muse_ros2/muse_ws/install/iit_commons/share/iit_commons/cmake/iit_commonsConfig-version.cmake
[32.835s] -- Installing: /root/muse_ws/muse_ros2/muse_ws/install/iit_commons/share/iit_commons/package.xml
[32.845s] Invoked command in '/root/muse_ws/muse_ros2/muse_ws/build/iit_commons' returned '0': CMAKE_PREFIX_PATH=${CMAKE_PREFIX_PATH}:/opt/ros/humble /usr/bin/cmake --install /root/muse_ws/muse_ros2/muse_ws/build/iit_commons
