[ 12%] Built target state_estimator_msgs__rosidl_generator_c
[ 12%] Built target state_estimator_msgs__cpp
[ 12%] Built target ament_cmake_python_copy_state_estimator_msgs
[ 24%] Built target state_estimator_msgs__rosidl_typesupport_c
[ 36%] Built target state_estimator_msgs__rosidl_typesupport_fastrtps_c
[ 48%] Built target state_estimator_msgs__rosidl_typesupport_introspection_cpp
[ 60%] Built target state_estimator_msgs__rosidl_typesupport_fastrtps_cpp
[ 72%] Built target state_estimator_msgs__rosidl_typesupport_cpp
[ 84%] Built target state_estimator_msgs__rosidl_typesupport_introspection_c
[ 84%] Built target state_estimator_msgs
[ 85%] Built target state_estimator_msgs__py
running egg_info
writing state_estimator_msgs.egg-info/PKG-INFO
writing dependency_links to state_estimator_msgs.egg-info/dependency_links.txt
writing top-level names to state_estimator_msgs.egg-info/top_level.txt
reading manifest file 'state_estimator_msgs.egg-info/SOURCES.txt'
writing manifest file 'state_estimator_msgs.egg-info/SOURCES.txt'
[ 96%] Built target state_estimator_msgs__rosidl_generator_py
[ 98%] Built target state_estimator_msgs__rosidl_typesupport_introspection_c__pyext
[ 98%] Built target ament_cmake_python_build_state_estimator_msgs_egg
[ 99%] Built target state_estimator_msgs__rosidl_typesupport_fastrtps_c__pyext
[100%] Built target state_estimator_msgs__rosidl_typesupport_c__pyext
