[0.033s] Invoking command in '/root/muse_ws/muse_ros2/muse_ws/build/state_estimator_msgs': CMAKE_PREFIX_PATH=${CMAKE_PREFIX_PATH}:/opt/ros/humble /usr/bin/cmake --build /root/muse_ws/muse_ros2/muse_ws/build/state_estimator_msgs -- -j12 -l12
[0.168s] [ 12%] Built target state_estimator_msgs__rosidl_generator_c
[0.174s] [ 12%] Built target state_estimator_msgs__cpp
[0.186s] [ 12%] Built target ament_cmake_python_copy_state_estimator_msgs
[0.249s] [ 24%] Built target state_estimator_msgs__rosidl_typesupport_c
[0.251s] [ 36%] Built target state_estimator_msgs__rosidl_typesupport_fastrtps_c
[0.273s] [ 48%] Built target state_estimator_msgs__rosidl_typesupport_introspection_cpp
[0.345s] [ 60%] Built target state_estimator_msgs__rosidl_typesupport_fastrtps_cpp
[0.352s] [ 72%] Built target state_estimator_msgs__rosidl_typesupport_cpp
[0.412s] [ 84%] Built target state_estimator_msgs__rosidl_typesupport_introspection_c
[0.474s] [ 84%] Built target state_estimator_msgs
[0.528s] [ 85%] Built target state_estimator_msgs__py
[0.576s] running egg_info
[0.577s] writing state_estimator_msgs.egg-info/PKG-INFO
[0.578s] writing dependency_links to state_estimator_msgs.egg-info/dependency_links.txt
[0.579s] writing top-level names to state_estimator_msgs.egg-info/top_level.txt
[0.580s] reading manifest file 'state_estimator_msgs.egg-info/SOURCES.txt'
[0.582s] writing manifest file 'state_estimator_msgs.egg-info/SOURCES.txt'
[0.585s] [ 96%] Built target state_estimator_msgs__rosidl_generator_py
[0.639s] [ 98%] Built target state_estimator_msgs__rosidl_typesupport_introspection_c__pyext
[0.646s] [ 98%] Built target ament_cmake_python_build_state_estimator_msgs_egg
[0.646s] [ 99%] Built target state_estimator_msgs__rosidl_typesupport_fastrtps_c__pyext
[0.686s] [100%] Built target state_estimator_msgs__rosidl_typesupport_c__pyext
