-- The C compiler identification is GNU 11.4.0
-- The CXX compiler identification is GNU 11.4.0
-- Detecting C compiler ABI info
-- Detecting C compiler ABI info - done
-- Check for working C compiler: /usr/bin/cc - skipped
-- Detecting C compile features
-- Detecting C compile features - done
-- Detecting CXX compiler ABI info
-- Detecting CXX compiler ABI info - done
-- Check for working CXX compiler: /usr/bin/c++ - skipped
-- Detecting CXX compile features
-- Detecting CXX compile features - done
-- Found ament_cmake: 1.3.12 (/opt/ros/humble/share/ament_cmake/cmake)
-- Found Python3: /usr/bin/python3 (found version "3.10.12") found components: Interpreter 
-- Found eigen3_cmake_module: 0.1.1 (/opt/ros/humble/share/eigen3_cmake_module/cmake)
-- Found Eigen3: TRUE (found version "3.4.0") 
-- Found ament_lint_auto: 0.12.14 (/opt/ros/humble/share/ament_lint_auto/cmake)
-- Found gtest sources under '/opt/ros/humble/src/gtest_vendor': C++ tests using 'Google Test' will be built
-- Looking for pthread.h
-- Looking for pthread.h - found
-- Performing Test CMAKE_HAVE_LIBC_PTHREAD
-- Performing Test CMAKE_HAVE_LIBC_PTHREAD - Success
-- Found Threads: TRUE  
-- Added test 'copyright' to check source files copyright and LICENSE
-- Added test 'cppcheck' to perform static code analysis on C / C++ code
-- Configured cppcheck include dirs: /home/go2/go2_ws/src/muse/muse_ros2/muse_ws/src/iit_commons/include
-- Configured cppcheck exclude dirs and/or files: 
-- Added test 'cpplint' to check C / C++ code against the Google style
-- Configured cpplint exclude dirs and/or files: 
-- Added test 'lint_cmake' to check CMake code style
-- Added test 'uncrustify' to check C / C++ code style
-- Configured uncrustify additional arguments: 
-- Added test 'xmllint' to check XML markup files
-- Configuring done
-- Generating done
-- Build files have been written to: /home/go2/go2_ws/src/muse/muse_ros2/muse_ws/build/iit_commons
[  4%] [32mBuilding CXX object CMakeFiles/iitcommons.dir/src/fbl/four_bar_linkage.cpp.o[0m
[  9%] [32mBuilding CXX object CMakeFiles/iitcommons.dir/src/planning.cpp.o[0m
[ 14%] [32mBuilding CXX object gtest/CMakeFiles/gtest_main.dir/src/gtest_main.cc.o[0m
[ 19%] [32mBuilding CXX object CMakeFiles/iitcommons.dir/src/hydraulics.cpp.o[0m
[ 28%] [32mBuilding CXX object CMakeFiles/iitcommons.dir/src/control/VirtualModel.cpp.o[0m
[ 28%] [32mBuilding CXX object gtest/CMakeFiles/gtest.dir/src/gtest-all.cc.o[0m
[ 33%] [32m[1mLinking CXX static library libgtest_main.a[0m
[ 33%] Built target gtest_main
[ 38%] [32m[1mLinking CXX static library libgtest.a[0m
[ 38%] Built target gtest
[ 42%] [32mBuilding CXX object CMakeFiles/algebra-test.dir/src/algebra_test.cpp.o[0m
[ 47%] [32m[1mLinking CXX executable algebra-test[0m
[ 47%] Built target algebra-test
[ 52%] [32m[1mLinking CXX shared library libiitcommons.so[0m
[ 52%] Built target iitcommons
[ 61%] [32mBuilding CXX object CMakeFiles/filt-test.dir/src/test-filters.cpp.o[0m
[ 66%] [32mBuilding CXX object CMakeFiles/planning-test.dir/src/planning_test.cpp.o[0m
[ 66%] [32mBuilding CXX object CMakeFiles/vm-test.dir/src/control/testVirtualModel.cpp.o[0m
[ 76%] [32mBuilding CXX object CMakeFiles/rotation-test.dir/src/rotation_test.cpp.o[0m
[ 76%] [32mBuilding CXX object CMakeFiles/legboolmap-test.dir/src/legboolmap_test.cpp.o[0m
[ 80%] [32m[1mLinking CXX executable filt-test[0m
[ 85%] [32m[1mLinking CXX executable legboolmap-test[0m
[ 85%] Built target filt-test
[ 85%] Built target legboolmap-test
[ 90%] [32m[1mLinking CXX executable rotation-test[0m
[ 90%] Built target rotation-test
[ 95%] [32m[1mLinking CXX executable planning-test[0m
[ 95%] Built target planning-test
[100%] [32m[1mLinking CXX executable vm-test[0m
[100%] Built target vm-test
-- Install configuration: ""
-- Installing: /home/go2/go2_ws/src/muse/muse_ros2/muse_ws/install/iit_commons/lib/libiitcommons.so
-- Installing: /home/go2/go2_ws/src/muse/muse_ros2/muse_ws/install/iit_commons/include
-- Installing: /home/go2/go2_ws/src/muse/muse_ros2/muse_ws/install/iit_commons/include/iit_commons
-- Installing: /home/go2/go2_ws/src/muse/muse_ros2/muse_ws/install/iit_commons/include/iit_commons/commons
-- Installing: /home/go2/go2_ws/src/muse/muse_ros2/muse_ws/install/iit_commons/include/iit_commons/commons/four_bar_linkage.h
-- Installing: /home/go2/go2_ws/src/muse/muse_ros2/muse_ws/install/iit_commons/include/iit_commons/commons/filters.h
-- Installing: /home/go2/go2_ws/src/muse/muse_ros2/muse_ws/install/iit_commons/include/iit_commons/commons/SL
-- Installing: /home/go2/go2_ws/src/muse/muse_ros2/muse_ws/install/iit_commons/include/iit_commons/commons/SL/eigen_conversion.h
-- Installing: /home/go2/go2_ws/src/muse/muse_ros2/muse_ws/install/iit_commons/include/iit_commons/commons/SL/rbd_conversion.h
-- Installing: /home/go2/go2_ws/src/muse/muse_ros2/muse_ws/install/iit_commons/include/iit_commons/commons/SL/generic_dynamics.h
-- Installing: /home/go2/go2_ws/src/muse/muse_ros2/muse_ws/install/iit_commons/include/iit_commons/commons/SL/joint_status_conversion.h
-- Installing: /home/go2/go2_ws/src/muse/muse_ros2/muse_ws/install/iit_commons/include/iit_commons/commons/planning
-- Installing: /home/go2/go2_ws/src/muse/muse_ros2/muse_ws/install/iit_commons/include/iit_commons/commons/planning/planning.h
-- Installing: /home/go2/go2_ws/src/muse/muse_ros2/muse_ws/install/iit_commons/include/iit_commons/commons/control
-- Installing: /home/go2/go2_ws/src/muse/muse_ros2/muse_ws/install/iit_commons/include/iit_commons/commons/control/VirtualModel.hpp
-- Installing: /home/go2/go2_ws/src/muse/muse_ros2/muse_ws/install/iit_commons/include/iit_commons/commons/yaml_config
-- Installing: /home/go2/go2_ws/src/muse/muse_ros2/muse_ws/install/iit_commons/include/iit_commons/commons/yaml_config/yaml_config.h
-- Installing: /home/go2/go2_ws/src/muse/muse_ros2/muse_ws/install/iit_commons/include/iit_commons/commons/geometry
-- Installing: /home/go2/go2_ws/src/muse/muse_ros2/muse_ws/install/iit_commons/include/iit_commons/commons/geometry/algebra.h
-- Installing: /home/go2/go2_ws/src/muse/muse_ros2/muse_ws/install/iit_commons/include/iit_commons/commons/geometry/polygon.h
-- Installing: /home/go2/go2_ws/src/muse/muse_ros2/muse_ws/install/iit_commons/include/iit_commons/commons/geometry/rotations.h
-- Installing: /home/go2/go2_ws/src/muse/muse_ros2/muse_ws/install/iit_commons/include/iit_commons/commons/dog
-- Installing: /home/go2/go2_ws/src/muse/muse_ros2/muse_ws/install/iit_commons/include/iit_commons/commons/dog/feet_contact_forces.h
-- Installing: /home/go2/go2_ws/src/muse/muse_ros2/muse_ws/install/iit_commons/include/iit_commons/commons/dog/leg_bool_map.h
-- Installing: /home/go2/go2_ws/src/muse/muse_ros2/muse_ws/install/iit_commons/include/iit_commons/commons/dog/leg_data_map.h
-- Installing: /home/go2/go2_ws/src/muse/muse_ros2/muse_ws/install/iit_commons/include/iit_commons/commons/dog/declarations.h
-- Installing: /home/go2/go2_ws/src/muse/muse_ros2/muse_ws/install/iit_commons/include/iit_commons/commons/dog/joint_bool_map.h
-- Installing: /home/go2/go2_ws/src/muse/muse_ros2/muse_ws/install/iit_commons/include/iit_commons/commons/dog/inertia_properties.h
-- Installing: /home/go2/go2_ws/src/muse/muse_ros2/muse_ws/install/iit_commons/include/iit_commons/commons/dog/forward_kinematics.h
-- Installing: /home/go2/go2_ws/src/muse/muse_ros2/muse_ws/install/iit_commons/include/iit_commons/commons/dog/test_k.h
-- Installing: /home/go2/go2_ws/src/muse/muse_ros2/muse_ws/install/iit_commons/include/iit_commons/commons/dog/kin_dyn_params.h
-- Installing: /home/go2/go2_ws/src/muse/muse_ros2/muse_ws/install/iit_commons/include/iit_commons/commons/dog/transforms.h
-- Installing: /home/go2/go2_ws/src/muse/muse_ros2/muse_ws/install/iit_commons/include/iit_commons/commons/dog/test_fk.h
-- Installing: /home/go2/go2_ws/src/muse/muse_ros2/muse_ws/install/iit_commons/include/iit_commons/commons/dog/joint_data_map.h
-- Installing: /home/go2/go2_ws/src/muse/muse_ros2/muse_ws/install/iit_commons/include/iit_commons/commons/dog/dog.hpp
-- Installing: /home/go2/go2_ws/src/muse/muse_ros2/muse_ws/install/iit_commons/include/iit_commons/commons/dog/jsim.h
-- Installing: /home/go2/go2_ws/src/muse/muse_ros2/muse_ws/install/iit_commons/include/iit_commons/commons/dog/joint_id_tricks.h
-- Installing: /home/go2/go2_ws/src/muse/muse_ros2/muse_ws/install/iit_commons/include/iit_commons/commons/dog/inverse_kinematics.h
-- Installing: /home/go2/go2_ws/src/muse/muse_ros2/muse_ws/install/iit_commons/include/iit_commons/commons/dog/link_data_map.h
-- Installing: /home/go2/go2_ws/src/muse/muse_ros2/muse_ws/install/iit_commons/include/iit_commons/commons/dog/robot_limits.h
-- Installing: /home/go2/go2_ws/src/muse/muse_ros2/muse_ws/install/iit_commons/include/iit_commons/commons/dog/feet_jacobians.h
-- Installing: /home/go2/go2_ws/src/muse/muse_ros2/muse_ws/install/iit_commons/include/iit_commons/commons/dog/body_lengths.h
-- Installing: /home/go2/go2_ws/src/muse/muse_ros2/muse_ws/install/iit_commons/include/iit_commons/commons/dog/shin_jacobians.h
-- Installing: /home/go2/go2_ws/src/muse/muse_ros2/muse_ws/install/iit_commons/include/iit_commons/commons/dog/inverse_dynamics.h
-- Installing: /home/go2/go2_ws/src/muse/muse_ros2/muse_ws/install/iit_commons/include/iit_commons/commons/control.h
-- Installing: /home/go2/go2_ws/src/muse/muse_ros2/muse_ws/install/iit_commons/include/iit_commons/commons/eigen_matrix_utils.h
-- Installing: /home/go2/go2_ws/src/muse/muse_ros2/muse_ws/install/iit_commons/include/iit_commons/commons/euler_angles
-- Installing: /home/go2/go2_ws/src/muse/muse_ros2/muse_ws/install/iit_commons/include/iit_commons/commons/euler_angles/transforms_internal.h
-- Installing: /home/go2/go2_ws/src/muse/muse_ros2/muse_ws/install/iit_commons/include/iit_commons/commons/euler_angles/common.h
-- Installing: /home/go2/go2_ws/src/muse/muse_ros2/muse_ws/install/iit_commons/include/iit_commons/commons/euler_angles/transform.h
-- Installing: /home/go2/go2_ws/src/muse/muse_ros2/muse_ws/install/iit_commons/include/iit_commons/commons/euler_angles/eigen_traits.h
-- Installing: /home/go2/go2_ws/src/muse/muse_ros2/muse_ws/install/iit_commons/include/iit_commons/commons/hydraulics.h
-- Installing: /home/go2/go2_ws/src/muse/muse_ros2/muse_ws/install/iit_commons/include/iit_commons/robcogen
-- Installing: /home/go2/go2_ws/src/muse/muse_ros2/muse_ws/install/iit_commons/include/iit_commons/robcogen/test
-- Installing: /home/go2/go2_ws/src/muse/muse_ros2/muse_ws/install/iit_commons/include/iit_commons/robcogen/test/dynamics_cmd_line.h
-- Installing: /home/go2/go2_ws/src/muse/muse_ros2/muse_ws/install/iit_commons/include/iit_commons/robcogen/test/dynamics_consistency.h
-- Installing: /home/go2/go2_ws/src/muse/muse_ros2/muse_ws/install/iit_commons/include/iit_commons/robcogen/utils.h
-- Installing: /home/go2/go2_ws/src/muse/muse_ros2/muse_ws/install/iit_commons/include/iit_commons/rbd
-- Installing: /home/go2/go2_ws/src/muse/muse_ros2/muse_ws/install/iit_commons/include/iit_commons/rbd/TransformsBase.h
-- Installing: /home/go2/go2_ws/src/muse/muse_ros2/muse_ws/install/iit_commons/include/iit_commons/rbd/rbd.h
-- Installing: /home/go2/go2_ws/src/muse/muse_ros2/muse_ws/install/iit_commons/include/iit_commons/rbd/robcogen_commons.h
-- Installing: /home/go2/go2_ws/src/muse/muse_ros2/muse_ws/install/iit_commons/include/iit_commons/rbd/StateDependentBase.h
-- Installing: /home/go2/go2_ws/src/muse/muse_ros2/muse_ws/install/iit_commons/include/iit_commons/rbd/StateDependentMatrix.h
-- Installing: /home/go2/go2_ws/src/muse/muse_ros2/muse_ws/install/iit_commons/include/iit_commons/rbd/utils.h
-- Installing: /home/go2/go2_ws/src/muse/muse_ros2/muse_ws/install/iit_commons/include/iit_commons/rbd/internals.h
-- Installing: /home/go2/go2_ws/src/muse/muse_ros2/muse_ws/install/iit_commons/include/iit_commons/rbd/InertiaMatrix.h
-- Installing: /home/go2/go2_ws/src/muse/muse_ros2/muse_ws/install/iit_commons/include/iit_commons/rbd/eigen_traits.h
-- Installing: /home/go2/go2_ws/src/muse/muse_ros2/muse_ws/install/iit_commons/share/iit_commons/environment/library_path.sh
-- Installing: /home/go2/go2_ws/src/muse/muse_ros2/muse_ws/install/iit_commons/share/iit_commons/environment/library_path.dsv
-- Installing: /home/go2/go2_ws/src/muse/muse_ros2/muse_ws/install/iit_commons/share/ament_index/resource_index/package_run_dependencies/iit_commons
-- Installing: /home/go2/go2_ws/src/muse/muse_ros2/muse_ws/install/iit_commons/share/ament_index/resource_index/parent_prefix_path/iit_commons
-- Installing: /home/go2/go2_ws/src/muse/muse_ros2/muse_ws/install/iit_commons/share/iit_commons/environment/ament_prefix_path.sh
-- Installing: /home/go2/go2_ws/src/muse/muse_ros2/muse_ws/install/iit_commons/share/iit_commons/environment/ament_prefix_path.dsv
-- Installing: /home/go2/go2_ws/src/muse/muse_ros2/muse_ws/install/iit_commons/share/iit_commons/environment/path.sh
-- Installing: /home/go2/go2_ws/src/muse/muse_ros2/muse_ws/install/iit_commons/share/iit_commons/environment/path.dsv
-- Installing: /home/go2/go2_ws/src/muse/muse_ros2/muse_ws/install/iit_commons/share/iit_commons/local_setup.bash
-- Installing: /home/go2/go2_ws/src/muse/muse_ros2/muse_ws/install/iit_commons/share/iit_commons/local_setup.sh
-- Installing: /home/go2/go2_ws/src/muse/muse_ros2/muse_ws/install/iit_commons/share/iit_commons/local_setup.zsh
-- Installing: /home/go2/go2_ws/src/muse/muse_ros2/muse_ws/install/iit_commons/share/iit_commons/local_setup.dsv
-- Installing: /home/go2/go2_ws/src/muse/muse_ros2/muse_ws/install/iit_commons/share/iit_commons/package.dsv
-- Installing: /home/go2/go2_ws/src/muse/muse_ros2/muse_ws/install/iit_commons/share/ament_index/resource_index/packages/iit_commons
-- Installing: /home/go2/go2_ws/src/muse/muse_ros2/muse_ws/install/iit_commons/share/iit_commons/cmake/iitcommonsExport.cmake
-- Installing: /home/go2/go2_ws/src/muse/muse_ros2/muse_ws/install/iit_commons/share/iit_commons/cmake/iitcommonsExport-noconfig.cmake
-- Installing: /home/go2/go2_ws/src/muse/muse_ros2/muse_ws/install/iit_commons/share/iit_commons/cmake/ament_cmake_export_targets-extras.cmake
-- Installing: /home/go2/go2_ws/src/muse/muse_ros2/muse_ws/install/iit_commons/share/iit_commons/cmake/ament_cmake_export_include_directories-extras.cmake
-- Installing: /home/go2/go2_ws/src/muse/muse_ros2/muse_ws/install/iit_commons/share/iit_commons/cmake/ament_cmake_export_libraries-extras.cmake
-- Installing: /home/go2/go2_ws/src/muse/muse_ros2/muse_ws/install/iit_commons/share/iit_commons/cmake/ament_cmake_export_dependencies-extras.cmake
-- Installing: /home/go2/go2_ws/src/muse/muse_ros2/muse_ws/install/iit_commons/share/iit_commons/cmake/iit_commonsConfig.cmake
-- Installing: /home/go2/go2_ws/src/muse/muse_ros2/muse_ws/install/iit_commons/share/iit_commons/cmake/iit_commonsConfig-version.cmake
-- Installing: /home/go2/go2_ws/src/muse/muse_ros2/muse_ws/install/iit_commons/share/iit_commons/package.xml
