[0.042s] Invoking command in '/root/muse_ws/muse_ros2/muse_ws/build/state_estimator_msgs': CMAKE_PREFIX_PATH=${CMAKE_PREFIX_PATH}:/opt/ros/humble /usr/bin/cmake --build /root/muse_ws/muse_ros2/muse_ws/build/state_estimator_msgs -- -j12 -l12
[0.170s] [  0%] Built target state_estimator_msgs__cpp
[0.244s] [  0%] Built target ament_cmake_python_copy_state_estimator_msgs
[0.314s] [ 12%] Built target state_estimator_msgs__rosidl_typesupport_introspection_cpp
[0.710s] running egg_info
[0.711s] writing state_estimator_msgs.egg-info/PKG-INFO
[0.711s] writing dependency_links to state_estimator_msgs.egg-info/dependency_links.txt
[0.711s] writing top-level names to state_estimator_msgs.egg-info/top_level.txt
[0.718s] reading manifest file 'state_estimator_msgs.egg-info/SOURCES.txt'
[0.719s] writing manifest file 'state_estimator_msgs.egg-info/SOURCES.txt'
[0.849s] [ 12%] Built target ament_cmake_python_build_state_estimator_msgs_egg
[0.979s] [ 24%] Built target state_estimator_msgs__rosidl_typesupport_fastrtps_cpp
[1.090s] [ 36%] Built target state_estimator_msgs__rosidl_typesupport_cpp
[1.267s] [ 48%] Built target state_estimator_msgs__rosidl_generator_c
[1.375s] [ 60%] Built target state_estimator_msgs__rosidl_typesupport_fastrtps_c
[1.451s] [ 72%] Built target state_estimator_msgs__rosidl_typesupport_c
[1.517s] [ 84%] Built target state_estimator_msgs__rosidl_typesupport_introspection_c
[1.570s] [ 84%] Built target state_estimator_msgs
[1.625s] [ 85%] Built target state_estimator_msgs__py
[1.686s] [ 96%] Built target state_estimator_msgs__rosidl_generator_py
[1.763s] [ 97%] Built target state_estimator_msgs__rosidl_typesupport_fastrtps_c__pyext
[1.819s] [ 98%] Built target state_estimator_msgs__rosidl_typesupport_c__pyext
[1.877s] [100%] Built target state_estimator_msgs__rosidl_typesupport_introspection_c__pyext
