[0.033s] Invoking command in '/root/muse_ws/muse_ros2/muse_ws/build/iit_commons': CMAKE_PREFIX_PATH=${CMAKE_PREFIX_PATH}:/opt/ros/humble /usr/bin/cmake --build /root/muse_ws/muse_ros2/muse_ws/build/iit_commons -- -j12 -l12
[0.150s] [  4%] [32mBuilding CXX object CMakeFiles/iitcommons.dir/src/control/VirtualModel.cpp.o[0m
[2.644s] In file included from [01m[K/root/muse_ws/muse_ros2/muse_ws/src/iit_commons/include/iit_commons/commons/geometry/rotations.h:5[m[K,
[2.644s]                  from [01m[K/root/muse_ws/muse_ros2/muse_ws/src/iit_commons/include/iit_commons/commons/planning/planning.h:6[m[K,
[2.644s]                  from [01m[K/root/muse_ws/muse_ros2/muse_ws/src/iit_commons/include/iit_commons/commons/control/VirtualModel.hpp:7[m[K,
[2.645s]                  from [01m[K/root/muse_ws/muse_ros2/muse_ws/src/iit_commons/src/control/VirtualModel.cpp:1[m[K:
[2.645s] [01m[K/root/muse_ws/muse_ros2/muse_ws/src/iit_commons/include/iit_commons/commons/geometry/algebra.h:[m[K In function ‘[01m[Kvoid iit::commons::computeQR(const MatrixXR&, MatrixXR&, MatrixXR&, const double&)[m[K’:
[2.645s] [01m[K/root/muse_ws/muse_ros2/muse_ws/src/iit_commons/include/iit_commons/commons/geometry/algebra.h:271:37:[m[K [01;35m[Kwarning: [m[Kunused parameter ‘[01m[Ktolerance[m[K’ [[01;35m[K-Wunused-parameter[m[K]
[2.645s]   271 |                       [01;35m[Kconst double& tolerance[m[K)
[2.645s]       |                       [01;35m[K~~~~~~~~~~~~~~^~~~~~~~~[m[K
[2.685s] In file included from [01m[K/root/muse_ws/muse_ros2/muse_ws/src/iit_commons/include/iit_commons/commons/planning/planning.h:6[m[K,
[2.685s]                  from [01m[K/root/muse_ws/muse_ros2/muse_ws/src/iit_commons/include/iit_commons/commons/control/VirtualModel.hpp:7[m[K,
[2.685s]                  from [01m[K/root/muse_ws/muse_ros2/muse_ws/src/iit_commons/src/control/VirtualModel.cpp:1[m[K:
[2.685s] [01m[K/root/muse_ws/muse_ros2/muse_ws/src/iit_commons/include/iit_commons/commons/geometry/rotations.h:[m[K In function ‘[01m[KEigen::Matrix3d iit::commons::rpyToEar(const Vector3d&)[m[K’:
[2.685s] [01m[K/root/muse_ws/muse_ros2/muse_ws/src/iit_commons/include/iit_commons/commons/geometry/rotations.h:143:12:[m[K [01;35m[Kwarning: [m[Kunused variable ‘[01m[Kyaw[m[K’ [[01;35m[K-Wunused-variable[m[K]
[2.685s]   143 |     double [01;35m[Kyaw[m[K = rpy(2);
[2.685s]       |            [01;35m[K^~~[m[K
[2.685s] [01m[K/root/muse_ws/muse_ros2/muse_ws/src/iit_commons/include/iit_commons/commons/geometry/rotations.h:[m[K In function ‘[01m[KEigen::Matrix3d iit::commons::rpyToEarInv_dot(const Vector3d&, const Vector3d&)[m[K’:
[2.685s] [01m[K/root/muse_ws/muse_ros2/muse_ws/src/iit_commons/include/iit_commons/commons/geometry/rotations.h:163:12:[m[K [01;35m[Kwarning: [m[Kunused variable ‘[01m[Kroll[m[K’ [[01;35m[K-Wunused-variable[m[K]
[2.685s]   163 |     double [01;35m[Kroll[m[K = rpy(0);
[2.685s]       |            [01;35m[K^~~~[m[K
[2.685s] [01m[K/root/muse_ws/muse_ros2/muse_ws/src/iit_commons/include/iit_commons/commons/geometry/rotations.h:166:12:[m[K [01;35m[Kwarning: [m[Kunused variable ‘[01m[Krolld[m[K’ [[01;35m[K-Wunused-variable[m[K]
[2.685s]   166 |     double [01;35m[Krolld[m[K = rpyd(0);
[2.686s]       |            [01;35m[K^~~~~[m[K
[3.938s] In file included from [01m[K/root/muse_ws/muse_ros2/muse_ws/src/iit_commons/include/iit_commons/commons/control/VirtualModel.hpp:7[m[K,
[3.938s]                  from [01m[K/root/muse_ws/muse_ros2/muse_ws/src/iit_commons/src/control/VirtualModel.cpp:1[m[K:
[3.938s] [01m[K/root/muse_ws/muse_ros2/muse_ws/src/iit_commons/include/iit_commons/commons/planning/planning.h:[m[K In function ‘[01m[Kvoid iit::planning::ClockwiseSort(std::vector<Eigen::Matrix<double, 3, 1> >&)[m[K’:
[3.938s] [01m[K/root/muse_ws/muse_ros2/muse_ws/src/iit_commons/include/iit_commons/commons/planning/planning.h:162:23:[m[K [01;35m[Kwarning: [m[Kcomparison of integer expressions of different signedness: ‘[01m[Kint[m[K’ and ‘[01m[Kstd::vector<Eigen::Matrix<double, 3, 1> >::size_type[m[K’ {aka ‘[01m[Klong unsigned int[m[K’} [[01;35m[K-Wsign-compare[m[K]
[3.939s]   162 |     for (int i = 1; [01;35m[Ki < p.size() - 1[m[K; i++) {
[3.939s]       |                     [01;35m[K~~^~~~~~~~~~~~~~[m[K
[3.939s] [01m[K/root/muse_ws/muse_ros2/muse_ws/src/iit_commons/include/iit_commons/commons/planning/planning.h:163:31:[m[K [01;35m[Kwarning: [m[Kcomparison of integer expressions of different signedness: ‘[01m[Kint[m[K’ and ‘[01m[Kstd::vector<Eigen::Matrix<double, 3, 1> >::size_type[m[K’ {aka ‘[01m[Klong unsigned int[m[K’} [[01;35m[K-Wsign-compare[m[K]
[3.939s]   163 |         for (int j = i + 1; [01;35m[Kj < p.size()[m[K; j++) {
[3.939s]       |                             [01;35m[K~~^~~~~~~~~~[m[K
[3.939s] [01m[K/root/muse_ws/muse_ros2/muse_ws/src/iit_commons/include/iit_commons/commons/planning/planning.h:[m[K In function ‘[01m[Kvoid iit::planning::CounterClockwiseSort(std::vector<Eigen::Matrix<double, 3, 1> >&)[m[K’:
[3.939s] [01m[K/root/muse_ws/muse_ros2/muse_ws/src/iit_commons/include/iit_commons/commons/planning/planning.h:186:23:[m[K [01;35m[Kwarning: [m[Kcomparison of integer expressions of different signedness: ‘[01m[Kint[m[K’ and ‘[01m[Kstd::vector<Eigen::Matrix<double, 3, 1> >::size_type[m[K’ {aka ‘[01m[Klong unsigned int[m[K’} [[01;35m[K-Wsign-compare[m[K]
[3.939s]   186 |     for (int i = 1; [01;35m[Ki < p.size() - 1[m[K; i++) {
[3.940s]       |                     [01;35m[K~~^~~~~~~~~~~~~~[m[K
[3.940s] [01m[K/root/muse_ws/muse_ros2/muse_ws/src/iit_commons/include/iit_commons/commons/planning/planning.h:187:31:[m[K [01;35m[Kwarning: [m[Kcomparison of integer expressions of different signedness: ‘[01m[Kint[m[K’ and ‘[01m[Kstd::vector<Eigen::Matrix<double, 3, 1> >::size_type[m[K’ {aka ‘[01m[Klong unsigned int[m[K’} [[01;35m[K-Wsign-compare[m[K]
[3.940s]   187 |         for (int j = i + 1; [01;35m[Kj < p.size()[m[K; j++) {
[3.940s]       |                             [01;35m[K~~^~~~~~~~~~[m[K
[3.940s] [01m[K/root/muse_ws/muse_ros2/muse_ws/src/iit_commons/include/iit_commons/commons/planning/planning.h:[m[K In function ‘[01m[Kvoid iit::planning::CounterClockwiseSort(std::vector<Eigen::Matrix<double, 3, 1> >&, std::vector<int>&)[m[K’:
[3.940s] [01m[K/root/muse_ws/muse_ros2/muse_ws/src/iit_commons/include/iit_commons/commons/planning/planning.h:211:23:[m[K [01;35m[Kwarning: [m[Kcomparison of integer expressions of different signedness: ‘[01m[Kint[m[K’ and ‘[01m[Kstd::vector<Eigen::Matrix<double, 3, 1> >::size_type[m[K’ {aka ‘[01m[Klong unsigned int[m[K’} [[01;35m[K-Wsign-compare[m[K]
[3.941s]   211 |     for (int i = 0; [01;35m[Ki < p.size()[m[K; i++)
[3.941s]       |                     [01;35m[K~~^~~~~~~~~~[m[K
[3.942s] [01m[K/root/muse_ws/muse_ros2/muse_ws/src/iit_commons/include/iit_commons/commons/planning/planning.h:213:23:[m[K [01;35m[Kwarning: [m[Kcomparison of integer expressions of different signedness: ‘[01m[Kint[m[K’ and ‘[01m[Kstd::vector<Eigen::Matrix<double, 3, 1> >::size_type[m[K’ {aka ‘[01m[Klong unsigned int[m[K’} [[01;35m[K-Wsign-compare[m[K]
[3.942s]   213 |     for (int i = 1; [01;35m[Ki < p.size() - 1[m[K; i++) {
[3.943s]       |                     [01;35m[K~~^~~~~~~~~~~~~~[m[K
[3.943s] [01m[K/root/muse_ws/muse_ros2/muse_ws/src/iit_commons/include/iit_commons/commons/planning/planning.h:214:31:[m[K [01;35m[Kwarning: [m[Kcomparison of integer expressions of different signedness: ‘[01m[Kint[m[K’ and ‘[01m[Kstd::vector<Eigen::Matrix<double, 3, 1> >::size_type[m[K’ {aka ‘[01m[Klong unsigned int[m[K’} [[01;35m[K-Wsign-compare[m[K]
[3.943s]   214 |         for (int j = i + 1; [01;35m[Kj < p.size()[m[K; j++) {
[3.943s]       |                             [01;35m[K~~^~~~~~~~~~[m[K
[4.559s] In file included from [01m[K/root/muse_ws/muse_ros2/muse_ws/src/iit_commons/src/control/VirtualModel.cpp:1[m[K:
[4.559s] [01m[K/root/muse_ws/muse_ros2/muse_ws/src/iit_commons/include/iit_commons/commons/control/VirtualModel.hpp:[m[K At global scope:
[4.559s] [01m[K/root/muse_ws/muse_ros2/muse_ws/src/iit_commons/include/iit_commons/commons/control/VirtualModel.hpp:21:26:[m[K [01;31m[Kerror: [m[K‘[01m[Krbd[m[K’ in namespace ‘[01m[Kiit_commons[m[K’ does not name a type
[4.559s]    21 |     typedef iit_commons::[01;31m[Krbd[m[K::ForceVector Gains;
[4.559s]       |                          [01;31m[K^~~[m[K
[4.559s] [01m[K/root/muse_ws/muse_ros2/muse_ws/src/iit_commons/include/iit_commons/commons/control/VirtualModel.hpp:22:26:[m[K [01;31m[Kerror: [m[K‘[01m[Krbd[m[K’ in namespace ‘[01m[Kiit_commons[m[K’ does not name a type
[4.559s]    22 |     typedef iit_commons::[01;31m[Krbd[m[K::ForceVector Wrench;
[4.559s]       |                          [01;31m[K^~~[m[K
[4.560s] [01m[K/root/muse_ws/muse_ros2/muse_ws/src/iit_commons/include/iit_commons/commons/control/VirtualModel.hpp:23:26:[m[K [01;31m[Kerror: [m[K‘[01m[Krbd[m[K’ in namespace ‘[01m[Kiit_commons[m[K’ does not name a type
[4.560s]    23 |     typedef iit_commons::[01;31m[Krbd[m[K::InertiaMatrixDense InertiaMatrix;
[4.560s]       |                          [01;31m[K^~~[m[K
[4.560s] [01m[K/root/muse_ws/muse_ros2/muse_ws/src/iit_commons/include/iit_commons/commons/control/VirtualModel.hpp:24:26:[m[K [01;31m[Kerror: [m[K‘[01m[Kplanning[m[K’ in namespace ‘[01m[Kiit_commons[m[K’ does not name a type
[4.560s]    24 |     typedef iit_commons::[01;31m[Kplanning[m[K::Point3d PointState;
[4.560s]       |                          [01;31m[K^~~~~~~~[m[K
[4.560s] [01m[K/root/muse_ws/muse_ros2/muse_ws/src/iit_commons/include/iit_commons/commons/control/VirtualModel.hpp:40:26:[m[K [01;31m[Kerror: [m[K‘[01m[KGains[m[K’ does not name a type
[4.560s]    40 |     void setGains(const  [01;31m[KGains[m[K & Kp_in, const  Gains & Kd_in);
[4.560s]       |                          [01;31m[K^~~~~[m[K
[4.560s] [01m[K/root/muse_ws/muse_ros2/muse_ws/src/iit_commons/include/iit_commons/commons/control/VirtualModel.hpp:40:48:[m[K [01;31m[Kerror: [m[K‘[01m[KGains[m[K’ does not name a type
[4.561s]    40 |     void setGains(const  Gains & Kp_in, const  [01;31m[KGains[m[K & Kd_in);
[4.561s]       |                                                [01;31m[K^~~~~[m[K
[4.561s] [01m[K/root/muse_ws/muse_ros2/muse_ws/src/iit_commons/include/iit_commons/commons/control/VirtualModel.hpp:72:18:[m[K [01;31m[Kerror: [m[K‘[01m[Krbd[m[K’ has not been declared
[4.561s]    72 |     void setGain([01;31m[Krbd[m[K::Coords6D index, GainType type, double value);
[4.561s]       |                  [01;31m[K^~~[m[K
[4.561s] [01m[K/root/muse_ws/muse_ros2/muse_ws/src/iit_commons/include/iit_commons/commons/control/VirtualModel.hpp:72:32:[m[K [01;31m[Kerror: [m[Kexpected ‘[01m[K,[m[K’ or ‘[01m[K...[m[K’ before ‘[01m[Kindex[m[K’
[4.562s]    72 |     void setGain(rbd::Coords6D [01;31m[Kindex[m[K, GainType type, double value);
[4.562s]       |                                [01;31m[K^~~~~[m[K
[4.562s] [01m[K/root/muse_ws/muse_ros2/muse_ws/src/iit_commons/include/iit_commons/commons/control/VirtualModel.hpp:79:19:[m[K [01;31m[Kerror: [m[K‘[01m[KGains[m[K’ has not been declared
[4.562s]    79 |     void getGains([01;31m[KGains[m[K & Kp_out, Gains & Kd_out);
[4.562s]       |                   [01;31m[K^~~~~[m[K
[4.562s] [01m[K/root/muse_ws/muse_ros2/muse_ws/src/iit_commons/include/iit_commons/commons/control/VirtualModel.hpp:79:35:[m[K [01;31m[Kerror: [m[K‘[01m[KGains[m[K’ has not been declared
[4.562s]    79 |     void getGains(Gains & Kp_out, [01;31m[KGains[m[K & Kd_out);
[4.563s]       |                                   [01;31m[K^~~~~[m[K
[4.563s] [01m[K/root/muse_ws/muse_ros2/muse_ws/src/iit_commons/include/iit_commons/commons/control/VirtualModel.hpp:93:5:[m[K [01;31m[Kerror: [m[K‘[01m[KWrench[m[K’ does not name a type
[4.563s]    93 |     [01;31m[KWrench[m[K getFeedBackWrench(const PointState & des_pos,
[4.563s]       |     [01;31m[K^~~~~~[m[K
[4.563s] [01m[K/root/muse_ws/muse_ros2/muse_ws/src/iit_commons/include/iit_commons/commons/control/VirtualModel.hpp:111:5:[m[K [01;31m[Kerror: [m[K‘[01m[KWrench[m[K’ does not name a type
[4.563s]   111 |     [01;31m[KWrench[m[K getFeedForwardWrench(const Vector3d& des_lin_acc,
[4.563s]       |     [01;31m[K^~~~~~[m[K
[4.566s] [01m[K/root/muse_ws/muse_ros2/muse_ws/src/iit_commons/include/iit_commons/commons/control/VirtualModel.hpp:145:5:[m[K [01;31m[Kerror: [m[K‘[01m[KWrench[m[K’ does not name a type
[4.566s]   145 |     [01;31m[KWrench[m[K getTotalWrench(const PointState & des_lin_state,
[4.566s]       |     [01;31m[K^~~~~~[m[K
[4.566s] [01m[K/root/muse_ws/muse_ros2/muse_ws/src/iit_commons/include/iit_commons/commons/control/VirtualModel.hpp:159:40:[m[K [01;31m[Kerror: [m[K‘[01m[KWrench[m[K’ does not name a type
[4.566s]   159 |     void setWrenchErrorThreshold(const [01;31m[KWrench[m[K& wrenchErrorTh);
[4.566s]       |                                        [01;31m[K^~~~~~[m[K
[4.569s] [01m[K/root/muse_ws/muse_ros2/muse_ws/src/iit_commons/include/iit_commons/commons/control/VirtualModel.hpp:162:5:[m[K [01;31m[Kerror: [m[K‘[01m[KGains[m[K’ does not name a type
[4.569s]   162 |     [01;31m[KGains[m[K Kp_;
[4.569s]       |     [01;31m[K^~~~~[m[K
[4.571s] [01m[K/root/muse_ws/muse_ros2/muse_ws/src/iit_commons/include/iit_commons/commons/control/VirtualModel.hpp:163:5:[m[K [01;31m[Kerror: [m[K‘[01m[KGains[m[K’ does not name a type
[4.571s]   163 |     [01;31m[KGains[m[K Kp_limited_;
[4.571s]       |     [01;31m[K^~~~~[m[K
[4.573s] [01m[K/root/muse_ws/muse_ros2/muse_ws/src/iit_commons/include/iit_commons/commons/control/VirtualModel.hpp:164:5:[m[K [01;31m[Kerror: [m[K‘[01m[KGains[m[K’ does not name a type
[4.573s]   164 |     [01;31m[KGains[m[K Kd_;
[4.573s]       |     [01;31m[K^~~~~[m[K
[4.574s] [01m[K/root/muse_ws/muse_ros2/muse_ws/src/iit_commons/include/iit_commons/commons/control/VirtualModel.hpp:165:5:[m[K [01;31m[Kerror: [m[K‘[01m[KGains[m[K’ does not name a type
[4.575s]   165 |     [01;31m[KGains[m[K Kd_limited_;
[4.575s]       |     [01;31m[K^~~~~[m[K
[4.576s] [01m[K/root/muse_ws/muse_ros2/muse_ws/src/iit_commons/include/iit_commons/commons/control/VirtualModel.hpp:167:5:[m[K [01;31m[Kerror: [m[K‘[01m[KWrench[m[K’ does not name a type
[4.576s]   167 |     [01;31m[KWrench[m[K wrenchErrorThreshold_;
[4.576s]       |     [01;31m[K^~~~~~[m[K
[4.820s] [01m[K/root/muse_ws/muse_ros2/muse_ws/src/iit_commons/src/control/VirtualModel.cpp:[m[K In constructor ‘[01m[Kiit_commons::control::VirtualModel::VirtualModel()[m[K’:
[4.821s] [01m[K/root/muse_ws/muse_ros2/muse_ws/src/iit_commons/src/control/VirtualModel.cpp:10:12:[m[K [01;31m[Kerror: [m[Kclass ‘[01m[Kiit_commons::control::VirtualModel[m[K’ does not have any field named ‘[01m[KKp_[m[K’
[4.821s]    10 |            [01;31m[KKp_[m[K(Wrench::Zero()),
[4.821s]       |            [01;31m[K^~~[m[K
[4.821s] [01m[K/root/muse_ws/muse_ros2/muse_ws/src/iit_commons/src/control/VirtualModel.cpp:10:16:[m[K [01;31m[Kerror: [m[K‘[01m[KWrench[m[K’ has not been declared
[4.821s]    10 |            Kp_([01;31m[KWrench[m[K::Zero()),
[4.821s]       |                [01;31m[K^~~~~~[m[K
[4.821s] [01m[K/root/muse_ws/muse_ros2/muse_ws/src/iit_commons/src/control/VirtualModel.cpp:11:12:[m[K [01;31m[Kerror: [m[Kclass ‘[01m[Kiit_commons::control::VirtualModel[m[K’ does not have any field named ‘[01m[KKd_[m[K’
[4.821s]    11 |            [01;31m[KKd_[m[K(Wrench::Zero()),
[4.821s]       |            [01;31m[K^~~[m[K
[4.821s] [01m[K/root/muse_ws/muse_ros2/muse_ws/src/iit_commons/src/control/VirtualModel.cpp:11:16:[m[K [01;31m[Kerror: [m[K‘[01m[KWrench[m[K’ has not been declared
[4.822s]    11 |            Kd_([01;31m[KWrench[m[K::Zero()),
[4.822s]       |                [01;31m[K^~~~~~[m[K
[4.822s] [01m[K/root/muse_ws/muse_ros2/muse_ws/src/iit_commons/src/control/VirtualModel.cpp:12:12:[m[K [01;31m[Kerror: [m[Kclass ‘[01m[Kiit_commons::control::VirtualModel[m[K’ does not have any field named ‘[01m[KwrenchErrorThreshold_[m[K’
[4.822s]    12 |            [01;31m[KwrenchErrorThreshold_[m[K(Wrench::Constant(400.0))
[4.822s]       |            [01;31m[K^~~~~~~~~~~~~~~~~~~~~[m[K
[4.822s] [01m[K/root/muse_ws/muse_ros2/muse_ws/src/iit_commons/src/control/VirtualModel.cpp:12:34:[m[K [01;31m[Kerror: [m[K‘[01m[KWrench[m[K’ has not been declared
[4.822s]    12 |            wrenchErrorThreshold_([01;31m[KWrench[m[K::Constant(400.0))
[4.822s]       |                                  [01;31m[K^~~~~~[m[K
[4.822s] [01m[K/root/muse_ws/muse_ros2/muse_ws/src/iit_commons/src/control/VirtualModel.cpp:[m[K At global scope:
[4.822s] [01m[K/root/muse_ws/muse_ros2/muse_ws/src/iit_commons/src/control/VirtualModel.cpp:17:35:[m[K [01;31m[Kerror: [m[K‘[01m[KGains[m[K’ does not name a type
[4.822s]    17 | void VirtualModel::setGains(const [01;31m[KGains[m[K &Kp_in, const Gains &Kd_in) {
[4.822s]       |                                   [01;31m[K^~~~~[m[K
[4.832s] [01m[K/root/muse_ws/muse_ros2/muse_ws/src/iit_commons/src/control/VirtualModel.cpp:17:55:[m[K [01;31m[Kerror: [m[K‘[01m[KGains[m[K’ does not name a type
[4.833s]    17 | void VirtualModel::setGains(const Gains &Kp_in, const [01;31m[KGains[m[K &Kd_in) {
[4.834s]       |                                                       [01;31m[K^~~~~[m[K
[4.835s] [01m[K/root/muse_ws/muse_ros2/muse_ws/src/iit_commons/src/control/VirtualModel.cpp:[m[K In member function ‘[01m[Kvoid iit_commons::control::VirtualModel::setGains(const int&, const int&)[m[K’:
[4.836s] [01m[K/root/muse_ws/muse_ros2/muse_ws/src/iit_commons/src/control/VirtualModel.cpp:18:11:[m[K [01;31m[Kerror: [m[K‘[01m[Kclass iit_commons::control::VirtualModel[m[K’ has no member named ‘[01m[KKp_[m[K’
[4.837s]    18 |     this->[01;31m[KKp_[m[K = Kp_in;
[4.838s]       |           [01;31m[K^~~[m[K
[4.839s] [01m[K/root/muse_ws/muse_ros2/muse_ws/src/iit_commons/src/control/VirtualModel.cpp:19:11:[m[K [01;31m[Kerror: [m[K‘[01m[Kclass iit_commons::control::VirtualModel[m[K’ has no member named ‘[01m[KKd_[m[K’
[4.839s]    19 |     this->[01;31m[KKd_[m[K = Kd_in;
[4.842s]       |           [01;31m[K^~~[m[K
[4.852s] [01m[K/root/muse_ws/muse_ros2/muse_ws/src/iit_commons/src/control/VirtualModel.cpp:[m[K In member function ‘[01m[Kvoid iit_commons::control::VirtualModel::setGains(double, double, double, double, double, double, double, double, double, double, double, double)[m[K’:
[4.853s] [01m[K/root/muse_ws/muse_ros2/muse_ws/src/iit_commons/src/control/VirtualModel.cpp:28:5:[m[K [01;31m[Kerror: [m[K‘[01m[KWrench[m[K’ was not declared in this scope
[4.854s]    28 |     [01;31m[KWrench[m[K Kp;
[4.854s]       |     [01;31m[K^~~~~~[m[K
[4.856s] [01m[K/root/muse_ws/muse_ros2/muse_ws/src/iit_commons/src/control/VirtualModel.cpp:29:11:[m[K [01;31m[Kerror: [m[Kexpected ‘[01m[K;[m[K’ before ‘[01m[KKd[m[K’
[4.856s]    29 |     Wrench[01;31m[K [m[K[32m[KKd[m[K;
[4.856s]       |           [01;31m[K^[m[K[32m[K~~[m[K
[4.856s]       |           [32m[K;[m[K
[4.856s] [01m[K/root/muse_ws/muse_ros2/muse_ws/src/iit_commons/src/control/VirtualModel.cpp:32:8:[m[K [01;31m[Kerror: [m[K‘[01m[Krbd[m[K’ has not been declared
[4.856s]    32 |     Kp([01;31m[Krbd[m[K::LX) = lx_p;
[4.856s]       |        [01;31m[K^~~[m[K
[4.859s] [01m[K/root/muse_ws/muse_ros2/muse_ws/src/iit_commons/src/control/VirtualModel.cpp:32:5:[m[K [01;31m[Kerror: [m[K‘[01m[KKp[m[K’ was not declared in this scope
[4.860s]    32 |     [01;31m[KKp[m[K(rbd::LX) = lx_p;
[4.860s]       |     [01;31m[K^~[m[K
[4.860s] [01m[K/root/muse_ws/muse_ros2/muse_ws/src/iit_commons/src/control/VirtualModel.cpp:33:8:[m[K [01;31m[Kerror: [m[K‘[01m[Krbd[m[K’ has not been declared
[4.860s]    33 |     Kp([01;31m[Krbd[m[K::LY) = ly_p;
[4.860s]       |        [01;31m[K^~~[m[K
[4.860s] [01m[K/root/muse_ws/muse_ros2/muse_ws/src/iit_commons/src/control/VirtualModel.cpp:34:8:[m[K [01;31m[Kerror: [m[K‘[01m[Krbd[m[K’ has not been declared
[4.860s]    34 |     Kp([01;31m[Krbd[m[K::LZ) = lz_p;
[4.861s]       |        [01;31m[K^~~[m[K
[4.861s] [01m[K/root/muse_ws/muse_ros2/muse_ws/src/iit_commons/src/control/VirtualModel.cpp:37:8:[m[K [01;31m[Kerror: [m[K‘[01m[Krbd[m[K’ has not been declared
[4.861s]    37 |     Kp([01;31m[Krbd[m[K::AX) = ax_p;
[4.861s]       |        [01;31m[K^~~[m[K
[4.861s] [01m[K/root/muse_ws/muse_ros2/muse_ws/src/iit_commons/src/control/VirtualModel.cpp:38:8:[m[K [01;31m[Kerror: [m[K‘[01m[Krbd[m[K’ has not been declared
[4.861s]    38 |     Kp([01;31m[Krbd[m[K::AY) = ay_p;
[4.861s]       |        [01;31m[K^~~[m[K
[4.863s] [01m[K/root/muse_ws/muse_ros2/muse_ws/src/iit_commons/src/control/VirtualModel.cpp:39:8:[m[K [01;31m[Kerror: [m[K‘[01m[Krbd[m[K’ has not been declared
[4.863s]    39 |     Kp([01;31m[Krbd[m[K::AZ) = az_p;
[4.863s]       |        [01;31m[K^~~[m[K
[4.863s] [01m[K/root/muse_ws/muse_ros2/muse_ws/src/iit_commons/src/control/VirtualModel.cpp:42:8:[m[K [01;31m[Kerror: [m[K‘[01m[Krbd[m[K’ has not been declared
[4.863s]    42 |     Kd([01;31m[Krbd[m[K::LX) = lx_d;
[4.863s]       |        [01;31m[K^~~[m[K
[4.867s] [01m[K/root/muse_ws/muse_ros2/muse_ws/src/iit_commons/src/control/VirtualModel.cpp:42:5:[m[K [01;31m[Kerror: [m[K‘[01m[KKd[m[K’ was not declared in this scope
[4.867s]    42 |     [01;31m[KKd[m[K(rbd::LX) = lx_d;
[4.867s]       |     [01;31m[K^~[m[K
[4.867s] [01m[K/root/muse_ws/muse_ros2/muse_ws/src/iit_commons/src/control/VirtualModel.cpp:43:8:[m[K [01;31m[Kerror: [m[K‘[01m[Krbd[m[K’ has not been declared
[4.867s]    43 |     Kd([01;31m[Krbd[m[K::LY) = ly_d;
[4.868s]       |        [01;31m[K^~~[m[K
[4.868s] [01m[K/root/muse_ws/muse_ros2/muse_ws/src/iit_commons/src/control/VirtualModel.cpp:44:8:[m[K [01;31m[Kerror: [m[K‘[01m[Krbd[m[K’ has not been declared
[4.868s]    44 |     Kd([01;31m[Krbd[m[K::LZ) = lz_d;
[4.868s]       |        [01;31m[K^~~[m[K
[4.868s] [01m[K/root/muse_ws/muse_ros2/muse_ws/src/iit_commons/src/control/VirtualModel.cpp:47:8:[m[K [01;31m[Kerror: [m[K‘[01m[Krbd[m[K’ has not been declared
[4.868s]    47 |     Kd([01;31m[Krbd[m[K::AX) = ax_d;
[4.868s]       |        [01;31m[K^~~[m[K
[4.868s] [01m[K/root/muse_ws/muse_ros2/muse_ws/src/iit_commons/src/control/VirtualModel.cpp:48:8:[m[K [01;31m[Kerror: [m[K‘[01m[Krbd[m[K’ has not been declared
[4.868s]    48 |     Kd([01;31m[Krbd[m[K::AY) = ay_d;
[4.868s]       |        [01;31m[K^~~[m[K
[4.868s] [01m[K/root/muse_ws/muse_ros2/muse_ws/src/iit_commons/src/control/VirtualModel.cpp:49:8:[m[K [01;31m[Kerror: [m[K‘[01m[Krbd[m[K’ has not been declared
[4.868s]    49 |     Kd([01;31m[Krbd[m[K::AZ) = az_d;
[4.868s]       |        [01;31m[K^~~[m[K
[4.869s] [01m[K/root/muse_ws/muse_ros2/muse_ws/src/iit_commons/src/control/VirtualModel.cpp:[m[K At global scope:
[4.869s] [01m[K/root/muse_ws/muse_ros2/muse_ws/src/iit_commons/src/control/VirtualModel.cpp:55:6:[m[K [01;31m[Kerror: [m[Kvariable or field ‘[01m[KsetGain[m[K’ declared void
[4.869s]    55 | void [01;31m[KVirtualModel[m[K::setGain(rbd::Coords6D index, GainType type, double value)
[4.869s]       |      [01;31m[K^~~~~~~~~~~~[m[K
[4.869s] [01m[K/root/muse_ws/muse_ros2/muse_ws/src/iit_commons/src/control/VirtualModel.cpp:55:28:[m[K [01;31m[Kerror: [m[K‘[01m[Krbd[m[K’ has not been declared
[4.869s]    55 | void VirtualModel::setGain([01;31m[Krbd[m[K::Coords6D index, GainType type, double value)
[4.869s]       |                            [01;31m[K^~~[m[K
[4.873s] [01m[K/root/muse_ws/muse_ros2/muse_ws/src/iit_commons/src/control/VirtualModel.cpp:55:49:[m[K [01;31m[Kerror: [m[K‘[01m[KGainType[m[K’ was not declared in this scope
[4.873s]    55 | void VirtualModel::setGain(rbd::Coords6D index, [01;31m[KGainType[m[K type, double value)
[4.873s]       |                                                 [01;31m[K^~~~~~~~[m[K
[4.874s] [01m[K/root/muse_ws/muse_ros2/muse_ws/src/iit_commons/src/control/VirtualModel.cpp:55:64:[m[K [01;31m[Kerror: [m[Kexpected primary-expression before ‘[01m[Kdouble[m[K’
[4.874s]    55 | void VirtualModel::setGain(rbd::Coords6D index, GainType type, [01;31m[Kdouble[m[K value)
[4.874s]       |                                                                [01;31m[K^~~~~~[m[K
[4.874s] [01m[K/root/muse_ws/muse_ros2/muse_ws/src/iit_commons/src/control/VirtualModel.cpp:65:6:[m[K [01;31m[Kerror: [m[Kvariable or field ‘[01m[KgetGains[m[K’ declared void
[4.874s]    65 | void [01;31m[KVirtualModel[m[K::getGains(Gains & Kp_out, Gains & Kd_out)
[4.874s]       |      [01;31m[K^~~~~~~~~~~~[m[K
[4.878s] [01m[K/root/muse_ws/muse_ros2/muse_ws/src/iit_commons/src/control/VirtualModel.cpp:65:29:[m[K [01;31m[Kerror: [m[K‘[01m[KGains[m[K’ was not declared in this scope
[4.878s]    65 | void VirtualModel::getGains([01;31m[KGains[m[K & Kp_out, Gains & Kd_out)
[4.878s]       |                             [01;31m[K^~~~~[m[K
[4.881s] [01m[K/root/muse_ws/muse_ros2/muse_ws/src/iit_commons/src/control/VirtualModel.cpp:65:37:[m[K [01;31m[Kerror: [m[K‘[01m[KKp_out[m[K’ was not declared in this scope
[4.881s]    65 | void VirtualModel::getGains(Gains & [01;31m[KKp_out[m[K, Gains & Kd_out)
[4.881s]       |                                     [01;31m[K^~~~~~[m[K
[4.886s] [01m[K/root/muse_ws/muse_ros2/muse_ws/src/iit_commons/src/control/VirtualModel.cpp:65:45:[m[K [01;31m[Kerror: [m[K‘[01m[KGains[m[K’ was not declared in this scope
[4.886s]    65 | void VirtualModel::getGains(Gains & Kp_out, [01;31m[KGains[m[K & Kd_out)
[4.886s]       |                                             [01;31m[K^~~~~[m[K
[4.897s] [01m[K/root/muse_ws/muse_ros2/muse_ws/src/iit_commons/src/control/VirtualModel.cpp:65:53:[m[K [01;31m[Kerror: [m[K‘[01m[KKd_out[m[K’ was not declared in this scope
[4.897s]    65 | void VirtualModel::getGains(Gains & Kp_out, Gains & [01;31m[KKd_out[m[K)
[4.897s]       |                                                     [01;31m[K^~~~~~[m[K
[4.897s] [01m[K/root/muse_ws/muse_ros2/muse_ws/src/iit_commons/src/control/VirtualModel.cpp:76:15:[m[K [01;31m[Kerror: [m[K‘[01m[KWrench[m[K’ in ‘[01m[Kclass iit_commons::control::VirtualModel[m[K’ does not name a type
[4.897s]    76 | VirtualModel::[01;31m[KWrench[m[K VirtualModel::getFeedBackWrench(const PointState & des_lin_state,
[4.897s]       |               [01;31m[K^~~~~~[m[K
[4.897s] [01m[K/root/muse_ws/muse_ros2/muse_ws/src/iit_commons/src/control/VirtualModel.cpp:135:15:[m[K [01;31m[Kerror: [m[K‘[01m[KWrench[m[K’ in ‘[01m[Kclass iit_commons::control::VirtualModel[m[K’ does not name a type
[4.897s]   135 | VirtualModel::[01;31m[KWrench[m[K VirtualModel::getFeedForwardWrench(const Vector3d& des_lin_acc,
[4.897s]       |               [01;31m[K^~~~~~[m[K
[4.898s] [01m[K/root/muse_ws/muse_ros2/muse_ws/src/iit_commons/src/control/VirtualModel.cpp:187:15:[m[K [01;31m[Kerror: [m[K‘[01m[KWrench[m[K’ in ‘[01m[Kclass iit_commons::control::VirtualModel[m[K’ does not name a type
[4.898s]   187 | VirtualModel::[01;31m[KWrench[m[K VirtualModel::getTotalWrench(const PointState & des_pos,
[4.898s]       |               [01;31m[K^~~~~~[m[K
[4.898s] [01m[K/root/muse_ws/muse_ros2/muse_ws/src/iit_commons/src/control/VirtualModel.cpp:209:50:[m[K [01;31m[Kerror: [m[K‘[01m[KWrench[m[K’ does not name a type
[4.898s]   209 | void VirtualModel::setWrenchErrorThreshold(const [01;31m[KWrench[m[K& wrench_error_threshold){
[4.898s]       |                                                  [01;31m[K^~~~~~[m[K
[4.898s] [01m[K/root/muse_ws/muse_ros2/muse_ws/src/iit_commons/src/control/VirtualModel.cpp:[m[K In member function ‘[01m[Kvoid iit_commons::control::VirtualModel::setWrenchErrorThreshold(const int&)[m[K’:
[4.898s] [01m[K/root/muse_ws/muse_ros2/muse_ws/src/iit_commons/src/control/VirtualModel.cpp:210:11:[m[K [01;31m[Kerror: [m[K‘[01m[Kclass iit_commons::control::VirtualModel[m[K’ has no member named ‘[01m[KwrenchErrorThreshold_[m[K’; did you mean ‘[01m[KsetWrenchErrorThreshold[m[K’?
[4.898s]   210 |     this->[01;31m[KwrenchErrorThreshold_[m[K = wrench_error_threshold;
[4.898s]       |           [01;31m[K^~~~~~~~~~~~~~~~~~~~~[m[K
[4.898s]       |           [32m[KsetWrenchErrorThreshold[m[K
[29.772s] In file included from [01m[K/root/muse_ws/muse_ros2/muse_ws/src/iit_commons/include/iit_commons/commons/control/VirtualModel.hpp:7[m[K,
[29.773s]                  from [01m[K/root/muse_ws/muse_ros2/muse_ws/src/iit_commons/src/control/VirtualModel.cpp:1[m[K:
[29.773s] [01m[K/root/muse_ws/muse_ros2/muse_ws/src/iit_commons/include/iit_commons/commons/planning/planning.h:[m[K At global scope:
[29.773s] [01m[K/root/muse_ws/muse_ros2/muse_ws/src/iit_commons/include/iit_commons/commons/planning/planning.h:207:13:[m[K [01;35m[Kwarning: [m[K‘[01m[Kvoid iit::planning::CounterClockwiseSort(std::vector<Eigen::Matrix<double, 3, 1> >&, std::vector<int>&)[m[K’ defined but not used [[01;35m[K-Wunused-function[m[K]
[29.773s]   207 | static void [01;35m[KCounterClockwiseSort[m[K(std::vector<Eigen::Vector3d>& p, std::vector<int> & index_map)
[29.773s]       |             [01;35m[K^~~~~~~~~~~~~~~~~~~~[m[K
[29.773s] [01m[K/root/muse_ws/muse_ros2/muse_ws/src/iit_commons/include/iit_commons/commons/planning/planning.h:158:13:[m[K [01;35m[Kwarning: [m[K‘[01m[Kvoid iit::planning::ClockwiseSort(std::vector<Eigen::Matrix<double, 3, 1> >&)[m[K’ defined but not used [[01;35m[K-Wunused-function[m[K]
[29.773s]   158 | static void [01;35m[KClockwiseSort[m[K(std::vector<Eigen::Vector3d>& p)
[29.773s]       |             [01;35m[K^~~~~~~~~~~~~[m[K
[29.956s] gmake[2]: *** [CMakeFiles/iitcommons.dir/build.make:104: CMakeFiles/iitcommons.dir/src/control/VirtualModel.cpp.o] Error 1
[29.958s] gmake[1]: *** [CMakeFiles/Makefile2:167: CMakeFiles/iitcommons.dir/all] Error 2
[29.958s] gmake: *** [Makefile:146: all] Error 2
[29.963s] Invoked command in '/root/muse_ws/muse_ros2/muse_ws/build/iit_commons' returned '2': CMAKE_PREFIX_PATH=${CMAKE_PREFIX_PATH}:/opt/ros/humble /usr/bin/cmake --build /root/muse_ws/muse_ros2/muse_ws/build/iit_commons -- -j12 -l12
