[  0%] Built target state_estimator_msgs__cpp
[  0%] Built target ament_cmake_python_copy_state_estimator_msgs
[35m[1mConsolidate compiler generated dependencies of target state_estimator_msgs__rosidl_typesupport_introspection_cpp[0m
[ 12%] Built target state_estimator_msgs__rosidl_typesupport_introspection_cpp
running egg_info
writing state_estimator_msgs.egg-info/PKG-INFO
writing dependency_links to state_estimator_msgs.egg-info/dependency_links.txt
writing top-level names to state_estimator_msgs.egg-info/top_level.txt
reading manifest file 'state_estimator_msgs.egg-info/SOURCES.txt'
writing manifest file 'state_estimator_msgs.egg-info/SOURCES.txt'
[ 12%] Built target ament_cmake_python_build_state_estimator_msgs_egg
[35m[1mConsolidate compiler generated dependencies of target state_estimator_msgs__rosidl_typesupport_fastrtps_cpp[0m
[ 24%] Built target state_estimator_msgs__rosidl_typesupport_fastrtps_cpp
[35m[1mConsolidate compiler generated dependencies of target state_estimator_msgs__rosidl_typesupport_cpp[0m
[ 36%] Built target state_estimator_msgs__rosidl_typesupport_cpp
[35m[1mConsolidate compiler generated dependencies of target state_estimator_msgs__rosidl_generator_c[0m
[ 48%] Built target state_estimator_msgs__rosidl_generator_c
[35m[1mConsolidate compiler generated dependencies of target state_estimator_msgs__rosidl_typesupport_fastrtps_c[0m
[ 60%] Built target state_estimator_msgs__rosidl_typesupport_fastrtps_c
[35m[1mConsolidate compiler generated dependencies of target state_estimator_msgs__rosidl_typesupport_c[0m
[ 72%] Built target state_estimator_msgs__rosidl_typesupport_c
[35m[1mConsolidate compiler generated dependencies of target state_estimator_msgs__rosidl_typesupport_introspection_c[0m
[ 84%] Built target state_estimator_msgs__rosidl_typesupport_introspection_c
[ 84%] Built target state_estimator_msgs
[ 85%] Built target state_estimator_msgs__py
[35m[1mConsolidate compiler generated dependencies of target state_estimator_msgs__rosidl_generator_py[0m
[ 96%] Built target state_estimator_msgs__rosidl_generator_py
[35m[1mConsolidate compiler generated dependencies of target state_estimator_msgs__rosidl_typesupport_fastrtps_c__pyext[0m
[ 97%] Built target state_estimator_msgs__rosidl_typesupport_fastrtps_c__pyext
[35m[1mConsolidate compiler generated dependencies of target state_estimator_msgs__rosidl_typesupport_c__pyext[0m
[ 98%] Built target state_estimator_msgs__rosidl_typesupport_c__pyext
[35m[1mConsolidate compiler generated dependencies of target state_estimator_msgs__rosidl_typesupport_introspection_c__pyext[0m
[100%] Built target state_estimator_msgs__rosidl_typesupport_introspection_c__pyext
