[0.031s] Invoking command in '/root/muse_ws/muse_ros2/muse_ws/build/state_estimator_msgs': CMAKE_PREFIX_PATH=${CMAKE_PREFIX_PATH}:/opt/ros/humble /usr/bin/cmake --build /root/muse_ws/muse_ros2/muse_ws/build/state_estimator_msgs -- -j12 -l12
[0.162s] [  0%] Built target state_estimator_msgs__cpp
[0.248s] [  0%] Built target ament_cmake_python_copy_state_estimator_msgs
[0.276s] [35m[1mConsolidate compiler generated dependencies of target state_estimator_msgs__rosidl_typesupport_introspection_cpp[0m
[0.337s] [ 12%] Built target state_estimator_msgs__rosidl_typesupport_introspection_cpp
[0.614s] running egg_info
[0.615s] writing state_estimator_msgs.egg-info/PKG-INFO
[0.615s] writing dependency_links to state_estimator_msgs.egg-info/dependency_links.txt
[0.616s] writing top-level names to state_estimator_msgs.egg-info/top_level.txt
[0.627s] reading manifest file 'state_estimator_msgs.egg-info/SOURCES.txt'
[0.627s] writing manifest file 'state_estimator_msgs.egg-info/SOURCES.txt'
[0.688s] [ 12%] Built target ament_cmake_python_build_state_estimator_msgs_egg
[0.720s] [35m[1mConsolidate compiler generated dependencies of target state_estimator_msgs__rosidl_typesupport_fastrtps_cpp[0m
[0.790s] [ 24%] Built target state_estimator_msgs__rosidl_typesupport_fastrtps_cpp
[0.821s] [35m[1mConsolidate compiler generated dependencies of target state_estimator_msgs__rosidl_typesupport_cpp[0m
[0.867s] [ 36%] Built target state_estimator_msgs__rosidl_typesupport_cpp
[0.893s] [35m[1mConsolidate compiler generated dependencies of target state_estimator_msgs__rosidl_generator_c[0m
[0.938s] [ 48%] Built target state_estimator_msgs__rosidl_generator_c
[0.974s] [35m[1mConsolidate compiler generated dependencies of target state_estimator_msgs__rosidl_typesupport_fastrtps_c[0m
[1.037s] [ 60%] Built target state_estimator_msgs__rosidl_typesupport_fastrtps_c
[1.072s] [35m[1mConsolidate compiler generated dependencies of target state_estimator_msgs__rosidl_typesupport_c[0m
[1.098s] [ 72%] Built target state_estimator_msgs__rosidl_typesupport_c
[1.131s] [35m[1mConsolidate compiler generated dependencies of target state_estimator_msgs__rosidl_typesupport_introspection_c[0m
[1.179s] [ 84%] Built target state_estimator_msgs__rosidl_typesupport_introspection_c
[1.230s] [ 84%] Built target state_estimator_msgs
[1.293s] [ 85%] Built target state_estimator_msgs__py
[1.315s] [35m[1mConsolidate compiler generated dependencies of target state_estimator_msgs__rosidl_generator_py[0m
[1.373s] [ 96%] Built target state_estimator_msgs__rosidl_generator_py
[1.417s] [35m[1mConsolidate compiler generated dependencies of target state_estimator_msgs__rosidl_typesupport_fastrtps_c__pyext[0m
[1.445s] [ 97%] Built target state_estimator_msgs__rosidl_typesupport_fastrtps_c__pyext
[1.474s] [35m[1mConsolidate compiler generated dependencies of target state_estimator_msgs__rosidl_typesupport_c__pyext[0m
[1.498s] [ 98%] Built target state_estimator_msgs__rosidl_typesupport_c__pyext
[1.520s] [35m[1mConsolidate compiler generated dependencies of target state_estimator_msgs__rosidl_typesupport_introspection_c__pyext[0m
[1.556s] [100%] Built target state_estimator_msgs__rosidl_typesupport_introspection_c__pyext
