[  0%] [34m[1mGenerating C++ code for ROS interfaces[0m
[  0%] Built target state_estimator_msgs__cpp
[  0%] Built target ament_cmake_python_copy_state_estimator_msgs
[  0%] [34m[1mGenerating C++ introspection for ROS interfaces[0m
[  1%] [32mBuilding CXX object CMakeFiles/state_estimator_msgs__rosidl_typesupport_introspection_cpp.dir/rosidl_typesupport_introspection_cpp/state_estimator_msgs/msg/detail/attitude__type_support.cpp.o[0m
[  2%] [32mBuilding CXX object CMakeFiles/state_estimator_msgs__rosidl_typesupport_introspection_cpp.dir/rosidl_typesupport_introspection_cpp/state_estimator_msgs/srv/detail/get_estimator_description__type_support.cpp.o[0m
[  2%] [32mBuilding CXX object CMakeFiles/state_estimator_msgs__rosidl_typesupport_introspection_cpp.dir/rosidl_typesupport_introspection_cpp/state_estimator_msgs/srv/detail/get_whitelist__type_support.cpp.o[0m
[  3%] [32mBuilding CXX object CMakeFiles/state_estimator_msgs__rosidl_typesupport_introspection_cpp.dir/rosidl_typesupport_introspection_cpp/state_estimator_msgs/srv/detail/list_all_estimators__type_support.cpp.o[0m
[  4%] [32mBuilding CXX object CMakeFiles/state_estimator_msgs__rosidl_typesupport_introspection_cpp.dir/rosidl_typesupport_introspection_cpp/state_estimator_msgs/srv/detail/pause_estimator__type_support.cpp.o[0m
[  4%] [32mBuilding CXX object CMakeFiles/state_estimator_msgs__rosidl_typesupport_introspection_cpp.dir/rosidl_typesupport_introspection_cpp/state_estimator_msgs/srv/detail/reset_estimator__type_support.cpp.o[0m
[  5%] [32mBuilding CXX object CMakeFiles/state_estimator_msgs__rosidl_typesupport_introspection_cpp.dir/rosidl_typesupport_introspection_cpp/state_estimator_msgs/srv/detail/restart_estimator__type_support.cpp.o[0m
[  6%] [32mBuilding CXX object CMakeFiles/state_estimator_msgs__rosidl_typesupport_introspection_cpp.dir/rosidl_typesupport_introspection_cpp/state_estimator_msgs/srv/detail/resume_estimator__type_support.cpp.o[0m
[  6%] [32mBuilding CXX object CMakeFiles/state_estimator_msgs__rosidl_typesupport_introspection_cpp.dir/rosidl_typesupport_introspection_cpp/state_estimator_msgs/srv/detail/start_estimator__type_support.cpp.o[0m
[  7%] [32mBuilding CXX object CMakeFiles/state_estimator_msgs__rosidl_typesupport_introspection_cpp.dir/rosidl_typesupport_introspection_cpp/state_estimator_msgs/srv/detail/stop_estimator__type_support.cpp.o[0m
[  8%] [32mBuilding CXX object CMakeFiles/state_estimator_msgs__rosidl_typesupport_introspection_cpp.dir/rosidl_typesupport_introspection_cpp/state_estimator_msgs/srv/detail/get_blacklist__type_support.cpp.o[0m
[  8%] [32mBuilding CXX object CMakeFiles/state_estimator_msgs__rosidl_typesupport_introspection_cpp.dir/rosidl_typesupport_introspection_cpp/state_estimator_msgs/srv/detail/get_active_estimators__type_support.cpp.o[0m
[  9%] [32mBuilding CXX object CMakeFiles/state_estimator_msgs__rosidl_typesupport_introspection_cpp.dir/rosidl_typesupport_introspection_cpp/state_estimator_msgs/msg/detail/joint_state_with_acceleration__type_support.cpp.o[0m
[ 10%] [32mBuilding CXX object CMakeFiles/state_estimator_msgs__rosidl_typesupport_introspection_cpp.dir/rosidl_typesupport_introspection_cpp/state_estimator_msgs/msg/detail/sensor_fusion__type_support.cpp.o[0m
[ 10%] [32mBuilding CXX object CMakeFiles/state_estimator_msgs__rosidl_typesupport_introspection_cpp.dir/rosidl_typesupport_introspection_cpp/state_estimator_msgs/msg/detail/leg_odometry__type_support.cpp.o[0m
[ 11%] [32mBuilding CXX object CMakeFiles/state_estimator_msgs__rosidl_typesupport_introspection_cpp.dir/rosidl_typesupport_introspection_cpp/state_estimator_msgs/msg/detail/contact_detection__type_support.cpp.o[0m
[ 12%] [32m[1mLinking CXX shared library libstate_estimator_msgs__rosidl_typesupport_introspection_cpp.so[0m
[ 12%] Built target state_estimator_msgs__rosidl_typesupport_introspection_cpp
running egg_info
creating state_estimator_msgs.egg-info
writing state_estimator_msgs.egg-info/PKG-INFO
writing dependency_links to state_estimator_msgs.egg-info/dependency_links.txt
writing top-level names to state_estimator_msgs.egg-info/top_level.txt
writing manifest file 'state_estimator_msgs.egg-info/SOURCES.txt'
reading manifest file 'state_estimator_msgs.egg-info/SOURCES.txt'
writing manifest file 'state_estimator_msgs.egg-info/SOURCES.txt'
[ 12%] Built target ament_cmake_python_build_state_estimator_msgs_egg
[ 13%] [34m[1mGenerating C++ type support for eProsima Fast-RTPS[0m
[ 14%] [32mBuilding CXX object CMakeFiles/state_estimator_msgs__rosidl_typesupport_fastrtps_cpp.dir/rosidl_typesupport_fastrtps_cpp/state_estimator_msgs/msg/detail/dds_fastrtps/attitude__type_support.cpp.o[0m
[ 15%] [32mBuilding CXX object CMakeFiles/state_estimator_msgs__rosidl_typesupport_fastrtps_cpp.dir/rosidl_typesupport_fastrtps_cpp/state_estimator_msgs/srv/detail/dds_fastrtps/list_all_estimators__type_support.cpp.o[0m
[ 15%] [32mBuilding CXX object CMakeFiles/state_estimator_msgs__rosidl_typesupport_fastrtps_cpp.dir/rosidl_typesupport_fastrtps_cpp/state_estimator_msgs/srv/detail/dds_fastrtps/pause_estimator__type_support.cpp.o[0m
[ 16%] [32mBuilding CXX object CMakeFiles/state_estimator_msgs__rosidl_typesupport_fastrtps_cpp.dir/rosidl_typesupport_fastrtps_cpp/state_estimator_msgs/srv/detail/dds_fastrtps/reset_estimator__type_support.cpp.o[0m
[ 17%] [32mBuilding CXX object CMakeFiles/state_estimator_msgs__rosidl_typesupport_fastrtps_cpp.dir/rosidl_typesupport_fastrtps_cpp/state_estimator_msgs/srv/detail/dds_fastrtps/restart_estimator__type_support.cpp.o[0m
[ 17%] [32mBuilding CXX object CMakeFiles/state_estimator_msgs__rosidl_typesupport_fastrtps_cpp.dir/rosidl_typesupport_fastrtps_cpp/state_estimator_msgs/srv/detail/dds_fastrtps/resume_estimator__type_support.cpp.o[0m
[ 18%] [32mBuilding CXX object CMakeFiles/state_estimator_msgs__rosidl_typesupport_fastrtps_cpp.dir/rosidl_typesupport_fastrtps_cpp/state_estimator_msgs/srv/detail/dds_fastrtps/start_estimator__type_support.cpp.o[0m
[ 19%] [32mBuilding CXX object CMakeFiles/state_estimator_msgs__rosidl_typesupport_fastrtps_cpp.dir/rosidl_typesupport_fastrtps_cpp/state_estimator_msgs/srv/detail/dds_fastrtps/stop_estimator__type_support.cpp.o[0m
[ 20%] [32mBuilding CXX object CMakeFiles/state_estimator_msgs__rosidl_typesupport_fastrtps_cpp.dir/rosidl_typesupport_fastrtps_cpp/state_estimator_msgs/srv/detail/dds_fastrtps/get_whitelist__type_support.cpp.o[0m
[ 20%] [32mBuilding CXX object CMakeFiles/state_estimator_msgs__rosidl_typesupport_fastrtps_cpp.dir/rosidl_typesupport_fastrtps_cpp/state_estimator_msgs/srv/detail/dds_fastrtps/get_estimator_description__type_support.cpp.o[0m
[ 21%] [32mBuilding CXX object CMakeFiles/state_estimator_msgs__rosidl_typesupport_fastrtps_cpp.dir/rosidl_typesupport_fastrtps_cpp/state_estimator_msgs/srv/detail/dds_fastrtps/get_active_estimators__type_support.cpp.o[0m
[ 21%] [32mBuilding CXX object CMakeFiles/state_estimator_msgs__rosidl_typesupport_fastrtps_cpp.dir/rosidl_typesupport_fastrtps_cpp/state_estimator_msgs/msg/detail/dds_fastrtps/joint_state_with_acceleration__type_support.cpp.o[0m
[ 22%] [32mBuilding CXX object CMakeFiles/state_estimator_msgs__rosidl_typesupport_fastrtps_cpp.dir/rosidl_typesupport_fastrtps_cpp/state_estimator_msgs/srv/detail/dds_fastrtps/get_blacklist__type_support.cpp.o[0m
[ 23%] [32mBuilding CXX object CMakeFiles/state_estimator_msgs__rosidl_typesupport_fastrtps_cpp.dir/rosidl_typesupport_fastrtps_cpp/state_estimator_msgs/msg/detail/dds_fastrtps/sensor_fusion__type_support.cpp.o[0m
[ 24%] [32mBuilding CXX object CMakeFiles/state_estimator_msgs__rosidl_typesupport_fastrtps_cpp.dir/rosidl_typesupport_fastrtps_cpp/state_estimator_msgs/msg/detail/dds_fastrtps/leg_odometry__type_support.cpp.o[0m
[ 24%] [32mBuilding CXX object CMakeFiles/state_estimator_msgs__rosidl_typesupport_fastrtps_cpp.dir/rosidl_typesupport_fastrtps_cpp/state_estimator_msgs/msg/detail/dds_fastrtps/contact_detection__type_support.cpp.o[0m
[ 24%] [32m[1mLinking CXX shared library libstate_estimator_msgs__rosidl_typesupport_fastrtps_cpp.so[0m
[ 24%] Built target state_estimator_msgs__rosidl_typesupport_fastrtps_cpp
[ 25%] [34m[1mGenerating C++ type support dispatch for ROS interfaces[0m
[ 25%] [34m[1mGenerating C code for ROS interfaces[0m
[ 27%] [32mBuilding CXX object CMakeFiles/state_estimator_msgs__rosidl_typesupport_cpp.dir/rosidl_typesupport_cpp/state_estimator_msgs/msg/attitude__type_support.cpp.o[0m
[ 27%] [32mBuilding CXX object CMakeFiles/state_estimator_msgs__rosidl_typesupport_cpp.dir/rosidl_typesupport_cpp/state_estimator_msgs/msg/contact_detection__type_support.cpp.o[0m
[ 27%] [32mBuilding CXX object CMakeFiles/state_estimator_msgs__rosidl_typesupport_cpp.dir/rosidl_typesupport_cpp/state_estimator_msgs/msg/leg_odometry__type_support.cpp.o[0m
[ 27%] [32mBuilding CXX object CMakeFiles/state_estimator_msgs__rosidl_typesupport_cpp.dir/rosidl_typesupport_cpp/state_estimator_msgs/srv/pause_estimator__type_support.cpp.o[0m
[ 28%] [32mBuilding CXX object CMakeFiles/state_estimator_msgs__rosidl_typesupport_cpp.dir/rosidl_typesupport_cpp/state_estimator_msgs/srv/list_all_estimators__type_support.cpp.o[0m
[ 29%] [32mBuilding CXX object CMakeFiles/state_estimator_msgs__rosidl_typesupport_cpp.dir/rosidl_typesupport_cpp/state_estimator_msgs/srv/get_whitelist__type_support.cpp.o[0m
[ 30%] [32mBuilding CXX object CMakeFiles/state_estimator_msgs__rosidl_typesupport_cpp.dir/rosidl_typesupport_cpp/state_estimator_msgs/srv/restart_estimator__type_support.cpp.o[0m
[ 30%] [32mBuilding CXX object CMakeFiles/state_estimator_msgs__rosidl_typesupport_cpp.dir/rosidl_typesupport_cpp/state_estimator_msgs/srv/resume_estimator__type_support.cpp.o[0m
[ 31%] [32mBuilding CXX object CMakeFiles/state_estimator_msgs__rosidl_typesupport_cpp.dir/rosidl_typesupport_cpp/state_estimator_msgs/srv/reset_estimator__type_support.cpp.o[0m
[ 31%] [32mBuilding CXX object CMakeFiles/state_estimator_msgs__rosidl_typesupport_cpp.dir/rosidl_typesupport_cpp/state_estimator_msgs/srv/get_estimator_description__type_support.cpp.o[0m
[ 32%] [32mBuilding CXX object CMakeFiles/state_estimator_msgs__rosidl_typesupport_cpp.dir/rosidl_typesupport_cpp/state_estimator_msgs/srv/get_blacklist__type_support.cpp.o[0m
[ 33%] [32mBuilding CXX object CMakeFiles/state_estimator_msgs__rosidl_typesupport_cpp.dir/rosidl_typesupport_cpp/state_estimator_msgs/srv/start_estimator__type_support.cpp.o[0m
[ 34%] [32mBuilding CXX object CMakeFiles/state_estimator_msgs__rosidl_typesupport_cpp.dir/rosidl_typesupport_cpp/state_estimator_msgs/srv/stop_estimator__type_support.cpp.o[0m
[ 35%] [32mBuilding CXX object CMakeFiles/state_estimator_msgs__rosidl_typesupport_cpp.dir/rosidl_typesupport_cpp/state_estimator_msgs/srv/get_active_estimators__type_support.cpp.o[0m
[ 35%] [32mBuilding CXX object CMakeFiles/state_estimator_msgs__rosidl_typesupport_cpp.dir/rosidl_typesupport_cpp/state_estimator_msgs/msg/joint_state_with_acceleration__type_support.cpp.o[0m
[ 36%] [32mBuilding C object CMakeFiles/state_estimator_msgs__rosidl_generator_c.dir/rosidl_generator_c/state_estimator_msgs/msg/detail/attitude__functions.c.o[0m
[ 37%] [32mBuilding C object CMakeFiles/state_estimator_msgs__rosidl_generator_c.dir/rosidl_generator_c/state_estimator_msgs/msg/detail/contact_detection__functions.c.o[0m
[ 38%] [32mBuilding CXX object CMakeFiles/state_estimator_msgs__rosidl_typesupport_cpp.dir/rosidl_typesupport_cpp/state_estimator_msgs/msg/sensor_fusion__type_support.cpp.o[0m
[ 39%] [32mBuilding C object CMakeFiles/state_estimator_msgs__rosidl_generator_c.dir/rosidl_generator_c/state_estimator_msgs/srv/detail/get_estimator_description__functions.c.o[0m
[ 40%] [32mBuilding C object CMakeFiles/state_estimator_msgs__rosidl_generator_c.dir/rosidl_generator_c/state_estimator_msgs/srv/detail/get_blacklist__functions.c.o[0m
[ 41%] [32mBuilding C object CMakeFiles/state_estimator_msgs__rosidl_generator_c.dir/rosidl_generator_c/state_estimator_msgs/srv/detail/list_all_estimators__functions.c.o[0m
[ 42%] [32mBuilding C object CMakeFiles/state_estimator_msgs__rosidl_generator_c.dir/rosidl_generator_c/state_estimator_msgs/srv/detail/pause_estimator__functions.c.o[0m
[ 43%] [32mBuilding C object CMakeFiles/state_estimator_msgs__rosidl_generator_c.dir/rosidl_generator_c/state_estimator_msgs/srv/detail/resume_estimator__functions.c.o[0m
[ 44%] [32mBuilding C object CMakeFiles/state_estimator_msgs__rosidl_generator_c.dir/rosidl_generator_c/state_estimator_msgs/srv/detail/stop_estimator__functions.c.o[0m
[ 44%] [32mBuilding C object CMakeFiles/state_estimator_msgs__rosidl_generator_c.dir/rosidl_generator_c/state_estimator_msgs/srv/detail/start_estimator__functions.c.o[0m
[ 45%] [32mBuilding C object CMakeFiles/state_estimator_msgs__rosidl_generator_c.dir/rosidl_generator_c/state_estimator_msgs/srv/detail/restart_estimator__functions.c.o[0m
[ 45%] [32m[1mLinking CXX shared library libstate_estimator_msgs__rosidl_typesupport_cpp.so[0m
[ 45%] [32mBuilding C object CMakeFiles/state_estimator_msgs__rosidl_generator_c.dir/rosidl_generator_c/state_estimator_msgs/srv/detail/reset_estimator__functions.c.o[0m
[ 45%] [32mBuilding C object CMakeFiles/state_estimator_msgs__rosidl_generator_c.dir/rosidl_generator_c/state_estimator_msgs/srv/detail/get_whitelist__functions.c.o[0m
[ 45%] Built target state_estimator_msgs__rosidl_typesupport_cpp
[ 45%] [32mBuilding C object CMakeFiles/state_estimator_msgs__rosidl_generator_c.dir/rosidl_generator_c/state_estimator_msgs/srv/detail/get_active_estimators__functions.c.o[0m
[ 46%] [32mBuilding C object CMakeFiles/state_estimator_msgs__rosidl_generator_c.dir/rosidl_generator_c/state_estimator_msgs/msg/detail/joint_state_with_acceleration__functions.c.o[0m
[ 47%] [32mBuilding C object CMakeFiles/state_estimator_msgs__rosidl_generator_c.dir/rosidl_generator_c/state_estimator_msgs/msg/detail/sensor_fusion__functions.c.o[0m
[ 47%] [32mBuilding C object CMakeFiles/state_estimator_msgs__rosidl_generator_c.dir/rosidl_generator_c/state_estimator_msgs/msg/detail/leg_odometry__functions.c.o[0m
[ 48%] [32m[1mLinking C shared library libstate_estimator_msgs__rosidl_generator_c.so[0m
[ 48%] Built target state_estimator_msgs__rosidl_generator_c
[ 49%] [34m[1mGenerating C introspection for ROS interfaces[0m
[ 50%] [34m[1mGenerating C type support for eProsima Fast-RTPS[0m
[ 51%] [32mBuilding C object CMakeFiles/state_estimator_msgs__rosidl_typesupport_introspection_c.dir/rosidl_typesupport_introspection_c/state_estimator_msgs/msg/detail/attitude__type_support.c.o[0m
[ 51%] [32mBuilding C object CMakeFiles/state_estimator_msgs__rosidl_typesupport_introspection_c.dir/rosidl_typesupport_introspection_c/state_estimator_msgs/msg/detail/contact_detection__type_support.c.o[0m
[ 51%] [32mBuilding CXX object CMakeFiles/state_estimator_msgs__rosidl_typesupport_fastrtps_c.dir/rosidl_typesupport_fastrtps_c/state_estimator_msgs/msg/detail/attitude__type_support_c.cpp.o[0m
[ 52%] [32mBuilding C object CMakeFiles/state_estimator_msgs__rosidl_typesupport_introspection_c.dir/rosidl_typesupport_introspection_c/state_estimator_msgs/srv/detail/list_all_estimators__type_support.c.o[0m
[ 53%] [32mBuilding CXX object CMakeFiles/state_estimator_msgs__rosidl_typesupport_fastrtps_c.dir/rosidl_typesupport_fastrtps_c/state_estimator_msgs/msg/detail/contact_detection__type_support_c.cpp.o[0m
[ 54%] [32mBuilding C object CMakeFiles/state_estimator_msgs__rosidl_typesupport_introspection_c.dir/rosidl_typesupport_introspection_c/state_estimator_msgs/srv/detail/get_whitelist__type_support.c.o[0m
[ 54%] [32mBuilding C object CMakeFiles/state_estimator_msgs__rosidl_typesupport_introspection_c.dir/rosidl_typesupport_introspection_c/state_estimator_msgs/srv/detail/get_estimator_description__type_support.c.o[0m
[ 55%] [32mBuilding C object CMakeFiles/state_estimator_msgs__rosidl_typesupport_introspection_c.dir/rosidl_typesupport_introspection_c/state_estimator_msgs/srv/detail/get_blacklist__type_support.c.o[0m
[ 56%] [32mBuilding C object CMakeFiles/state_estimator_msgs__rosidl_typesupport_introspection_c.dir/rosidl_typesupport_introspection_c/state_estimator_msgs/srv/detail/get_active_estimators__type_support.c.o[0m
[ 57%] [32mBuilding C object CMakeFiles/state_estimator_msgs__rosidl_typesupport_introspection_c.dir/rosidl_typesupport_introspection_c/state_estimator_msgs/msg/detail/joint_state_with_acceleration__type_support.c.o[0m
[ 57%] [32mBuilding C object CMakeFiles/state_estimator_msgs__rosidl_typesupport_introspection_c.dir/rosidl_typesupport_introspection_c/state_estimator_msgs/msg/detail/sensor_fusion__type_support.c.o[0m
[ 58%] [32mBuilding CXX object CMakeFiles/state_estimator_msgs__rosidl_typesupport_fastrtps_c.dir/rosidl_typesupport_fastrtps_c/state_estimator_msgs/srv/detail/get_estimator_description__type_support_c.cpp.o[0m
[ 59%] [32mBuilding C object CMakeFiles/state_estimator_msgs__rosidl_typesupport_introspection_c.dir/rosidl_typesupport_introspection_c/state_estimator_msgs/msg/detail/leg_odometry__type_support.c.o[0m
[ 59%] [32mBuilding C object CMakeFiles/state_estimator_msgs__rosidl_typesupport_introspection_c.dir/rosidl_typesupport_introspection_c/state_estimator_msgs/srv/detail/pause_estimator__type_support.c.o[0m
[ 60%] [32mBuilding C object CMakeFiles/state_estimator_msgs__rosidl_typesupport_introspection_c.dir/rosidl_typesupport_introspection_c/state_estimator_msgs/srv/detail/reset_estimator__type_support.c.o[0m
[ 60%] [32mBuilding CXX object CMakeFiles/state_estimator_msgs__rosidl_typesupport_fastrtps_c.dir/rosidl_typesupport_fastrtps_c/state_estimator_msgs/srv/detail/list_all_estimators__type_support_c.cpp.o[0m
[ 61%] [32mBuilding CXX object CMakeFiles/state_estimator_msgs__rosidl_typesupport_fastrtps_c.dir/rosidl_typesupport_fastrtps_c/state_estimator_msgs/srv/detail/get_whitelist__type_support_c.cpp.o[0m
[ 61%] [32mBuilding C object CMakeFiles/state_estimator_msgs__rosidl_typesupport_introspection_c.dir/rosidl_typesupport_introspection_c/state_estimator_msgs/srv/detail/resume_estimator__type_support.c.o[0m
[ 62%] [32mBuilding C object CMakeFiles/state_estimator_msgs__rosidl_typesupport_introspection_c.dir/rosidl_typesupport_introspection_c/state_estimator_msgs/srv/detail/restart_estimator__type_support.c.o[0m
[ 63%] [32mBuilding C object CMakeFiles/state_estimator_msgs__rosidl_typesupport_introspection_c.dir/rosidl_typesupport_introspection_c/state_estimator_msgs/srv/detail/start_estimator__type_support.c.o[0m
[ 64%] [32mBuilding C object CMakeFiles/state_estimator_msgs__rosidl_typesupport_introspection_c.dir/rosidl_typesupport_introspection_c/state_estimator_msgs/srv/detail/stop_estimator__type_support.c.o[0m
[ 64%] [32m[1mLinking C shared library libstate_estimator_msgs__rosidl_typesupport_introspection_c.so[0m
[ 65%] [32mBuilding CXX object CMakeFiles/state_estimator_msgs__rosidl_typesupport_fastrtps_c.dir/rosidl_typesupport_fastrtps_c/state_estimator_msgs/srv/detail/reset_estimator__type_support_c.cpp.o[0m
[ 65%] Built target state_estimator_msgs__rosidl_typesupport_introspection_c
[ 66%] [34m[1mGenerating C type support dispatch for ROS interfaces[0m
[ 67%] [32mBuilding CXX object CMakeFiles/state_estimator_msgs__rosidl_typesupport_fastrtps_c.dir/rosidl_typesupport_fastrtps_c/state_estimator_msgs/srv/detail/resume_estimator__type_support_c.cpp.o[0m
[ 68%] [32mBuilding CXX object CMakeFiles/state_estimator_msgs__rosidl_typesupport_fastrtps_c.dir/rosidl_typesupport_fastrtps_c/state_estimator_msgs/srv/detail/start_estimator__type_support_c.cpp.o[0m
[ 68%] [32mBuilding CXX object CMakeFiles/state_estimator_msgs__rosidl_typesupport_fastrtps_c.dir/rosidl_typesupport_fastrtps_c/state_estimator_msgs/srv/detail/restart_estimator__type_support_c.cpp.o[0m
[ 68%] [32mBuilding CXX object CMakeFiles/state_estimator_msgs__rosidl_typesupport_fastrtps_c.dir/rosidl_typesupport_fastrtps_c/state_estimator_msgs/srv/detail/stop_estimator__type_support_c.cpp.o[0m
[ 68%] [32mBuilding CXX object CMakeFiles/state_estimator_msgs__rosidl_typesupport_c.dir/rosidl_typesupport_c/state_estimator_msgs/msg/attitude__type_support.cpp.o[0m
[ 69%] [32mBuilding CXX object CMakeFiles/state_estimator_msgs__rosidl_typesupport_c.dir/rosidl_typesupport_c/state_estimator_msgs/msg/joint_state_with_acceleration__type_support.cpp.o[0m
[ 70%] [32mBuilding CXX object CMakeFiles/state_estimator_msgs__rosidl_typesupport_c.dir/rosidl_typesupport_c/state_estimator_msgs/srv/get_active_estimators__type_support.cpp.o[0m
[ 70%] [32mBuilding CXX object CMakeFiles/state_estimator_msgs__rosidl_typesupport_c.dir/rosidl_typesupport_c/state_estimator_msgs/srv/get_blacklist__type_support.cpp.o[0m
[ 71%] [32mBuilding CXX object CMakeFiles/state_estimator_msgs__rosidl_typesupport_c.dir/rosidl_typesupport_c/state_estimator_msgs/srv/get_estimator_description__type_support.cpp.o[0m
[ 72%] [32mBuilding CXX object CMakeFiles/state_estimator_msgs__rosidl_typesupport_fastrtps_c.dir/rosidl_typesupport_fastrtps_c/state_estimator_msgs/srv/detail/pause_estimator__type_support_c.cpp.o[0m
[ 72%] [32mBuilding CXX object CMakeFiles/state_estimator_msgs__rosidl_typesupport_c.dir/rosidl_typesupport_c/state_estimator_msgs/srv/list_all_estimators__type_support.cpp.o[0m
[ 73%] [32mBuilding CXX object CMakeFiles/state_estimator_msgs__rosidl_typesupport_c.dir/rosidl_typesupport_c/state_estimator_msgs/srv/pause_estimator__type_support.cpp.o[0m
[ 74%] [32mBuilding CXX object CMakeFiles/state_estimator_msgs__rosidl_typesupport_c.dir/rosidl_typesupport_c/state_estimator_msgs/srv/reset_estimator__type_support.cpp.o[0m
[ 74%] [32mBuilding CXX object CMakeFiles/state_estimator_msgs__rosidl_typesupport_c.dir/rosidl_typesupport_c/state_estimator_msgs/srv/restart_estimator__type_support.cpp.o[0m
[ 75%] [32mBuilding CXX object CMakeFiles/state_estimator_msgs__rosidl_typesupport_c.dir/rosidl_typesupport_c/state_estimator_msgs/srv/resume_estimator__type_support.cpp.o[0m
[ 76%] [32mBuilding CXX object CMakeFiles/state_estimator_msgs__rosidl_typesupport_c.dir/rosidl_typesupport_c/state_estimator_msgs/srv/start_estimator__type_support.cpp.o[0m
[ 76%] [32mBuilding CXX object CMakeFiles/state_estimator_msgs__rosidl_typesupport_c.dir/rosidl_typesupport_c/state_estimator_msgs/srv/stop_estimator__type_support.cpp.o[0m
[ 77%] [32mBuilding CXX object CMakeFiles/state_estimator_msgs__rosidl_typesupport_c.dir/rosidl_typesupport_c/state_estimator_msgs/srv/get_whitelist__type_support.cpp.o[0m
[ 77%] [32mBuilding CXX object CMakeFiles/state_estimator_msgs__rosidl_typesupport_c.dir/rosidl_typesupport_c/state_estimator_msgs/msg/sensor_fusion__type_support.cpp.o[0m
[ 77%] [32mBuilding CXX object CMakeFiles/state_estimator_msgs__rosidl_typesupport_fastrtps_c.dir/rosidl_typesupport_fastrtps_c/state_estimator_msgs/srv/detail/get_blacklist__type_support_c.cpp.o[0m
[ 78%] [32mBuilding CXX object CMakeFiles/state_estimator_msgs__rosidl_typesupport_c.dir/rosidl_typesupport_c/state_estimator_msgs/msg/leg_odometry__type_support.cpp.o[0m
[ 79%] [32mBuilding CXX object CMakeFiles/state_estimator_msgs__rosidl_typesupport_c.dir/rosidl_typesupport_c/state_estimator_msgs/msg/contact_detection__type_support.cpp.o[0m
[ 80%] [32m[1mLinking CXX shared library libstate_estimator_msgs__rosidl_typesupport_c.so[0m
[ 80%] Built target state_estimator_msgs__rosidl_typesupport_c
[ 81%] [32mBuilding CXX object CMakeFiles/state_estimator_msgs__rosidl_typesupport_fastrtps_c.dir/rosidl_typesupport_fastrtps_c/state_estimator_msgs/srv/detail/get_active_estimators__type_support_c.cpp.o[0m
[ 82%] [32mBuilding CXX object CMakeFiles/state_estimator_msgs__rosidl_typesupport_fastrtps_c.dir/rosidl_typesupport_fastrtps_c/state_estimator_msgs/msg/detail/joint_state_with_acceleration__type_support_c.cpp.o[0m
[ 82%] [32mBuilding CXX object CMakeFiles/state_estimator_msgs__rosidl_typesupport_fastrtps_c.dir/rosidl_typesupport_fastrtps_c/state_estimator_msgs/msg/detail/sensor_fusion__type_support_c.cpp.o[0m
[ 83%] [32mBuilding CXX object CMakeFiles/state_estimator_msgs__rosidl_typesupport_fastrtps_c.dir/rosidl_typesupport_fastrtps_c/state_estimator_msgs/msg/detail/leg_odometry__type_support_c.cpp.o[0m
[ 84%] [32m[1mLinking CXX shared library libstate_estimator_msgs__rosidl_typesupport_fastrtps_c.so[0m
[ 84%] Built target state_estimator_msgs__rosidl_typesupport_fastrtps_c
[ 84%] Built target state_estimator_msgs
[ 85%] [34m[1mGenerating Python code for ROS interfaces[0m
[ 85%] Built target state_estimator_msgs__py
[ 85%] [32mBuilding C object CMakeFiles/state_estimator_msgs__rosidl_generator_py.dir/rosidl_generator_py/state_estimator_msgs/msg/_attitude_s.c.o[0m
[ 86%] [32mBuilding C object CMakeFiles/state_estimator_msgs__rosidl_generator_py.dir/rosidl_generator_py/state_estimator_msgs/srv/_reset_estimator_s.c.o[0m
[ 86%] [32mBuilding C object CMakeFiles/state_estimator_msgs__rosidl_generator_py.dir/rosidl_generator_py/state_estimator_msgs/srv/_restart_estimator_s.c.o[0m
[ 87%] [32mBuilding C object CMakeFiles/state_estimator_msgs__rosidl_generator_py.dir/rosidl_generator_py/state_estimator_msgs/srv/_resume_estimator_s.c.o[0m
[ 88%] [32mBuilding C object CMakeFiles/state_estimator_msgs__rosidl_generator_py.dir/rosidl_generator_py/state_estimator_msgs/srv/_pause_estimator_s.c.o[0m
[ 89%] [32mBuilding C object CMakeFiles/state_estimator_msgs__rosidl_generator_py.dir/rosidl_generator_py/state_estimator_msgs/srv/_start_estimator_s.c.o[0m
[ 89%] [32mBuilding C object CMakeFiles/state_estimator_msgs__rosidl_generator_py.dir/rosidl_generator_py/state_estimator_msgs/srv/_stop_estimator_s.c.o[0m
[ 89%] [32mBuilding C object CMakeFiles/state_estimator_msgs__rosidl_generator_py.dir/rosidl_generator_py/state_estimator_msgs/srv/_list_all_estimators_s.c.o[0m
[ 90%] [32mBuilding C object CMakeFiles/state_estimator_msgs__rosidl_generator_py.dir/rosidl_generator_py/state_estimator_msgs/srv/_get_whitelist_s.c.o[0m
[ 90%] [32mBuilding C object CMakeFiles/state_estimator_msgs__rosidl_generator_py.dir/rosidl_generator_py/state_estimator_msgs/srv/_get_blacklist_s.c.o[0m
[ 91%] [32mBuilding C object CMakeFiles/state_estimator_msgs__rosidl_generator_py.dir/rosidl_generator_py/state_estimator_msgs/srv/_get_estimator_description_s.c.o[0m
[ 92%] [32mBuilding C object CMakeFiles/state_estimator_msgs__rosidl_generator_py.dir/rosidl_generator_py/state_estimator_msgs/srv/_get_active_estimators_s.c.o[0m
[ 93%] [32mBuilding C object CMakeFiles/state_estimator_msgs__rosidl_generator_py.dir/rosidl_generator_py/state_estimator_msgs/msg/_joint_state_with_acceleration_s.c.o[0m
[ 93%] [32mBuilding C object CMakeFiles/state_estimator_msgs__rosidl_generator_py.dir/rosidl_generator_py/state_estimator_msgs/msg/_sensor_fusion_s.c.o[0m
[ 94%] [32mBuilding C object CMakeFiles/state_estimator_msgs__rosidl_generator_py.dir/rosidl_generator_py/state_estimator_msgs/msg/_leg_odometry_s.c.o[0m
[ 95%] [32mBuilding C object CMakeFiles/state_estimator_msgs__rosidl_generator_py.dir/rosidl_generator_py/state_estimator_msgs/msg/_contact_detection_s.c.o[0m
[ 96%] [32m[1mLinking C shared library rosidl_generator_py/state_estimator_msgs/libstate_estimator_msgs__rosidl_generator_py.so[0m
[ 96%] Built target state_estimator_msgs__rosidl_generator_py
[ 98%] [32mBuilding C object CMakeFiles/state_estimator_msgs__rosidl_typesupport_introspection_c__pyext.dir/rosidl_generator_py/state_estimator_msgs/_state_estimator_msgs_s.ep.rosidl_typesupport_introspection_c.c.o[0m
[ 98%] [32mBuilding C object CMakeFiles/state_estimator_msgs__rosidl_typesupport_fastrtps_c__pyext.dir/rosidl_generator_py/state_estimator_msgs/_state_estimator_msgs_s.ep.rosidl_typesupport_fastrtps_c.c.o[0m
[ 99%] [32m[1mLinking C shared library rosidl_generator_py/state_estimator_msgs/state_estimator_msgs_s__rosidl_typesupport_introspection_c.cpython-310-x86_64-linux-gnu.so[0m
[ 99%] [32m[1mLinking C shared library rosidl_generator_py/state_estimator_msgs/state_estimator_msgs_s__rosidl_typesupport_fastrtps_c.cpython-310-x86_64-linux-gnu.so[0m
[ 99%] Built target state_estimator_msgs__rosidl_typesupport_fastrtps_c__pyext
[ 99%] Built target state_estimator_msgs__rosidl_typesupport_introspection_c__pyext
[100%] [32mBuilding C object CMakeFiles/state_estimator_msgs__rosidl_typesupport_c__pyext.dir/rosidl_generator_py/state_estimator_msgs/_state_estimator_msgs_s.ep.rosidl_typesupport_c.c.o[0m
[100%] [32m[1mLinking C shared library rosidl_generator_py/state_estimator_msgs/state_estimator_msgs_s__rosidl_typesupport_c.cpython-310-x86_64-linux-gnu.so[0m
[100%] Built target state_estimator_msgs__rosidl_typesupport_c__pyext
