[35m[1mConsolidate compiler generated dependencies of target iitcommons[0m
[  4%] [32mBuilding CXX object CMakeFiles/iitcommons.dir/src/control/VirtualModel.cpp.o[0m
In file included from [01m[K/root/muse_ws/muse_ros2/muse_ws/src/iit_commons/include/iit_commons/commons/geometry/rotations.h:5[m[K,
                 from [01m[K/root/muse_ws/muse_ros2/muse_ws/src/iit_commons/include/iit_commons/commons/planning/planning.h:6[m[K,
                 from [01m[K/root/muse_ws/muse_ros2/muse_ws/src/iit_commons/include/iit_commons/commons/control/VirtualModel.hpp:7[m[K,
                 from [01m[K/root/muse_ws/muse_ros2/muse_ws/src/iit_commons/src/control/VirtualModel.cpp:1[m[K:
[01m[K/root/muse_ws/muse_ros2/muse_ws/src/iit_commons/include/iit_commons/commons/geometry/algebra.h:[m[K In function ‘[01m[Kvoid iit::commons::computeQR(const MatrixXR&, MatrixXR&, MatrixXR&, const double&)[m[K’:
[01m[K/root/muse_ws/muse_ros2/muse_ws/src/iit_commons/include/iit_commons/commons/geometry/algebra.h:271:37:[m[K [01;35m[Kwarning: [m[Kunused parameter ‘[01m[Ktolerance[m[K’ [[01;35m[K-Wunused-parameter[m[K]
  271 |                       [01;35m[Kconst double& tolerance[m[K)
      |                       [01;35m[K~~~~~~~~~~~~~~^~~~~~~~~[m[K
In file included from [01m[K/root/muse_ws/muse_ros2/muse_ws/src/iit_commons/include/iit_commons/commons/planning/planning.h:6[m[K,
                 from [01m[K/root/muse_ws/muse_ros2/muse_ws/src/iit_commons/include/iit_commons/commons/control/VirtualModel.hpp:7[m[K,
                 from [01m[K/root/muse_ws/muse_ros2/muse_ws/src/iit_commons/src/control/VirtualModel.cpp:1[m[K:
[01m[K/root/muse_ws/muse_ros2/muse_ws/src/iit_commons/include/iit_commons/commons/geometry/rotations.h:[m[K In function ‘[01m[KEigen::Matrix3d iit::commons::rpyToEar(const Vector3d&)[m[K’:
[01m[K/root/muse_ws/muse_ros2/muse_ws/src/iit_commons/include/iit_commons/commons/geometry/rotations.h:143:12:[m[K [01;35m[Kwarning: [m[Kunused variable ‘[01m[Kyaw[m[K’ [[01;35m[K-Wunused-variable[m[K]
  143 |     double [01;35m[Kyaw[m[K = rpy(2);
      |            [01;35m[K^~~[m[K
[01m[K/root/muse_ws/muse_ros2/muse_ws/src/iit_commons/include/iit_commons/commons/geometry/rotations.h:[m[K In function ‘[01m[KEigen::Matrix3d iit::commons::rpyToEarInv_dot(const Vector3d&, const Vector3d&)[m[K’:
[01m[K/root/muse_ws/muse_ros2/muse_ws/src/iit_commons/include/iit_commons/commons/geometry/rotations.h:163:12:[m[K [01;35m[Kwarning: [m[Kunused variable ‘[01m[Kroll[m[K’ [[01;35m[K-Wunused-variable[m[K]
  163 |     double [01;35m[Kroll[m[K = rpy(0);
      |            [01;35m[K^~~~[m[K
[01m[K/root/muse_ws/muse_ros2/muse_ws/src/iit_commons/include/iit_commons/commons/geometry/rotations.h:166:12:[m[K [01;35m[Kwarning: [m[Kunused variable ‘[01m[Krolld[m[K’ [[01;35m[K-Wunused-variable[m[K]
  166 |     double [01;35m[Krolld[m[K = rpyd(0);
      |            [01;35m[K^~~~~[m[K
In file included from [01m[K/root/muse_ws/muse_ros2/muse_ws/src/iit_commons/include/iit_commons/commons/control/VirtualModel.hpp:7[m[K,
                 from [01m[K/root/muse_ws/muse_ros2/muse_ws/src/iit_commons/src/control/VirtualModel.cpp:1[m[K:
[01m[K/root/muse_ws/muse_ros2/muse_ws/src/iit_commons/include/iit_commons/commons/planning/planning.h:[m[K In function ‘[01m[Kvoid iit::planning::ClockwiseSort(std::vector<Eigen::Matrix<double, 3, 1> >&)[m[K’:
[01m[K/root/muse_ws/muse_ros2/muse_ws/src/iit_commons/include/iit_commons/commons/planning/planning.h:162:23:[m[K [01;35m[Kwarning: [m[Kcomparison of integer expressions of different signedness: ‘[01m[Kint[m[K’ and ‘[01m[Kstd::vector<Eigen::Matrix<double, 3, 1> >::size_type[m[K’ {aka ‘[01m[Klong unsigned int[m[K’} [[01;35m[K-Wsign-compare[m[K]
  162 |     for (int i = 1; [01;35m[Ki < p.size() - 1[m[K; i++) {
      |                     [01;35m[K~~^~~~~~~~~~~~~~[m[K
[01m[K/root/muse_ws/muse_ros2/muse_ws/src/iit_commons/include/iit_commons/commons/planning/planning.h:163:31:[m[K [01;35m[Kwarning: [m[Kcomparison of integer expressions of different signedness: ‘[01m[Kint[m[K’ and ‘[01m[Kstd::vector<Eigen::Matrix<double, 3, 1> >::size_type[m[K’ {aka ‘[01m[Klong unsigned int[m[K’} [[01;35m[K-Wsign-compare[m[K]
  163 |         for (int j = i + 1; [01;35m[Kj < p.size()[m[K; j++) {
      |                             [01;35m[K~~^~~~~~~~~~[m[K
[01m[K/root/muse_ws/muse_ros2/muse_ws/src/iit_commons/include/iit_commons/commons/planning/planning.h:[m[K In function ‘[01m[Kvoid iit::planning::CounterClockwiseSort(std::vector<Eigen::Matrix<double, 3, 1> >&)[m[K’:
[01m[K/root/muse_ws/muse_ros2/muse_ws/src/iit_commons/include/iit_commons/commons/planning/planning.h:186:23:[m[K [01;35m[Kwarning: [m[Kcomparison of integer expressions of different signedness: ‘[01m[Kint[m[K’ and ‘[01m[Kstd::vector<Eigen::Matrix<double, 3, 1> >::size_type[m[K’ {aka ‘[01m[Klong unsigned int[m[K’} [[01;35m[K-Wsign-compare[m[K]
  186 |     for (int i = 1; [01;35m[Ki < p.size() - 1[m[K; i++) {
      |                     [01;35m[K~~^~~~~~~~~~~~~~[m[K
[01m[K/root/muse_ws/muse_ros2/muse_ws/src/iit_commons/include/iit_commons/commons/planning/planning.h:187:31:[m[K [01;35m[Kwarning: [m[Kcomparison of integer expressions of different signedness: ‘[01m[Kint[m[K’ and ‘[01m[Kstd::vector<Eigen::Matrix<double, 3, 1> >::size_type[m[K’ {aka ‘[01m[Klong unsigned int[m[K’} [[01;35m[K-Wsign-compare[m[K]
  187 |         for (int j = i + 1; [01;35m[Kj < p.size()[m[K; j++) {
      |                             [01;35m[K~~^~~~~~~~~~[m[K
[01m[K/root/muse_ws/muse_ros2/muse_ws/src/iit_commons/include/iit_commons/commons/planning/planning.h:[m[K In function ‘[01m[Kvoid iit::planning::CounterClockwiseSort(std::vector<Eigen::Matrix<double, 3, 1> >&, std::vector<int>&)[m[K’:
[01m[K/root/muse_ws/muse_ros2/muse_ws/src/iit_commons/include/iit_commons/commons/planning/planning.h:211:23:[m[K [01;35m[Kwarning: [m[Kcomparison of integer expressions of different signedness: ‘[01m[Kint[m[K’ and ‘[01m[Kstd::vector<Eigen::Matrix<double, 3, 1> >::size_type[m[K’ {aka ‘[01m[Klong unsigned int[m[K’} [[01;35m[K-Wsign-compare[m[K]
  211 |     for (int i = 0; [01;35m[Ki < p.size()[m[K; i++)
      |                     [01;35m[K~~^~~~~~~~~~[m[K
[01m[K/root/muse_ws/muse_ros2/muse_ws/src/iit_commons/include/iit_commons/commons/planning/planning.h:213:23:[m[K [01;35m[Kwarning: [m[Kcomparison of integer expressions of different signedness: ‘[01m[Kint[m[K’ and ‘[01m[Kstd::vector<Eigen::Matrix<double, 3, 1> >::size_type[m[K’ {aka ‘[01m[Klong unsigned int[m[K’} [[01;35m[K-Wsign-compare[m[K]
  213 |     for (int i = 1; [01;35m[Ki < p.size() - 1[m[K; i++) {
      |                     [01;35m[K~~^~~~~~~~~~~~~~[m[K
[01m[K/root/muse_ws/muse_ros2/muse_ws/src/iit_commons/include/iit_commons/commons/planning/planning.h:214:31:[m[K [01;35m[Kwarning: [m[Kcomparison of integer expressions of different signedness: ‘[01m[Kint[m[K’ and ‘[01m[Kstd::vector<Eigen::Matrix<double, 3, 1> >::size_type[m[K’ {aka ‘[01m[Klong unsigned int[m[K’} [[01;35m[K-Wsign-compare[m[K]
  214 |         for (int j = i + 1; [01;35m[Kj < p.size()[m[K; j++) {
      |                             [01;35m[K~~^~~~~~~~~~[m[K
[01m[K/root/muse_ws/muse_ros2/muse_ws/src/iit_commons/src/control/VirtualModel.cpp:[m[K In member function ‘[01m[Kvoid iit_commons::control::VirtualModel::setGains(double, double, double, double, double, double, double, double, double, double, double, double)[m[K’:
[01m[K/root/muse_ws/muse_ros2/muse_ws/src/iit_commons/src/control/VirtualModel.cpp:32:8:[m[K [01;31m[Kerror: [m[K‘[01m[Krbd[m[K’ has not been declared
   32 |     Kp([01;31m[Krbd[m[K::LX) = lx_p;
      |        [01;31m[K^~~[m[K
[01m[K/root/muse_ws/muse_ros2/muse_ws/src/iit_commons/src/control/VirtualModel.cpp:33:8:[m[K [01;31m[Kerror: [m[K‘[01m[Krbd[m[K’ has not been declared
   33 |     Kp([01;31m[Krbd[m[K::LY) = ly_p;
      |        [01;31m[K^~~[m[K
[01m[K/root/muse_ws/muse_ros2/muse_ws/src/iit_commons/src/control/VirtualModel.cpp:34:8:[m[K [01;31m[Kerror: [m[K‘[01m[Krbd[m[K’ has not been declared
   34 |     Kp([01;31m[Krbd[m[K::LZ) = lz_p;
      |        [01;31m[K^~~[m[K
[01m[K/root/muse_ws/muse_ros2/muse_ws/src/iit_commons/src/control/VirtualModel.cpp:37:8:[m[K [01;31m[Kerror: [m[K‘[01m[Krbd[m[K’ has not been declared
   37 |     Kp([01;31m[Krbd[m[K::AX) = ax_p;
      |        [01;31m[K^~~[m[K
[01m[K/root/muse_ws/muse_ros2/muse_ws/src/iit_commons/src/control/VirtualModel.cpp:38:8:[m[K [01;31m[Kerror: [m[K‘[01m[Krbd[m[K’ has not been declared
   38 |     Kp([01;31m[Krbd[m[K::AY) = ay_p;
      |        [01;31m[K^~~[m[K
[01m[K/root/muse_ws/muse_ros2/muse_ws/src/iit_commons/src/control/VirtualModel.cpp:39:8:[m[K [01;31m[Kerror: [m[K‘[01m[Krbd[m[K’ has not been declared
   39 |     Kp([01;31m[Krbd[m[K::AZ) = az_p;
      |        [01;31m[K^~~[m[K
[01m[K/root/muse_ws/muse_ros2/muse_ws/src/iit_commons/src/control/VirtualModel.cpp:42:8:[m[K [01;31m[Kerror: [m[K‘[01m[Krbd[m[K’ has not been declared
   42 |     Kd([01;31m[Krbd[m[K::LX) = lx_d;
      |        [01;31m[K^~~[m[K
[01m[K/root/muse_ws/muse_ros2/muse_ws/src/iit_commons/src/control/VirtualModel.cpp:43:8:[m[K [01;31m[Kerror: [m[K‘[01m[Krbd[m[K’ has not been declared
   43 |     Kd([01;31m[Krbd[m[K::LY) = ly_d;
      |        [01;31m[K^~~[m[K
[01m[K/root/muse_ws/muse_ros2/muse_ws/src/iit_commons/src/control/VirtualModel.cpp:44:8:[m[K [01;31m[Kerror: [m[K‘[01m[Krbd[m[K’ has not been declared
   44 |     Kd([01;31m[Krbd[m[K::LZ) = lz_d;
      |        [01;31m[K^~~[m[K
[01m[K/root/muse_ws/muse_ros2/muse_ws/src/iit_commons/src/control/VirtualModel.cpp:47:8:[m[K [01;31m[Kerror: [m[K‘[01m[Krbd[m[K’ has not been declared
   47 |     Kd([01;31m[Krbd[m[K::AX) = ax_d;
      |        [01;31m[K^~~[m[K
[01m[K/root/muse_ws/muse_ros2/muse_ws/src/iit_commons/src/control/VirtualModel.cpp:48:8:[m[K [01;31m[Kerror: [m[K‘[01m[Krbd[m[K’ has not been declared
   48 |     Kd([01;31m[Krbd[m[K::AY) = ay_d;
      |        [01;31m[K^~~[m[K
[01m[K/root/muse_ws/muse_ros2/muse_ws/src/iit_commons/src/control/VirtualModel.cpp:49:8:[m[K [01;31m[Kerror: [m[K‘[01m[Krbd[m[K’ has not been declared
   49 |     Kd([01;31m[Krbd[m[K::AZ) = az_d;
      |        [01;31m[K^~~[m[K
[01m[K/root/muse_ws/muse_ros2/muse_ws/src/iit_commons/src/control/VirtualModel.cpp:[m[K At global scope:
[01m[K/root/muse_ws/muse_ros2/muse_ws/src/iit_commons/src/control/VirtualModel.cpp:55:6:[m[K [01;31m[Kerror: [m[Kvariable or field ‘[01m[KsetGain[m[K’ declared void
   55 | void [01;31m[KVirtualModel[m[K::setGain(rbd::Coords6D index, GainType type, double value)
      |      [01;31m[K^~~~~~~~~~~~[m[K
[01m[K/root/muse_ws/muse_ros2/muse_ws/src/iit_commons/src/control/VirtualModel.cpp:55:28:[m[K [01;31m[Kerror: [m[K‘[01m[Krbd[m[K’ has not been declared
   55 | void VirtualModel::setGain([01;31m[Krbd[m[K::Coords6D index, GainType type, double value)
      |                            [01;31m[K^~~[m[K
[01m[K/root/muse_ws/muse_ros2/muse_ws/src/iit_commons/src/control/VirtualModel.cpp:55:49:[m[K [01;31m[Kerror: [m[K‘[01m[KGainType[m[K’ was not declared in this scope
   55 | void VirtualModel::setGain(rbd::Coords6D index, [01;31m[KGainType[m[K type, double value)
      |                                                 [01;31m[K^~~~~~~~[m[K
[01m[K/root/muse_ws/muse_ros2/muse_ws/src/iit_commons/src/control/VirtualModel.cpp:55:64:[m[K [01;31m[Kerror: [m[Kexpected primary-expression before ‘[01m[Kdouble[m[K’
   55 | void VirtualModel::setGain(rbd::Coords6D index, GainType type, [01;31m[Kdouble[m[K value)
      |                                                                [01;31m[K^~~~~~[m[K
[01m[K/root/muse_ws/muse_ros2/muse_ws/src/iit_commons/src/control/VirtualModel.cpp:[m[K In member function ‘[01m[Kiit_commons::control::VirtualModel::Wrench iit_commons::control::VirtualModel::getFeedBackWrench(const PointState&, const PointState&, const PointState&, const PointState&, const double&, const Wrench&)[m[K’:
[01m[K/root/muse_ws/muse_ros2/muse_ws/src/iit_commons/src/control/VirtualModel.cpp:86:26:[m[K [01;31m[Kerror: [m[K‘[01m[Kcommons[m[K’ has not been declared
   86 |     Eigen::Matrix3d  R = [01;31m[Kcommons[m[K::rpyToRot(actual_ang_state.x);
      |                          [01;31m[K^~~~~~~[m[K
[01m[K/root/muse_ws/muse_ros2/muse_ws/src/iit_commons/src/control/VirtualModel.cpp:89:5:[m[K [01;31m[Kerror: [m[K‘[01m[Krbd[m[K’ has not been declared
   89 |     [01;31m[Krbd[m[K::Vector6D wrench_error_base;
      |     [01;31m[K^~~[m[K
[01m[K/root/muse_ws/muse_ros2/muse_ws/src/iit_commons/src/control/VirtualModel.cpp:93:5:[m[K [01;31m[Kerror: [m[K‘[01m[Kwrench_error_base[m[K’ was not declared in this scope; did you mean ‘[01m[Kwrench_error[m[K’?
   93 |     [01;31m[Kwrench_error_base[m[K.segment(rbd::AX,3) = R * wrench_error.segment(rbd::AX,3);
      |     [01;31m[K^~~~~~~~~~~~~~~~~[m[K
      |     [32m[Kwrench_error[m[K
[01m[K/root/muse_ws/muse_ros2/muse_ws/src/iit_commons/src/control/VirtualModel.cpp:93:31:[m[K [01;31m[Kerror: [m[K‘[01m[Krbd[m[K’ has not been declared
   93 |     wrench_error_base.segment([01;31m[Krbd[m[K::AX,3) = R * wrench_error.segment(rbd::AX,3);
      |                               [01;31m[K^~~[m[K
[01m[K/root/muse_ws/muse_ros2/muse_ws/src/iit_commons/src/control/VirtualModel.cpp:93:69:[m[K [01;31m[Kerror: [m[K‘[01m[Krbd[m[K’ has not been declared
   93 |     wrench_error_base.segment(rbd::AX,3) = R * wrench_error.segment([01;31m[Krbd[m[K::AX,3);
      |                                                                     [01;31m[K^~~[m[K
[01m[K/root/muse_ws/muse_ros2/muse_ws/src/iit_commons/src/control/VirtualModel.cpp:94:31:[m[K [01;31m[Kerror: [m[K‘[01m[Krbd[m[K’ has not been declared
   94 |     wrench_error_base.segment([01;31m[Krbd[m[K::LX,3) = R * wrench_error.segment(rbd::LX,3);
      |                               [01;31m[K^~~[m[K
[01m[K/root/muse_ws/muse_ros2/muse_ws/src/iit_commons/src/control/VirtualModel.cpp:94:69:[m[K [01;31m[Kerror: [m[K‘[01m[Krbd[m[K’ has not been declared
   94 |     wrench_error_base.segment(rbd::LX,3) = R * wrench_error.segment([01;31m[Krbd[m[K::LX,3);
      |                                                                     [01;31m[K^~~[m[K
[01m[K/root/muse_ws/muse_ros2/muse_ws/src/iit_commons/src/control/VirtualModel.cpp:96:18:[m[K [01;31m[Kerror: [m[K‘[01m[Krbd[m[K’ has not been declared
   96 |     scaleGains = [01;31m[Krbd[m[K::Vector6D::Constant(1.0) -
      |                  [01;31m[K^~~[m[K
[01m[K/root/muse_ws/muse_ros2/muse_ws/src/iit_commons/src/control/VirtualModel.cpp:106:24:[m[K [01;31m[Kerror: [m[K‘[01m[Krbd[m[K’ has not been declared
  106 |     wrench_out.segment([01;31m[Krbd[m[K::LX,3) = R.transpose() *
      |                        [01;31m[K^~~[m[K
[01m[K/root/muse_ws/muse_ros2/muse_ws/src/iit_commons/src/control/VirtualModel.cpp:107:33:[m[K [01;31m[Kerror: [m[K‘[01m[Krbd[m[K’ has not been declared
  107 |             Kp_limited_.segment([01;31m[Krbd[m[K::LX,3).asDiagonal() * R *
      |                                 [01;31m[K^~~[m[K
[01m[K/root/muse_ws/muse_ros2/muse_ws/src/iit_commons/src/control/VirtualModel.cpp:109:48:[m[K [01;31m[Kerror: [m[K‘[01m[Krbd[m[K’ has not been declared
  109 |             R.transpose()* Kd_limited_.segment([01;31m[Krbd[m[K::LX,3).asDiagonal() * R *
      |                                                [01;31m[K^~~[m[K
[01m[K/root/muse_ws/muse_ros2/muse_ws/src/iit_commons/src/control/VirtualModel.cpp:118:30:[m[K [01;31m[Kerror: [m[K‘[01m[Kcommons[m[K’ has not been declared
  118 |     Eigen::Matrix3d Jomega = [01;31m[Kcommons[m[K::rpyToEar(des_ang_state.x);
      |                              [01;31m[K^~~~~~~[m[K
[01m[K/root/muse_ws/muse_ros2/muse_ws/src/iit_commons/src/control/VirtualModel.cpp:121:24:[m[K [01;31m[Kerror: [m[K‘[01m[Krbd[m[K’ has not been declared
  121 |     wrench_out.segment([01;31m[Krbd[m[K::AX,3) = R.transpose() *
      |                        [01;31m[K^~~[m[K
[01m[K/root/muse_ws/muse_ros2/muse_ws/src/iit_commons/src/control/VirtualModel.cpp:122:34:[m[K [01;31m[Kerror: [m[K‘[01m[Krbd[m[K’ has not been declared
  122 |             (Kp_limited_.segment([01;31m[Krbd[m[K::AX,3).asDiagonal() *
      |                                  [01;31m[K^~~[m[K
[01m[K/root/muse_ws/muse_ros2/muse_ws/src/iit_commons/src/control/VirtualModel.cpp:123:14:[m[K [01;31m[Kerror: [m[K‘[01m[Kcommons[m[K’ has not been declared
  123 |              [01;31m[Kcommons[m[K::computeOrientError(des_ang_state.x, actual_ang_state.x) +
      |              [01;31m[K^~~~~~~[m[K
[01m[K/root/muse_ws/muse_ros2/muse_ws/src/iit_commons/src/control/VirtualModel.cpp:124:34:[m[K [01;31m[Kerror: [m[K‘[01m[Krbd[m[K’ has not been declared
  124 |              Kd_limited_.segment([01;31m[Krbd[m[K::AX,3).asDiagonal() *(Jomega*des_ang_state.xd - actual_ang_state.xd));
      |                                  [01;31m[K^~~[m[K
[01m[K/root/muse_ws/muse_ros2/muse_ws/src/iit_commons/src/control/VirtualModel.cpp:80:69:[m[K [01;35m[Kwarning: [m[Kunused parameter ‘[01m[Krobot_mass[m[K’ [[01;35m[K-Wunused-parameter[m[K]
   80 |                                                      [01;35m[Kconst double & robot_mass[m[K,
      |                                                      [01;35m[K~~~~~~~~~~~~~~~^~~~~~~~~~[m[K
[01m[K/root/muse_ws/muse_ros2/muse_ws/src/iit_commons/src/control/VirtualModel.cpp:[m[K In member function ‘[01m[Kiit_commons::control::VirtualModel::Wrench iit_commons::control::VirtualModel::getFeedForwardWrench(const Vector3d&, const Vector3d&, const Vector3d&, const Vector3d&, const double&, const InertiaMatrix&)[m[K’:
[01m[K/root/muse_ws/muse_ros2/muse_ws/src/iit_commons/src/control/VirtualModel.cpp:142:26:[m[K [01;31m[Kerror: [m[K‘[01m[Kcommons[m[K’ has not been declared
  142 |     Eigen::Matrix3d  R = [01;31m[Kcommons[m[K::rpyToRot(des_ang_pos);
      |                          [01;31m[K^~~~~~~[m[K
[01m[K/root/muse_ws/muse_ros2/muse_ws/src/iit_commons/src/control/VirtualModel.cpp:145:24:[m[K [01;31m[Kerror: [m[K‘[01m[Krbd[m[K’ has not been declared
  145 |     wrench_out.segment([01;31m[Krbd[m[K::LX,3) = mass * des_lin_acc;
      |                        [01;31m[K^~~[m[K
[01m[K/root/muse_ws/muse_ros2/muse_ws/src/iit_commons/src/control/VirtualModel.cpp:150:31:[m[K [01;31m[Kerror: [m[K‘[01m[Kcommons[m[K’ has not been declared
  150 |     Eigen::Matrix3d J_omega = [01;31m[Kcommons[m[K::rpyToEarInv(des_ang_pos);
      |                               [01;31m[K^~~~~~~[m[K
[01m[K/root/muse_ws/muse_ros2/muse_ws/src/iit_commons/src/control/VirtualModel.cpp:152:35:[m[K [01;31m[Kerror: [m[K‘[01m[Kcommons[m[K’ has not been declared
  152 |     Eigen::Matrix3d J_omega_dot = [01;31m[Kcommons[m[K::rpyToEarInv_dot(des_ang_pos, des_euler_rate);
      |                                   [01;31m[K^~~~~~~[m[K
[01m[K/root/muse_ws/muse_ros2/muse_ws/src/iit_commons/src/control/VirtualModel.cpp:159:24:[m[K [01;31m[Kerror: [m[K‘[01m[Krbd[m[K’ has not been declared
  159 |     wrench_out.segment([01;31m[Krbd[m[K::AX,3) = R.transpose() *
      |                        [01;31m[K^~~[m[K
[01m[K/root/muse_ws/muse_ros2/muse_ws/src/iit_commons/src/control/VirtualModel.cpp:160:33:[m[K [01;31m[Kerror: [m[K‘[01m[Krbd[m[K’ has not been declared
  160 |            inertia_matrix.block([01;31m[Krbd[m[K::AX, rbd::AX,3,3) * des_omega_dot;
      |                                 [01;31m[K^~~[m[K
[01m[K/root/muse_ws/muse_ros2/muse_ws/src/iit_commons/src/control/VirtualModel.cpp:160:42:[m[K [01;31m[Kerror: [m[K‘[01m[Krbd[m[K’ has not been declared
  160 |            inertia_matrix.block(rbd::AX, [01;31m[Krbd[m[K::AX,3,3) * des_omega_dot;
      |                                          [01;31m[K^~~[m[K
In file included from [01m[K/root/muse_ws/muse_ros2/muse_ws/src/iit_commons/include/iit_commons/commons/control/VirtualModel.hpp:7[m[K,
                 from [01m[K/root/muse_ws/muse_ros2/muse_ws/src/iit_commons/src/control/VirtualModel.cpp:1[m[K:
[01m[K/root/muse_ws/muse_ros2/muse_ws/src/iit_commons/include/iit_commons/commons/planning/planning.h:[m[K At global scope:
[01m[K/root/muse_ws/muse_ros2/muse_ws/src/iit_commons/include/iit_commons/commons/planning/planning.h:207:13:[m[K [01;35m[Kwarning: [m[K‘[01m[Kvoid iit::planning::CounterClockwiseSort(std::vector<Eigen::Matrix<double, 3, 1> >&, std::vector<int>&)[m[K’ defined but not used [[01;35m[K-Wunused-function[m[K]
  207 | static void [01;35m[KCounterClockwiseSort[m[K(std::vector<Eigen::Vector3d>& p, std::vector<int> & index_map)
      |             [01;35m[K^~~~~~~~~~~~~~~~~~~~[m[K
[01m[K/root/muse_ws/muse_ros2/muse_ws/src/iit_commons/include/iit_commons/commons/planning/planning.h:158:13:[m[K [01;35m[Kwarning: [m[K‘[01m[Kvoid iit::planning::ClockwiseSort(std::vector<Eigen::Matrix<double, 3, 1> >&)[m[K’ defined but not used [[01;35m[K-Wunused-function[m[K]
  158 | static void [01;35m[KClockwiseSort[m[K(std::vector<Eigen::Vector3d>& p)
      |             [01;35m[K^~~~~~~~~~~~~[m[K
gmake[2]: *** [CMakeFiles/iitcommons.dir/build.make:104: CMakeFiles/iitcommons.dir/src/control/VirtualModel.cpp.o] Error 1
gmake[1]: *** [CMakeFiles/Makefile2:167: CMakeFiles/iitcommons.dir/all] Error 2
gmake: *** [Makefile:146: all] Error 2
