[0.050s] Invoking command in '/root/muse_ws/muse_ros2/muse_ws/build/state_estimator': AMENT_PREFIX_PATH=/root/muse_ws/muse_ros2/muse_ws/install/state_estimator_msgs:${AMENT_PREFIX_PATH} CMAKE_PREFIX_PATH=/root/muse_ws/muse_ros2/muse_ws/install/state_estimator_msgs:/home/dev_ws/colcon_ws/install/kiss_icp:/opt/ros/humble LD_LIBRARY_PATH=/root/muse_ws/muse_ros2/muse_ws/install/state_estimator_msgs/lib:${LD_LIBRARY_PATH} PYTHONPATH=/root/muse_ws/muse_ros2/muse_ws/install/state_estimator_msgs/local/lib/python3.10/dist-packages:${PYTHONPATH} /usr/bin/cmake /root/muse_ws/muse_ros2/muse_ws/src/state_estimator -DCMAKE_INSTALL_PREFIX=/root/muse_ws/muse_ros2/muse_ws/install/state_estimator
[0.184s] -- The C compiler identification is GNU 11.4.0
[0.312s] -- The CXX compiler identification is GNU 11.4.0
[0.337s] -- Detecting C compiler ABI info
[0.521s] -- Detecting C compiler ABI info - done
[0.535s] -- Check for working C compiler: /usr/bin/cc - skipped
[0.535s] -- Detecting C compile features
[0.536s] -- Detecting C compile features - done
[0.545s] -- Detecting CXX compiler ABI info
[0.749s] -- Detecting CXX compiler ABI info - done
[0.749s] -- Check for working CXX compiler: /usr/bin/c++ - skipped
[0.749s] -- Detecting CXX compile features
[0.749s] -- Detecting CXX compile features - done
[0.749s] -- Found ament_cmake: 1.3.12 (/opt/ros/humble/share/ament_cmake/cmake)
[0.968s] -- Found Python3: /usr/bin/python3 (found version "3.10.12") found components: Interpreter 
[1.138s] -- Found rclcpp: 16.0.15 (/opt/ros/humble/share/rclcpp/cmake)
[1.227s] -- Found rosidl_generator_c: 3.1.7 (/opt/ros/humble/share/rosidl_generator_c/cmake)
[1.240s] -- Found rosidl_adapter: 3.1.7 (/opt/ros/humble/share/rosidl_adapter/cmake)
[1.259s] -- Found rosidl_generator_cpp: 3.1.7 (/opt/ros/humble/share/rosidl_generator_cpp/cmake)
[1.285s] -- Using all available rosidl_typesupport_c: rosidl_typesupport_fastrtps_c;rosidl_typesupport_introspection_c
[1.314s] -- Using all available rosidl_typesupport_cpp: rosidl_typesupport_fastrtps_cpp;rosidl_typesupport_introspection_cpp
[1.431s] -- Found rmw_implementation_cmake: 6.1.2 (/opt/ros/humble/share/rmw_implementation_cmake/cmake)
[1.439s] -- Found rmw_fastrtps_cpp: 6.2.8 (/opt/ros/humble/share/rmw_fastrtps_cpp/cmake)
[1.694s] -- Found OpenSSL: /usr/lib/x86_64-linux-gnu/libcrypto.so (found version "3.0.2")  
[1.742s] -- Found FastRTPS: /opt/ros/humble/include  
[1.807s] -- Using RMW implementation 'rmw_fastrtps_cpp' as default
[1.835s] -- Looking for pthread.h
[2.008s] -- Looking for pthread.h - found
[2.015s] -- Performing Test CMAKE_HAVE_LIBC_PTHREAD
[2.178s] -- Performing Test CMAKE_HAVE_LIBC_PTHREAD - Success
[2.180s] -- Found Threads: TRUE  
[2.294s] -- Found sensor_msgs: 4.9.0 (/opt/ros/humble/share/sensor_msgs/cmake)
[2.344s] -- Found nav_msgs: 4.9.0 (/opt/ros/humble/share/nav_msgs/cmake)
[2.436s] -- Found pluginlib: 5.1.0 (/opt/ros/humble/share/pluginlib/cmake)
[2.499s] -- Found message_filters: 4.3.11 (/opt/ros/humble/share/message_filters/cmake)
[2.507s] -- Found rosidl_default_generators: 1.2.0 (/opt/ros/humble/share/rosidl_default_generators/cmake)
[2.520s] -- Found state_estimator_msgs: 0.0.1 (/root/muse_ws/muse_ros2/muse_ws/install/state_estimator_msgs/share/state_estimator_msgs/cmake)
[2.557s] -- Found rclcpp_components: 16.0.15 (/opt/ros/humble/share/rclcpp_components/cmake)
[2.664s] -- Found Boost: /usr/lib/x86_64-linux-gnu/cmake/Boost-1.74.0/BoostConfig.cmake (found version "1.74.0") found components: system program_options 
[2.685s] -- Found PkgConfig: /usr/bin/pkg-config (found version "0.29.2") 
[2.690s] -- pinocchio_default FOUND. pinocchio_default at /opt/ros/humble/lib/x86_64-linux-gnu/libpinocchio_default.so
[2.691s] -- pinocchio_parsers FOUND. pinocchio_parsers at /opt/ros/humble/lib/x86_64-linux-gnu/libpinocchio_parsers.so
[2.691s] -- boost_filesystem FOUND. boost_filesystem at /lib/x86_64-linux-gnu/libboost_filesystem.so
[2.737s] -- Found Boost: /usr/include (found version "1.74.0") found components: filesystem serialization system 
[2.740s] -- eigenpy FOUND. eigenpy at /opt/ros/humble/lib/x86_64-linux-gnu/libeigenpy.so
[2.775s] -- Checking for NumPy
[3.549s] --   NUMPY_INCLUDE_DIRS=/usr/lib/python3/dist-packages/numpy/core/include
[3.817s] --   NUMPY_VERSION=1.21.5
[4.388s] -- Found Python3: /usr/bin/python3 (found version "3.10.12") found components: Interpreter Development.Module NumPy 
[4.388s] -- PythonLibraryDirs: 
[4.388s] -- PythonLibVersionString: 3.10.12
[4.410s] -- Python site lib: lib/python3.10/site-packages
[4.410s] -- Python include dirs: /usr/include/python3.10
[4.474s] -- Checking for NumPy
[4.732s] --   NUMPY_INCLUDE_DIRS=/usr/lib/python3/dist-packages/numpy/core/include
[4.997s] --   NUMPY_VERSION=1.21.5
[4.997s] -- NumPy include dir: /usr/lib/python3/dist-packages/numpy/core/include
[5.004s] [33mCMake Warning at /usr/share/cmake-3.22/Modules/FindBoost.cmake:2201 (message):
[5.004s]   No header defined for python310; skipping header check (note: header-only
[5.004s]   libraries have no designated component)
[5.004s] Call Stack (most recent call first):
[5.004s]   /opt/ros/humble/lib/x86_64-linux-gnu/cmake/eigenpy/boost.cmake:148 (find_package)
[5.005s]   /opt/ros/humble/lib/x86_64-linux-gnu/cmake/eigenpy/eigenpyConfig.cmake:149 (SEARCH_FOR_BOOST_PYTHON)
[5.005s]   /usr/share/cmake-3.22/Modules/CMakeFindDependencyMacro.cmake:47 (find_package)
[5.005s]   /opt/ros/humble/lib/x86_64-linux-gnu/cmake/pinocchio/pinocchioConfig.cmake:161 (find_dependency)
[5.005s]   CMakeLists.txt:30 (find_package)
[5.005s] 
[5.005s] [0m
[5.005s] -- Found Boost: /usr/include (found version "1.74.0") found components: python310 
[6.117s] -- Default C++ standard: 201703
[6.117s] -- Minimal C++ standard upgraded to 11
[6.117s] -- C++ standard sufficient: Minimal required 11, currently defined: 17
[6.117s] -- hpp-fcl FOUND. hpp-fcl at /opt/ros/humble/lib/x86_64-linux-gnu/libhpp-fcl.so
[6.135s] -- Found Boost: /usr/include (found version "1.74.0") found components: chrono serialization filesystem 
[6.155s] -- C++ standard sufficient: Minimal required 11, currently defined: 17
[6.158s] -- C++ standard sufficient: Minimal required 11, currently defined: 17
[6.173s] -- Found ament_lint_auto: 0.12.14 (/opt/ros/humble/share/ament_lint_auto/cmake)
[6.349s] -- Added test 'cppcheck' to perform static code analysis on C / C++ code
[6.349s] -- Configured cppcheck include dirs: /root/muse_ws/muse_ros2/muse_ws/src/state_estimator/include
[6.349s] -- Configured cppcheck exclude dirs and/or files: 
[6.351s] -- Added test 'flake8' to check Python code syntax and style conventions
[6.358s] -- Added test 'lint_cmake' to check CMake code style
[6.364s] -- Added test 'pep257' to check Python code against some of the docstring style conventions in PEP 257
[6.371s] -- Added test 'uncrustify' to check C / C++ code style
[6.372s] -- Configured uncrustify additional arguments: 
[6.382s] -- Added test 'xmllint' to check XML markup files
[6.393s] -- Configuring done
[6.482s] -- Generating done
[6.499s] -- Build files have been written to: /root/muse_ws/muse_ros2/muse_ws/build/state_estimator
[6.529s] Invoked command in '/root/muse_ws/muse_ros2/muse_ws/build/state_estimator' returned '0': AMENT_PREFIX_PATH=/root/muse_ws/muse_ros2/muse_ws/install/state_estimator_msgs:${AMENT_PREFIX_PATH} CMAKE_PREFIX_PATH=/root/muse_ws/muse_ros2/muse_ws/install/state_estimator_msgs:/home/dev_ws/colcon_ws/install/kiss_icp:/opt/ros/humble LD_LIBRARY_PATH=/root/muse_ws/muse_ros2/muse_ws/install/state_estimator_msgs/lib:${LD_LIBRARY_PATH} PYTHONPATH=/root/muse_ws/muse_ros2/muse_ws/install/state_estimator_msgs/local/lib/python3.10/dist-packages:${PYTHONPATH} /usr/bin/cmake /root/muse_ws/muse_ros2/muse_ws/src/state_estimator -DCMAKE_INSTALL_PREFIX=/root/muse_ws/muse_ros2/muse_ws/install/state_estimator
[6.541s] Invoking command in '/root/muse_ws/muse_ros2/muse_ws/build/state_estimator': AMENT_PREFIX_PATH=/root/muse_ws/muse_ros2/muse_ws/install/state_estimator_msgs:${AMENT_PREFIX_PATH} CMAKE_PREFIX_PATH=/root/muse_ws/muse_ros2/muse_ws/install/state_estimator_msgs:/home/dev_ws/colcon_ws/install/kiss_icp:/opt/ros/humble LD_LIBRARY_PATH=/root/muse_ws/muse_ros2/muse_ws/install/state_estimator_msgs/lib:${LD_LIBRARY_PATH} PYTHONPATH=/root/muse_ws/muse_ros2/muse_ws/install/state_estimator_msgs/local/lib/python3.10/dist-packages:${PYTHONPATH} /usr/bin/cmake --build /root/muse_ws/muse_ros2/muse_ws/build/state_estimator -- -j12 -l12
[6.672s] [ 12%] [32mBuilding CXX object CMakeFiles/state_estimator_plugins.dir/src/plugins/attitude_estimation_plugin.cpp.o[0m
[12.007s] In file included from [01m[K/root/muse_ws/muse_ros2/muse_ws/src/state_estimator/include/state_estimator/plugin.hpp:5[m[K,
[12.007s]                  from [01m[K/root/muse_ws/muse_ros2/muse_ws/src/state_estimator/src/plugins/attitude_estimation_plugin.cpp:350[m[K:
[12.007s] [01m[K/root/muse_ws/muse_ros2/muse_ws/src/state_estimator/include/state_estimator/Robot.hpp:[m[K In constructor ‘[01m[Kstate_estimator::Robot::Robot(state_estimator::Robot&&)[m[K’:
[12.008s] [01m[K/root/muse_ws/muse_ros2/muse_ws/src/state_estimator/include/state_estimator/Robot.hpp:25:23:[m[K [01;35m[Kwarning: [m[Kunused parameter ‘[01m[Kthat[m[K’ [[01;35m[K-Wunused-parameter[m[K]
[12.008s]    25 |         Robot([01;35m[KRobot&& that[m[K) { }
[12.008s]       |               [01;35m[K~~~~~~~~^~~~[m[K
[12.987s] In file included from [01m[K/root/muse_ws/muse_ros2/muse_ws/src/state_estimator/include/state_estimator/Estimator.hpp:4[m[K,
[12.987s]                  from [01m[K/root/muse_ws/muse_ros2/muse_ws/src/state_estimator/include/state_estimator/Observers/Observer.hpp:7[m[K,
[12.988s]                  from [01m[K/root/muse_ws/muse_ros2/muse_ws/src/state_estimator/include/state_estimator/Observers/NLO.hpp:4[m[K,
[12.988s]                  from [01m[K/root/muse_ws/muse_ros2/muse_ws/src/state_estimator/include/state_estimator/Models/attitude_bias_NLO.hpp:4[m[K,
[12.988s]                  from [01m[K/root/muse_ws/muse_ros2/muse_ws/src/state_estimator/src/plugins/attitude_estimation_plugin.cpp:351[m[K:
[12.988s] [01m[K/root/muse_ws/muse_ros2/muse_ws/src/state_estimator/include/state_estimator/lib.hpp:[m[K In function ‘[01m[KEigen::Matrix<double, 3, 3> state_estimator::calc_Rzyx(const Eigen::Matrix<double, 3, 1>&)[m[K’:
[12.988s] [01m[K/root/muse_ws/muse_ros2/muse_ws/src/state_estimator/include/state_estimator/lib.hpp:46:43:[m[K [01;35m[Kwarning: [m[Kvariable ‘[01m[Ku1[m[K’ set but not used [[01;35m[K-Wunused-but-set-variable[m[K]
[12.988s]    46 |                 Eigen::Matrix<double,3,1> [01;35m[Ku1[m[K = R.block(0,0,3,1);
[12.988s]       |                                           [01;35m[K^~[m[K
[12.988s] [01m[K/root/muse_ws/muse_ros2/muse_ws/src/state_estimator/include/state_estimator/lib.hpp:47:43:[m[K [01;35m[Kwarning: [m[Kvariable ‘[01m[Ku2[m[K’ set but not used [[01;35m[K-Wunused-but-set-variable[m[K]
[12.988s]    47 |                 Eigen::Matrix<double,3,1> [01;35m[Ku2[m[K = R.block(0,1,3,1);
[12.988s]       |                                           [01;35m[K^~[m[K
[12.988s] [01m[K/root/muse_ws/muse_ros2/muse_ws/src/state_estimator/include/state_estimator/lib.hpp:48:43:[m[K [01;35m[Kwarning: [m[Kvariable ‘[01m[Ku3[m[K’ set but not used [[01;35m[K-Wunused-but-set-variable[m[K]
[12.989s]    48 |                 Eigen::Matrix<double,3,1> [01;35m[Ku3[m[K = R.block(0,2,3,1);
[12.989s]       |                                           [01;35m[K^~[m[K
[13.212s] In file included from [01m[K/root/muse_ws/muse_ros2/muse_ws/src/state_estimator/include/state_estimator/Estimator.hpp:4[m[K,
[13.212s]                  from [01m[K/root/muse_ws/muse_ros2/muse_ws/src/state_estimator/include/state_estimator/Observers/Observer.hpp:7[m[K,
[13.212s]                  from [01m[K/root/muse_ws/muse_ros2/muse_ws/src/state_estimator/include/state_estimator/Observers/NLO.hpp:4[m[K,
[13.212s]                  from [01m[K/root/muse_ws/muse_ros2/muse_ws/src/state_estimator/include/state_estimator/Models/attitude_bias_NLO.hpp:4[m[K,
[13.212s]                  from [01m[K/root/muse_ws/muse_ros2/muse_ws/src/state_estimator/src/plugins/attitude_estimation_plugin.cpp:351[m[K:
[13.212s] [01m[K/root/muse_ws/muse_ros2/muse_ws/src/state_estimator/include/state_estimator/lib.hpp:[m[K In function ‘[01m[Kstd::string state_estimator::ns2str(uint64_t)[m[K’:
[13.213s] [01m[K/root/muse_ws/muse_ros2/muse_ws/src/state_estimator/include/state_estimator/lib.hpp:163:18:[m[K [01;35m[Kwarning: [m[Kunused variable ‘[01m[Kns[m[K’ [[01;35m[K-Wunused-variable[m[K]
[13.213s]   163 |         uint64_t [01;35m[Kns[m[K =  t-y*31536000000000000-d*86400000000000-h*3600000000000-m*60000000000-s*1000000000-ms*1000000-us*1000;
[13.213s]       |                  [01;35m[K^~[m[K
[13.213s] [01m[K/root/muse_ws/muse_ros2/muse_ws/src/state_estimator/include/state_estimator/lib.hpp:168:26:[m[K [01;35m[Kwarning: [m[Kunused variable ‘[01m[Kx[m[K’ [[01;35m[K-Wunused-variable[m[K]
[13.213s]   168 |                 uint64_t [01;35m[Kx[m[K = 1;
[13.213s]       |                          [01;35m[K^[m[K
[13.233s] In file included from [01m[K/root/muse_ws/muse_ros2/muse_ws/src/state_estimator/include/state_estimator/Observers/Observer.hpp:7[m[K,
[13.233s]                  from [01m[K/root/muse_ws/muse_ros2/muse_ws/src/state_estimator/include/state_estimator/Observers/NLO.hpp:4[m[K,
[13.233s]                  from [01m[K/root/muse_ws/muse_ros2/muse_ws/src/state_estimator/include/state_estimator/Models/attitude_bias_NLO.hpp:4[m[K,
[13.233s]                  from [01m[K/root/muse_ws/muse_ros2/muse_ws/src/state_estimator/src/plugins/attitude_estimation_plugin.cpp:351[m[K:
[13.233s] [01m[K/root/muse_ws/muse_ros2/muse_ws/src/state_estimator/include/state_estimator/Estimator.hpp:[m[K In member function ‘[01m[Kvirtual void state_estimator::EstimatorBase::updateGen(double, Eigen::MatrixXd&, Eigen::MatrixXd&)[m[K’:
[13.233s] [01m[K/root/muse_ws/muse_ros2/muse_ws/src/state_estimator/include/state_estimator/Estimator.hpp:39:31:[m[K [01;35m[Kwarning: [m[Kunused parameter ‘[01m[Kt[m[K’ [[01;35m[K-Wunused-parameter[m[K]
[13.233s]    39 | virtual void updateGen([01;35m[Kdouble t[m[K, Eigen::MatrixXd &u, Eigen::MatrixXd &z) { }
[13.233s]       |                        [01;35m[K~~~~~~~^[m[K
[13.233s] [01m[K/root/muse_ws/muse_ros2/muse_ws/src/state_estimator/include/state_estimator/Estimator.hpp:39:51:[m[K [01;35m[Kwarning: [m[Kunused parameter ‘[01m[Ku[m[K’ [[01;35m[K-Wunused-parameter[m[K]
[13.233s]    39 | virtual void updateGen(double t, [01;35m[KEigen::MatrixXd &u[m[K, Eigen::MatrixXd &z) { }
[13.233s]       |                                  [01;35m[K~~~~~~~~~~~~~~~~~^[m[K
[13.233s] [01m[K/root/muse_ws/muse_ros2/muse_ws/src/state_estimator/include/state_estimator/Estimator.hpp:39:71:[m[K [01;35m[Kwarning: [m[Kunused parameter ‘[01m[Kz[m[K’ [[01;35m[K-Wunused-parameter[m[K]
[13.233s]    39 | virtual void updateGen(double t, Eigen::MatrixXd &u, [01;35m[KEigen::MatrixXd &z[m[K) { }
[13.233s]       |                                                      [01;35m[K~~~~~~~~~~~~~~~~~^[m[K
[13.277s] In file included from [01m[K/root/muse_ws/muse_ros2/muse_ws/src/state_estimator/src/plugins/attitude_estimation_plugin.cpp:351[m[K:
[13.277s] [01m[K/root/muse_ws/muse_ros2/muse_ws/src/state_estimator/include/state_estimator/Models/attitude_bias_NLO.hpp:[m[K In member function ‘[01m[Kvirtual void state_estimator::AttitudeBiasNLO::predict(double, const Vector3d&)[m[K’:
[13.277s] [01m[K/root/muse_ws/muse_ros2/muse_ws/src/state_estimator/include/state_estimator/Models/attitude_bias_NLO.hpp:22:45:[m[K [01;35m[Kwarning: [m[Kunused parameter ‘[01m[Kt[m[K’ [[01;35m[K-Wunused-parameter[m[K]
[13.277s]    22 |                 virtual void predict([01;35m[Kdouble t[m[K, const Eigen::Vector3d &u) override {}
[13.278s]       |                                      [01;35m[K~~~~~~~^[m[K
[13.278s] [01m[K/root/muse_ws/muse_ros2/muse_ws/src/state_estimator/include/state_estimator/Models/attitude_bias_NLO.hpp:22:71:[m[K [01;35m[Kwarning: [m[Kunused parameter ‘[01m[Ku[m[K’ [[01;35m[K-Wunused-parameter[m[K]
[13.278s]    22 |                 virtual void predict(double t, [01;35m[Kconst Eigen::Vector3d &u[m[K) override {}
[13.278s]       |                                                [01;35m[K~~~~~~~~~~~~~~~~~~~~~~~^[m[K
[13.278s] [01m[K/root/muse_ws/muse_ros2/muse_ws/src/state_estimator/include/state_estimator/Models/attitude_bias_NLO.hpp:[m[K In member function ‘[01m[Kvirtual void state_estimator::AttitudeBiasNLO::update(double, const Vector6d&)[m[K’:
[13.278s] [01m[K/root/muse_ws/muse_ros2/muse_ws/src/state_estimator/include/state_estimator/Models/attitude_bias_NLO.hpp:24:44:[m[K [01;35m[Kwarning: [m[Kunused parameter ‘[01m[Kt[m[K’ [[01;35m[K-Wunused-parameter[m[K]
[13.278s]    24 |                 virtual void update([01;35m[Kdouble t[m[K, const Eigen::Vector6d &z) override {}
[13.278s]       |                                     [01;35m[K~~~~~~~^[m[K
[13.278s] [01m[K/root/muse_ws/muse_ros2/muse_ws/src/state_estimator/include/state_estimator/Models/attitude_bias_NLO.hpp:24:70:[m[K [01;35m[Kwarning: [m[Kunused parameter ‘[01m[Kz[m[K’ [[01;35m[K-Wunused-parameter[m[K]
[13.278s]    24 |                 virtual void update(double t, [01;35m[Kconst Eigen::Vector6d &z[m[K) override {}
[13.278s]       |                                               [01;35m[K~~~~~~~~~~~~~~~~~~~~~~~^[m[K
[13.867s] In file included from [01m[K/root/muse_ws/muse_ros2/muse_ws/src/state_estimator/src/plugins/attitude_estimation_plugin.cpp:352[m[K:
[13.867s] [01m[K/root/muse_ws/muse_ros2/muse_ws/src/state_estimator/include/state_estimator/Models/attitude_bias_XKF.hpp:[m[K In destructor ‘[01m[Kstate_estimator::AttitudeBiasXKF::~AttitudeBiasXKF()[m[K’:
[13.867s] [01m[K/root/muse_ws/muse_ros2/muse_ws/src/state_estimator/include/state_estimator/Models/attitude_bias_XKF.hpp:30:49:[m[K [01;35m[Kwarning: [m[Kdeleting object of abstract class type ‘[01m[Kstate_estimator::NLO<double, 7, 3, 6>[m[K’ which has non-virtual destructor will cause undefined behavior [[01;35m[K-Wdelete-non-virtual-dtor[m[K]
[13.867s]    30 |                         if (this->nlo!=nullptr) [01;35m[Kdelete(this->nlo)[m[K;
[13.867s]       |                                                 [01;35m[K^~~~~~~~~~~~~~~~~[m[K
[14.929s] [01m[K/root/muse_ws/muse_ros2/muse_ws/src/state_estimator/include/state_estimator/Models/attitude_bias_XKF.hpp:[m[K In member function ‘[01m[Kvirtual void state_estimator::AttitudeBiasXKF::update(double, const Vector6d&)[m[K’:
[14.930s] [01m[K/root/muse_ws/muse_ros2/muse_ws/src/state_estimator/include/state_estimator/Models/attitude_bias_XKF.hpp:71:41:[m[K [01;35m[Kwarning: [m[Kvariable ‘[01m[Kxbar[m[K’ set but not used [[01;35m[K-Wunused-but-set-variable[m[K]
[14.930s]    71 |                         Eigen::Vector7d [01;35m[Kxbar[m[K = this->x_bar;
[14.930s]       |                                         [01;35m[K^~~~[m[K
[14.930s] [01m[K/root/muse_ws/muse_ros2/muse_ws/src/state_estimator/include/state_estimator/Models/attitude_bias_XKF.hpp:74:41:[m[K [01;35m[Kwarning: [m[Kvariable ‘[01m[Kf_bar[m[K’ set but not used [[01;35m[K-Wunused-but-set-variable[m[K]
[14.930s]    74 |                         Eigen::Vector3d [01;35m[Kf_bar[m[K = R_bar.transpose()*this->f_n;
[14.930s]       |                                         [01;35m[K^~~~~[m[K
[14.930s] [01m[K/root/muse_ws/muse_ros2/muse_ws/src/state_estimator/include/state_estimator/Models/attitude_bias_XKF.hpp:75:41:[m[K [01;35m[Kwarning: [m[Kvariable ‘[01m[Km_bar[m[K’ set but not used [[01;35m[K-Wunused-but-set-variable[m[K]
[14.930s]    75 |                         Eigen::Vector3d [01;35m[Km_bar[m[K = R_bar.transpose()*this->m_n;
[14.930s]       |                                         [01;35m[K^~~~~[m[K
[16.253s] [01m[K/root/muse_ws/muse_ros2/muse_ws/src/state_estimator/include/state_estimator/Models/attitude_bias_XKF.hpp:[m[K In member function ‘[01m[Kvirtual Eigen::Vector7d state_estimator::AttitudeBiasXKF::calc_f(double, const Vector7d&, const Vector3d&)[m[K’:
[16.253s] [01m[K/root/muse_ws/muse_ros2/muse_ws/src/state_estimator/include/state_estimator/Models/attitude_bias_XKF.hpp:122:47:[m[K [01;35m[Kwarning: [m[Kunused parameter ‘[01m[Kt[m[K’ [[01;35m[K-Wunused-parameter[m[K]
[16.254s]   122 |                 Eigen::Vector7d calc_f([01;35m[Kdouble t[m[K, const Eigen::Vector7d &x, const Eigen::Vector3d &u)
[16.254s]       |                                        [01;35m[K~~~~~~~^[m[K
[16.290s] [01m[K/root/muse_ws/muse_ros2/muse_ws/src/state_estimator/include/state_estimator/Models/attitude_bias_XKF.hpp:[m[K In member function ‘[01m[Kvirtual Eigen::Vector6d state_estimator::AttitudeBiasXKF::calc_h(double, const Vector7d&)[m[K’:
[16.290s] [01m[K/root/muse_ws/muse_ros2/muse_ws/src/state_estimator/include/state_estimator/Models/attitude_bias_XKF.hpp:142:41:[m[K [01;35m[Kwarning: [m[Kvariable ‘[01m[Kb[m[K’ set but not used [[01;35m[K-Wunused-but-set-variable[m[K]
[16.291s]   142 |                         Eigen::Vector3d [01;35m[Kb[m[K = x.tail(3);
[16.291s]       |                                         [01;35m[K^[m[K
[16.291s] [01m[K/root/muse_ws/muse_ros2/muse_ws/src/state_estimator/include/state_estimator/Models/attitude_bias_XKF.hpp:138:47:[m[K [01;35m[Kwarning: [m[Kunused parameter ‘[01m[Kt[m[K’ [[01;35m[K-Wunused-parameter[m[K]
[16.291s]   138 |                 Eigen::Vector6d calc_h([01;35m[Kdouble t[m[K, const Eigen::Vector7d &x)
[16.291s]       |                                        [01;35m[K~~~~~~~^[m[K
[16.409s] [01m[K/root/muse_ws/muse_ros2/muse_ws/src/state_estimator/include/state_estimator/Models/attitude_bias_XKF.hpp:[m[K In member function ‘[01m[Kvirtual Eigen::Matrix7d state_estimator::AttitudeBiasXKF::calc_F(double, const Vector7d&, const Vector3d&)[m[K’:
[16.409s] [01m[K/root/muse_ws/muse_ros2/muse_ws/src/state_estimator/include/state_estimator/Models/attitude_bias_XKF.hpp:153:47:[m[K [01;35m[Kwarning: [m[Kunused parameter ‘[01m[Kt[m[K’ [[01;35m[K-Wunused-parameter[m[K]
[16.409s]   153 |                 Eigen::Matrix7d calc_F([01;35m[Kdouble t[m[K, const Eigen::Vector7d &x, const Eigen::Vector3d &u)
[16.409s]       |                                        [01;35m[K~~~~~~~^[m[K
[16.777s] [01m[K/root/muse_ws/muse_ros2/muse_ws/src/state_estimator/include/state_estimator/Models/attitude_bias_XKF.hpp:[m[K In member function ‘[01m[KEigen::Matrix6d state_estimator::AttitudeBiasXKF::calc_F(double, const Vector7d&, const Vector7d&, const Vector3d&)[m[K’:
[16.777s] [01m[K/root/muse_ws/muse_ros2/muse_ws/src/state_estimator/include/state_estimator/Models/attitude_bias_XKF.hpp:175:41:[m[K [01;35m[Kwarning: [m[Kvariable ‘[01m[Komega[m[K’ set but not used [[01;35m[K-Wunused-but-set-variable[m[K]
[16.777s]   175 |                         Eigen::Vector3d [01;35m[Komega[m[K = u;
[16.777s]       |                                         [01;35m[K^~~~~[m[K
[16.777s] [01m[K/root/muse_ws/muse_ros2/muse_ws/src/state_estimator/include/state_estimator/Models/attitude_bias_XKF.hpp:168:47:[m[K [01;35m[Kwarning: [m[Kunused parameter ‘[01m[Kt[m[K’ [[01;35m[K-Wunused-parameter[m[K]
[16.777s]   168 |                 Eigen::Matrix6d calc_F([01;35m[Kdouble t[m[K, const Eigen::Vector7d &xhat, const Eigen::Vector7d &xbar, const Eigen::Vector3d &u)
[16.777s]       |                                        [01;35m[K~~~~~~~^[m[K
[16.778s] [01m[K/root/muse_ws/muse_ros2/muse_ws/src/state_estimator/include/state_estimator/Models/attitude_bias_XKF.hpp:[m[K In member function ‘[01m[KEigen::Matrix6d state_estimator::AttitudeBiasXKF::calc_G(double, const Vector7d&, const Vector7d&, const Vector3d&)[m[K’:
[16.778s] [01m[K/root/muse_ws/muse_ros2/muse_ws/src/state_estimator/include/state_estimator/Models/attitude_bias_XKF.hpp:197:41:[m[K [01;35m[Kwarning: [m[Kvariable ‘[01m[Kbhat[m[K’ set but not used [[01;35m[K-Wunused-but-set-variable[m[K]
[16.778s]   197 |                         Eigen::Vector3d [01;35m[Kbhat[m[K = xhat.tail(3);
[16.778s]       |                                         [01;35m[K^~~~[m[K
[16.778s] [01m[K/root/muse_ws/muse_ros2/muse_ws/src/state_estimator/include/state_estimator/Models/attitude_bias_XKF.hpp:199:41:[m[K [01;35m[Kwarning: [m[Kvariable ‘[01m[Kbbar[m[K’ set but not used [[01;35m[K-Wunused-but-set-variable[m[K]
[16.778s]   199 |                         Eigen::Vector3d [01;35m[Kbbar[m[K = xbar.tail(3);
[16.778s]       |                                         [01;35m[K^~~~[m[K
[16.778s] [01m[K/root/muse_ws/muse_ros2/muse_ws/src/state_estimator/include/state_estimator/Models/attitude_bias_XKF.hpp:200:41:[m[K [01;35m[Kwarning: [m[Kvariable ‘[01m[Komega[m[K’ set but not used [[01;35m[K-Wunused-but-set-variable[m[K]
[16.778s]   200 |                         Eigen::Vector3d [01;35m[Komega[m[K = u;
[16.778s]       |                                         [01;35m[K^~~~~[m[K
[16.778s] [01m[K/root/muse_ws/muse_ros2/muse_ws/src/state_estimator/include/state_estimator/Models/attitude_bias_XKF.hpp:193:47:[m[K [01;35m[Kwarning: [m[Kunused parameter ‘[01m[Kt[m[K’ [[01;35m[K-Wunused-parameter[m[K]
[16.778s]   193 |                 Eigen::Matrix6d calc_G([01;35m[Kdouble t[m[K, const Eigen::Vector7d &xhat, const Eigen::Vector7d &xbar, const Eigen::Vector3d &u)
[16.778s]       |                                        [01;35m[K~~~~~~~^[m[K
[16.985s] [01m[K/root/muse_ws/muse_ros2/muse_ws/src/state_estimator/include/state_estimator/Models/attitude_bias_XKF.hpp:[m[K In member function ‘[01m[KEigen::Matrix6d state_estimator::AttitudeBiasXKF::calc_H(double, const Vector7d&, const Vector7d&)[m[K’:
[16.986s] [01m[K/root/muse_ws/muse_ros2/muse_ws/src/state_estimator/include/state_estimator/Models/attitude_bias_XKF.hpp:214:47:[m[K [01;35m[Kwarning: [m[Kunused parameter ‘[01m[Kt[m[K’ [[01;35m[K-Wunused-parameter[m[K]
[16.986s]   214 |                 Eigen::Matrix6d calc_H([01;35m[Kdouble t[m[K, const Eigen::Vector7d &xhat, const Eigen::Vector7d &xbar)
[16.986s]       |                                        [01;35m[K~~~~~~~^[m[K
[17.077s] [01m[K/root/muse_ws/muse_ros2/muse_ws/src/state_estimator/include/state_estimator/Models/attitude_bias_XKF.hpp:[m[K In member function ‘[01m[Kvirtual Eigen::Matrix<double, 6, 7, 0, 6, 7> state_estimator::AttitudeBiasXKF::calc_H(double, const Vector7d&)[m[K’:
[17.077s] [01m[K/root/muse_ws/muse_ros2/muse_ws/src/state_estimator/include/state_estimator/Models/attitude_bias_XKF.hpp:233:65:[m[K [01;35m[Kwarning: [m[Kunused parameter ‘[01m[Kt[m[K’ [[01;35m[K-Wunused-parameter[m[K]
[17.077s]   233 |                 virtual Eigen::Matrix<double,6,7> calc_H([01;35m[Kdouble t[m[K, const Eigen::Vector7d &x)
[17.077s]       |                                                          [01;35m[K~~~~~~~^[m[K
[17.436s] [01m[K/root/muse_ws/muse_ros2/muse_ws/src/state_estimator/src/plugins/attitude_estimation_plugin.cpp:[m[K In destructor ‘[01m[Kvirtual state_estimator_plugins::AttitudeEstimationPlugin::~AttitudeEstimationPlugin()[m[K’:
[17.437s] [01m[K/root/muse_ws/muse_ros2/muse_ws/src/state_estimator/src/plugins/attitude_estimation_plugin.cpp:397:17:[m[K [01;35m[Kwarning: [m[Kdeleting object of polymorphic class type ‘[01m[Kstate_estimator::AttitudeBiasXKF[m[K’ which has non-virtual destructor might cause undefined behavior [[01;35m[K-Wdelete-non-virtual-dtor[m[K]
[17.437s]   397 |                 [01;35m[Kdelete attitude_[m[K;
[17.437s]       |                 [01;35m[K^~~~~~~~~~~~~~~~[m[K
[39.713s] In file included from [01m[K/root/muse_ws/muse_ros2/muse_ws/src/state_estimator/include/state_estimator/Observers/XKF.hpp:4[m[K,
[39.713s]                  from [01m[K/root/muse_ws/muse_ros2/muse_ws/src/state_estimator/include/state_estimator/Models/attitude_bias_XKF.hpp:4[m[K,
[39.713s]                  from [01m[K/root/muse_ws/muse_ros2/muse_ws/src/state_estimator/src/plugins/attitude_estimation_plugin.cpp:352[m[K:
[39.713s] /root/muse_ws/muse_ros2/muse_ws/src/state_estimator/include/state_estimator/Observers/EKF.hpp: In instantiation of ‘[01m[Kvoid state_estimator::EKFBase<T, N1, N2, N3, N4, N5, N6, N7>::predict(T, const Eigen::Matrix<T, N2, 1>&) [with T = double; int N1 = 7; int N2 = 3; int N3 = 6; int N4 = 7; int N5 = 6; int N6 = 6; int N7 = 6][m[K’:
[39.713s] [01m[K/root/muse_ws/muse_ros2/muse_ws/src/state_estimator/include/state_estimator/Observers/EKF.hpp:40:15:[m[K   required from here
[39.714s] [01m[K/root/muse_ws/muse_ros2/muse_ws/src/state_estimator/include/state_estimator/Observers/EKF.hpp:40:32:[m[K [01;35m[Kwarning: [m[Kunused parameter ‘[01m[Kt[m[K’ [[01;35m[K-Wunused-parameter[m[K]
[39.714s]    40 |         virtual void predict([01;35m[KT t[m[K, const Eigen::Matrix<T,N2,1> &u) override
[39.714s]       |                              [01;35m[K~~^[m[K
[39.714s] [01m[K/root/muse_ws/muse_ros2/muse_ws/src/state_estimator/include/state_estimator/Observers/EKF.hpp:40:64:[m[K [01;35m[Kwarning: [m[Kunused parameter ‘[01m[Ku[m[K’ [[01;35m[K-Wunused-parameter[m[K]
[39.715s]    40 |         virtual void predict(T t, [01;35m[Kconst Eigen::Matrix<T,N2,1> &u[m[K) override
[39.715s]       |                                   [01;35m[K~~~~~~~~~~~~~~~~~~~~~~~~~~~~~^[m[K
[39.715s] /root/muse_ws/muse_ros2/muse_ws/src/state_estimator/include/state_estimator/Observers/EKF.hpp: In instantiation of ‘[01m[Kvoid state_estimator::EKFBase<T, N1, N2, N3, N4, N5, N6, N7>::update(T, const Eigen::Matrix<T, N3, 1>&) [with T = double; int N1 = 7; int N2 = 3; int N3 = 6; int N4 = 7; int N5 = 6; int N6 = 6; int N7 = 6][m[K’:
[39.715s] [01m[K/root/muse_ws/muse_ros2/muse_ws/src/state_estimator/include/state_estimator/Observers/EKF.hpp:48:15:[m[K   required from here
[39.715s] [01m[K/root/muse_ws/muse_ros2/muse_ws/src/state_estimator/include/state_estimator/Observers/EKF.hpp:48:31:[m[K [01;35m[Kwarning: [m[Kunused parameter ‘[01m[Kt[m[K’ [[01;35m[K-Wunused-parameter[m[K]
[39.715s]    48 |         virtual void update([01;35m[KT t[m[K, const Eigen::Matrix<T,N3,1> &z) override {
[39.715s]       |                             [01;35m[K~~^[m[K
[39.715s] [01m[K/root/muse_ws/muse_ros2/muse_ws/src/state_estimator/include/state_estimator/Observers/EKF.hpp:48:63:[m[K [01;35m[Kwarning: [m[Kunused parameter ‘[01m[Kz[m[K’ [[01;35m[K-Wunused-parameter[m[K]
[39.715s]    48 |         virtual void update(T t, [01;35m[Kconst Eigen::Matrix<T,N3,1> &z[m[K) override {
[39.716s]       |                                  [01;35m[K~~~~~~~~~~~~~~~~~~~~~~~~~~~~~^[m[K
[58.601s] [ 25%] [32mBuilding CXX object CMakeFiles/state_estimator_plugins.dir/src/plugins/sensor_fusion_plugin.cpp.o[0m
[63.926s] In file included from [01m[K/root/muse_ws/muse_ros2/muse_ws/src/state_estimator/include/state_estimator/Estimator.hpp:4[m[K,
[63.926s]                  from [01m[K/root/muse_ws/muse_ros2/muse_ws/src/state_estimator/include/state_estimator/Observers/Observer.hpp:7[m[K,
[63.926s]                  from [01m[K/root/muse_ws/muse_ros2/muse_ws/src/state_estimator/include/state_estimator/Observers/EKF.hpp:6[m[K,
[63.926s]                  from [01m[K/root/muse_ws/muse_ros2/muse_ws/src/state_estimator/include/state_estimator/Models/sensor_fusion.hpp:4[m[K,
[63.927s]                  from [01m[K/root/muse_ws/muse_ros2/muse_ws/src/state_estimator/src/plugins/sensor_fusion_plugin.cpp:1[m[K:
[63.927s] [01m[K/root/muse_ws/muse_ros2/muse_ws/src/state_estimator/include/state_estimator/lib.hpp:[m[K In function ‘[01m[KEigen::Matrix<double, 3, 3> state_estimator::calc_Rzyx(const Eigen::Matrix<double, 3, 1>&)[m[K’:
[63.927s] [01m[K/root/muse_ws/muse_ros2/muse_ws/src/state_estimator/include/state_estimator/lib.hpp:46:43:[m[K [01;35m[Kwarning: [m[Kvariable ‘[01m[Ku1[m[K’ set but not used [[01;35m[K-Wunused-but-set-variable[m[K]
[63.927s]    46 |                 Eigen::Matrix<double,3,1> [01;35m[Ku1[m[K = R.block(0,0,3,1);
[63.927s]       |                                           [01;35m[K^~[m[K
[63.927s] [01m[K/root/muse_ws/muse_ros2/muse_ws/src/state_estimator/include/state_estimator/lib.hpp:47:43:[m[K [01;35m[Kwarning: [m[Kvariable ‘[01m[Ku2[m[K’ set but not used [[01;35m[K-Wunused-but-set-variable[m[K]
[63.927s]    47 |                 Eigen::Matrix<double,3,1> [01;35m[Ku2[m[K = R.block(0,1,3,1);
[63.927s]       |                                           [01;35m[K^~[m[K
[63.927s] [01m[K/root/muse_ws/muse_ros2/muse_ws/src/state_estimator/include/state_estimator/lib.hpp:48:43:[m[K [01;35m[Kwarning: [m[Kvariable ‘[01m[Ku3[m[K’ set but not used [[01;35m[K-Wunused-but-set-variable[m[K]
[63.927s]    48 |                 Eigen::Matrix<double,3,1> [01;35m[Ku3[m[K = R.block(0,2,3,1);
[63.928s]       |                                           [01;35m[K^~[m[K
[64.719s] In file included from [01m[K/root/muse_ws/muse_ros2/muse_ws/src/state_estimator/include/state_estimator/Estimator.hpp:4[m[K,
[64.719s]                  from [01m[K/root/muse_ws/muse_ros2/muse_ws/src/state_estimator/include/state_estimator/Observers/Observer.hpp:7[m[K,
[64.720s]                  from [01m[K/root/muse_ws/muse_ros2/muse_ws/src/state_estimator/include/state_estimator/Observers/EKF.hpp:6[m[K,
[64.720s]                  from [01m[K/root/muse_ws/muse_ros2/muse_ws/src/state_estimator/include/state_estimator/Models/sensor_fusion.hpp:4[m[K,
[64.720s]                  from [01m[K/root/muse_ws/muse_ros2/muse_ws/src/state_estimator/src/plugins/sensor_fusion_plugin.cpp:1[m[K:
[64.720s] [01m[K/root/muse_ws/muse_ros2/muse_ws/src/state_estimator/include/state_estimator/lib.hpp:[m[K In function ‘[01m[Kstd::string state_estimator::ns2str(uint64_t)[m[K’:
[64.720s] [01m[K/root/muse_ws/muse_ros2/muse_ws/src/state_estimator/include/state_estimator/lib.hpp:163:18:[m[K [01;35m[Kwarning: [m[Kunused variable ‘[01m[Kns[m[K’ [[01;35m[K-Wunused-variable[m[K]
[64.720s]   163 |         uint64_t [01;35m[Kns[m[K =  t-y*31536000000000000-d*86400000000000-h*3600000000000-m*60000000000-s*1000000000-ms*1000000-us*1000;
[64.720s]       |                  [01;35m[K^~[m[K
[64.721s] [01m[K/root/muse_ws/muse_ros2/muse_ws/src/state_estimator/include/state_estimator/lib.hpp:168:26:[m[K [01;35m[Kwarning: [m[Kunused variable ‘[01m[Kx[m[K’ [[01;35m[K-Wunused-variable[m[K]
[64.721s]   168 |                 uint64_t [01;35m[Kx[m[K = 1;
[64.721s]       |                          [01;35m[K^[m[K
[64.741s] In file included from [01m[K/root/muse_ws/muse_ros2/muse_ws/src/state_estimator/include/state_estimator/Observers/Observer.hpp:7[m[K,
[64.741s]                  from [01m[K/root/muse_ws/muse_ros2/muse_ws/src/state_estimator/include/state_estimator/Observers/EKF.hpp:6[m[K,
[64.741s]                  from [01m[K/root/muse_ws/muse_ros2/muse_ws/src/state_estimator/include/state_estimator/Models/sensor_fusion.hpp:4[m[K,
[64.741s]                  from [01m[K/root/muse_ws/muse_ros2/muse_ws/src/state_estimator/src/plugins/sensor_fusion_plugin.cpp:1[m[K:
[64.741s] [01m[K/root/muse_ws/muse_ros2/muse_ws/src/state_estimator/include/state_estimator/Estimator.hpp:[m[K In member function ‘[01m[Kvirtual void state_estimator::EstimatorBase::updateGen(double, Eigen::MatrixXd&, Eigen::MatrixXd&)[m[K’:
[64.741s] [01m[K/root/muse_ws/muse_ros2/muse_ws/src/state_estimator/include/state_estimator/Estimator.hpp:39:31:[m[K [01;35m[Kwarning: [m[Kunused parameter ‘[01m[Kt[m[K’ [[01;35m[K-Wunused-parameter[m[K]
[64.741s]    39 | virtual void updateGen([01;35m[Kdouble t[m[K, Eigen::MatrixXd &u, Eigen::MatrixXd &z) { }
[64.741s]       |                        [01;35m[K~~~~~~~^[m[K
[64.741s] [01m[K/root/muse_ws/muse_ros2/muse_ws/src/state_estimator/include/state_estimator/Estimator.hpp:39:51:[m[K [01;35m[Kwarning: [m[Kunused parameter ‘[01m[Ku[m[K’ [[01;35m[K-Wunused-parameter[m[K]
[64.742s]    39 | virtual void updateGen(double t, [01;35m[KEigen::MatrixXd &u[m[K, Eigen::MatrixXd &z) { }
[64.742s]       |                                  [01;35m[K~~~~~~~~~~~~~~~~~^[m[K
[64.742s] [01m[K/root/muse_ws/muse_ros2/muse_ws/src/state_estimator/include/state_estimator/Estimator.hpp:39:71:[m[K [01;35m[Kwarning: [m[Kunused parameter ‘[01m[Kz[m[K’ [[01;35m[K-Wunused-parameter[m[K]
[64.742s]    39 | virtual void updateGen(double t, Eigen::MatrixXd &u, [01;35m[KEigen::MatrixXd &z[m[K) { }
[64.742s]       |                                                      [01;35m[K~~~~~~~~~~~~~~~~~^[m[K
[65.033s] In file included from [01m[K/root/muse_ws/muse_ros2/muse_ws/src/state_estimator/src/plugins/sensor_fusion_plugin.cpp:1[m[K:
[65.034s] [01m[K/root/muse_ws/muse_ros2/muse_ws/src/state_estimator/include/state_estimator/Models/sensor_fusion.hpp:[m[K In constructor ‘[01m[Kstate_estimator::KFSensorFusion::KFSensorFusion(double, const Eigen::Matrix<double, 6, 1>&, const Eigen::Matrix<double, 6, 6>&, const Eigen::Matrix<double, 6, 6>&, const Eigen::Matrix<double, 3, 3>&, bool, bool)[m[K’:
[65.034s] [01m[K/root/muse_ws/muse_ros2/muse_ws/src/state_estimator/include/state_estimator/Models/sensor_fusion.hpp:52:84:[m[K [01;35m[Kwarning: [m[Kunused parameter ‘[01m[Klidar[m[K’ [[01;35m[K-Wunused-parameter[m[K]
[65.035s]    52 |                                           const Eigen::Matrix<double,3,3> &R, [01;35m[Kbool lidar[m[K, bool slippage)
[65.035s]       |                                                                               [01;35m[K~~~~~^~~~~[m[K
[65.035s] [01m[K/root/muse_ws/muse_ros2/muse_ws/src/state_estimator/include/state_estimator/Models/sensor_fusion.hpp:52:96:[m[K [01;35m[Kwarning: [m[Kunused parameter ‘[01m[Kslippage[m[K’ [[01;35m[K-Wunused-parameter[m[K]
[65.035s]    52 |                                           const Eigen::Matrix<double,3,3> &R, bool lidar, [01;35m[Kbool slippage[m[K)
[65.035s]       |                                                                                           [01;35m[K~~~~~^~~~~~~~[m[K
[65.576s] [01m[K/root/muse_ws/muse_ros2/muse_ws/src/state_estimator/include/state_estimator/Models/sensor_fusion.hpp:[m[K In member function ‘[01m[Kvirtual Eigen::Matrix<double, 6, 1> state_estimator::KFSensorFusion::calc_f(double, const Eigen::Matrix<double, 6, 1>&, const Eigen::Matrix<double, 3, 1>&)[m[K’:
[65.576s] [01m[K/root/muse_ws/muse_ros2/muse_ws/src/state_estimator/include/state_estimator/Models/sensor_fusion.hpp:109:68:[m[K [01;35m[Kwarning: [m[Kunused parameter ‘[01m[Kt[m[K’ [[01;35m[K-Wunused-parameter[m[K]
[65.576s]   109 |     inline Eigen::Matrix<double,6,1> KFSensorFusion::calc_f([01;35m[Kdouble t[m[K, const Eigen::Matrix<double,6,1> &x, const Eigen::Matrix<double,3,1> &u)
[65.576s]       |                                                             [01;35m[K~~~~~~~^[m[K
[65.576s] [01m[K/root/muse_ws/muse_ros2/muse_ws/src/state_estimator/include/state_estimator/Models/sensor_fusion.hpp:[m[K In member function ‘[01m[Kvirtual Eigen::Matrix<double, 6, 6> state_estimator::KFSensorFusion::calc_F(double, const Eigen::Matrix<double, 6, 1>&, const Eigen::Matrix<double, 3, 1>&)[m[K’:
[65.576s] [01m[K/root/muse_ws/muse_ros2/muse_ws/src/state_estimator/include/state_estimator/Models/sensor_fusion.hpp:118:68:[m[K [01;35m[Kwarning: [m[Kunused parameter ‘[01m[Kt[m[K’ [[01;35m[K-Wunused-parameter[m[K]
[65.576s]   118 |     inline Eigen::Matrix<double,6,6> KFSensorFusion::calc_F([01;35m[Kdouble t[m[K, const Eigen::Matrix<double,6,1> &x, const Eigen::Matrix<double,3,1> &u)
[65.577s]       |                                                             [01;35m[K~~~~~~~^[m[K
[65.577s] [01m[K/root/muse_ws/muse_ros2/muse_ws/src/state_estimator/include/state_estimator/Models/sensor_fusion.hpp:118:104:[m[K [01;35m[Kwarning: [m[Kunused parameter ‘[01m[Kx[m[K’ [[01;35m[K-Wunused-parameter[m[K]
[65.577s]   118 |     inline Eigen::Matrix<double,6,6> KFSensorFusion::calc_F(double t, [01;35m[Kconst Eigen::Matrix<double,6,1> &x[m[K, const Eigen::Matrix<double,3,1> &u)
[65.577s]       |                                                                       [01;35m[K~~~~~~~~~~~~~~~~~~~~~~~~~~~~~~~~~^[m[K
[65.577s] [01m[K/root/muse_ws/muse_ros2/muse_ws/src/state_estimator/include/state_estimator/Models/sensor_fusion.hpp:118:140:[m[K [01;35m[Kwarning: [m[Kunused parameter ‘[01m[Ku[m[K’ [[01;35m[K-Wunused-parameter[m[K]
[65.577s]   118 | <double,6,6> KFSensorFusion::calc_F(double t, const Eigen::Matrix<double,6,1> &x, [01;35m[Kconst Eigen::Matrix<double,3,1> &u[m[K)
[65.577s]       |                                                                                   [01;35m[K~~~~~~~~~~~~~~~~~~~~~~~~~~~~~~~~~^[m[K
[65.577s] 
[65.577s] [01m[K/root/muse_ws/muse_ros2/muse_ws/src/state_estimator/include/state_estimator/Models/sensor_fusion.hpp:[m[K In member function ‘[01m[Kvirtual Eigen::Matrix<double, 3, 1> state_estimator::KFSensorFusion::calc_h(double, const Eigen::Matrix<double, 6, 1>&)[m[K’:
[65.577s] [01m[K/root/muse_ws/muse_ros2/muse_ws/src/state_estimator/include/state_estimator/Models/sensor_fusion.hpp:130:68:[m[K [01;35m[Kwarning: [m[Kunused parameter ‘[01m[Kt[m[K’ [[01;35m[K-Wunused-parameter[m[K]
[65.577s]   130 |     inline Eigen::Matrix<double,3,1> KFSensorFusion::calc_h([01;35m[Kdouble t[m[K, const Eigen::Matrix<double,6,1> &x)
[65.578s]       |                                                             [01;35m[K~~~~~~~^[m[K
[65.584s] [01m[K/root/muse_ws/muse_ros2/muse_ws/src/state_estimator/include/state_estimator/Models/sensor_fusion.hpp:[m[K In member function ‘[01m[Kvirtual Eigen::Matrix<double, 3, 6, 0, 3, 6> state_estimator::KFSensorFusion::calc_H(double, const Eigen::Matrix<double, 6, 1>&)[m[K’:
[65.584s] [01m[K/root/muse_ws/muse_ros2/muse_ws/src/state_estimator/include/state_estimator/Models/sensor_fusion.hpp:136:68:[m[K [01;35m[Kwarning: [m[Kunused parameter ‘[01m[Kt[m[K’ [[01;35m[K-Wunused-parameter[m[K]
[65.584s]   136 |     inline Eigen::Matrix<double,3,6> KFSensorFusion::calc_H([01;35m[Kdouble t[m[K, const Eigen::Matrix<double,6,1> &x)
[65.584s]       |                                                             [01;35m[K~~~~~~~^[m[K
[65.587s] [01m[K/root/muse_ws/muse_ros2/muse_ws/src/state_estimator/include/state_estimator/Models/sensor_fusion.hpp:136:104:[m[K [01;35m[Kwarning: [m[Kunused parameter ‘[01m[Kx[m[K’ [[01;35m[K-Wunused-parameter[m[K]
[65.587s]   136 |     inline Eigen::Matrix<double,3,6> KFSensorFusion::calc_H(double t, [01;35m[Kconst Eigen::Matrix<double,6,1> &x[m[K)
[65.587s]       |                                                                       [01;35m[K~~~~~~~~~~~~~~~~~~~~~~~~~~~~~~~~~^[m[K
[65.587s] [01m[K/root/muse_ws/muse_ros2/muse_ws/src/state_estimator/include/state_estimator/Models/sensor_fusion.hpp:[m[K In member function ‘[01m[Kvoid state_estimator::KFSensorFusion::setMatricesSF(bool)[m[K’:
[65.587s] [01m[K/root/muse_ws/muse_ros2/muse_ws/src/state_estimator/include/state_estimator/Models/sensor_fusion.hpp:146:52:[m[K [01;35m[Kwarning: [m[Kunused parameter ‘[01m[Kslippage[m[K’ [[01;35m[K-Wunused-parameter[m[K]
[65.587s]   146 |     inline void KFSensorFusion::setMatricesSF([01;35m[Kbool slippage[m[K)
[65.587s]       |                                               [01;35m[K~~~~~^~~~~~~~[m[K
[65.588s] In file included from [01m[K/root/muse_ws/muse_ros2/muse_ws/src/state_estimator/include/state_estimator/plugin.hpp:5[m[K,
[65.588s]                  from [01m[K/root/muse_ws/muse_ros2/muse_ws/src/state_estimator/src/plugins/sensor_fusion_plugin.cpp:2[m[K:
[65.588s] [01m[K/root/muse_ws/muse_ros2/muse_ws/src/state_estimator/include/state_estimator/Robot.hpp:[m[K In constructor ‘[01m[Kstate_estimator::Robot::Robot(state_estimator::Robot&&)[m[K’:
[65.588s] [01m[K/root/muse_ws/muse_ros2/muse_ws/src/state_estimator/include/state_estimator/Robot.hpp:25:23:[m[K [01;35m[Kwarning: [m[Kunused parameter ‘[01m[Kthat[m[K’ [[01;35m[K-Wunused-parameter[m[K]
[65.588s]    25 |         Robot([01;35m[KRobot&& that[m[K) { }
[65.588s]       |               [01;35m[K~~~~~~~~^~~~[m[K
[65.970s] [01m[K/root/muse_ws/muse_ros2/muse_ws/src/state_estimator/src/plugins/sensor_fusion_plugin.cpp:[m[K In constructor ‘[01m[Kstate_estimator_plugins::SensorFusionPlugin::SensorFusionPlugin()[m[K’:
[65.970s] [01m[K/root/muse_ws/muse_ros2/muse_ws/src/state_estimator/src/plugins/sensor_fusion_plugin.cpp:236:71:[m[K [01;35m[Kwarning: [m[K‘[01m[Kstate_estimator_plugins::SensorFusionPlugin::pub_[m[K’ will be initialized after [[01;35m[K-Wreorder[m[K]
[65.970s]   236 |                 rclcpp::Publisher<nav_msgs::msg::Odometry>::SharedPtr [01;35m[Kpub_[m[K;
[65.970s]       |                                                                       [01;35m[K^~~~[m[K
[65.970s] [01m[K/root/muse_ws/muse_ros2/muse_ws/src/state_estimator/src/plugins/sensor_fusion_plugin.cpp:234:78:[m[K [01;35m[Kwarning: [m[K  ‘[01m[Kstd::shared_ptr<message_filters::Synchronizer<message_filters::sync_policies::ApproximateTime<sensor_msgs::msg::Imu_<std::allocator<void> >, state_estimator_msgs::msg::Attitude_<std::allocator<void> >, state_estimator_msgs::msg::LegOdometry_<std::allocator<void> > > > > state_estimator_plugins::SensorFusionPlugin::sync_[m[K’ [[01;35m[K-Wreorder[m[K]
[65.970s]   234 |                 std::shared_ptr<message_filters::Synchronizer<MySyncPolicy>> [01;35m[Ksync_[m[K;
[65.970s]       |                                                                              [01;35m[K^~~~~[m[K
[65.971s] [01m[K/root/muse_ws/muse_ros2/muse_ws/src/state_estimator/src/plugins/sensor_fusion_plugin.cpp:45:17:[m[K [01;35m[Kwarning: [m[K  when initialized here [[01;35m[K-Wreorder[m[K]
[65.971s]    45 |                 [01;35m[KSensorFusionPlugin[m[K():
[65.971s]       |                 [01;35m[K^~~~~~~~~~~~~~~~~~[m[K
[80.524s] In file included from [01m[K/root/muse_ws/muse_ros2/muse_ws/src/state_estimator/include/state_estimator/Models/sensor_fusion.hpp:4[m[K,
[80.524s]                  from [01m[K/root/muse_ws/muse_ros2/muse_ws/src/state_estimator/src/plugins/sensor_fusion_plugin.cpp:1[m[K:
[80.525s] /root/muse_ws/muse_ros2/muse_ws/src/state_estimator/include/state_estimator/Observers/EKF.hpp: In instantiation of ‘[01m[Kvoid state_estimator::EKFBase<T, N1, N2, N3, N4, N5, N6, N7>::predict(T, const Eigen::Matrix<T, N2, 1>&) [with T = double; int N1 = 6; int N2 = 3; int N3 = 3; int N4 = 6; int N5 = 3; int N6 = 6; int N7 = 6][m[K’:
[80.525s] [01m[K/root/muse_ws/muse_ros2/muse_ws/src/state_estimator/include/state_estimator/Observers/EKF.hpp:40:15:[m[K   required from here
[80.525s] [01m[K/root/muse_ws/muse_ros2/muse_ws/src/state_estimator/include/state_estimator/Observers/EKF.hpp:40:32:[m[K [01;35m[Kwarning: [m[Kunused parameter ‘[01m[Kt[m[K’ [[01;35m[K-Wunused-parameter[m[K]
[80.525s]    40 |         virtual void predict([01;35m[KT t[m[K, const Eigen::Matrix<T,N2,1> &u) override
[80.525s]       |                              [01;35m[K~~^[m[K
[80.525s] [01m[K/root/muse_ws/muse_ros2/muse_ws/src/state_estimator/include/state_estimator/Observers/EKF.hpp:40:64:[m[K [01;35m[Kwarning: [m[Kunused parameter ‘[01m[Ku[m[K’ [[01;35m[K-Wunused-parameter[m[K]
[80.525s]    40 |         virtual void predict(T t, [01;35m[Kconst Eigen::Matrix<T,N2,1> &u[m[K) override
[80.525s]       |                                   [01;35m[K~~~~~~~~~~~~~~~~~~~~~~~~~~~~~^[m[K
[80.525s] /root/muse_ws/muse_ros2/muse_ws/src/state_estimator/include/state_estimator/Observers/EKF.hpp: In instantiation of ‘[01m[Kvoid state_estimator::EKFBase<T, N1, N2, N3, N4, N5, N6, N7>::update(T, const Eigen::Matrix<T, N3, 1>&) [with T = double; int N1 = 6; int N2 = 3; int N3 = 3; int N4 = 6; int N5 = 3; int N6 = 6; int N7 = 6][m[K’:
[80.525s] [01m[K/root/muse_ws/muse_ros2/muse_ws/src/state_estimator/include/state_estimator/Observers/EKF.hpp:48:15:[m[K   required from here
[80.526s] [01m[K/root/muse_ws/muse_ros2/muse_ws/src/state_estimator/include/state_estimator/Observers/EKF.hpp:48:31:[m[K [01;35m[Kwarning: [m[Kunused parameter ‘[01m[Kt[m[K’ [[01;35m[K-Wunused-parameter[m[K]
[80.526s]    48 |         virtual void update([01;35m[KT t[m[K, const Eigen::Matrix<T,N3,1> &z) override {
[80.526s]       |                             [01;35m[K~~^[m[K
[80.526s] [01m[K/root/muse_ws/muse_ros2/muse_ws/src/state_estimator/include/state_estimator/Observers/EKF.hpp:48:63:[m[K [01;35m[Kwarning: [m[Kunused parameter ‘[01m[Kz[m[K’ [[01;35m[K-Wunused-parameter[m[K]
[80.526s]    48 |         virtual void update(T t, [01;35m[Kconst Eigen::Matrix<T,N3,1> &z[m[K) override {
[80.526s]       |                                  [01;35m[K~~~~~~~~~~~~~~~~~~~~~~~~~~~~~^[m[K
[103.993s] [ 50%] [32mBuilding CXX object CMakeFiles/state_estimator_plugins.dir/src/plugins/leg_odometry_plugin.cpp.o[0m
[103.993s] [ 50%] [32mBuilding CXX object CMakeFiles/state_estimator_plugins.dir/src/plugins/contact_detection_plugin.cpp.o[0m
[108.810s] In file included from [01m[K/root/muse_ws/muse_ros2/muse_ws/src/state_estimator/include/state_estimator/plugin.hpp:5[m[K,
[108.810s]                  from [01m[K/root/muse_ws/muse_ros2/muse_ws/src/state_estimator/src/plugins/contact_detection_plugin.cpp:1[m[K:
[108.810s] [01m[K/root/muse_ws/muse_ros2/muse_ws/src/state_estimator/include/state_estimator/Robot.hpp:[m[K In constructor ‘[01m[Kstate_estimator::Robot::Robot(state_estimator::Robot&&)[m[K’:
[108.811s] [01m[K/root/muse_ws/muse_ros2/muse_ws/src/state_estimator/include/state_estimator/Robot.hpp:25:23:[m[K [01;35m[Kwarning: [m[Kunused parameter ‘[01m[Kthat[m[K’ [[01;35m[K-Wunused-parameter[m[K]
[108.811s]    25 |         Robot([01;35m[KRobot&& that[m[K) { }
[108.811s]       |               [01;35m[K~~~~~~~~^~~~[m[K
[108.927s] [01m[K/root/muse_ws/muse_ros2/muse_ws/src/state_estimator/src/plugins/contact_detection_plugin.cpp:[m[K In constructor ‘[01m[Kstate_estimator_plugins::ContactDetectionPlugin::ContactDetectionPlugin()[m[K’:
[108.927s] [01m[K/root/muse_ws/muse_ros2/muse_ws/src/state_estimator/src/plugins/contact_detection_plugin.cpp:141:91:[m[K [01;35m[Kwarning: [m[K‘[01m[Kstate_estimator_plugins::ContactDetectionPlugin::pub_[m[K’ will be initialized after [[01;35m[K-Wreorder[m[K]
[108.927s]   141 |                 rclcpp::Publisher<state_estimator_msgs::msg::ContactDetection>::SharedPtr [01;35m[Kpub_[m[K;
[108.927s]       |                                                                                           [01;35m[K^~~~[m[K
[108.928s] [01m[K/root/muse_ws/muse_ros2/muse_ws/src/state_estimator/src/plugins/contact_detection_plugin.cpp:140:78:[m[K [01;35m[Kwarning: [m[K  ‘[01m[Kstd::shared_ptr<message_filters::Synchronizer<message_filters::sync_policies::ApproximateTime<geometry_msgs::msg::WrenchStamped_<std::allocator<void> >, geometry_msgs::msg::WrenchStamped_<std::allocator<void> >, geometry_msgs::msg::WrenchStamped_<std::allocator<void> >, geometry_msgs::msg::WrenchStamped_<std::allocator<void> > > > > state_estimator_plugins::ContactDetectionPlugin::sync_[m[K’ [[01;35m[K-Wreorder[m[K]
[108.928s]   140 |                 std::shared_ptr<message_filters::Synchronizer<MySyncPolicy>> [01;35m[Ksync_[m[K;
[108.928s]       |                                                                              [01;35m[K^~~~~[m[K
[108.928s] [01m[K/root/muse_ws/muse_ros2/muse_ws/src/state_estimator/src/plugins/contact_detection_plugin.cpp:43:17:[m[K [01;35m[Kwarning: [m[K  when initialized here [[01;35m[K-Wreorder[m[K]
[108.928s]    43 |                 [01;35m[KContactDetectionPlugin[m[K():
[108.928s]       |                 [01;35m[K^~~~~~~~~~~~~~~~~~~~~~[m[K
[119.129s] In file included from [01m[K/root/muse_ws/muse_ros2/muse_ws/src/state_estimator/include/state_estimator/plugin.hpp:5[m[K,
[119.129s]                  from [01m[K/root/muse_ws/muse_ros2/muse_ws/src/state_estimator/src/plugins/leg_odometry_plugin.cpp:9[m[K:
[119.129s] [01m[K/root/muse_ws/muse_ros2/muse_ws/src/state_estimator/include/state_estimator/Robot.hpp:[m[K In constructor ‘[01m[Kstate_estimator::Robot::Robot(state_estimator::Robot&&)[m[K’:
[119.129s] [01m[K/root/muse_ws/muse_ros2/muse_ws/src/state_estimator/include/state_estimator/Robot.hpp:25:23:[m[K [01;35m[Kwarning: [m[Kunused parameter ‘[01m[Kthat[m[K’ [[01;35m[K-Wunused-parameter[m[K]
[119.129s]    25 |         Robot([01;35m[KRobot&& that[m[K) { }
[119.129s]       |               [01;35m[K~~~~~~~~^~~~[m[K
[119.789s] [01m[K/root/muse_ws/muse_ros2/muse_ws/src/state_estimator/src/plugins/leg_odometry_plugin.cpp:[m[K In constructor ‘[01m[Kstate_estimator_plugins::LegOdometryPlugin::LegOdometryPlugin()[m[K’:
[119.789s] [01m[K/root/muse_ws/muse_ros2/muse_ws/src/state_estimator/src/plugins/leg_odometry_plugin.cpp:270:86:[m[K [01;35m[Kwarning: [m[K‘[01m[Kstate_estimator_plugins::LegOdometryPlugin::pub_[m[K’ will be initialized after [[01;35m[K-Wreorder[m[K]
[119.789s]   270 |                 rclcpp::Publisher<state_estimator_msgs::msg::LegOdometry>::SharedPtr [01;35m[Kpub_[m[K;
[119.789s]       |                                                                                      [01;35m[K^~~~[m[K
[119.789s] [01m[K/root/muse_ws/muse_ros2/muse_ws/src/state_estimator/src/plugins/leg_odometry_plugin.cpp:268:78:[m[K [01;35m[Kwarning: [m[K  ‘[01m[Kstd::shared_ptr<message_filters::Synchronizer<message_filters::sync_policies::ApproximateTime<sensor_msgs::msg::Imu_<std::allocator<void> >, state_estimator_msgs::msg::JointStateWithAcceleration_<std::allocator<void> >, state_estimator_msgs::msg::ContactDetection_<std::allocator<void> >, state_estimator_msgs::msg::Attitude_<std::allocator<void> > > > > state_estimator_plugins::LegOdometryPlugin::sync_[m[K’ [[01;35m[K-Wreorder[m[K]
[119.789s]   268 |                 std::shared_ptr<message_filters::Synchronizer<MySyncPolicy>> [01;35m[Ksync_[m[K;
[119.790s]       |                                                                              [01;35m[K^~~~~[m[K
[119.790s] [01m[K/root/muse_ws/muse_ros2/muse_ws/src/state_estimator/src/plugins/leg_odometry_plugin.cpp:59:17:[m[K [01;35m[Kwarning: [m[K  when initialized here [[01;35m[K-Wreorder[m[K]
[119.790s]    59 |                 [01;35m[KLegOdometryPlugin[m[K():
[119.790s]       |                 [01;35m[K^~~~~~~~~~~~~~~~~[m[K
[120.941s] [01m[K/root/muse_ws/muse_ros2/muse_ws/src/state_estimator/src/plugins/leg_odometry_plugin.cpp:[m[K In member function ‘[01m[Kvoid state_estimator_plugins::LegOdometryPlugin::callback(const ConstSharedPtr&, const ConstSharedPtr&, const ConstSharedPtr&, const ConstSharedPtr&)[m[K’:
[120.941s] [01m[K/root/muse_ws/muse_ros2/muse_ws/src/state_estimator/src/plugins/leg_odometry_plugin.cpp:189:49:[m[K [01;35m[Kwarning: [m[Kcomparison of integer expressions of different signedness: ‘[01m[Kstd::vector<double>::size_type[m[K’ {aka ‘[01m[Klong unsigned int[m[K’} and ‘[01m[Kint[m[K’ [[01;35m[K-Wsign-compare[m[K]
[120.941s]   189 |                         if ([01;35m[Kjs->position.size() != model_.nq[m[K || js->velocity.size() != model_.nv) {
[120.941s]       |                             [01;35m[K~~~~~~~~~~~~~~~~~~~~^~~~~~~~~~~~[m[K
[120.941s] [01m[K/root/muse_ws/muse_ros2/muse_ws/src/state_estimator/src/plugins/leg_odometry_plugin.cpp:189:85:[m[K [01;35m[Kwarning: [m[Kcomparison of integer expressions of different signedness: ‘[01m[Kstd::vector<double>::size_type[m[K’ {aka ‘[01m[Klong unsigned int[m[K’} and ‘[01m[Kint[m[K’ [[01;35m[K-Wsign-compare[m[K]
[120.941s]   189 |                         if (js->position.size() != model_.nq || [01;35m[Kjs->velocity.size() != model_.nv[m[K) {
[120.941s]       |                                                                 [01;35m[K~~~~~~~~~~~~~~~~~~~~^~~~~~~~~~~~[m[K
[120.945s] [01m[K/root/muse_ws/muse_ros2/muse_ws/src/state_estimator/src/plugins/leg_odometry_plugin.cpp:194:46:[m[K [01;35m[Kwarning: [m[Kcomparison of integer expressions of different signedness: ‘[01m[Ksize_t[m[K’ {aka ‘[01m[Klong unsigned int[m[K’} and ‘[01m[Kint[m[K’ [[01;35m[K-Wsign-compare[m[K]
[120.945s]   194 |                         for (size_t i = 0; [01;35m[Ki < model_.nq[m[K; ++i)
[120.945s]       |                                            [01;35m[K~~^~~~~~~~~~~[m[K
[120.945s] [01m[K/root/muse_ws/muse_ros2/muse_ws/src/state_estimator/src/plugins/leg_odometry_plugin.cpp:197:46:[m[K [01;35m[Kwarning: [m[Kcomparison of integer expressions of different signedness: ‘[01m[Ksize_t[m[K’ {aka ‘[01m[Klong unsigned int[m[K’} and ‘[01m[Kint[m[K’ [[01;35m[K-Wsign-compare[m[K]
[120.945s]   197 |                         for (size_t i = 0; [01;35m[Ki < model_.nv[m[K; ++i)
[120.945s]       |                                            [01;35m[K~~^~~~~~~~~~~[m[K
[161.241s] In file included from [01m[K/opt/ros/humble/include/pinocchio/parsers/urdf.hpp:351[m[K,
[161.241s]                  from [01m[K/root/muse_ws/muse_ros2/muse_ws/src/state_estimator/src/plugins/leg_odometry_plugin.cpp:1[m[K:
[161.242s] [01m[K/opt/ros/humble/include/pinocchio/parsers/urdf/model.hxx:[m[K In member function ‘[01m[Kpinocchio::JointIndex pinocchio::urdf::details::UrdfVisitor<Scalar, Options, JointCollectionTpl>::addMimicJoint(const Frame&, const SE3&, const string&, const VectorConstRef&, const VectorConstRef&, const VectorConstRef&, const VectorConstRef&, const VectorConstRef&, const VectorConstRef&, const MimicInfo_&) [with TypeX = pinocchio::JointModelRevoluteTpl<double, 0, 0>; TypeY = pinocchio::JointModelRevoluteTpl<double, 0, 1>; TypeZ = pinocchio::JointModelRevoluteTpl<double, 0, 2>; TypeUnaligned = pinocchio::JointModelRevoluteUnalignedTpl<double>; Scalar = double; int Options = 0; JointCollectionTpl = pinocchio::JointCollectionDefaultTpl][m[K’:
[161.242s] [01m[K/opt/ros/humble/include/pinocchio/parsers/urdf/model.hxx:553:9:[m[K [01;35m[Kwarning: [m[Kcontrol reaches end of non-void function [[01;35m[K-Wreturn-type[m[K]
[161.242s]   553 |         [01;35m[K}[m[K
[161.242s]       |         [01;35m[K^[m[K
[161.257s] [01m[K/opt/ros/humble/include/pinocchio/parsers/urdf/model.hxx:[m[K In member function ‘[01m[Kpinocchio::JointIndex pinocchio::urdf::details::UrdfVisitor<Scalar, Options, JointCollectionTpl>::addMimicJoint(const Frame&, const SE3&, const string&, const VectorConstRef&, const VectorConstRef&, const VectorConstRef&, const VectorConstRef&, const VectorConstRef&, const VectorConstRef&, const MimicInfo_&) [with TypeX = pinocchio::JointModelPrismaticTpl<double, 0, 0>; TypeY = pinocchio::JointModelPrismaticTpl<double, 0, 1>; TypeZ = pinocchio::JointModelPrismaticTpl<double, 0, 2>; TypeUnaligned = pinocchio::JointModelPrismaticUnalignedTpl<double>; Scalar = double; int Options = 0; JointCollectionTpl = pinocchio::JointCollectionDefaultTpl][m[K’:
[161.257s] [01m[K/opt/ros/humble/include/pinocchio/parsers/urdf/model.hxx:553:9:[m[K [01;35m[Kwarning: [m[Kcontrol reaches end of non-void function [[01;35m[K-Wreturn-type[m[K]
[161.257s]   553 |         [01;35m[K}[m[K
[161.257s]       |         [01;35m[K^[m[K
[161.258s] [01m[K/opt/ros/humble/include/pinocchio/parsers/urdf/model.hxx:[m[K In member function ‘[01m[Kpinocchio::JointIndex pinocchio::urdf::details::UrdfVisitor<Scalar, Options, JointCollectionTpl>::addMimicJoint(const Frame&, const SE3&, const string&, const VectorConstRef&, const VectorConstRef&, const VectorConstRef&, const VectorConstRef&, const VectorConstRef&, const VectorConstRef&, const MimicInfo_&) [with TypeX = pinocchio::JointModelRevoluteUnboundedTpl<double, 0, 0>; TypeY = pinocchio::JointModelRevoluteUnboundedTpl<double, 0, 1>; TypeZ = pinocchio::JointModelRevoluteUnboundedTpl<double, 0, 2>; TypeUnaligned = pinocchio::JointModelRevoluteUnboundedUnalignedTpl<double>; Scalar = double; int Options = 0; JointCollectionTpl = pinocchio::JointCollectionDefaultTpl][m[K’:
[161.258s] [01m[K/opt/ros/humble/include/pinocchio/parsers/urdf/model.hxx:553:9:[m[K [01;35m[Kwarning: [m[Kcontrol reaches end of non-void function [[01;35m[K-Wreturn-type[m[K]
[161.258s]   553 |         [01;35m[K}[m[K
[161.258s]       |         [01;35m[K^[m[K
[205.803s] [ 62%] [32m[1mLinking CXX shared library libstate_estimator_plugins.so[0m
[215.088s] [ 62%] Built target state_estimator_plugins
[215.143s] [ 75%] [32mBuilding CXX object CMakeFiles/state_estimator_node.dir/src/state_estimator.cpp.o[0m
[215.143s] [ 87%] [32mBuilding CXX object CMakeFiles/state_estimator_node.dir/src/state_estimator_node.cpp.o[0m
[220.215s] In file included from [01m[K/root/muse_ws/muse_ros2/muse_ws/src/state_estimator/include/state_estimator/plugin.hpp:5[m[K,
[220.215s]                  from [01m[K/root/muse_ws/muse_ros2/muse_ws/src/state_estimator/include/state_estimator/state_estimator_node.hpp:26[m[K,
[220.215s]                  from [01m[K/root/muse_ws/muse_ros2/muse_ws/src/state_estimator/src/state_estimator.cpp:1[m[K:
[220.215s] [01m[K/root/muse_ws/muse_ros2/muse_ws/src/state_estimator/include/state_estimator/Robot.hpp:[m[K In constructor ‘[01m[Kstate_estimator::Robot::Robot(state_estimator::Robot&&)[m[K’:
[220.215s] [01m[K/root/muse_ws/muse_ros2/muse_ws/src/state_estimator/include/state_estimator/Robot.hpp:25:23:[m[K [01;35m[Kwarning: [m[Kunused parameter ‘[01m[Kthat[m[K’ [[01;35m[K-Wunused-parameter[m[K]
[220.215s]    25 |         Robot([01;35m[KRobot&& that[m[K) { }
[220.215s]       |               [01;35m[K~~~~~~~~^~~~[m[K
[220.215s] In file included from [01m[K/root/muse_ws/muse_ros2/muse_ws/src/state_estimator/include/state_estimator/plugin.hpp:5[m[K,
[220.216s]                  from [01m[K/root/muse_ws/muse_ros2/muse_ws/src/state_estimator/include/state_estimator/state_estimator_node.hpp:26[m[K,
[220.216s]                  from [01m[K/root/muse_ws/muse_ros2/muse_ws/src/state_estimator/src/state_estimator_node.cpp:1[m[K:
[220.216s] [01m[K/root/muse_ws/muse_ros2/muse_ws/src/state_estimator/include/state_estimator/Robot.hpp:[m[K In constructor ‘[01m[Kstate_estimator::Robot::Robot(state_estimator::Robot&&)[m[K’:
[220.216s] [01m[K/root/muse_ws/muse_ros2/muse_ws/src/state_estimator/include/state_estimator/Robot.hpp:25:23:[m[K [01;35m[Kwarning: [m[Kunused parameter ‘[01m[Kthat[m[K’ [[01;35m[K-Wunused-parameter[m[K]
[220.216s]    25 |         Robot([01;35m[KRobot&& that[m[K) { }
[220.216s]       |               [01;35m[K~~~~~~~~^~~~[m[K
[221.041s] In file included from [01m[K/root/muse_ws/muse_ros2/muse_ws/src/state_estimator/include/state_estimator/state_estimator_node.hpp:27[m[K,
[221.041s]                  from [01m[K/root/muse_ws/muse_ros2/muse_ws/src/state_estimator/src/state_estimator_node.cpp:1[m[K:
[221.041s] [01m[K/root/muse_ws/muse_ros2/muse_ws/src/state_estimator/include/state_estimator/lib.hpp:[m[K In function ‘[01m[KEigen::Matrix<double, 3, 3> state_estimator::calc_Rzyx(const Eigen::Matrix<double, 3, 1>&)[m[K’:
[221.041s] [01m[K/root/muse_ws/muse_ros2/muse_ws/src/state_estimator/include/state_estimator/lib.hpp:46:43:[m[K [01;35m[Kwarning: [m[Kvariable ‘[01m[Ku1[m[K’ set but not used [[01;35m[K-Wunused-but-set-variable[m[K]
[221.042s]    46 |                 Eigen::Matrix<double,3,1> [01;35m[Ku1[m[K = R.block(0,0,3,1);
[221.042s]       |                                           [01;35m[K^~[m[K
[221.042s] [01m[K/root/muse_ws/muse_ros2/muse_ws/src/state_estimator/include/state_estimator/lib.hpp:47:43:[m[K [01;35m[Kwarning: [m[Kvariable ‘[01m[Ku2[m[K’ set but not used [[01;35m[K-Wunused-but-set-variable[m[K]
[221.042s]    47 |                 Eigen::Matrix<double,3,1> [01;35m[Ku2[m[K = R.block(0,1,3,1);
[221.042s]       |                                           [01;35m[K^~[m[K
[221.042s] [01m[K/root/muse_ws/muse_ros2/muse_ws/src/state_estimator/include/state_estimator/lib.hpp:48:43:[m[K [01;35m[Kwarning: [m[Kvariable ‘[01m[Ku3[m[K’ set but not used [[01;35m[K-Wunused-but-set-variable[m[K]
[221.042s]    48 |                 Eigen::Matrix<double,3,1> [01;35m[Ku3[m[K = R.block(0,2,3,1);
[221.042s]       |                                           [01;35m[K^~[m[K
[221.042s] In file included from [01m[K/root/muse_ws/muse_ros2/muse_ws/src/state_estimator/include/state_estimator/state_estimator_node.hpp:27[m[K,
[221.042s]                  from [01m[K/root/muse_ws/muse_ros2/muse_ws/src/state_estimator/src/state_estimator.cpp:1[m[K:
[221.043s] [01m[K/root/muse_ws/muse_ros2/muse_ws/src/state_estimator/include/state_estimator/lib.hpp:[m[K In function ‘[01m[KEigen::Matrix<double, 3, 3> state_estimator::calc_Rzyx(const Eigen::Matrix<double, 3, 1>&)[m[K’:
[221.043s] [01m[K/root/muse_ws/muse_ros2/muse_ws/src/state_estimator/include/state_estimator/lib.hpp:46:43:[m[K [01;35m[Kwarning: [m[Kvariable ‘[01m[Ku1[m[K’ set but not used [[01;35m[K-Wunused-but-set-variable[m[K]
[221.043s]    46 |                 Eigen::Matrix<double,3,1> [01;35m[Ku1[m[K = R.block(0,0,3,1);
[221.043s]       |                                           [01;35m[K^~[m[K
[221.043s] [01m[K/root/muse_ws/muse_ros2/muse_ws/src/state_estimator/include/state_estimator/lib.hpp:47:43:[m[K [01;35m[Kwarning: [m[Kvariable ‘[01m[Ku2[m[K’ set but not used [[01;35m[K-Wunused-but-set-variable[m[K]
[221.043s]    47 |                 Eigen::Matrix<double,3,1> [01;35m[Ku2[m[K = R.block(0,1,3,1);
[221.043s]       |                                           [01;35m[K^~[m[K
[221.043s] [01m[K/root/muse_ws/muse_ros2/muse_ws/src/state_estimator/include/state_estimator/lib.hpp:48:43:[m[K [01;35m[Kwarning: [m[Kvariable ‘[01m[Ku3[m[K’ set but not used [[01;35m[K-Wunused-but-set-variable[m[K]
[221.043s]    48 |                 Eigen::Matrix<double,3,1> [01;35m[Ku3[m[K = R.block(0,2,3,1);
[221.043s]       |                                           [01;35m[K^~[m[K
[221.233s] In file included from [01m[K/root/muse_ws/muse_ros2/muse_ws/src/state_estimator/include/state_estimator/state_estimator_node.hpp:27[m[K,
[221.233s]                  from [01m[K/root/muse_ws/muse_ros2/muse_ws/src/state_estimator/src/state_estimator_node.cpp:1[m[K:
[221.233s] [01m[K/root/muse_ws/muse_ros2/muse_ws/src/state_estimator/include/state_estimator/lib.hpp:[m[K In function ‘[01m[Kstd::string state_estimator::ns2str(uint64_t)[m[K’:
[221.233s] [01m[K/root/muse_ws/muse_ros2/muse_ws/src/state_estimator/include/state_estimator/lib.hpp:163:18:[m[K [01;35m[Kwarning: [m[Kunused variable ‘[01m[Kns[m[K’ [[01;35m[K-Wunused-variable[m[K]
[221.233s]   163 |         uint64_t [01;35m[Kns[m[K =  t-y*31536000000000000-d*86400000000000-h*3600000000000-m*60000000000-s*1000000000-ms*1000000-us*1000;
[221.233s]       |                  [01;35m[K^~[m[K
[221.233s] [01m[K/root/muse_ws/muse_ros2/muse_ws/src/state_estimator/include/state_estimator/lib.hpp:168:26:[m[K [01;35m[Kwarning: [m[Kunused variable ‘[01m[Kx[m[K’ [[01;35m[K-Wunused-variable[m[K]
[221.233s]   168 |                 uint64_t [01;35m[Kx[m[K = 1;
[221.233s]       |                          [01;35m[K^[m[K
[221.233s] In file included from [01m[K/root/muse_ws/muse_ros2/muse_ws/src/state_estimator/include/state_estimator/state_estimator_node.hpp:27[m[K,
[221.233s]                  from [01m[K/root/muse_ws/muse_ros2/muse_ws/src/state_estimator/src/state_estimator.cpp:1[m[K:
[221.233s] [01m[K/root/muse_ws/muse_ros2/muse_ws/src/state_estimator/include/state_estimator/lib.hpp:[m[K In function ‘[01m[Kstd::string state_estimator::ns2str(uint64_t)[m[K’:
[221.234s] [01m[K/root/muse_ws/muse_ros2/muse_ws/src/state_estimator/include/state_estimator/lib.hpp:163:18:[m[K [01;35m[Kwarning: [m[Kunused variable ‘[01m[Kns[m[K’ [[01;35m[K-Wunused-variable[m[K]
[221.234s]   163 |         uint64_t [01;35m[Kns[m[K =  t-y*31536000000000000-d*86400000000000-h*3600000000000-m*60000000000-s*1000000000-ms*1000000-us*1000;
[221.234s]       |                  [01;35m[K^~[m[K
[221.234s] [01m[K/root/muse_ws/muse_ros2/muse_ws/src/state_estimator/include/state_estimator/lib.hpp:168:26:[m[K [01;35m[Kwarning: [m[Kunused variable ‘[01m[Kx[m[K’ [[01;35m[K-Wunused-variable[m[K]
[221.234s]   168 |                 uint64_t [01;35m[Kx[m[K = 1;
[221.234s]       |                          [01;35m[K^[m[K
[237.619s] [100%] [32m[1mLinking CXX executable state_estimator_node[0m
[238.869s] [100%] Built target state_estimator_node
