[0.139s] DEBUG:colcon:Command line arguments: ['/usr/bin/colcon', 'build']
[0.139s] DEBUG:colcon:Parsed command line arguments: Namespace(log_base=None, log_level=None, verb_name='build', build_base='build', install_base='install', merge_install=False, symlink_install=False, test_result_base=None, continue_on_error=False, executor='parallel', parallel_workers=12, event_handlers=None, ignore_user_meta=False, metas=['./colcon.meta'], base_paths=['.'], packages_ignore=None, packages_ignore_regex=None, paths=None, packages_up_to=None, packages_up_to_regex=None, packages_above=None, packages_above_and_dependencies=None, packages_above_depth=None, packages_select_by_dep=None, packages_skip_by_dep=None, packages_skip_up_to=None, packages_select_build_failed=False, packages_skip_build_finished=False, packages_select_test_failures=False, packages_skip_test_passed=False, packages_select=None, packages_skip=None, packages_select_regex=None, packages_skip_regex=None, packages_start=None, packages_end=None, allow_overriding=[], cmake_args=None, cmake_target=None, cmake_target_skip_unavailable=False, cmake_clean_cache=False, cmake_clean_first=False, cmake_force_configure=False, ament_cmake_args=None, catkin_cmake_args=None, catkin_skip_building_tests=False, verb_parser=<colcon_defaults.argument_parser.defaults.DefaultArgumentsDecorator object at 0x7f955f338550>, verb_extension=<colcon_core.verb.build.BuildVerb object at 0x7f955f338040>, main=<bound method BuildVerb.main of <colcon_core.verb.build.BuildVerb object at 0x7f955f338040>>)
[0.288s] Level 1:colcon.colcon_core.package_discovery:discover_packages(colcon_meta) check parameters
[0.288s] Level 1:colcon.colcon_core.package_discovery:discover_packages(recursive) check parameters
[0.288s] Level 1:colcon.colcon_core.package_discovery:discover_packages(ignore) check parameters
[0.288s] Level 1:colcon.colcon_core.package_discovery:discover_packages(path) check parameters
[0.288s] Level 1:colcon.colcon_core.package_discovery:discover_packages(colcon_meta) discover
[0.288s] Level 1:colcon.colcon_core.package_discovery:discover_packages(recursive) discover
[0.288s] INFO:colcon.colcon_core.package_discovery:Crawling recursively for packages in '/root/muse_ws/muse_ros2/muse_ws'
[0.288s] Level 1:colcon.colcon_core.package_identification:_identify(.) by extensions ['ignore', 'ignore_ament_install']
[0.288s] Level 1:colcon.colcon_core.package_identification:_identify(.) by extension 'ignore'
[0.288s] Level 1:colcon.colcon_core.package_identification:_identify(.) by extension 'ignore_ament_install'
[0.288s] Level 1:colcon.colcon_core.package_identification:_identify(.) by extensions ['colcon_pkg']
[0.288s] Level 1:colcon.colcon_core.package_identification:_identify(.) by extension 'colcon_pkg'
[0.288s] Level 1:colcon.colcon_core.package_identification:_identify(.) by extensions ['colcon_meta']
[0.289s] Level 1:colcon.colcon_core.package_identification:_identify(.) by extension 'colcon_meta'
[0.289s] Level 1:colcon.colcon_core.package_identification:_identify(.) by extensions ['ros']
[0.289s] Level 1:colcon.colcon_core.package_identification:_identify(.) by extension 'ros'
[0.306s] Level 1:colcon.colcon_core.package_identification:_identify(.) by extensions ['cmake', 'python']
[0.306s] Level 1:colcon.colcon_core.package_identification:_identify(.) by extension 'cmake'
[0.306s] Level 1:colcon.colcon_core.package_identification:_identify(.) by extension 'python'
[0.306s] Level 1:colcon.colcon_core.package_identification:_identify(.) by extensions ['python_setup_py']
[0.306s] Level 1:colcon.colcon_core.package_identification:_identify(.) by extension 'python_setup_py'
[0.306s] Level 1:colcon.colcon_core.package_identification:_identify(build) by extensions ['ignore', 'ignore_ament_install']
[0.306s] Level 1:colcon.colcon_core.package_identification:_identify(build) by extension 'ignore'
[0.306s] Level 1:colcon.colcon_core.package_identification:_identify(build) ignored
[0.307s] Level 1:colcon.colcon_core.package_identification:_identify(install) by extensions ['ignore', 'ignore_ament_install']
[0.307s] Level 1:colcon.colcon_core.package_identification:_identify(install) by extension 'ignore'
[0.307s] Level 1:colcon.colcon_core.package_identification:_identify(install) ignored
[0.307s] Level 1:colcon.colcon_core.package_identification:_identify(log) by extensions ['ignore', 'ignore_ament_install']
[0.307s] Level 1:colcon.colcon_core.package_identification:_identify(log) by extension 'ignore'
[0.307s] Level 1:colcon.colcon_core.package_identification:_identify(log) ignored
[0.307s] Level 1:colcon.colcon_core.package_identification:_identify(src) by extensions ['ignore', 'ignore_ament_install']
[0.307s] Level 1:colcon.colcon_core.package_identification:_identify(src) by extension 'ignore'
[0.307s] Level 1:colcon.colcon_core.package_identification:_identify(src) by extension 'ignore_ament_install'
[0.307s] Level 1:colcon.colcon_core.package_identification:_identify(src) by extensions ['colcon_pkg']
[0.307s] Level 1:colcon.colcon_core.package_identification:_identify(src) by extension 'colcon_pkg'
[0.307s] Level 1:colcon.colcon_core.package_identification:_identify(src) by extensions ['colcon_meta']
[0.307s] Level 1:colcon.colcon_core.package_identification:_identify(src) by extension 'colcon_meta'
[0.308s] Level 1:colcon.colcon_core.package_identification:_identify(src) by extensions ['ros']
[0.308s] Level 1:colcon.colcon_core.package_identification:_identify(src) by extension 'ros'
[0.308s] Level 1:colcon.colcon_core.package_identification:_identify(src) by extensions ['cmake', 'python']
[0.308s] Level 1:colcon.colcon_core.package_identification:_identify(src) by extension 'cmake'
[0.308s] Level 1:colcon.colcon_core.package_identification:_identify(src) by extension 'python'
[0.308s] Level 1:colcon.colcon_core.package_identification:_identify(src) by extensions ['python_setup_py']
[0.308s] Level 1:colcon.colcon_core.package_identification:_identify(src) by extension 'python_setup_py'
[0.308s] Level 1:colcon.colcon_core.package_identification:_identify(src/iit_commons) by extensions ['ignore', 'ignore_ament_install']
[0.308s] Level 1:colcon.colcon_core.package_identification:_identify(src/iit_commons) by extension 'ignore'
[0.308s] Level 1:colcon.colcon_core.package_identification:_identify(src/iit_commons) by extension 'ignore_ament_install'
[0.308s] Level 1:colcon.colcon_core.package_identification:_identify(src/iit_commons) by extensions ['colcon_pkg']
[0.308s] Level 1:colcon.colcon_core.package_identification:_identify(src/iit_commons) by extension 'colcon_pkg'
[0.308s] Level 1:colcon.colcon_core.package_identification:_identify(src/iit_commons) by extensions ['colcon_meta']
[0.308s] Level 1:colcon.colcon_core.package_identification:_identify(src/iit_commons) by extension 'colcon_meta'
[0.308s] Level 1:colcon.colcon_core.package_identification:_identify(src/iit_commons) by extensions ['ros']
[0.308s] Level 1:colcon.colcon_core.package_identification:_identify(src/iit_commons) by extension 'ros'
[0.311s] DEBUG:colcon.colcon_core.package_identification:Package 'src/iit_commons' with type 'ros.ament_cmake' and name 'iit_commons'
[0.311s] Level 1:colcon.colcon_core.package_identification:_identify(src/state_estimator) by extensions ['ignore', 'ignore_ament_install']
[0.311s] Level 1:colcon.colcon_core.package_identification:_identify(src/state_estimator) by extension 'ignore'
[0.311s] Level 1:colcon.colcon_core.package_identification:_identify(src/state_estimator) by extension 'ignore_ament_install'
[0.312s] Level 1:colcon.colcon_core.package_identification:_identify(src/state_estimator) by extensions ['colcon_pkg']
[0.312s] Level 1:colcon.colcon_core.package_identification:_identify(src/state_estimator) by extension 'colcon_pkg'
[0.312s] Level 1:colcon.colcon_core.package_identification:_identify(src/state_estimator) by extensions ['colcon_meta']
[0.312s] Level 1:colcon.colcon_core.package_identification:_identify(src/state_estimator) by extension 'colcon_meta'
[0.312s] Level 1:colcon.colcon_core.package_identification:_identify(src/state_estimator) by extensions ['ros']
[0.312s] Level 1:colcon.colcon_core.package_identification:_identify(src/state_estimator) by extension 'ros'
[0.313s] DEBUG:colcon.colcon_core.package_identification:Package 'src/state_estimator' with type 'ros.ament_cmake' and name 'state_estimator'
[0.313s] Level 1:colcon.colcon_core.package_identification:_identify(src/state_estimator_msgs) by extensions ['ignore', 'ignore_ament_install']
[0.313s] Level 1:colcon.colcon_core.package_identification:_identify(src/state_estimator_msgs) by extension 'ignore'
[0.314s] Level 1:colcon.colcon_core.package_identification:_identify(src/state_estimator_msgs) by extension 'ignore_ament_install'
[0.314s] Level 1:colcon.colcon_core.package_identification:_identify(src/state_estimator_msgs) by extensions ['colcon_pkg']
[0.314s] Level 1:colcon.colcon_core.package_identification:_identify(src/state_estimator_msgs) by extension 'colcon_pkg'
[0.314s] Level 1:colcon.colcon_core.package_identification:_identify(src/state_estimator_msgs) by extensions ['colcon_meta']
[0.314s] Level 1:colcon.colcon_core.package_identification:_identify(src/state_estimator_msgs) by extension 'colcon_meta'
[0.314s] Level 1:colcon.colcon_core.package_identification:_identify(src/state_estimator_msgs) by extensions ['ros']
[0.314s] Level 1:colcon.colcon_core.package_identification:_identify(src/state_estimator_msgs) by extension 'ros'
[0.315s] DEBUG:colcon.colcon_core.package_identification:Package 'src/state_estimator_msgs' with type 'ros.ament_cmake' and name 'state_estimator_msgs'
[0.315s] Level 1:colcon.colcon_core.package_discovery:discover_packages(recursive) using defaults
[0.315s] Level 1:colcon.colcon_core.package_discovery:discover_packages(ignore) discover
[0.315s] Level 1:colcon.colcon_core.package_discovery:discover_packages(ignore) using defaults
[0.315s] Level 1:colcon.colcon_core.package_discovery:discover_packages(path) discover
[0.315s] Level 1:colcon.colcon_core.package_discovery:discover_packages(path) using defaults
[0.342s] Level 1:colcon.colcon_core.package_discovery:discover_packages(prefix_path) check parameters
[0.342s] Level 1:colcon.colcon_core.package_discovery:discover_packages(prefix_path) discover
[0.347s] DEBUG:colcon.colcon_installed_package_information.package_discovery:Found 1 installed packages in /home/dev_ws/colcon_ws/install
[0.349s] DEBUG:colcon.colcon_installed_package_information.package_discovery:Found 185 installed packages in /opt/ros/humble
[0.350s] Level 1:colcon.colcon_core.package_discovery:discover_packages(prefix_path) using defaults
[0.390s] Level 5:colcon.colcon_core.verb:set package 'iit_commons' build argument 'cmake_args' from command line to 'None'
[0.390s] Level 5:colcon.colcon_core.verb:set package 'iit_commons' build argument 'cmake_target' from command line to 'None'
[0.390s] Level 5:colcon.colcon_core.verb:set package 'iit_commons' build argument 'cmake_target_skip_unavailable' from command line to 'False'
[0.390s] Level 5:colcon.colcon_core.verb:set package 'iit_commons' build argument 'cmake_clean_cache' from command line to 'False'
[0.391s] Level 5:colcon.colcon_core.verb:set package 'iit_commons' build argument 'cmake_clean_first' from command line to 'False'
[0.391s] Level 5:colcon.colcon_core.verb:set package 'iit_commons' build argument 'cmake_force_configure' from command line to 'False'
[0.391s] Level 5:colcon.colcon_core.verb:set package 'iit_commons' build argument 'ament_cmake_args' from command line to 'None'
[0.391s] Level 5:colcon.colcon_core.verb:set package 'iit_commons' build argument 'catkin_cmake_args' from command line to 'None'
[0.391s] Level 5:colcon.colcon_core.verb:set package 'iit_commons' build argument 'catkin_skip_building_tests' from command line to 'False'
[0.391s] DEBUG:colcon.colcon_core.verb:Building package 'iit_commons' with the following arguments: {'ament_cmake_args': None, 'build_base': '/root/muse_ws/muse_ros2/muse_ws/build/iit_commons', 'catkin_cmake_args': None, 'catkin_skip_building_tests': False, 'cmake_args': None, 'cmake_clean_cache': False, 'cmake_clean_first': False, 'cmake_force_configure': False, 'cmake_target': None, 'cmake_target_skip_unavailable': False, 'install_base': '/root/muse_ws/muse_ros2/muse_ws/install/iit_commons', 'merge_install': False, 'path': '/root/muse_ws/muse_ros2/muse_ws/src/iit_commons', 'symlink_install': False, 'test_result_base': None}
[0.391s] Level 5:colcon.colcon_core.verb:set package 'state_estimator_msgs' build argument 'cmake_args' from command line to 'None'
[0.391s] Level 5:colcon.colcon_core.verb:set package 'state_estimator_msgs' build argument 'cmake_target' from command line to 'None'
[0.391s] Level 5:colcon.colcon_core.verb:set package 'state_estimator_msgs' build argument 'cmake_target_skip_unavailable' from command line to 'False'
[0.391s] Level 5:colcon.colcon_core.verb:set package 'state_estimator_msgs' build argument 'cmake_clean_cache' from command line to 'False'
[0.391s] Level 5:colcon.colcon_core.verb:set package 'state_estimator_msgs' build argument 'cmake_clean_first' from command line to 'False'
[0.391s] Level 5:colcon.colcon_core.verb:set package 'state_estimator_msgs' build argument 'cmake_force_configure' from command line to 'False'
[0.392s] Level 5:colcon.colcon_core.verb:set package 'state_estimator_msgs' build argument 'ament_cmake_args' from command line to 'None'
[0.392s] Level 5:colcon.colcon_core.verb:set package 'state_estimator_msgs' build argument 'catkin_cmake_args' from command line to 'None'
[0.392s] Level 5:colcon.colcon_core.verb:set package 'state_estimator_msgs' build argument 'catkin_skip_building_tests' from command line to 'False'
[0.392s] DEBUG:colcon.colcon_core.verb:Building package 'state_estimator_msgs' with the following arguments: {'ament_cmake_args': None, 'build_base': '/root/muse_ws/muse_ros2/muse_ws/build/state_estimator_msgs', 'catkin_cmake_args': None, 'catkin_skip_building_tests': False, 'cmake_args': None, 'cmake_clean_cache': False, 'cmake_clean_first': False, 'cmake_force_configure': False, 'cmake_target': None, 'cmake_target_skip_unavailable': False, 'install_base': '/root/muse_ws/muse_ros2/muse_ws/install/state_estimator_msgs', 'merge_install': False, 'path': '/root/muse_ws/muse_ros2/muse_ws/src/state_estimator_msgs', 'symlink_install': False, 'test_result_base': None}
[0.392s] Level 5:colcon.colcon_core.verb:set package 'state_estimator' build argument 'cmake_args' from command line to 'None'
[0.392s] Level 5:colcon.colcon_core.verb:set package 'state_estimator' build argument 'cmake_target' from command line to 'None'
[0.392s] Level 5:colcon.colcon_core.verb:set package 'state_estimator' build argument 'cmake_target_skip_unavailable' from command line to 'False'
[0.392s] Level 5:colcon.colcon_core.verb:set package 'state_estimator' build argument 'cmake_clean_cache' from command line to 'False'
[0.392s] Level 5:colcon.colcon_core.verb:set package 'state_estimator' build argument 'cmake_clean_first' from command line to 'False'
[0.392s] Level 5:colcon.colcon_core.verb:set package 'state_estimator' build argument 'cmake_force_configure' from command line to 'False'
[0.392s] Level 5:colcon.colcon_core.verb:set package 'state_estimator' build argument 'ament_cmake_args' from command line to 'None'
[0.392s] Level 5:colcon.colcon_core.verb:set package 'state_estimator' build argument 'catkin_cmake_args' from command line to 'None'
[0.392s] Level 5:colcon.colcon_core.verb:set package 'state_estimator' build argument 'catkin_skip_building_tests' from command line to 'False'
[0.392s] DEBUG:colcon.colcon_core.verb:Building package 'state_estimator' with the following arguments: {'ament_cmake_args': None, 'build_base': '/root/muse_ws/muse_ros2/muse_ws/build/state_estimator', 'catkin_cmake_args': None, 'catkin_skip_building_tests': False, 'cmake_args': None, 'cmake_clean_cache': False, 'cmake_clean_first': False, 'cmake_force_configure': False, 'cmake_target': None, 'cmake_target_skip_unavailable': False, 'install_base': '/root/muse_ws/muse_ros2/muse_ws/install/state_estimator', 'merge_install': False, 'path': '/root/muse_ws/muse_ros2/muse_ws/src/state_estimator', 'symlink_install': False, 'test_result_base': None}
[0.392s] INFO:colcon.colcon_core.executor:Executing jobs using 'parallel' executor
[0.394s] DEBUG:colcon.colcon_parallel_executor.executor.parallel:run_until_complete
[0.394s] INFO:colcon.colcon_ros.task.ament_cmake.build:Building ROS package in '/root/muse_ws/muse_ros2/muse_ws/src/state_estimator_msgs' with build type 'ament_cmake'
[0.394s] INFO:colcon.colcon_cmake.task.cmake.build:Building CMake package in '/root/muse_ws/muse_ros2/muse_ws/src/state_estimator_msgs'
[0.397s] INFO:colcon.colcon_core.plugin_system:Skipping extension 'colcon_core.shell.bat': Not used on non-Windows systems
[0.398s] INFO:colcon.colcon_core.shell:Skip shell extension 'powershell' for command environment: Not usable outside of PowerShell
[0.398s] DEBUG:colcon.colcon_core.shell:Skip shell extension 'dsv' for command environment
[0.405s] INFO:colcon.colcon_ros.task.ament_cmake.build:Building ROS package in '/root/muse_ws/muse_ros2/muse_ws/src/iit_commons' with build type 'ament_cmake'
[0.406s] INFO:colcon.colcon_cmake.task.cmake.build:Building CMake package in '/root/muse_ws/muse_ros2/muse_ws/src/iit_commons'
[0.406s] INFO:colcon.colcon_core.shell:Skip shell extension 'powershell' for command environment: Not usable outside of PowerShell
[0.406s] DEBUG:colcon.colcon_core.shell:Skip shell extension 'dsv' for command environment
[0.423s] DEBUG:colcon.colcon_core.event_handler.log_command:Invoking command in '/root/muse_ws/muse_ros2/muse_ws/build/state_estimator_msgs': CMAKE_PREFIX_PATH=${CMAKE_PREFIX_PATH}:/opt/ros/humble /usr/bin/cmake --build /root/muse_ws/muse_ros2/muse_ws/build/state_estimator_msgs -- -j12 -l12
[0.443s] DEBUG:colcon.colcon_core.event_handler.log_command:Invoking command in '/root/muse_ws/muse_ros2/muse_ws/build/iit_commons': CMAKE_PREFIX_PATH=${CMAKE_PREFIX_PATH}:/opt/ros/humble /usr/bin/cmake --build /root/muse_ws/muse_ros2/muse_ws/build/iit_commons -- -j12 -l12
[1.118s] DEBUG:colcon.colcon_core.event_handler.log_command:Invoked command in '/root/muse_ws/muse_ros2/muse_ws/build/state_estimator_msgs' returned '0': CMAKE_PREFIX_PATH=${CMAKE_PREFIX_PATH}:/opt/ros/humble /usr/bin/cmake --build /root/muse_ws/muse_ros2/muse_ws/build/state_estimator_msgs -- -j12 -l12
[1.138s] DEBUG:colcon.colcon_core.event_handler.log_command:Invoking command in '/root/muse_ws/muse_ros2/muse_ws/build/state_estimator_msgs': CMAKE_PREFIX_PATH=${CMAKE_PREFIX_PATH}:/opt/ros/humble /usr/bin/cmake --install /root/muse_ws/muse_ros2/muse_ws/build/state_estimator_msgs
[1.357s] Level 1:colcon.colcon_core.environment:create_environment_scripts_only(state_estimator_msgs)
[1.358s] DEBUG:colcon.colcon_core.event_handler.log_command:Invoked command in '/root/muse_ws/muse_ros2/muse_ws/build/state_estimator_msgs' returned '0': CMAKE_PREFIX_PATH=${CMAKE_PREFIX_PATH}:/opt/ros/humble /usr/bin/cmake --install /root/muse_ws/muse_ros2/muse_ws/build/state_estimator_msgs
[1.363s] Level 1:colcon.colcon_core.environment:checking '/root/muse_ws/muse_ros2/muse_ws/install/state_estimator_msgs' for CMake module files
[1.365s] Level 1:colcon.colcon_core.environment:checking '/root/muse_ws/muse_ros2/muse_ws/install/state_estimator_msgs' for CMake config files
[1.367s] Level 1:colcon.colcon_core.shell:create_environment_hook('state_estimator_msgs', 'cmake_prefix_path')
[1.367s] INFO:colcon.colcon_core.shell:Creating environment hook '/root/muse_ws/muse_ros2/muse_ws/install/state_estimator_msgs/share/state_estimator_msgs/hook/cmake_prefix_path.ps1'
[1.368s] INFO:colcon.colcon_core.shell:Creating environment descriptor '/root/muse_ws/muse_ros2/muse_ws/install/state_estimator_msgs/share/state_estimator_msgs/hook/cmake_prefix_path.dsv'
[1.369s] INFO:colcon.colcon_core.shell:Creating environment hook '/root/muse_ws/muse_ros2/muse_ws/install/state_estimator_msgs/share/state_estimator_msgs/hook/cmake_prefix_path.sh'
[1.370s] Level 1:colcon.colcon_core.environment:checking '/root/muse_ws/muse_ros2/muse_ws/install/state_estimator_msgs/lib'
[1.370s] Level 1:colcon.colcon_core.shell:create_environment_hook('state_estimator_msgs', 'ld_library_path_lib')
[1.371s] INFO:colcon.colcon_core.shell:Creating environment hook '/root/muse_ws/muse_ros2/muse_ws/install/state_estimator_msgs/share/state_estimator_msgs/hook/ld_library_path_lib.ps1'
[1.371s] INFO:colcon.colcon_core.shell:Creating environment descriptor '/root/muse_ws/muse_ros2/muse_ws/install/state_estimator_msgs/share/state_estimator_msgs/hook/ld_library_path_lib.dsv'
[1.372s] INFO:colcon.colcon_core.shell:Creating environment hook '/root/muse_ws/muse_ros2/muse_ws/install/state_estimator_msgs/share/state_estimator_msgs/hook/ld_library_path_lib.sh'
[1.373s] Level 1:colcon.colcon_core.environment:checking '/root/muse_ws/muse_ros2/muse_ws/install/state_estimator_msgs/bin'
[1.373s] Level 1:colcon.colcon_core.environment:checking '/root/muse_ws/muse_ros2/muse_ws/install/state_estimator_msgs/lib/pkgconfig/state_estimator_msgs.pc'
[1.373s] Level 1:colcon.colcon_core.environment:checking '/root/muse_ws/muse_ros2/muse_ws/install/state_estimator_msgs/lib/python3.10/site-packages'
[1.374s] Level 1:colcon.colcon_core.environment:checking '/root/muse_ws/muse_ros2/muse_ws/install/state_estimator_msgs/bin'
[1.374s] INFO:colcon.colcon_core.shell:Creating package script '/root/muse_ws/muse_ros2/muse_ws/install/state_estimator_msgs/share/state_estimator_msgs/package.ps1'
[1.377s] INFO:colcon.colcon_core.shell:Creating package descriptor '/root/muse_ws/muse_ros2/muse_ws/install/state_estimator_msgs/share/state_estimator_msgs/package.dsv'
[1.378s] INFO:colcon.colcon_core.shell:Creating package script '/root/muse_ws/muse_ros2/muse_ws/install/state_estimator_msgs/share/state_estimator_msgs/package.sh'
[1.382s] INFO:colcon.colcon_core.shell:Creating package script '/root/muse_ws/muse_ros2/muse_ws/install/state_estimator_msgs/share/state_estimator_msgs/package.bash'
[1.384s] INFO:colcon.colcon_core.shell:Creating package script '/root/muse_ws/muse_ros2/muse_ws/install/state_estimator_msgs/share/state_estimator_msgs/package.zsh'
[1.386s] Level 1:colcon.colcon_core.environment:create_file_with_runtime_dependencies(/root/muse_ws/muse_ros2/muse_ws/install/state_estimator_msgs/share/colcon-core/packages/state_estimator_msgs)
[1.388s] Level 1:colcon.colcon_core.environment:create_environment_scripts_only(state_estimator_msgs)
[1.388s] Level 1:colcon.colcon_core.environment:checking '/root/muse_ws/muse_ros2/muse_ws/install/state_estimator_msgs' for CMake module files
[1.389s] Level 1:colcon.colcon_core.environment:checking '/root/muse_ws/muse_ros2/muse_ws/install/state_estimator_msgs' for CMake config files
[1.390s] Level 1:colcon.colcon_core.shell:create_environment_hook('state_estimator_msgs', 'cmake_prefix_path')
[1.391s] INFO:colcon.colcon_core.shell:Creating environment hook '/root/muse_ws/muse_ros2/muse_ws/install/state_estimator_msgs/share/state_estimator_msgs/hook/cmake_prefix_path.ps1'
[1.392s] INFO:colcon.colcon_core.shell:Creating environment descriptor '/root/muse_ws/muse_ros2/muse_ws/install/state_estimator_msgs/share/state_estimator_msgs/hook/cmake_prefix_path.dsv'
[1.393s] INFO:colcon.colcon_core.shell:Creating environment hook '/root/muse_ws/muse_ros2/muse_ws/install/state_estimator_msgs/share/state_estimator_msgs/hook/cmake_prefix_path.sh'
[1.394s] Level 1:colcon.colcon_core.environment:checking '/root/muse_ws/muse_ros2/muse_ws/install/state_estimator_msgs/lib'
[1.394s] Level 1:colcon.colcon_core.shell:create_environment_hook('state_estimator_msgs', 'ld_library_path_lib')
[1.394s] INFO:colcon.colcon_core.shell:Creating environment hook '/root/muse_ws/muse_ros2/muse_ws/install/state_estimator_msgs/share/state_estimator_msgs/hook/ld_library_path_lib.ps1'
[1.395s] INFO:colcon.colcon_core.shell:Creating environment descriptor '/root/muse_ws/muse_ros2/muse_ws/install/state_estimator_msgs/share/state_estimator_msgs/hook/ld_library_path_lib.dsv'
[1.395s] INFO:colcon.colcon_core.shell:Creating environment hook '/root/muse_ws/muse_ros2/muse_ws/install/state_estimator_msgs/share/state_estimator_msgs/hook/ld_library_path_lib.sh'
[1.396s] Level 1:colcon.colcon_core.environment:checking '/root/muse_ws/muse_ros2/muse_ws/install/state_estimator_msgs/bin'
[1.396s] Level 1:colcon.colcon_core.environment:checking '/root/muse_ws/muse_ros2/muse_ws/install/state_estimator_msgs/lib/pkgconfig/state_estimator_msgs.pc'
[1.398s] Level 1:colcon.colcon_core.environment:checking '/root/muse_ws/muse_ros2/muse_ws/install/state_estimator_msgs/lib/python3.10/site-packages'
[1.399s] Level 1:colcon.colcon_core.environment:checking '/root/muse_ws/muse_ros2/muse_ws/install/state_estimator_msgs/bin'
[1.399s] INFO:colcon.colcon_core.shell:Creating package script '/root/muse_ws/muse_ros2/muse_ws/install/state_estimator_msgs/share/state_estimator_msgs/package.ps1'
[1.401s] INFO:colcon.colcon_core.shell:Creating package descriptor '/root/muse_ws/muse_ros2/muse_ws/install/state_estimator_msgs/share/state_estimator_msgs/package.dsv'
[1.402s] INFO:colcon.colcon_core.shell:Creating package script '/root/muse_ws/muse_ros2/muse_ws/install/state_estimator_msgs/share/state_estimator_msgs/package.sh'
[1.403s] INFO:colcon.colcon_core.shell:Creating package script '/root/muse_ws/muse_ros2/muse_ws/install/state_estimator_msgs/share/state_estimator_msgs/package.bash'
[1.404s] INFO:colcon.colcon_core.shell:Creating package script '/root/muse_ws/muse_ros2/muse_ws/install/state_estimator_msgs/share/state_estimator_msgs/package.zsh'
[1.405s] Level 1:colcon.colcon_core.environment:create_file_with_runtime_dependencies(/root/muse_ws/muse_ros2/muse_ws/install/state_estimator_msgs/share/colcon-core/packages/state_estimator_msgs)
[1.405s] INFO:colcon.colcon_ros.task.ament_cmake.build:Building ROS package in '/root/muse_ws/muse_ros2/muse_ws/src/state_estimator' with build type 'ament_cmake'
[1.406s] INFO:colcon.colcon_cmake.task.cmake.build:Building CMake package in '/root/muse_ws/muse_ros2/muse_ws/src/state_estimator'
[1.406s] INFO:colcon.colcon_core.shell:Skip shell extension 'powershell' for command environment: Not usable outside of PowerShell
[1.406s] DEBUG:colcon.colcon_core.shell:Skip shell extension 'dsv' for command environment
[1.450s] DEBUG:colcon.colcon_core.event_handler.log_command:Invoking command in '/root/muse_ws/muse_ros2/muse_ws/build/state_estimator': AMENT_PREFIX_PATH=/root/muse_ws/muse_ros2/muse_ws/install/state_estimator_msgs:${AMENT_PREFIX_PATH} CMAKE_PREFIX_PATH=/root/muse_ws/muse_ros2/muse_ws/install/state_estimator_msgs:/home/dev_ws/colcon_ws/install/kiss_icp:/opt/ros/humble LD_LIBRARY_PATH=/root/muse_ws/muse_ros2/muse_ws/install/state_estimator_msgs/lib:${LD_LIBRARY_PATH} PYTHONPATH=/root/muse_ws/muse_ros2/muse_ws/install/state_estimator_msgs/local/lib/python3.10/dist-packages:${PYTHONPATH} /usr/bin/cmake --build /root/muse_ws/muse_ros2/muse_ws/build/state_estimator -- -j12 -l12
[1.730s] DEBUG:colcon.colcon_core.event_handler.log_command:Invoked command in '/root/muse_ws/muse_ros2/muse_ws/build/state_estimator' returned '0': AMENT_PREFIX_PATH=/root/muse_ws/muse_ros2/muse_ws/install/state_estimator_msgs:${AMENT_PREFIX_PATH} CMAKE_PREFIX_PATH=/root/muse_ws/muse_ros2/muse_ws/install/state_estimator_msgs:/home/dev_ws/colcon_ws/install/kiss_icp:/opt/ros/humble LD_LIBRARY_PATH=/root/muse_ws/muse_ros2/muse_ws/install/state_estimator_msgs/lib:${LD_LIBRARY_PATH} PYTHONPATH=/root/muse_ws/muse_ros2/muse_ws/install/state_estimator_msgs/local/lib/python3.10/dist-packages:${PYTHONPATH} /usr/bin/cmake --build /root/muse_ws/muse_ros2/muse_ws/build/state_estimator -- -j12 -l12
[1.733s] DEBUG:colcon.colcon_core.event_handler.log_command:Invoking command in '/root/muse_ws/muse_ros2/muse_ws/build/state_estimator': AMENT_PREFIX_PATH=/root/muse_ws/muse_ros2/muse_ws/install/state_estimator_msgs:${AMENT_PREFIX_PATH} CMAKE_PREFIX_PATH=/root/muse_ws/muse_ros2/muse_ws/install/state_estimator_msgs:/home/dev_ws/colcon_ws/install/kiss_icp:/opt/ros/humble LD_LIBRARY_PATH=/root/muse_ws/muse_ros2/muse_ws/install/state_estimator_msgs/lib:${LD_LIBRARY_PATH} PYTHONPATH=/root/muse_ws/muse_ros2/muse_ws/install/state_estimator_msgs/local/lib/python3.10/dist-packages:${PYTHONPATH} /usr/bin/cmake --install /root/muse_ws/muse_ros2/muse_ws/build/state_estimator
[1.761s] Level 1:colcon.colcon_core.environment:create_environment_scripts_only(state_estimator)
[1.761s] Level 1:colcon.colcon_core.environment:checking '/root/muse_ws/muse_ros2/muse_ws/install/state_estimator' for CMake module files
[1.762s] DEBUG:colcon.colcon_core.event_handler.log_command:Invoked command in '/root/muse_ws/muse_ros2/muse_ws/build/state_estimator' returned '0': AMENT_PREFIX_PATH=/root/muse_ws/muse_ros2/muse_ws/install/state_estimator_msgs:${AMENT_PREFIX_PATH} CMAKE_PREFIX_PATH=/root/muse_ws/muse_ros2/muse_ws/install/state_estimator_msgs:/home/dev_ws/colcon_ws/install/kiss_icp:/opt/ros/humble LD_LIBRARY_PATH=/root/muse_ws/muse_ros2/muse_ws/install/state_estimator_msgs/lib:${LD_LIBRARY_PATH} PYTHONPATH=/root/muse_ws/muse_ros2/muse_ws/install/state_estimator_msgs/local/lib/python3.10/dist-packages:${PYTHONPATH} /usr/bin/cmake --install /root/muse_ws/muse_ros2/muse_ws/build/state_estimator
[1.763s] Level 1:colcon.colcon_core.environment:checking '/root/muse_ws/muse_ros2/muse_ws/install/state_estimator' for CMake config files
[1.763s] Level 1:colcon.colcon_core.shell:create_environment_hook('state_estimator', 'cmake_prefix_path')
[1.763s] INFO:colcon.colcon_core.shell:Creating environment hook '/root/muse_ws/muse_ros2/muse_ws/install/state_estimator/share/state_estimator/hook/cmake_prefix_path.ps1'
[1.764s] INFO:colcon.colcon_core.shell:Creating environment descriptor '/root/muse_ws/muse_ros2/muse_ws/install/state_estimator/share/state_estimator/hook/cmake_prefix_path.dsv'
[1.765s] INFO:colcon.colcon_core.shell:Creating environment hook '/root/muse_ws/muse_ros2/muse_ws/install/state_estimator/share/state_estimator/hook/cmake_prefix_path.sh'
[1.766s] Level 1:colcon.colcon_core.environment:checking '/root/muse_ws/muse_ros2/muse_ws/install/state_estimator/lib'
[1.766s] Level 1:colcon.colcon_core.shell:create_environment_hook('state_estimator', 'ld_library_path_lib')
[1.766s] INFO:colcon.colcon_core.shell:Creating environment hook '/root/muse_ws/muse_ros2/muse_ws/install/state_estimator/share/state_estimator/hook/ld_library_path_lib.ps1'
[1.767s] INFO:colcon.colcon_core.shell:Creating environment descriptor '/root/muse_ws/muse_ros2/muse_ws/install/state_estimator/share/state_estimator/hook/ld_library_path_lib.dsv'
[1.769s] INFO:colcon.colcon_core.shell:Creating environment hook '/root/muse_ws/muse_ros2/muse_ws/install/state_estimator/share/state_estimator/hook/ld_library_path_lib.sh'
[1.770s] Level 1:colcon.colcon_core.environment:checking '/root/muse_ws/muse_ros2/muse_ws/install/state_estimator/bin'
[1.770s] Level 1:colcon.colcon_core.environment:checking '/root/muse_ws/muse_ros2/muse_ws/install/state_estimator/lib/pkgconfig/state_estimator.pc'
[1.771s] Level 1:colcon.colcon_core.environment:checking '/root/muse_ws/muse_ros2/muse_ws/install/state_estimator/lib/python3.10/site-packages'
[1.771s] Level 1:colcon.colcon_core.environment:checking '/root/muse_ws/muse_ros2/muse_ws/install/state_estimator/bin'
[1.772s] INFO:colcon.colcon_core.shell:Creating package script '/root/muse_ws/muse_ros2/muse_ws/install/state_estimator/share/state_estimator/package.ps1'
[1.773s] INFO:colcon.colcon_core.shell:Creating package descriptor '/root/muse_ws/muse_ros2/muse_ws/install/state_estimator/share/state_estimator/package.dsv'
[1.775s] INFO:colcon.colcon_core.shell:Creating package script '/root/muse_ws/muse_ros2/muse_ws/install/state_estimator/share/state_estimator/package.sh'
[1.779s] INFO:colcon.colcon_core.shell:Creating package script '/root/muse_ws/muse_ros2/muse_ws/install/state_estimator/share/state_estimator/package.bash'
[1.780s] INFO:colcon.colcon_core.shell:Creating package script '/root/muse_ws/muse_ros2/muse_ws/install/state_estimator/share/state_estimator/package.zsh'
[1.781s] Level 1:colcon.colcon_core.environment:create_file_with_runtime_dependencies(/root/muse_ws/muse_ros2/muse_ws/install/state_estimator/share/colcon-core/packages/state_estimator)
[1.782s] Level 1:colcon.colcon_core.environment:create_environment_scripts_only(state_estimator)
[1.782s] Level 1:colcon.colcon_core.environment:checking '/root/muse_ws/muse_ros2/muse_ws/install/state_estimator' for CMake module files
[1.783s] Level 1:colcon.colcon_core.environment:checking '/root/muse_ws/muse_ros2/muse_ws/install/state_estimator' for CMake config files
[1.783s] Level 1:colcon.colcon_core.shell:create_environment_hook('state_estimator', 'cmake_prefix_path')
[1.783s] INFO:colcon.colcon_core.shell:Creating environment hook '/root/muse_ws/muse_ros2/muse_ws/install/state_estimator/share/state_estimator/hook/cmake_prefix_path.ps1'
[1.784s] INFO:colcon.colcon_core.shell:Creating environment descriptor '/root/muse_ws/muse_ros2/muse_ws/install/state_estimator/share/state_estimator/hook/cmake_prefix_path.dsv'
[1.784s] INFO:colcon.colcon_core.shell:Creating environment hook '/root/muse_ws/muse_ros2/muse_ws/install/state_estimator/share/state_estimator/hook/cmake_prefix_path.sh'
[1.785s] Level 1:colcon.colcon_core.environment:checking '/root/muse_ws/muse_ros2/muse_ws/install/state_estimator/lib'
[1.785s] Level 1:colcon.colcon_core.shell:create_environment_hook('state_estimator', 'ld_library_path_lib')
[1.786s] INFO:colcon.colcon_core.shell:Creating environment hook '/root/muse_ws/muse_ros2/muse_ws/install/state_estimator/share/state_estimator/hook/ld_library_path_lib.ps1'
[1.786s] INFO:colcon.colcon_core.shell:Creating environment descriptor '/root/muse_ws/muse_ros2/muse_ws/install/state_estimator/share/state_estimator/hook/ld_library_path_lib.dsv'
[1.786s] INFO:colcon.colcon_core.shell:Creating environment hook '/root/muse_ws/muse_ros2/muse_ws/install/state_estimator/share/state_estimator/hook/ld_library_path_lib.sh'
[1.787s] Level 1:colcon.colcon_core.environment:checking '/root/muse_ws/muse_ros2/muse_ws/install/state_estimator/bin'
[1.787s] Level 1:colcon.colcon_core.environment:checking '/root/muse_ws/muse_ros2/muse_ws/install/state_estimator/lib/pkgconfig/state_estimator.pc'
[1.787s] Level 1:colcon.colcon_core.environment:checking '/root/muse_ws/muse_ros2/muse_ws/install/state_estimator/lib/python3.10/site-packages'
[1.788s] Level 1:colcon.colcon_core.environment:checking '/root/muse_ws/muse_ros2/muse_ws/install/state_estimator/bin'
[1.788s] INFO:colcon.colcon_core.shell:Creating package script '/root/muse_ws/muse_ros2/muse_ws/install/state_estimator/share/state_estimator/package.ps1'
[1.789s] INFO:colcon.colcon_core.shell:Creating package descriptor '/root/muse_ws/muse_ros2/muse_ws/install/state_estimator/share/state_estimator/package.dsv'
[1.790s] INFO:colcon.colcon_core.shell:Creating package script '/root/muse_ws/muse_ros2/muse_ws/install/state_estimator/share/state_estimator/package.sh'
[1.790s] INFO:colcon.colcon_core.shell:Creating package script '/root/muse_ws/muse_ros2/muse_ws/install/state_estimator/share/state_estimator/package.bash'
[1.791s] INFO:colcon.colcon_core.shell:Creating package script '/root/muse_ws/muse_ros2/muse_ws/install/state_estimator/share/state_estimator/package.zsh'
[1.791s] Level 1:colcon.colcon_core.environment:create_file_with_runtime_dependencies(/root/muse_ws/muse_ros2/muse_ws/install/state_estimator/share/colcon-core/packages/state_estimator)
[30.908s] Level 1:colcon.colcon_core.environment:create_environment_scripts_only(iit_commons)
[30.909s] Level 1:colcon.colcon_core.environment:checking '/root/muse_ws/muse_ros2/muse_ws/install/iit_commons' for CMake module files
[30.909s] Level 1:colcon.colcon_core.environment:checking '/root/muse_ws/muse_ros2/muse_ws/install/iit_commons' for CMake config files
[30.910s] Level 1:colcon.colcon_core.environment:checking '/root/muse_ws/muse_ros2/muse_ws/install/iit_commons/bin'
[30.910s] Level 1:colcon.colcon_core.environment:checking '/root/muse_ws/muse_ros2/muse_ws/install/iit_commons/lib/pkgconfig/iit_commons.pc'
[30.910s] Level 1:colcon.colcon_core.environment:checking '/root/muse_ws/muse_ros2/muse_ws/install/iit_commons/lib/python3.10/site-packages'
[30.910s] Level 1:colcon.colcon_core.environment:checking '/root/muse_ws/muse_ros2/muse_ws/install/iit_commons/bin'
[30.910s] INFO:colcon.colcon_core.shell:Creating package script '/root/muse_ws/muse_ros2/muse_ws/install/iit_commons/share/iit_commons/package.ps1'
[30.911s] INFO:colcon.colcon_core.shell:Creating package descriptor '/root/muse_ws/muse_ros2/muse_ws/install/iit_commons/share/iit_commons/package.dsv'
[30.912s] INFO:colcon.colcon_core.shell:Creating package script '/root/muse_ws/muse_ros2/muse_ws/install/iit_commons/share/iit_commons/package.sh'
[30.912s] DEBUG:colcon.colcon_core.event_handler.log_command:Invoked command in '/root/muse_ws/muse_ros2/muse_ws/build/iit_commons' returned '2': CMAKE_PREFIX_PATH=${CMAKE_PREFIX_PATH}:/opt/ros/humble /usr/bin/cmake --build /root/muse_ws/muse_ros2/muse_ws/build/iit_commons -- -j12 -l12
[30.913s] INFO:colcon.colcon_core.shell:Creating package script '/root/muse_ws/muse_ros2/muse_ws/install/iit_commons/share/iit_commons/package.bash'
[30.913s] INFO:colcon.colcon_core.shell:Creating package script '/root/muse_ws/muse_ros2/muse_ws/install/iit_commons/share/iit_commons/package.zsh'
[30.914s] Level 1:colcon.colcon_core.environment:create_file_with_runtime_dependencies(/root/muse_ws/muse_ros2/muse_ws/install/iit_commons/share/colcon-core/packages/iit_commons)
[30.925s] DEBUG:colcon.colcon_parallel_executor.executor.parallel:closing loop
[30.926s] DEBUG:colcon.colcon_parallel_executor.executor.parallel:loop closed
[30.927s] DEBUG:colcon.colcon_parallel_executor.executor.parallel:run_until_complete finished with '2'
[30.927s] DEBUG:colcon.colcon_core.event_reactor:joining thread
[30.968s] INFO:colcon.colcon_core.plugin_system:Skipping extension 'colcon_notification.desktop_notification.notify_send': Could not find 'notify-send'
[30.968s] INFO:colcon.colcon_core.plugin_system:Skipping extension 'colcon_notification.desktop_notification.terminal_notifier': Not used on non-Darwin systems
[30.968s] INFO:colcon.colcon_core.plugin_system:Skipping extension 'colcon_notification.desktop_notification.win32': Not used on non-Windows systems
[30.968s] INFO:colcon.colcon_notification.desktop_notification:Sending desktop notification using 'notify2'
[30.968s] DEBUG:colcon.colcon_notification.desktop_notification.notify2:Failed to initialize notify2: org.freedesktop.DBus.Error.NotSupported: Unable to autolaunch a dbus-daemon without a $DISPLAY for X11
[30.969s] DEBUG:colcon.colcon_core.event_reactor:joined thread
[30.969s] INFO:colcon.colcon_core.shell:Creating prefix script '/root/muse_ws/muse_ros2/muse_ws/install/local_setup.ps1'
[30.970s] INFO:colcon.colcon_core.shell:Creating prefix util module '/root/muse_ws/muse_ros2/muse_ws/install/_local_setup_util_ps1.py'
[30.972s] INFO:colcon.colcon_core.shell:Creating prefix chain script '/root/muse_ws/muse_ros2/muse_ws/install/setup.ps1'
[30.974s] INFO:colcon.colcon_core.shell:Creating prefix script '/root/muse_ws/muse_ros2/muse_ws/install/local_setup.sh'
[30.974s] INFO:colcon.colcon_core.shell:Creating prefix util module '/root/muse_ws/muse_ros2/muse_ws/install/_local_setup_util_sh.py'
[30.975s] INFO:colcon.colcon_core.shell:Creating prefix chain script '/root/muse_ws/muse_ros2/muse_ws/install/setup.sh'
[30.976s] INFO:colcon.colcon_core.shell:Creating prefix script '/root/muse_ws/muse_ros2/muse_ws/install/local_setup.bash'
[30.977s] INFO:colcon.colcon_core.shell:Creating prefix chain script '/root/muse_ws/muse_ros2/muse_ws/install/setup.bash'
[30.978s] INFO:colcon.colcon_core.shell:Creating prefix script '/root/muse_ws/muse_ros2/muse_ws/install/local_setup.zsh'
[30.979s] INFO:colcon.colcon_core.shell:Creating prefix chain script '/root/muse_ws/muse_ros2/muse_ws/install/setup.zsh'
