[01m[K/root/muse_ws/muse_ros2/muse_ws/src/iit_commons/src/algebra_test.cpp:1:10:[m[K [01;31m[Kfatal error: [m[Kiit/commons/geometry/algebra.h: No such file or directory
    1 | #include [01;31m[K"iit/commons/geometry/algebra.h"[m[K
      |          [01;31m[K^~~~~~~~~~~~~~~~~~~~~~~~~~~~~~~~[m[K
compilation terminated.
gmake[2]: *** [CMakeFiles/algebra-test.dir/build.make:76: CMakeFiles/algebra-test.dir/src/algebra_test.cpp.o] Error 1
gmake[1]: *** [CMakeFiles/Makefile2:222: CMakeFiles/algebra-test.dir/all] Error 2
gmake[1]: *** Waiting for unfinished jobs....
[01m[K/root/muse_ws/muse_ros2/muse_ws/src/iit_commons/src/test-filters.cpp:1:10:[m[K [01;31m[Kfatal error: [m[Kiit/commons/filters.h: No such file or directory
    1 | #include [01;31m[K<iit/commons/filters.h>[m[K
      |          [01;31m[K^~~~~~~~~~~~~~~~~~~~~~~[m[K
compilation terminated.
gmake[2]: *** [CMakeFiles/filt-test.dir/build.make:76: CMakeFiles/filt-test.dir/src/test-filters.cpp.o] Error 1
gmake[1]: *** [CMakeFiles/Makefile2:250: CMakeFiles/filt-test.dir/all] Error 2
In file included from [01m[K/root/muse_ws/muse_ros2/muse_ws/src/iit_commons/src/control/testVirtualModel.cpp:13[m[K:
[01m[K/root/muse_ws/muse_ros2/muse_ws/src/iit_commons/include/iit_commons/commons/dog/leg_bool_map.h:4:10:[m[K [01;31m[Kfatal error: [m[Kiit/commons/dog/leg_data_map.h: No such file or directory
    4 | #include [01;31m[K<iit/commons/dog/leg_data_map.h>[m[K
      |          [01;31m[K^~~~~~~~~~~~~~~~~~~~~~~~~~~~~~~~[m[K
compilation terminated.
gmake[2]: *** [CMakeFiles/vm-test.dir/build.make:76: CMakeFiles/vm-test.dir/src/control/testVirtualModel.cpp.o] Error 1
gmake[1]: *** [CMakeFiles/Makefile2:195: CMakeFiles/vm-test.dir/all] Error 2
gmake: *** [Makefile:146: all] Error 2
