[0.036s] Invoking command in '/root/muse_ws/muse_ros2/muse_ws/build/iit_commons': CMAKE_PREFIX_PATH=${CMAKE_PREFIX_PATH}:/opt/ros/humble /usr/bin/cmake --build /root/muse_ws/muse_ros2/muse_ws/build/iit_commons -- -j12 -l12
[0.130s] [35m[1mConsolidate compiler generated dependencies of target iitcommons[0m
[0.134s] [35m[1mConsolidate compiler generated dependencies of target gtest_main[0m
[0.165s] [ 19%] Built target gtest
[0.165s] [ 19%] Built target gtest_main
[0.178s] [ 42%] Built target iitcommons
[0.238s] [ 47%] [32mBuilding CXX object CMakeFiles/algebra-test.dir/src/algebra_test.cpp.o[0m
[0.238s] [ 52%] [32mBuilding CXX object CMakeFiles/vm-test.dir/src/control/testVirtualModel.cpp.o[0m
[0.239s] [ 57%] [32mBuilding CXX object CMakeFiles/filt-test.dir/src/test-filters.cpp.o[0m
[0.252s] [01m[K/root/muse_ws/muse_ros2/muse_ws/src/iit_commons/src/algebra_test.cpp:1:10:[m[K [01;31m[Kfatal error: [m[Kiit/commons/geometry/algebra.h: No such file or directory
[0.252s]     1 | #include [01;31m[K"iit/commons/geometry/algebra.h"[m[K
[0.252s]       |          [01;31m[K^~~~~~~~~~~~~~~~~~~~~~~~~~~~~~~~[m[K
[0.252s] compilation terminated.
[0.253s] gmake[2]: *** [CMakeFiles/algebra-test.dir/build.make:76: CMakeFiles/algebra-test.dir/src/algebra_test.cpp.o] Error 1
[0.254s] gmake[1]: *** [CMakeFiles/Makefile2:222: CMakeFiles/algebra-test.dir/all] Error 2
[0.254s] gmake[1]: *** Waiting for unfinished jobs....
[0.254s] [01m[K/root/muse_ws/muse_ros2/muse_ws/src/iit_commons/src/test-filters.cpp:1:10:[m[K [01;31m[Kfatal error: [m[Kiit/commons/filters.h: No such file or directory
[0.254s]     1 | #include [01;31m[K<iit/commons/filters.h>[m[K
[0.254s]       |          [01;31m[K^~~~~~~~~~~~~~~~~~~~~~~[m[K
[0.254s] compilation terminated.
[0.261s] gmake[2]: *** [CMakeFiles/filt-test.dir/build.make:76: CMakeFiles/filt-test.dir/src/test-filters.cpp.o] Error 1
[0.261s] gmake[1]: *** [CMakeFiles/Makefile2:250: CMakeFiles/filt-test.dir/all] Error 2
[0.520s] In file included from [01m[K/root/muse_ws/muse_ros2/muse_ws/src/iit_commons/src/control/testVirtualModel.cpp:13[m[K:
[0.520s] [01m[K/root/muse_ws/muse_ros2/muse_ws/src/iit_commons/include/iit_commons/commons/dog/leg_bool_map.h:4:10:[m[K [01;31m[Kfatal error: [m[Kiit/commons/dog/leg_data_map.h: No such file or directory
[0.520s]     4 | #include [01;31m[K<iit/commons/dog/leg_data_map.h>[m[K
[0.520s]       |          [01;31m[K^~~~~~~~~~~~~~~~~~~~~~~~~~~~~~~~[m[K
[0.520s] compilation terminated.
[0.534s] gmake[2]: *** [CMakeFiles/vm-test.dir/build.make:76: CMakeFiles/vm-test.dir/src/control/testVirtualModel.cpp.o] Error 1
[0.534s] gmake[1]: *** [CMakeFiles/Makefile2:195: CMakeFiles/vm-test.dir/all] Error 2
[0.534s] gmake: *** [Makefile:146: all] Error 2
[0.550s] Invoked command in '/root/muse_ws/muse_ros2/muse_ws/build/iit_commons' returned '2': CMAKE_PREFIX_PATH=${CMAKE_PREFIX_PATH}:/opt/ros/humble /usr/bin/cmake --build /root/muse_ws/muse_ros2/muse_ws/build/iit_commons -- -j12 -l12
