[ 23%] Built target iitcommons
[ 33%] Built target gtest_main
[ 42%] Built target gtest
[35m[1mConsolidate compiler generated dependencies of target vm-test[0m
[ 47%] [32mBuilding CXX object CMakeFiles/vm-test.dir/src/control/testVirtualModel.cpp.o[0m
In file included from [01m[K/root/muse_ws/muse_ros2/muse_ws/src/iit_commons/src/control/testVirtualModel.cpp:9[m[K:
[01m[K/root/muse_ws/muse_ros2/muse_ws/src/iit_commons/include/iit_commons/commons/dog/declarations.h:29:22:[m[K [01;31m[Kerror: [m[K‘[01m[Krbd[m[K’ in namespace ‘[01m[Kiit_commons[m[K’ does not name a type
   29 | typedef iit_commons::[01;31m[Krbd[m[K::Vector3d Vector3d;
      |                      [01;31m[K^~~[m[K
[01m[K/root/muse_ws/muse_ros2/muse_ws/src/iit_commons/include/iit_commons/commons/dog/declarations.h:30:22:[m[K [01;31m[Kerror: [m[K‘[01m[Krbd[m[K’ in namespace ‘[01m[Kiit_commons[m[K’ does not name a type
   30 | typedef iit_commons::[01;31m[Krbd[m[K::Matrix33d Matrix3d;
      |                      [01;31m[K^~~[m[K
[01m[K/root/muse_ws/muse_ros2/muse_ws/src/iit_commons/include/iit_commons/commons/dog/declarations.h:31:22:[m[K [01;31m[Kerror: [m[K‘[01m[Krbd[m[K’ in namespace ‘[01m[Kiit_commons[m[K’ does not name a type
   31 | typedef iit_commons::[01;31m[Krbd[m[K::PlainMatrix<double, 3, 3 > FootJac;
      |                      [01;31m[K^~~[m[K
In file included from [01m[K/root/muse_ws/muse_ros2/muse_ws/src/iit_commons/src/control/testVirtualModel.cpp:10[m[K:
[01m[K/root/muse_ws/muse_ros2/muse_ws/src/iit_commons/include/iit_commons/commons/dog/jsim.h:16:66:[m[K [01;31m[Kerror: [m[K‘[01m[KJointState[m[K’ is not a member of ‘[01m[Kiit::dog[m[K’; did you mean ‘[01m[Kiit_commons::dog::JointState[m[K’?
   16 | class JSIMBase : public iit::rbd::StateDependentMatrix<iit::dog::[01;31m[KJointState[m[K, 18, 18, JSIMBase>
      |                                                                  [01;31m[K^~~~~~~~~~[m[K
In file included from [01m[K/root/muse_ws/muse_ros2/muse_ws/src/iit_commons/src/control/testVirtualModel.cpp:9[m[K:
[01m[K/root/muse_ws/muse_ros2/muse_ws/src/iit_commons/include/iit_commons/commons/dog/declarations.h:26:19:[m[K [01;36m[Knote: [m[K‘[01m[Kiit_commons::dog::JointState[m[K’ declared here
   26 | typedef Column12d [01;36m[KJointState[m[K;
      |                   [01;36m[K^~~~~~~~~~[m[K
In file included from [01m[K/root/muse_ws/muse_ros2/muse_ws/src/iit_commons/src/control/testVirtualModel.cpp:10[m[K:
[01m[K/root/muse_ws/muse_ros2/muse_ws/src/iit_commons/include/iit_commons/commons/dog/jsim.h:16:94:[m[K [01;31m[Kerror: [m[Ktemplate argument 1 is invalid
   16 | class JSIMBase : public iit::rbd::StateDependentMatrix<iit::dog::JointState, 18, 18, JSIMBase[01;31m[K>[m[K
      |                                                                                              [01;31m[K^[m[K
[01m[K/root/muse_ws/muse_ros2/muse_ws/src/iit_commons/include/iit_commons/commons/dog/jsim.h:26:52:[m[K [01;31m[Kerror: [m[K‘[01m[KJointState[m[K’ in namespace ‘[01m[Kiit::dog[m[K’ does not name a type
   26 |     virtual const JSIMBase& update(const iit::dog::[01;31m[KJointState[m[K&) = 0;
      |                                                    [01;31m[K^~~~~~~~~~[m[K
In file included from [01m[K/root/muse_ws/muse_ros2/muse_ws/src/iit_commons/include/iit_commons/commons/geometry/rotations.h:5[m[K,
                 from [01m[K/root/muse_ws/muse_ros2/muse_ws/src/iit_commons/include/iit_commons/commons/planning/planning.h:6[m[K,
                 from [01m[K/root/muse_ws/muse_ros2/muse_ws/src/iit_commons/include/iit_commons/commons/control/VirtualModel.hpp:7[m[K,
                 from [01m[K/root/muse_ws/muse_ros2/muse_ws/src/iit_commons/src/control/testVirtualModel.cpp:14[m[K:
[01m[K/root/muse_ws/muse_ros2/muse_ws/src/iit_commons/include/iit_commons/commons/geometry/algebra.h:[m[K In function ‘[01m[Kvoid iit::commons::computeQR(const MatrixXR&, MatrixXR&, MatrixXR&, const double&)[m[K’:
[01m[K/root/muse_ws/muse_ros2/muse_ws/src/iit_commons/include/iit_commons/commons/geometry/algebra.h:271:37:[m[K [01;35m[Kwarning: [m[Kunused parameter ‘[01m[Ktolerance[m[K’ [[01;35m[K-Wunused-parameter[m[K]
  271 |                       [01;35m[Kconst double& tolerance[m[K)
      |                       [01;35m[K~~~~~~~~~~~~~~^~~~~~~~~[m[K
In file included from [01m[K/root/muse_ws/muse_ros2/muse_ws/src/iit_commons/include/iit_commons/commons/planning/planning.h:6[m[K,
                 from [01m[K/root/muse_ws/muse_ros2/muse_ws/src/iit_commons/include/iit_commons/commons/control/VirtualModel.hpp:7[m[K,
                 from [01m[K/root/muse_ws/muse_ros2/muse_ws/src/iit_commons/src/control/testVirtualModel.cpp:14[m[K:
[01m[K/root/muse_ws/muse_ros2/muse_ws/src/iit_commons/include/iit_commons/commons/geometry/rotations.h:[m[K In function ‘[01m[KEigen::Matrix3d iit::commons::rpyToEar(const Vector3d&)[m[K’:
[01m[K/root/muse_ws/muse_ros2/muse_ws/src/iit_commons/include/iit_commons/commons/geometry/rotations.h:143:12:[m[K [01;35m[Kwarning: [m[Kunused variable ‘[01m[Kyaw[m[K’ [[01;35m[K-Wunused-variable[m[K]
  143 |     double [01;35m[Kyaw[m[K = rpy(2);
      |            [01;35m[K^~~[m[K
[01m[K/root/muse_ws/muse_ros2/muse_ws/src/iit_commons/include/iit_commons/commons/geometry/rotations.h:[m[K In function ‘[01m[KEigen::Matrix3d iit::commons::rpyToEarInv_dot(const Vector3d&, const Vector3d&)[m[K’:
[01m[K/root/muse_ws/muse_ros2/muse_ws/src/iit_commons/include/iit_commons/commons/geometry/rotations.h:163:12:[m[K [01;35m[Kwarning: [m[Kunused variable ‘[01m[Kroll[m[K’ [[01;35m[K-Wunused-variable[m[K]
  163 |     double [01;35m[Kroll[m[K = rpy(0);
      |            [01;35m[K^~~~[m[K
[01m[K/root/muse_ws/muse_ros2/muse_ws/src/iit_commons/include/iit_commons/commons/geometry/rotations.h:166:12:[m[K [01;35m[Kwarning: [m[Kunused variable ‘[01m[Krolld[m[K’ [[01;35m[K-Wunused-variable[m[K]
  166 |     double [01;35m[Krolld[m[K = rpyd(0);
      |            [01;35m[K^~~~~[m[K
In file included from [01m[K/root/muse_ws/muse_ros2/muse_ws/src/iit_commons/include/iit_commons/commons/control/VirtualModel.hpp:7[m[K,
                 from [01m[K/root/muse_ws/muse_ros2/muse_ws/src/iit_commons/src/control/testVirtualModel.cpp:14[m[K:
[01m[K/root/muse_ws/muse_ros2/muse_ws/src/iit_commons/include/iit_commons/commons/planning/planning.h:[m[K In function ‘[01m[Kvoid iit::planning::ClockwiseSort(std::vector<Eigen::Matrix<double, 3, 1> >&)[m[K’:
[01m[K/root/muse_ws/muse_ros2/muse_ws/src/iit_commons/include/iit_commons/commons/planning/planning.h:162:23:[m[K [01;35m[Kwarning: [m[Kcomparison of integer expressions of different signedness: ‘[01m[Kint[m[K’ and ‘[01m[Kstd::vector<Eigen::Matrix<double, 3, 1> >::size_type[m[K’ {aka ‘[01m[Klong unsigned int[m[K’} [[01;35m[K-Wsign-compare[m[K]
  162 |     for (int i = 1; [01;35m[Ki < p.size() - 1[m[K; i++) {
      |                     [01;35m[K~~^~~~~~~~~~~~~~[m[K
[01m[K/root/muse_ws/muse_ros2/muse_ws/src/iit_commons/include/iit_commons/commons/planning/planning.h:163:31:[m[K [01;35m[Kwarning: [m[Kcomparison of integer expressions of different signedness: ‘[01m[Kint[m[K’ and ‘[01m[Kstd::vector<Eigen::Matrix<double, 3, 1> >::size_type[m[K’ {aka ‘[01m[Klong unsigned int[m[K’} [[01;35m[K-Wsign-compare[m[K]
  163 |         for (int j = i + 1; [01;35m[Kj < p.size()[m[K; j++) {
      |                             [01;35m[K~~^~~~~~~~~~[m[K
[01m[K/root/muse_ws/muse_ros2/muse_ws/src/iit_commons/include/iit_commons/commons/planning/planning.h:[m[K In function ‘[01m[Kvoid iit::planning::CounterClockwiseSort(std::vector<Eigen::Matrix<double, 3, 1> >&)[m[K’:
[01m[K/root/muse_ws/muse_ros2/muse_ws/src/iit_commons/include/iit_commons/commons/planning/planning.h:186:23:[m[K [01;35m[Kwarning: [m[Kcomparison of integer expressions of different signedness: ‘[01m[Kint[m[K’ and ‘[01m[Kstd::vector<Eigen::Matrix<double, 3, 1> >::size_type[m[K’ {aka ‘[01m[Klong unsigned int[m[K’} [[01;35m[K-Wsign-compare[m[K]
  186 |     for (int i = 1; [01;35m[Ki < p.size() - 1[m[K; i++) {
      |                     [01;35m[K~~^~~~~~~~~~~~~~[m[K
[01m[K/root/muse_ws/muse_ros2/muse_ws/src/iit_commons/include/iit_commons/commons/planning/planning.h:187:31:[m[K [01;35m[Kwarning: [m[Kcomparison of integer expressions of different signedness: ‘[01m[Kint[m[K’ and ‘[01m[Kstd::vector<Eigen::Matrix<double, 3, 1> >::size_type[m[K’ {aka ‘[01m[Klong unsigned int[m[K’} [[01;35m[K-Wsign-compare[m[K]
  187 |         for (int j = i + 1; [01;35m[Kj < p.size()[m[K; j++) {
      |                             [01;35m[K~~^~~~~~~~~~[m[K
[01m[K/root/muse_ws/muse_ros2/muse_ws/src/iit_commons/include/iit_commons/commons/planning/planning.h:[m[K In function ‘[01m[Kvoid iit::planning::CounterClockwiseSort(std::vector<Eigen::Matrix<double, 3, 1> >&, std::vector<int>&)[m[K’:
[01m[K/root/muse_ws/muse_ros2/muse_ws/src/iit_commons/include/iit_commons/commons/planning/planning.h:211:23:[m[K [01;35m[Kwarning: [m[Kcomparison of integer expressions of different signedness: ‘[01m[Kint[m[K’ and ‘[01m[Kstd::vector<Eigen::Matrix<double, 3, 1> >::size_type[m[K’ {aka ‘[01m[Klong unsigned int[m[K’} [[01;35m[K-Wsign-compare[m[K]
  211 |     for (int i = 0; [01;35m[Ki < p.size()[m[K; i++)
      |                     [01;35m[K~~^~~~~~~~~~[m[K
[01m[K/root/muse_ws/muse_ros2/muse_ws/src/iit_commons/include/iit_commons/commons/planning/planning.h:213:23:[m[K [01;35m[Kwarning: [m[Kcomparison of integer expressions of different signedness: ‘[01m[Kint[m[K’ and ‘[01m[Kstd::vector<Eigen::Matrix<double, 3, 1> >::size_type[m[K’ {aka ‘[01m[Klong unsigned int[m[K’} [[01;35m[K-Wsign-compare[m[K]
  213 |     for (int i = 1; [01;35m[Ki < p.size() - 1[m[K; i++) {
      |                     [01;35m[K~~^~~~~~~~~~~~~~[m[K
[01m[K/root/muse_ws/muse_ros2/muse_ws/src/iit_commons/include/iit_commons/commons/planning/planning.h:214:31:[m[K [01;35m[Kwarning: [m[Kcomparison of integer expressions of different signedness: ‘[01m[Kint[m[K’ and ‘[01m[Kstd::vector<Eigen::Matrix<double, 3, 1> >::size_type[m[K’ {aka ‘[01m[Klong unsigned int[m[K’} [[01;35m[K-Wsign-compare[m[K]
  214 |         for (int j = i + 1; [01;35m[Kj < p.size()[m[K; j++) {
      |                             [01;35m[K~~^~~~~~~~~~[m[K
[01m[K/root/muse_ws/muse_ros2/muse_ws/src/iit_commons/include/iit_commons/commons/planning/planning.h:[m[K At global scope:
[01m[K/root/muse_ws/muse_ros2/muse_ws/src/iit_commons/include/iit_commons/commons/planning/planning.h:207:13:[m[K [01;35m[Kwarning: [m[K‘[01m[Kvoid iit::planning::CounterClockwiseSort(std::vector<Eigen::Matrix<double, 3, 1> >&, std::vector<int>&)[m[K’ defined but not used [[01;35m[K-Wunused-function[m[K]
  207 | static void [01;35m[KCounterClockwiseSort[m[K(std::vector<Eigen::Vector3d>& p, std::vector<int> & index_map)
      |             [01;35m[K^~~~~~~~~~~~~~~~~~~~[m[K
[01m[K/root/muse_ws/muse_ros2/muse_ws/src/iit_commons/include/iit_commons/commons/planning/planning.h:158:13:[m[K [01;35m[Kwarning: [m[K‘[01m[Kvoid iit::planning::ClockwiseSort(std::vector<Eigen::Matrix<double, 3, 1> >&)[m[K’ defined but not used [[01;35m[K-Wunused-function[m[K]
  158 | static void [01;35m[KClockwiseSort[m[K(std::vector<Eigen::Vector3d>& p)
      |             [01;35m[K^~~~~~~~~~~~~[m[K
gmake[2]: *** [CMakeFiles/vm-test.dir/build.make:76: CMakeFiles/vm-test.dir/src/control/testVirtualModel.cpp.o] Error 1
gmake[1]: *** [CMakeFiles/Makefile2:195: CMakeFiles/vm-test.dir/all] Error 2
gmake: *** [Makefile:146: all] Error 2
